2026-06-23 16:05:55  INFO      ======================================================================
2026-06-23 16:05:55  INFO      CAMARF  —  analysis.py  —  Cross-Asset Co-Movement Analysis
2026-06-23 16:05:55  INFO      ======================================================================
2026-06-23 16:11:17  INFO      Resuming — 1357 assets already complete (config hash 00171b1306e53cbf)
2026-06-23 16:11:17  INFO      Building asset universe...
2026-06-23 16:11:17  INFO      S&P 500: 503 tickers from cache (16.1h old)
2026-06-23 16:11:17  INFO        sp400: 400 tickers from cache (16.1h old)
2026-06-23 16:11:17  INFO        S&P MidCap 400: fetched 400 tickers (net new after S&P 500 overlap removed by dedup)
2026-06-23 16:11:17  INFO        sp600: 603 tickers from cache (16.1h old)
2026-06-23 16:11:17  INFO        S&P SmallCap 600: fetched 603 tickers (net new after dedup)
2026-06-23 16:11:17  INFO        S&P 1500 total equities in universe: 1503
2026-06-23 16:11:17  INFO      Exclusion list: skipping 3 assets ['BNY', 'FDXF', 'VLTO']
2026-06-23 16:11:17  INFO      Universe candidates: 1536 assets
2026-06-23 16:11:17  INFO      Phase 1 (yfinance daily): 1500 equities + 5 crypto + 10 forex + 7 ETFs
2026-06-23 16:11:33  INFO        Read-only mode (fetch=False): skipping yfinance fetch for 1 uncached + 1521 stale daily assets — using cache as-is
2026-06-23 16:11:33  INFO        All daily data cached and current — skipping yfinance download
2026-06-23 16:12:02  INFO        164 equities + 10 forex need IBKR intraday
2026-06-23 16:12:02  INFO        Read-only mode (fetch=False): 188 assets need intraday data but fetching is disabled — using cache as-is (expected for analysis.py; run data.py to backfill)
2026-06-23 16:15:30  INFO      Universe complete: 1521 assets passed, 0 excluded
2026-06-23 16:15:30  INFO      Data keys: 19433 symbol-timeframe combinations (17913 loaded from cache)
2026-06-23 16:15:30  INFO      Run summary \u2192 C:\Users\RossW\OneDrive\Documents\CAMARF\latest_run_data.log
2026-06-23 16:15:30  INFO      Universe loaded: 1521 assets, 19433 symbol-TF combinations
2026-06-23 16:15:30  INFO      ======================================================================
2026-06-23 16:15:30  INFO      CAMARF — analysis.py — Pipeline start
2026-06-23 16:15:30  INFO      ======================================================================
2026-06-23 16:15:30  INFO        Universe: 1521 assets, 19433 symbol-TF combinations
2026-06-23 16:15:30  INFO      Clearing stale results: script changed (ca06a232d77042e7 \u2192 b917eb8ce8e757fb)
2026-06-23 16:15:30  INFO        Stale results: renamed 8 old result directories; 33 pre-existing stale leftovers held for next cleanup pass
2026-06-23 16:15:30  INFO        Timeframes: ['1m', '2m', '3m', '5m', '15m', '30m', '1h', '4h', '8h', '1D', '7D', '1M', '3M', '6M']
2026-06-23 16:15:30  INFO      ----------------------------------------------------------------------
2026-06-23 16:15:30  INFO        Timeframe: 1m
2026-06-23 16:15:30  INFO      ----------------------------------------------------------------------
2026-06-23 16:15:31  INFO        [1m] 1365 assets have data for this TF
2026-06-23 16:15:42  INFO        [1m] aligned: 1365 assets
2026-06-23 16:15:43  INFO        [1m] Computing 1350×1350 correlation matrices (Pearson + Spearman + rolling avg)...
2026-06-23 16:16:13  INFO        [1m] Pearson 4.6s | Spearman 1.7s | RollingAvg 23.6s
2026-06-23 16:16:14  INFO        [1m] Candidate pairs: 4667 (197 cross-asset)  threshold |\u03c1| \u2265 0.40  [gold=2037 silver=2532 bronze=98]
2026-06-23 16:16:14  INFO        [1m] Running EG on 4667 pairs (workers=12, max_lag=10)...
2026-06-23 16:16:25  INFO        [1m] EG complete in 11.1s
2026-06-23 16:16:25  INFO        [1m] EG: tested=4667, raw<0.05=91, FDR-adjusted<0.05=26
2026-06-23 16:16:25  INFO        [1m] Rolling coint on 26 pairs (window=252, step=21)...
2026-06-23 16:16:29  INFO        [1m] Rolling coint complete in 4.1s
2026-06-23 16:16:29  INFO        [1m] Per-pair modeling: hedge ratios + spread + decay...
2026-06-23 16:16:38  INFO        [1m] Per-pair modeling done in 8.3s — 26 PairResult objects built
2026-06-23 16:16:38  INFO        [1m] Eigenportfolio validation on 26 pairs...
2026-06-23 16:16:38  WARNING     Eigenportfolio: 90028 NaN entries in the 1350x1350 correlation matrix (insufficient pairwise overlap) — treated as uncorrelated (0) before eigendecomposition
2026-06-23 16:16:49  INFO        [1m]   K=221 systematic factors removed (MP \u03bb+=1.609)
2026-06-23 16:16:49  INFO        [1m]   Eigenportfolio: 3/26 Gold tier (idiosyncratic) | 23 Silver tier (factor-driven) in 11.3s
2026-06-23 16:16:49  INFO        [1m] Computing VolumeStructure features...
2026-06-23 16:17:02  INFO        [1m] Features saved: 28 assets in 13.5s
2026-06-23 16:17:02  INFO        [1m] Regime classification (28 assets)...
2026-06-23 16:17:19  WARNING   Model is not converging.  Current: -16961.60626962592 is not greater than -16961.606046058103. Delta is -0.0002235678184661083
2026-06-23 16:17:32  WARNING   Model is not converging.  Current: -14450.997187763767 is not greater than -14450.939567789479. Delta is -0.05761997428817267
2026-06-23 16:17:33  WARNING   Model is not converging.  Current: -13423.294410520915 is not greater than -13407.73586618684. Delta is -15.558544334075123
2026-06-23 16:17:33  WARNING   Model is not converging.  Current: -16449.866504770325 is not greater than -16449.854210894708. Delta is -0.012293875617615413
2026-06-23 16:18:03  INFO        [1m] Regimes fitted: 11 assets (11 per-bar label files saved) in 61.1s
2026-06-23 16:18:03  INFO        [1m] Cross-asset split: same=26, cross=0
2026-06-23 16:18:03  INFO        [1m] Trio enumeration + Johansen...
2026-06-23 16:18:04  INFO        [1m] Testing 47 trios with Johansen...
2026-06-23 16:18:08  INFO        [1m] Trio testing complete in 4.7s
2026-06-23 16:18:08  INFO        [1m] Confirmed trios: 8/47
2026-06-23 16:18:08  INFO        [1m] coint_frac filter: 14 pairs removed (coint_fraction_rolling < 0.70 and no clean secondary evidence); 2 pairs below the threshold kept anyway via secondary-evidence override
2026-06-23 16:18:08  INFO        [1m] saved 12 pairs \u2192 C:\Users\RossW\OneDrive\Documents\CAMARF\output\results\1min/pairs.parquet
2026-06-23 16:18:09  INFO        [1m] persisted per-bar spread/z-score series for 12/12 confirmed pairs
2026-06-23 16:18:09  INFO        [1m] saved 8 trios
2026-06-23 16:18:09  INFO        [1m] saved 11 regime profiles
2026-06-23 16:18:09  INFO      ----------------------------------------------------------------------
2026-06-23 16:18:09  INFO        Timeframe: 2m
2026-06-23 16:18:09  INFO      ----------------------------------------------------------------------
2026-06-23 16:18:11  INFO        [2m] 1493 assets have data for this TF
2026-06-23 16:18:50  INFO        [2m] aligned: 1493 assets
2026-06-23 16:18:54  INFO        [2m] Computing 1489×1489 correlation matrices (Pearson + Spearman + rolling avg)...
2026-06-23 16:19:46  INFO        [2m] Pearson 19.1s | Spearman 4.1s | RollingAvg 28.5s
2026-06-23 16:19:47  INFO        [2m] Candidate pairs: 2282 (312 cross-asset)  threshold |\u03c1| \u2265 0.40  [gold=742 silver=935 bronze=605]
2026-06-23 16:19:47  INFO        [2m] Running EG on 2282 pairs (workers=12, max_lag=10)...
2026-06-23 16:20:04  INFO        [2m] EG complete in 15.3s
2026-06-23 16:20:04  INFO        [2m] EG: tested=2282, raw<0.05=22, FDR-adjusted<0.05=0
2026-06-23 16:20:04  INFO        [2m] no pairs survived BH-FDR
2026-06-23 16:20:05  INFO      ----------------------------------------------------------------------
2026-06-23 16:20:05  INFO        Timeframe: 3m
2026-06-23 16:20:05  INFO      ----------------------------------------------------------------------
2026-06-23 16:20:06  INFO        [3m] 1486 assets have data for this TF
2026-06-23 16:20:14  INFO        [3m] aligned: 1486 assets
2026-06-23 16:20:14  INFO        [3m] Computing 1482×1482 correlation matrices (Pearson + Spearman + rolling avg)...
2026-06-23 16:20:25  INFO        [3m] Pearson 3.5s | Spearman 0.8s | RollingAvg 6.3s
2026-06-23 16:20:26  INFO        [3m] Candidate pairs: 13032 (253 cross-asset)  threshold |\u03c1| \u2265 0.40  [gold=3693 silver=8106 bronze=1233]
2026-06-23 16:20:26  INFO        [3m] Running EG on 13032 pairs (workers=12, max_lag=10)...
2026-06-23 16:20:37  INFO        [3m] EG complete in 10.5s
2026-06-23 16:20:37  INFO        [3m] EG: tested=13032, raw<0.05=117, FDR-adjusted<0.05=23
2026-06-23 16:20:37  INFO        [3m] Rolling coint on 23 pairs (window=252, step=21)...
2026-06-23 16:20:40  INFO        [3m] Rolling coint complete in 3.2s
2026-06-23 16:20:40  INFO        [3m] Per-pair modeling: hedge ratios + spread + decay...
2026-06-23 16:20:43  INFO        [3m] Per-pair modeling done in 2.5s — 23 PairResult objects built
2026-06-23 16:20:43  INFO        [3m] Eigenportfolio validation on 23 pairs...
2026-06-23 16:20:43  WARNING     Eigenportfolio: 169946 NaN entries in the 1482x1482 correlation matrix (insufficient pairwise overlap) — treated as uncorrelated (0) before eigendecomposition
2026-06-23 16:20:45  INFO        [3m]   K=158 systematic factors removed (MP \u03bb+=2.321)
2026-06-23 16:20:46  INFO        [3m]   Eigenportfolio: 9/23 Gold tier (idiosyncratic) | 14 Silver tier (factor-driven) in 2.9s
2026-06-23 16:20:46  INFO        [3m] Computing VolumeStructure features...
2026-06-23 16:20:49  INFO        [3m] Features saved: 22 assets in 3.4s
2026-06-23 16:20:49  INFO        [3m] Regime classification (22 assets)...
2026-06-23 16:21:01  WARNING   Model is not converging.  Current: -993.9521539618813 is not greater than -993.9521453941215. Delta is -8.567759778088657e-06
2026-06-23 16:21:01  WARNING   Model is not converging.  Current: -5440.936742962584 is not greater than -5440.936711267401. Delta is -3.169518276990857e-05
2026-06-23 16:21:03  WARNING   Model is not converging.  Current: -4248.591200107169 is not greater than -4248.589270513657. Delta is -0.001929593512613792
2026-06-23 16:21:03  WARNING   Model is not converging.  Current: -3981.6841538350795 is not greater than -3978.089675353079. Delta is -3.5944784820003406
2026-06-23 16:21:06  WARNING   Model is not converging.  Current: -5498.115080683231 is not greater than -5498.105690284619. Delta is -0.009390398611685669
2026-06-23 16:21:06  WARNING   Model is not converging.  Current: -2339.2251987157238 is not greater than -2320.261911723185. Delta is -18.963286992538542
2026-06-23 16:21:06  WARNING   Model is not converging.  Current: -4976.582857341399 is not greater than -4976.576643723344. Delta is -0.006213618054971448
2026-06-23 16:21:07  WARNING   Model is not converging.  Current: -2790.043161238186 is not greater than -2790.0399868653035. Delta is -0.003174372882313037
2026-06-23 16:21:08  WARNING   Model is not converging.  Current: -7009.536019113682 is not greater than -7009.534501381913. Delta is -0.00151773176912684
2026-06-23 16:21:09  WARNING   Model is not converging.  Current: -6629.801087974101 is not greater than -6629.781428262823. Delta is -0.01965971127810917
2026-06-23 16:21:09  WARNING   Model is not converging.  Current: -7081.231151270154 is not greater than -7081.230882445378. Delta is -0.0002688247768674046
2026-06-23 16:21:09  WARNING   Model is not converging.  Current: -6310.282684465761 is not greater than -6310.2657419480865. Delta is -0.016942517674578994
2026-06-23 16:21:10  WARNING   Model is not converging.  Current: -6321.859227180998 is not greater than -6321.856694970387. Delta is -0.002532210610297625
2026-06-23 16:21:11  WARNING   Model is not converging.  Current: -5045.441026578245 is not greater than -5045.430610515685. Delta is -0.01041606256058003
2026-06-23 16:21:12  INFO        [3m] Regimes fitted: 8 assets (8 per-bar label files saved) in 23.4s
2026-06-23 16:21:12  INFO        [3m] Cross-asset split: same=23, cross=0
2026-06-23 16:21:12  INFO        [3m] Trio enumeration + Johansen...
2026-06-23 16:21:12  INFO        [3m] Testing 18 trios with Johansen...
2026-06-23 16:21:16  INFO        [3m] Trio testing complete in 3.4s
2026-06-23 16:21:16  INFO        [3m] Confirmed trios: 2/18
2026-06-23 16:21:16  INFO        [3m] coint_frac filter: 5 pairs removed (coint_fraction_rolling < 0.70 and no clean secondary evidence); 2 pairs below the threshold kept anyway via secondary-evidence override
2026-06-23 16:21:16  INFO        [3m] saved 18 pairs \u2192 C:\Users\RossW\OneDrive\Documents\CAMARF\output\results\3min/pairs.parquet
2026-06-23 16:21:16  INFO        [3m] persisted per-bar spread/z-score series for 18/18 confirmed pairs
2026-06-23 16:21:16  INFO        [3m] saved 2 trios
2026-06-23 16:21:16  INFO        [3m] saved 8 regime profiles
2026-06-23 16:21:16  INFO      ----------------------------------------------------------------------
2026-06-23 16:21:16  INFO        Timeframe: 5m
2026-06-23 16:21:16  INFO      ----------------------------------------------------------------------
2026-06-23 16:21:18  INFO        [5m] 1507 assets have data for this TF
2026-06-23 16:21:35  INFO        [5m] aligned: 1507 assets
2026-06-23 16:21:37  INFO        [5m] Computing 1505×1505 correlation matrices (Pearson + Spearman + rolling avg)...
2026-06-23 16:21:52  INFO        [5m] Pearson 5.2s | Spearman 5.6s | RollingAvg 4.2s
2026-06-23 16:21:53  INFO        [5m] Candidate pairs: 4180 (521 cross-asset)  threshold |\u03c1| \u2265 0.40  [gold=1440 silver=1486 bronze=1254]
2026-06-23 16:21:53  INFO        [5m] Running EG on 4180 pairs (workers=12, max_lag=10)...
2026-06-23 16:22:45  INFO        [5m] EG complete in 51.6s
2026-06-23 16:22:45  INFO        [5m] EG: tested=4180, raw<0.05=164, FDR-adjusted<0.05=0
2026-06-23 16:22:45  INFO        [5m] no pairs survived BH-FDR
2026-06-23 16:22:46  INFO      ----------------------------------------------------------------------
2026-06-23 16:22:46  INFO        Timeframe: 15m
2026-06-23 16:22:46  INFO      ----------------------------------------------------------------------
2026-06-23 16:22:47  INFO        [15m] 1506 assets have data for this TF
2026-06-23 16:23:01  INFO        [15m] aligned: 1506 assets
2026-06-23 16:23:02  INFO        [15m] Computing 1504×1504 correlation matrices (Pearson + Spearman + rolling avg)...
2026-06-23 16:23:10  INFO        [15m] Pearson 1.1s | Spearman 1.6s | RollingAvg 5.2s
2026-06-23 16:23:12  INFO        [15m] Candidate pairs: 13857 (1010 cross-asset)  threshold |\u03c1| \u2265 0.40  [gold=7692 silver=5487 bronze=678]
2026-06-23 16:23:12  INFO        [15m] Running EG on 13857 pairs (workers=12, max_lag=10)...
2026-06-23 16:24:29  INFO        [15m] EG complete in 76.5s
2026-06-23 16:24:29  INFO        [15m] EG: tested=13857, raw<0.05=622, FDR-adjusted<0.05=4
2026-06-23 16:24:29  INFO        [15m] Rolling coint on 4 pairs (window=252, step=21)...
2026-06-23 16:24:33  INFO        [15m] Rolling coint complete in 4.1s
2026-06-23 16:24:33  INFO        [15m] Per-pair modeling: hedge ratios + spread + decay...
2026-06-23 16:24:35  INFO        [15m] Per-pair modeling done in 1.5s — 4 PairResult objects built
2026-06-23 16:24:35  INFO        [15m] Eigenportfolio validation on 4 pairs...
2026-06-23 16:24:42  INFO        [15m]   K=169 systematic factors removed (MP \u03bb+=2.001)
2026-06-23 16:24:42  INFO        [15m]   Eigenportfolio: 1/4 Gold tier (idiosyncratic) | 3 Silver tier (factor-driven) in 7.4s
2026-06-23 16:24:42  INFO        [15m] Computing VolumeStructure features...
2026-06-23 16:24:46  INFO        [15m] Features saved: 8 assets in 3.6s
2026-06-23 16:24:46  INFO        [15m] Regime classification (8 assets)...
2026-06-23 16:25:27  INFO        [15m] Regimes fitted: 8 assets (8 per-bar label files saved) in 41.2s
2026-06-23 16:25:27  INFO        CrossAssetTagger: 1 structural forex pairs (triangular arbitrage) excluded from primary findings
2026-06-23 16:25:27  INFO        [15m] Cross-asset split: same=3, cross=0
2026-06-23 16:25:27  INFO        [15m] Trio enumeration + Johansen...
2026-06-23 16:25:27  INFO        [15m] coint_frac filter: 3 pairs removed (coint_fraction_rolling < 0.70 and no clean secondary evidence); 0 pairs below the threshold kept anyway via secondary-evidence override
2026-06-23 16:25:27  INFO        [15m] 1 structural pairs excluded from pairs.parquet (logged to bias_audit)
2026-06-23 16:25:27  INFO        [15m] saved 8 regime profiles
2026-06-23 16:25:27  INFO      ----------------------------------------------------------------------
2026-06-23 16:25:27  INFO        Timeframe: 30m
2026-06-23 16:25:27  INFO      ----------------------------------------------------------------------
2026-06-23 16:25:29  INFO        [30m] 1506 assets have data for this TF
2026-06-23 16:25:40  INFO        [30m] aligned: 1506 assets
2026-06-23 16:25:41  INFO        [30m] Computing 1505×1505 correlation matrices (Pearson + Spearman + rolling avg)...
2026-06-23 16:25:44  INFO        [30m] Pearson 0.5s | Spearman 0.7s | RollingAvg 1.8s
2026-06-23 16:25:45  INFO        [30m] Candidate pairs: 19110 (1199 cross-asset)  threshold |\u03c1| \u2265 0.40  [gold=12319 silver=5127 bronze=1664]
2026-06-23 16:25:45  INFO        [30m] Running EG on 19110 pairs (workers=12, max_lag=10)...
2026-06-23 16:27:11  INFO        [30m] EG complete in 85.2s
2026-06-23 16:27:11  INFO        [30m] EG: tested=19110, raw<0.05=830, FDR-adjusted<0.05=1
2026-06-23 16:27:11  INFO        [30m] Rolling coint on 1 pairs (window=252, step=21)...
2026-06-23 16:27:16  INFO        [30m] Rolling coint complete in 4.9s
2026-06-23 16:27:16  INFO        [30m] Per-pair modeling: hedge ratios + spread + decay...
2026-06-23 16:27:16  INFO        [30m] Per-pair modeling done in 0.3s — 1 PairResult objects built
2026-06-23 16:27:16  INFO        [30m] Eigenportfolio validation on 1 pairs...
2026-06-23 16:27:16  WARNING     Eigenportfolio: 6 NaN entries in the 1505x1505 correlation matrix (insufficient pairwise overlap) — treated as uncorrelated (0) before eigendecomposition
2026-06-23 16:27:22  INFO        [30m]   K=139 systematic factors removed (MP \u03bb+=2.526)
2026-06-23 16:27:22  INFO        [30m]   Eigenportfolio: 0/1 Gold tier (idiosyncratic) | 1 Silver tier (factor-driven) in 5.9s
2026-06-23 16:27:22  INFO        [30m] Computing VolumeStructure features...
2026-06-23 16:27:23  INFO        [30m] Features saved: 2 assets in 0.7s
2026-06-23 16:27:23  INFO        [30m] Regime classification (2 assets)...
2026-06-23 16:27:55  INFO        [30m] Regimes fitted: 2 assets (2 per-bar label files saved) in 32.0s
2026-06-23 16:27:55  INFO        [30m] Cross-asset split: same=1, cross=0
2026-06-23 16:27:55  INFO        [30m] Trio enumeration + Johansen...
2026-06-23 16:27:55  INFO        [30m] saved 1 pairs \u2192 C:\Users\RossW\OneDrive\Documents\CAMARF\output\results\30min/pairs.parquet
2026-06-23 16:27:55  INFO        [30m] persisted per-bar spread/z-score series for 1/1 confirmed pairs
2026-06-23 16:27:55  INFO        [30m] saved 2 regime profiles
2026-06-23 16:27:56  INFO      ----------------------------------------------------------------------
2026-06-23 16:27:56  INFO        Timeframe: 1h
2026-06-23 16:27:56  INFO      ----------------------------------------------------------------------
2026-06-23 16:27:59  INFO        [1h] 1505 assets have data for this TF
2026-06-23 18:33:02  INFO        [1h] aligned: 1505 assets
2026-06-23 18:33:04  INFO        [1h] Computing 1505×1505 correlation matrices (Pearson + Spearman + rolling avg)...
2026-06-23 18:33:13  INFO        [1h] Pearson 2.6s | Spearman 3.6s | RollingAvg 2.3s
2026-06-23 18:33:14  INFO        [1h] Candidate pairs: 65068 (3145 cross-asset)  threshold |\u03c1| \u2265 0.40  [gold=12160 silver=16357 bronze=36551]
2026-06-23 18:33:14  INFO        [1h] Running EG on 65068 pairs (workers=12, max_lag=10)...
2026-06-23 18:40:07  INFO        [1h] EG complete in 412.1s
2026-06-23 18:40:08  INFO        [1h] EG: tested=65068, raw<0.05=2619, FDR-adjusted<0.05=79
2026-06-23 18:40:08  INFO        [1h] Rolling coint on 79 pairs (window=252, step=21)...
2026-06-23 18:40:19  INFO        [1h] Rolling coint complete in 11.4s
2026-06-23 18:40:19  INFO        [1h] Per-pair modeling: hedge ratios + spread + decay...
2026-06-23 18:41:23  INFO        [1h] Per-pair modeling done in 63.6s — 79 PairResult objects built
2026-06-23 18:41:23  INFO        [1h] Eigenportfolio validation on 79 pairs...
2026-06-23 18:41:35  INFO        [1h]   K=141 systematic factors removed (MP \u03bb+=1.544)
2026-06-23 18:41:37  INFO        [1h]   Eigenportfolio: 3/79 Gold tier (idiosyncratic) | 76 Silver tier (factor-driven) in 13.9s
2026-06-23 18:41:37  INFO        [1h] Computing VolumeStructure features...
2026-06-23 18:42:59  INFO        [1h] Features saved: 88 assets in 81.8s
2026-06-23 18:42:59  INFO        [1h] Regime classification (88 assets)...
2026-06-23 18:43:04  INFO        [1h] Regimes fitted: 0 assets (0 per-bar label files saved) in 5.4s
2026-06-23 18:43:04  INFO        [1h] Cross-asset split: same=75, cross=4
2026-06-23 18:43:04  INFO        [1h] Trio enumeration + Johansen...
2026-06-23 18:43:04  INFO        [1h] Testing 500 trios with Johansen...
2026-06-23 18:43:10  INFO        [1h] Trio testing complete in 6.4s
2026-06-23 18:43:10  INFO        [1h] Confirmed trios: 428/500
2026-06-23 18:43:10  INFO        [1h] coint_frac filter: 74 pairs removed (coint_fraction_rolling < 0.70 and no clean secondary evidence); 5 pairs below the threshold kept anyway via secondary-evidence override
2026-06-23 18:43:10  INFO        [1h] saved 5 pairs \u2192 C:\Users\RossW\OneDrive\Documents\CAMARF\output\results\1hr/pairs.parquet
2026-06-23 18:43:10  INFO        [1h] persisted per-bar spread/z-score series for 5/5 confirmed pairs
2026-06-23 18:43:11  INFO        [1h] saved 4 cross-asset pairs
2026-06-23 18:43:11  INFO        [1h] saved 428 trios
2026-06-23 18:43:12  INFO      ----------------------------------------------------------------------
2026-06-23 18:43:12  INFO        Timeframe: 4h
2026-06-23 18:43:12  INFO      ----------------------------------------------------------------------
2026-06-23 18:43:13  INFO        [4h] 1505 assets have data for this TF
2026-06-23 18:43:25  INFO        [4h] aligned: 1505 assets
2026-06-23 18:43:26  INFO        [4h] Computing 1505×1505 correlation matrices (Pearson + Spearman + rolling avg)...
2026-06-23 18:43:30  INFO        [4h] Pearson 0.7s | Spearman 1.4s | RollingAvg 1.4s
2026-06-23 18:43:31  INFO        [4h] Candidate pairs: 68298 (2501 cross-asset)  threshold |\u03c1| \u2265 0.40  [gold=39235 silver=24178 bronze=4885]
2026-06-23 18:43:31  INFO        [4h] Running EG on 68298 pairs (workers=12, max_lag=10)...
2026-06-23 18:50:38  INFO        [4h] EG complete in 426.2s
2026-06-23 18:50:38  INFO        [4h] EG: tested=68298, raw<0.05=3673, FDR-adjusted<0.05=2
2026-06-23 18:50:38  INFO        [4h] Rolling coint on 2 pairs (window=252, step=21)...
2026-06-23 18:50:43  INFO        [4h] Rolling coint complete in 4.4s
2026-06-23 18:50:43  INFO        [4h] Per-pair modeling: hedge ratios + spread + decay...
2026-06-23 18:50:43  INFO        [4h] Per-pair modeling done in 0.5s — 2 PairResult objects built
2026-06-23 18:50:43  INFO        [4h] Eigenportfolio validation on 2 pairs...
2026-06-23 18:50:52  INFO        [4h]   K=131 systematic factors removed (MP \u03bb+=2.206)
2026-06-23 18:50:52  INFO        [4h]   Eigenportfolio: 1/2 Gold tier (idiosyncratic) | 1 Silver tier (factor-driven) in 8.8s
2026-06-23 18:50:52  INFO        [4h] Computing VolumeStructure features...
2026-06-23 18:50:53  INFO        [4h] Features saved: 4 assets in 1.3s
2026-06-23 18:50:53  INFO        [4h] Regime classification (4 assets)...
2026-06-23 18:51:44  INFO        [4h] Regimes fitted: 4 assets (4 per-bar label files saved) in 50.5s
2026-06-23 18:51:44  INFO        [4h] Cross-asset split: same=2, cross=0
2026-06-23 18:51:44  INFO        [4h] Trio enumeration + Johansen...
2026-06-23 18:51:44  INFO        [4h] coint_frac filter: 1 pairs removed (coint_fraction_rolling < 0.70 and no clean secondary evidence); 1 pairs below the threshold kept anyway via secondary-evidence override
2026-06-23 18:51:44  INFO        [4h] saved 1 pairs \u2192 C:\Users\RossW\OneDrive\Documents\CAMARF\output\results\4hr/pairs.parquet
2026-06-23 18:51:44  INFO        [4h] Rolling coint on 1 pairs (window=252, step=21)...
2026-06-23 18:51:48  INFO        [4h] Rolling coint complete in 4.1s
2026-06-23 18:51:48  INFO        [4h] persisted per-bar spread/z-score series for 1/1 confirmed pairs
2026-06-23 18:51:48  INFO        [4h] saved 4 regime profiles
2026-06-23 18:51:49  INFO      ----------------------------------------------------------------------
2026-06-23 18:51:49  INFO        Timeframe: 8h
2026-06-23 18:51:49  INFO      ----------------------------------------------------------------------
2026-06-23 18:51:49  INFO        [8h] 0 assets have data for this TF
2026-06-23 18:51:49  WARNING     [8h] insufficient assets — skipping TF
2026-06-23 18:51:49  INFO      ----------------------------------------------------------------------
2026-06-23 18:51:49  INFO        Timeframe: 1D
2026-06-23 18:51:49  INFO      ----------------------------------------------------------------------
2026-06-23 18:51:52  INFO        [1D] 1520 assets have data for this TF
2026-06-23 18:51:52  INFO      DataAligner: aligning 1520 assets to NYSE calendar (1962-01-02 \u2192 2026-06-18, 16224 sessions)
2026-06-23 18:52:13  INFO      DataAligner: 1510/1520 assets aligned (10 excluded for excessive gaps)
2026-06-23 18:52:13  INFO        [1D] aligned: 1510 assets
2026-06-23 18:52:14  INFO        [1D] Computing 1506×1506 correlation matrices (Pearson + Spearman + rolling avg)...
2026-06-23 18:52:20  INFO        [1D] Pearson 1.6s | Spearman 3.1s | RollingAvg 1.6s
2026-06-23 18:52:22  INFO        [1D] Candidate pairs: 121901 (4059 cross-asset)  threshold |\u03c1| \u2265 0.40  [gold=66801 silver=31344 bronze=23756]
2026-06-23 18:52:22  INFO        [1D] Running EG on 121901 pairs (workers=12, max_lag=10)...
2026-06-23 18:52:52  INFO        [1D] EG complete in 28.9s
2026-06-23 18:52:52  INFO        [1D] EG: tested=121901, raw<0.05=2, FDR-adjusted<0.05=0
2026-06-23 18:52:52  INFO        [1D] no pairs survived BH-FDR
2026-06-23 18:52:52  INFO      ----------------------------------------------------------------------
2026-06-23 18:52:52  INFO        Timeframe: 7D
2026-06-23 18:52:52  INFO      ----------------------------------------------------------------------
2026-06-23 18:52:54  INFO        [7D] 1510 assets have data for this TF
2026-06-23 18:52:57  INFO        [7D] aligned: 1510 assets
2026-06-23 18:52:57  INFO        [7D] Computing 1456×1456 correlation matrices (Pearson + Spearman + rolling avg)...
2026-06-23 18:52:59  INFO        [7D] Pearson 0.4s | Spearman 0.7s | RollingAvg 1.4s
2026-06-23 18:53:01  INFO        [7D] Candidate pairs: 150010 (3978 cross-asset)  threshold |\u03c1| \u2265 0.40  [gold=72352 silver=42191 bronze=35467]
2026-06-23 18:53:01  INFO        [7D] Running EG on 150010 pairs (workers=12, max_lag=10)...
2026-06-23 18:53:09  INFO        [7D] EG complete in 7.6s
2026-06-23 18:53:09  INFO        [7D] EG: tested=150010, raw<0.05=6, FDR-adjusted<0.05=1
2026-06-23 18:53:09  INFO        [7D] Rolling coint on 1 pairs (window=252, step=21)...
2026-06-23 18:53:12  INFO        [7D] Rolling coint complete in 3.2s
2026-06-23 18:53:12  INFO        [7D] Per-pair modeling: hedge ratios + spread + decay...
2026-06-23 18:53:12  INFO        [7D] Per-pair modeling done in 0.0s — 1 PairResult objects built
2026-06-23 18:53:12  INFO        [7D] Eigenportfolio validation on 1 pairs...
2026-06-23 18:53:14  INFO        [7D]   K=85 systematic factors removed (MP \u03bb+=2.750)
2026-06-23 18:53:14  INFO        [7D]   Eigenportfolio: 0/1 Gold tier (idiosyncratic) | 1 Silver tier (factor-driven) in 2.0s
2026-06-23 18:53:14  INFO        [7D] Computing VolumeStructure features...
2026-06-23 18:53:15  INFO        [7D] Features saved: 2 assets in 0.1s
2026-06-23 18:53:15  INFO        [7D] Regime classification (2 assets)...
2026-06-23 18:53:24  WARNING   Model is not converging.  Current: -1998.5399809077417 is not greater than -1964.0064116004557. Delta is -34.533569307285916
2026-06-23 18:53:25  WARNING   Model is not converging.  Current: -2076.6953013075804 is not greater than -2050.8761831094776. Delta is -25.819118198102842
2026-06-23 18:53:28  INFO        [7D] Regimes fitted: 2 assets (2 per-bar label files saved) in 13.5s
2026-06-23 18:53:28  INFO        [7D] Cross-asset split: same=1, cross=0
2026-06-23 18:53:28  INFO        [7D] Trio enumeration + Johansen...
2026-06-23 18:53:28  INFO        [7D] coint_frac filter: 1 pairs removed (coint_fraction_rolling < 0.70 and no clean secondary evidence); 0 pairs below the threshold kept anyway via secondary-evidence override
2026-06-23 18:53:28  INFO        [7D] saved 2 regime profiles
2026-06-23 18:53:28  INFO      ----------------------------------------------------------------------
2026-06-23 18:53:28  INFO        Timeframe: 1M
2026-06-23 18:53:28  INFO      ----------------------------------------------------------------------
2026-06-23 18:53:29  INFO        [1M] 1510 assets have data for this TF
2026-06-23 18:53:30  INFO        [1M] aligned: 1510 assets
2026-06-23 18:53:30  INFO        [1M] Computing 958×958 correlation matrices (Pearson + Spearman + rolling avg)...
2026-06-23 18:53:31  INFO        [1M] Pearson 0.1s | Spearman 0.1s | RollingAvg 0.4s
2026-06-23 18:53:32  INFO        [1M] Candidate pairs: 34143 (1508 cross-asset)  threshold |\u03c1| \u2265 0.40  [gold=16221 silver=12444 bronze=5478]
2026-06-23 18:53:32  INFO        [1M] Running EG on 34143 pairs (workers=12, max_lag=10)...
2026-06-23 18:53:37  INFO        [1M] EG complete in 4.8s
2026-06-23 18:53:37  INFO        [1M] EG: tested=34143, raw<0.05=9, FDR-adjusted<0.05=0
2026-06-23 18:53:37  INFO        [1M] no pairs survived BH-FDR
2026-06-23 18:53:37  INFO      ----------------------------------------------------------------------
2026-06-23 18:53:37  INFO        Timeframe: 3M
2026-06-23 18:53:37  INFO      ----------------------------------------------------------------------
2026-06-23 18:53:37  INFO        [3M] 1510 assets have data for this TF
2026-06-23 18:53:37  INFO        [3M] aligned: 1510 assets
2026-06-23 18:53:38  INFO        [3M] Computing 4×4 correlation matrices (Pearson + Spearman + rolling avg)...
2026-06-23 18:53:38  INFO        [3M] Pearson 0.0s | Spearman 0.0s | RollingAvg 0.0s
2026-06-23 18:53:38  INFO        [3M] Candidate pairs: 0 (0 cross-asset)  threshold |\u03c1| \u2265 0.40  [gold=0 silver=0 bronze=0]
2026-06-23 18:53:38  INFO        [3M] no candidate pairs above threshold
2026-06-23 18:53:38  INFO      ----------------------------------------------------------------------
2026-06-23 18:53:38  INFO        Timeframe: 6M
2026-06-23 18:53:38  INFO      ----------------------------------------------------------------------
2026-06-23 18:53:38  INFO        [6M] 1510 assets have data for this TF
2026-06-23 18:53:38  INFO        [6M] aligned: 1510 assets
2026-06-23 18:53:38  WARNING     [6M] UniverseFilter: no valid assets after filtering
2026-06-23 18:53:38  INFO        [6M] no candidate pairs above threshold
2026-06-23 18:53:38  INFO      Bias audit log saved: 63 entries \u2192 C:\Users\RossW\OneDrive\Documents\CAMARF\output\results\bias_audit.json
2026-06-23 18:53:38  INFO      Script hash saved: b917eb8ce8e757fb
2026-06-23 18:53:38  INFO      ======================================================================
2026-06-23 18:53:38  INFO      Pipeline complete in 158.1 min
2026-06-23 18:53:38  INFO        1m: pairs=12 (cross=0), trios=8, regimes=11
2026-06-23 18:53:38  INFO        2m: pairs=0 (cross=0), trios=0, regimes=0
2026-06-23 18:53:38  INFO        3m: pairs=18 (cross=0), trios=2, regimes=8
2026-06-23 18:53:38  INFO        5m: pairs=0 (cross=0), trios=0, regimes=0
2026-06-23 18:53:38  INFO        15m: pairs=0 (cross=0), trios=0, regimes=8
2026-06-23 18:53:38  INFO        30m: pairs=1 (cross=0), trios=0, regimes=2
2026-06-23 18:53:38  INFO        1h: pairs=5 (cross=4), trios=428, regimes=0
2026-06-23 18:53:38  INFO        4h: pairs=1 (cross=0), trios=0, regimes=4
2026-06-23 18:53:38  INFO        8h: pairs=0 (cross=0), trios=0, regimes=0
2026-06-23 18:53:38  INFO        1D: pairs=0 (cross=0), trios=0, regimes=0
2026-06-23 18:53:38  INFO        7D: pairs=0 (cross=0), trios=0, regimes=2
2026-06-23 18:53:38  INFO        1M: pairs=0 (cross=0), trios=0, regimes=0
2026-06-23 18:53:38  INFO        3M: pairs=0 (cross=0), trios=0, regimes=0
2026-06-23 18:53:38  INFO        6M: pairs=0 (cross=0), trios=0, regimes=0
2026-06-23 18:53:38  INFO      ======================================================================
2026-06-23 18:53:38  INFO      ANALYSIS RESULTS — SUMMARY
2026-06-23 18:53:38  INFO      ======================================================================
2026-06-23 18:53:38  INFO          1m  pairs=   12  cross=   0  trios=   8  regimes=  11
2026-06-23 18:53:38  INFO          2m  pairs=    0  cross=   0  trios=   0  regimes=   0
2026-06-23 18:53:38  INFO          3m  pairs=   18  cross=   0  trios=   2  regimes=   8
2026-06-23 18:53:38  INFO          5m  pairs=    0  cross=   0  trios=   0  regimes=   0
2026-06-23 18:53:38  INFO         15m  pairs=    0  cross=   0  trios=   0  regimes=   8
2026-06-23 18:53:38  INFO         30m  pairs=    1  cross=   0  trios=   0  regimes=   2
2026-06-23 18:53:38  INFO          1h  pairs=    5  cross=   4  trios= 428  regimes=   0
2026-06-23 18:53:38  INFO          4h  pairs=    1  cross=   0  trios=   0  regimes=   4
2026-06-23 18:53:38  INFO          8h  pairs=    0  cross=   0  trios=   0  regimes=   0
2026-06-23 18:53:38  INFO          1D  pairs=    0  cross=   0  trios=   0  regimes=   0
2026-06-23 18:53:38  INFO          7D  pairs=    0  cross=   0  trios=   0  regimes=   2
2026-06-23 18:53:38  INFO          1M  pairs=    0  cross=   0  trios=   0  regimes=   0
2026-06-23 18:53:38  INFO          3M  pairs=    0  cross=   0  trios=   0  regimes=   0
2026-06-23 18:53:38  INFO          6M  pairs=    0  cross=   0  trios=   0  regimes=   0
2026-06-23 18:53:38  INFO        Total bias-audit entries: 63
2026-06-23 18:53:38  INFO        Runtime: 158.1 min
2026-06-23 18:53:38  INFO      ======================================================================
2026-06-23 18:53:38  INFO      Run summary \u2192 C:\Users\RossW\OneDrive\Documents\CAMARF\latest_run_analysis.log
