2026-06-23 13:09:20  INFO      CAMARF  —  data_ibkr.py  —  IBKR Supplemental Pipeline
2026-06-23 13:09:20  INFO      Primary yfinance cache is untouched by this script.
2026-06-23 13:09:20  INFO      Manifest: 20 confirmed pair/trio symbols from C:\Users\RossW\OneDrive\Documents\CAMARF\output\results\confirmed_pairs_manifest.json
2026-06-23 13:09:20  INFO      Fetching all TFs: ['1m', '5m', '15m', '30m', '1h', '4h', '1D']
2026-06-23 13:09:20  INFO      IBKR Supplement: 20 symbols × 7 TFs = 13 fetches needed (127 already fresh, skipped)
2026-06-23 13:09:20  INFO      Connecting to 127.0.0.1:4001 with clientId 1...
2026-06-23 13:09:20  INFO      Connected
2026-06-23 13:09:21  INFO      Logged on to server version 176
2026-06-23 13:09:21  ERROR     Error 10141, reqId -1: Paper trading disclaimer must first be accepted for API connection.
2026-06-23 13:09:21  ERROR     Peer closed connection. clientId 1 already in use?
2026-06-23 13:09:21  ERROR     Exception in callback _ProactorBasePipeTransport._call_connection_lost(None)
handle: <Handle _ProactorBasePipeTransport._call_connection_lost(None)>
Traceback (most recent call last):
  File "C:\Users\RossW\anaconda3\envs\trading\Lib\asyncio\events.py", line 84, in _run
    self._context.run(self._callback, *self._args)
  File "C:\Users\RossW\anaconda3\envs\trading\Lib\asyncio\proactor_events.py", line 165, in _call_connection_lost
    self._sock.shutdown(socket.SHUT_RDWR)
ConnectionResetError: [WinError 10054] An existing connection was forcibly closed by the remote host
2026-06-23 13:09:50  INFO      Disconnecting
2026-06-23 13:09:50  ERROR     API connection failed: TimeoutError()
2026-06-23 13:09:50  ERROR     IBKR connection failed: 
2026-06-23 13:09:50  ERROR     IBKR connection failed — exiting
