C:\Users\RossW\anaconda3\envs\trading\Lib\site-packages\yfinance\scrapers\quote.py:700: Pandas4Warning: Timestamp.utcnow is deprecated and will be removed in a future version. Use Timestamp.now('UTC') instead.
  start = pd.Timestamp.utcnow().floor("D") - datetime.timedelta(days=365 // 2)
C:\Users\RossW\anaconda3\envs\trading\Lib\site-packages\yfinance\scrapers\quote.py:702: Pandas4Warning: Timestamp.utcnow is deprecated and will be removed in a future version. Use Timestamp.now('UTC') instead.
  end = pd.Timestamp.utcnow().ceil("D")
HTTP Error 404: {"quoteSummary":{"result":null,"error":{"code":"Not Found","description":"Quote not found for symbol: BRK_B"}}}
Fetching yfinance .info metadata for 1354 symbols (~6.8 min minimum, plus request latency)...
  100/1354 (0 failed so far)...
  200/1354 (1 failed so far)...
  300/1354 (1 failed so far)...
  400/1354 (1 failed so far)...
  500/1354 (1 failed so far)...
  600/1354 (1 failed so far)...
  700/1354 (1 failed so far)...
  800/1354 (1 failed so far)...
  900/1354 (1 failed so far)...
  1000/1354 (1 failed so far)...
  1100/1354 (1 failed so far)...
  1200/1354 (1 failed so far)...
  1300/1354 (1 failed so far)...

Fetched metadata for 1354 symbols, 1 failed.

=== Comparing 433 flagged vs 920 clean symbols ===

--- Exchange tier ---
Flagged:
full_exchange_name
NYSE        64.0
NasdaqGS    31.2
NasdaqGM     2.5
NasdaqCM     2.1
YHD          0.2
Name: proportion, dtype: float64
Clean:
full_exchange_name
NYSE        64.0
NasdaqGS    32.5
NasdaqGM     1.6
NYSEArca     1.0
NasdaqCM     0.8
Cboe US      0.1
Name: proportion, dtype: float64

--- Sector ---
Flagged:
sector
Financial Services        19.0
Consumer Cyclical         14.1
Real Estate               13.4
Healthcare                12.3
Industrials               11.3
Technology                10.9
Energy                     5.6
Consumer Defensive         3.9
Utilities                  3.7
Communication Services     3.5
Basic Materials            2.3
Name: proportion, dtype: float64
Clean:
sector
Technology                17.9
Industrials               17.8
Consumer Cyclical         13.1
Financial Services        12.5
Healthcare                11.2
Consumer Defensive         5.6
Real Estate                5.4
Basic Materials            4.6
Energy                     4.6
Utilities                  3.7
Communication Services     3.4
Name: proportion, dtype: float64

--- Market cap (median, $) ---
Flagged: 3,034,989,568   Clean: 17,342,137,344

--- Float ratio (float_shares / shares_outstanding, median) ---
Flagged: 0.955   Clean: 0.988

--- Average daily volume (median) ---
Flagged: 1,198,819   Clean: 2,080,368

Full merged data: output/research/price_degeneracy_with_metadata.parquet
