2026-09-08 19:34:48  INFO      === transfer_entropy_lead_lag.py: tf=1D, max_lag=5, n_bins=4, n_perm=100 ===
2026-09-08 19:34:48  INFO      27 confirmed pairs at tf=1D
2026-09-08 19:35:09  INFO        AGCB/LEAP: best LEAP->AGCB lag=3 TE=0.1338 bits, p=0.030
2026-09-08 19:35:10  INFO        AISP/GVKEY239599_01W: insufficient_bars
2026-09-08 19:35:30  INFO        ALTG/FBM: best ALTG->FBM lag=1 TE=0.0948 bits, p=0.130
2026-09-08 19:35:56  INFO        AMP/RUSHA: best RUSHA->AMP lag=3 TE=0.0101 bits, p=0.000
2026-09-08 19:36:16  INFO        ARGO/MEGL: best ARGO->MEGL lag=2 TE=0.1133 bits, p=0.120
2026-09-08 19:36:16  INFO        ATXG/KNBE: insufficient_bars
2026-09-08 19:36:40  INFO        CATY/FRBA: best CATY->FRBA lag=1 TE=0.0147 bits, p=0.020
2026-09-08 19:37:00  INFO        CLAS/MSAI: best CLAS->MSAI lag=4 TE=0.1685 bits, p=0.020
2026-09-08 19:37:01  INFO        CSII/GVKEY355506_01W: insufficient_bars
2026-09-08 19:37:01  INFO        CVON/PERMNO91600: insufficient_bars
2026-09-08 19:37:22  INFO        FNLC/JMSB: best JMSB->FNLC lag=4 TE=0.0324 bits, p=0.320
2026-09-08 19:37:47  INFO        GBNK/SRCE: best GBNK->SRCE lag=4 TE=0.0203 bits, p=0.000
2026-09-08 19:37:47  INFO        GVKEY101930_01W/GVKEY355506_01W: insufficient_bars
2026-09-08 19:38:14  INFO        GVKEY201229_01W/GVKEY248104_01W: best GVKEY248104_01W->GVKEY201229_01W lag=1 TE=0.0170 bits, p=0.000
2026-09-08 19:38:14  INFO        GVKEY204176_01W/GVKEY355326_01W: insufficient_bars
2026-09-08 19:38:15  INFO        GVKEY223055_02W/PWM: insufficient_bars
2026-09-08 19:38:15  INFO        GVKEY227396_01W/LLAP: insufficient_bars
2026-09-08 19:38:16  INFO        GVKEY242580_01W/GVKEY325818_01W: insufficient_bars
2026-09-08 19:38:16  INFO        GVKEY248220_01W/GVKEY329260_01W: insufficient_bars
2026-09-08 19:38:17  INFO        GVKEY259160_01W/LDTC: insufficient_bars
2026-09-08 19:38:17  INFO        GVKEY284837_01W/XBP: insufficient_bars
2026-09-08 19:38:18  INFO        GVKEY327794_01W/GVKEY346377_01W: insufficient_bars
2026-09-08 19:38:47  INFO        HSBC/GVKEY015509_06W: best GVKEY015509_06W->HSBC lag=1 TE=0.0090 bits, p=0.000
2026-09-08 19:39:12  INFO        HWC/FRBA: best FRBA->HWC lag=1 TE=0.0156 bits, p=0.000
2026-09-08 19:39:12  INFO        OGN/PERMNO78892: insufficient_bars
2026-09-08 19:39:39  INFO        OVV/DO: best OVV->DO lag=2 TE=0.0111 bits, p=0.000
2026-09-08 19:40:04  INFO        OVV/PERMNO82298: best OVV->PERMNO82298 lag=2 TE=0.0111 bits, p=0.000
2026-09-08 19:40:04  INFO      Saved 130 rows to output/research/transfer_entropy_lead_lag.parquet
2026-09-08 19:40:04  INFO      Saved 27-pair ml.py-ready summary to output/research/transfer_entropy_pair_summary.parquet
