18:32:34 INFO  === decoupling_contamination_crosscheck.py: task #70 ===
18:32:34 INFO  Using candidates file: C:\Users\RossW\Projects\CAMARF\output\results\1hr_stale_20260714_130954\all_candidates.parquet
18:32:34 INFO  Candidate pool: 353 total. Contaminated-set-leg pairs: 313 (break rate 46.0%). Other pairs: 40 (break rate 0.0%).
18:32:34 INFO  Total breaks: 144. Involving one of the 7 contaminated-set symbols: 144 (100.0%).
18:32:34 INFO    APP    2023-09-19 09:30:00  +5.8%  mid_series    mid_series  [earnings gap=41d]
18:32:34 INFO    APP    2023-11-09 10:30:00  +9.5%  mid_series    mid_series  [earnings gap=1d]
18:32:34 INFO    APP    2023-11-10 09:30:00  +5.4%  mid_series    mid_series  [earnings gap=2d]
18:32:34 INFO    APP    2023-11-14 09:30:00  +5.3%  mid_series    mid_series  [earnings gap=6d]
18:32:34 INFO    APP    2023-12-19 09:30:00  +7.7%  mid_series    mid_series  [earnings gap=41d]
18:32:34 INFO    APP    2024-02-02 09:30:00  +8.1%  mid_series    mid_series  [earnings gap=12d]
18:32:34 INFO    APP    2024-02-15 09:30:00  +21.2%  mid_series    mid_series  [earnings gap=1d]
18:32:34 INFO    APP    2024-02-20 09:30:00  +5.7%  mid_series    mid_series  [earnings gap=6d]
18:32:34 INFO    APP    2024-03-18 09:30:00  +5.2%  mid_series    mid_series  [earnings gap=33d]
18:32:34 INFO    APP    2024-04-23 09:30:00  +5.2%  mid_series    mid_series  [earnings gap=15d]
18:32:34 INFO    APP    2024-04-26 09:30:00  +5.8%  mid_series    mid_series  [earnings gap=12d]
18:32:34 INFO    APP    2024-05-09 09:30:00  +16.9%  mid_series    mid_series  [earnings gap=1d]
18:32:34 INFO    APP    2024-07-05 09:30:00  +6.1%  mid_series    mid_series  [earnings gap=33d]
18:32:34 INFO    APP    2024-07-17 09:30:00  +5.3%  mid_series    mid_series  [earnings gap=21d]
18:32:34 INFO    APP    2024-08-02 09:30:00  +8.1%  mid_series    mid_series  [earnings gap=5d]
18:32:34 INFO    APP    2024-08-13 09:30:00  +5.5%  mid_series    mid_series  [earnings gap=6d]
18:32:34 INFO    APP    2024-09-11 09:30:00  +5.1%  mid_series    mid_series  [earnings gap=35d]
18:32:34 INFO    APP    2024-10-21 09:30:00  +8.2%  mid_series    mid_series  [earnings gap=16d]
18:32:34 INFO    APP    2024-11-07 09:30:00  +46.1%  mid_series    mid_series  [earnings gap=1d]
18:32:34 INFO    APP    2024-11-08 09:30:00  +6.9%  mid_series    mid_series  [earnings gap=2d]
18:32:34 INFO    APP    2024-11-11 09:30:00  +5.7%  mid_series    mid_series  [earnings gap=5d]
18:32:34 INFO    APP    2024-12-05 09:30:00  +5.0%  mid_series    mid_series  [earnings gap=29d]
18:32:34 INFO    APP    2024-12-09 09:30:00  +15.4%  mid_series    mid_series  [earnings gap=33d]
18:32:34 INFO    APP    2024-12-17 09:30:00  +5.3%  mid_series    mid_series  [earnings gap=41d]
18:32:34 INFO    APP    2024-12-20 09:30:00  +5.4%  mid_series    mid_series  [earnings gap=44d]
18:32:34 INFO    APP    2025-01-07 09:30:00  +9.2%  mid_series    mid_series  [earnings gap=36d]
18:32:34 INFO    APP    2025-01-15 09:30:00  +6.0%  mid_series    mid_series  [earnings gap=28d]
18:32:34 INFO    APP    2025-01-22 09:30:00  +8.1%  mid_series    mid_series  [earnings gap=21d]
18:32:34 INFO    APP    2025-01-27 09:30:00  +5.0%  mid_series    mid_series  [earnings gap=16d]
18:32:34 INFO    APP    2025-01-28 09:30:00  +6.8%  mid_series    mid_series  [earnings gap=15d]
18:32:34 INFO    APP    2025-02-04 09:30:00  +6.0%  mid_series    mid_series  [earnings gap=8d]
18:32:34 INFO    APP    2025-02-13 09:30:00  +31.3%  mid_series    mid_series  [earnings gap=1d]
18:32:34 INFO    APP    2025-02-14 09:30:00  +5.6%  mid_series    mid_series  [earnings gap=2d]
18:32:34 INFO    APP    2025-02-20 09:30:00  +7.3%  mid_series    mid_series  [earnings gap=8d]
18:32:34 INFO    APP    2025-02-25 09:30:00  +9.9%  mid_series    mid_series  [earnings gap=13d]
18:32:34 INFO    APP    2025-02-26 09:30:00  +17.5%  mid_series    mid_series  [earnings gap=14d]
18:32:34 INFO    APP    2025-02-26 10:30:00  +7.0%  mid_series    mid_series  [earnings gap=14d]
18:32:34 INFO    APP    2025-03-03 09:30:00  +7.2%  mid_series    mid_series  [earnings gap=19d]
18:32:34 INFO    APP    2025-03-04 09:30:00  +7.8%  mid_series    mid_series  [earnings gap=20d]
18:32:34 INFO    APP    2025-03-10 09:30:00  +10.0%  mid_series    mid_series  [earnings gap=26d]
18:32:34 INFO    APP    2025-03-14 09:30:00  +5.7%  mid_series    mid_series  [earnings gap=30d]
18:32:34 INFO    APP    2025-03-18 09:30:00  +5.6%  mid_series    mid_series  [earnings gap=34d]
18:32:34 INFO    APP    2025-03-24 09:30:00  +6.1%  mid_series    mid_series  [earnings gap=40d]
18:32:34 INFO    APP    2025-03-27 14:30:00  +13.6%  mid_series    mid_series  [earnings gap=41d]
18:32:34 INFO    APP    2025-03-31 09:30:00  +8.8%  mid_series    mid_series  [earnings gap=37d]
18:32:34 INFO    APP    2025-03-31 10:30:00  +5.2%  mid_series    mid_series  [earnings gap=37d]
18:32:34 INFO    APP    2025-04-03 09:30:00  +10.7%  mid_series    mid_series  [earnings gap=34d]
18:32:34 INFO    APP    2025-04-04 09:30:00  +17.2%  mid_series    mid_series  [earnings gap=33d]
18:32:34 INFO    APP    2025-04-08 09:30:00  +10.0%  mid_series    mid_series  [earnings gap=29d]
18:32:34 INFO    APP    2025-04-09 10:30:00  +5.4%  mid_series    mid_series  [earnings gap=28d]
18:32:34 INFO    APP    2025-04-09 12:30:00  +12.3%  mid_series    mid_series  [earnings gap=28d]
18:32:34 INFO    APP    2025-04-09 13:30:00  +10.7%  mid_series    mid_series  [earnings gap=28d]
18:32:34 INFO    APP    2025-04-11 09:30:00  +9.1%  mid_series    mid_series  [earnings gap=26d]
18:32:34 INFO    APP    2025-04-21 09:30:00  +5.4%  mid_series    mid_series  [earnings gap=16d]
18:32:34 INFO    APP    2025-04-23 09:30:00  +11.4%  mid_series    mid_series  [earnings gap=14d]
18:32:34 INFO    APP    2025-04-24 09:30:00  +5.3%  mid_series    mid_series  [earnings gap=13d]
18:32:34 INFO    APP    2025-04-30 09:30:00  +7.6%  mid_series    mid_series  [earnings gap=7d]
18:32:34 INFO    APP    2025-05-01 09:30:00  +6.1%  mid_series    mid_series  [earnings gap=6d]
18:32:34 INFO    APP    2025-05-02 09:30:00  +7.6%  mid_series    mid_series  [earnings gap=5d]
18:32:34 INFO    APP    2025-05-08 09:30:00  +13.8%  mid_series    mid_series  [earnings gap=1d]
18:32:34 INFO    APP    2025-05-12 09:30:00  +5.4%  mid_series    mid_series  [earnings gap=5d]
18:32:34 INFO    APP    2025-05-13 09:30:00  +5.4%  mid_series    mid_series  [earnings gap=6d]
18:32:34 INFO    APP    2025-06-30 09:30:00  +7.7%  mid_series    mid_series  [earnings gap=37d]
18:32:34 INFO    APP    2025-07-14 09:30:00  +6.3%  mid_series    mid_series  [earnings gap=23d]
18:32:34 INFO    APP    2025-07-22 09:30:00  +5.1%  mid_series    mid_series  [earnings gap=15d]
18:32:34 INFO    APP    2025-07-31 09:30:00  +8.1%  mid_series    mid_series  [earnings gap=6d]
18:32:34 INFO    APP    2025-08-07 09:30:00  +12.0%  mid_series    mid_series  [earnings gap=1d]
18:32:34 INFO    APP    2025-08-19 09:30:00  +5.3%  mid_series    mid_series  [earnings gap=13d]
18:32:34 INFO    APP    2025-09-08 09:30:00  +10.7%  mid_series    mid_series  [earnings gap=33d]
18:32:34 INFO    APP    2025-09-29 09:30:00  +6.5%  mid_series    mid_series  [earnings gap=37d]
18:32:34 INFO    APP    2025-10-06 14:30:00  +12.4%  mid_series    mid_series  [earnings gap=30d]
18:32:34 INFO    APP    2025-10-07 09:30:00  +8.3%  mid_series    mid_series  [earnings gap=29d]
18:32:34 INFO    APP    2025-10-09 09:30:00  +5.2%  mid_series    mid_series  [earnings gap=27d]
18:32:34 INFO    APP    2025-10-20 09:30:00  +5.3%  mid_series    mid_series  [earnings gap=16d]
18:32:34 INFO    APP    2025-10-24 09:30:00  +5.6%  mid_series    mid_series  [earnings gap=12d]
18:32:34 INFO    APP    2025-11-10 09:30:00  +6.9%  mid_series    mid_series  [earnings gap=5d]
18:32:34 INFO    APP    2025-11-11 09:30:00  +7.1%  mid_series    mid_series  [earnings gap=6d]
18:32:34 INFO    APP    2025-11-20 09:30:00  +5.8%  mid_series    mid_series  [earnings gap=15d]
18:32:34 INFO    APP    2025-11-26 09:30:00  +5.4%  mid_series    mid_series  [earnings gap=21d]
18:32:34 INFO    APP    2025-12-02 09:30:00  +7.0%  mid_series    mid_series  [earnings gap=27d]
18:32:34 INFO    APP    2025-12-18 09:30:00  +6.0%  mid_series    mid_series  [earnings gap=43d]
18:32:34 INFO    APP    2026-01-02 09:30:00  +5.9%  mid_series    mid_series  [earnings gap=40d]
18:32:34 INFO    APP    2026-01-14 09:30:00  +9.1%  mid_series    mid_series  [earnings gap=28d]
18:32:34 INFO    APP    2026-01-30 09:30:00  +7.1%  mid_series    mid_series  [earnings gap=12d]
18:32:34 INFO    APP    2026-02-02 13:30:00  +9.1%  mid_series    mid_series  [earnings gap=9d]
18:32:34 INFO    APP    2026-02-03 09:30:00  +5.4%  mid_series    mid_series  [earnings gap=8d]
18:32:34 INFO    APP    2026-02-04 09:30:00  +15.5%  mid_series    mid_series  [earnings gap=7d]
18:32:34 INFO    APP    2026-02-09 09:30:00  +11.5%  mid_series    mid_series  [earnings gap=2d]
18:32:34 INFO    APP    2026-02-11 09:30:00  +6.8%  mid_series    mid_series  [earnings gap=0d]
18:32:34 INFO    APP    2026-02-12 09:30:00  +16.6%  mid_series    mid_series  [earnings gap=1d]
18:32:34 INFO    APP    2026-02-18 09:30:00  +5.6%  mid_series    mid_series  [earnings gap=7d]
18:32:34 INFO    APP    2026-02-23 09:30:00  +8.8%  mid_series    mid_series  [earnings gap=12d]
18:32:34 INFO    APP    2026-02-25 09:30:00  +7.7%  mid_series    mid_series  [earnings gap=14d]
18:32:34 INFO    APP    2026-03-03 09:30:00  +5.9%  mid_series    mid_series  [earnings gap=20d]
18:32:34 INFO    APP    2026-03-04 09:30:00  +9.1%  mid_series    mid_series  [earnings gap=21d]
18:32:34 INFO    APP    2026-03-19 09:30:00  +5.8%  mid_series    mid_series  [earnings gap=36d]
18:32:34 INFO    APP    2026-03-23 09:30:00  +6.6%  mid_series    mid_series  [earnings gap=40d]
18:32:34 INFO    APP    2026-03-26 09:30:00  +9.6%  mid_series    mid_series  [earnings gap=41d]
18:32:34 INFO    APP    2026-04-13 09:30:00  +5.1%  mid_series    mid_series  [earnings gap=23d]
18:32:34 INFO    APP    2026-04-23 09:30:00  +6.0%  mid_series    mid_series  [earnings gap=13d]
18:32:34 INFO    APP    2026-05-07 10:30:00  +5.5%  mid_series    mid_series  [earnings gap=1d]
18:32:34 INFO    APP    2026-05-08 09:30:00  +9.6%  mid_series    mid_series  [earnings gap=2d]
18:32:34 INFO    APP    2026-05-13 09:30:00  +8.1%  mid_series    mid_series  [earnings gap=7d]
18:32:34 INFO    APP    2026-05-26 09:30:00  +9.3%  mid_series    mid_series  [earnings gap=20d]
18:32:34 INFO    APP    2026-05-27 09:30:00  +9.9%  mid_series    mid_series  [earnings gap=21d]
18:32:34 INFO    APP    2026-05-28 09:30:00  +5.1%  mid_series    mid_series  [earnings gap=22d]
18:32:34 INFO    APP    2026-06-03 09:30:00  +5.4%  mid_series    mid_series  [earnings gap=28d]
18:32:34 INFO    APP    2026-06-15 09:30:00  +5.0%  mid_series    mid_series  [earnings gap=40d]
18:32:34 INFO    APP    2026-06-26 09:30:00  +5.6%  append_seam   append_seam-shaped  [earnings gap=40d]
18:32:34 INFO    APP    2026-07-01 09:30:00  +7.9%  append_seam   append_seam-shaped  [earnings gap=35d]
18:32:34 INFO    APP    2026-07-13 09:30:00  +8.2%  append_seam   append_seam-shaped  [earnings gap=23d]
18:32:34 INFO    CRWD   2023-08-31 09:30:00  +9.1%  append_seam   append_seam-shaped  [earnings gap=1d]
18:32:34 INFO    CRWD   2023-11-29 09:30:00  +7.3%  mid_series    mid_series  [earnings gap=1d]
18:32:34 INFO    CRWD   2024-02-07 09:30:00  +5.6%  mid_series    mid_series  [earnings gap=27d]
18:32:34 INFO    CRWD   2024-02-21 09:30:00  +10.4%  mid_series    mid_series  [earnings gap=13d]
18:32:34 INFO    CRWD   2024-03-05 09:30:00  +6.2%  mid_series    mid_series  [earnings gap=0d]
18:32:34 INFO    CRWD   2024-03-06 09:30:00  +15.5%  mid_series    mid_series  [earnings gap=1d]
18:32:34 INFO    CRWD   2024-05-30 09:30:00  +5.4%  mid_series    mid_series  [earnings gap=5d]
18:32:34 INFO    CRWD   2024-06-05 09:30:00  +6.2%  mid_series    mid_series  [earnings gap=1d]
18:32:34 INFO    CRWD   2024-06-10 09:30:00  +8.9%  mid_series    mid_series  [earnings gap=6d]
18:32:34 INFO    CRWD   2024-07-19 09:30:00  +10.2%  mid_series    mid_series  [earnings gap=40d]
18:32:34 INFO    CRWD   2024-07-22 09:30:00  +10.9%  mid_series    mid_series  [earnings gap=37d]
18:32:34 INFO    CRWD   2024-07-30 09:30:00  +8.1%  mid_series    mid_series  [earnings gap=29d]
18:32:34 INFO    CRWD   2024-08-29 09:30:00  +5.4%  mid_series    mid_series  [earnings gap=1d]
18:32:34 INFO    CRWD   2024-11-27 09:30:00  +5.3%  mid_series    mid_series  [earnings gap=1d]
18:32:34 INFO    CRWD   2025-01-28 09:30:00  +7.2%  mid_series    mid_series  [earnings gap=35d]
18:32:34 INFO    CRWD   2025-02-20 09:30:00  +5.6%  mid_series    mid_series  [earnings gap=12d]
18:32:34 INFO    CRWD   2025-02-24 09:30:00  +5.2%  mid_series    mid_series  [earnings gap=8d]
18:32:34 INFO    CRWD   2025-02-25 09:30:00  +5.2%  mid_series    mid_series  [earnings gap=7d]
18:32:34 INFO    CRWD   2025-03-05 09:30:00  +10.4%  mid_series    mid_series  [earnings gap=1d]
18:32:34 INFO    CRWD   2025-03-10 09:30:00  +7.6%  mid_series    mid_series  [earnings gap=6d]
18:32:34 INFO    CRWD   2025-04-03 09:30:00  +5.5%  mid_series    mid_series  [earnings gap=30d]
18:32:34 INFO    CRWD   2025-04-04 09:30:00  +9.3%  mid_series    mid_series  [earnings gap=31d]
18:32:34 INFO    CRWD   2025-04-08 09:30:00  +7.6%  mid_series    mid_series  [earnings gap=35d]
18:32:34 INFO    CRWD   2025-04-09 12:30:00  +6.6%  mid_series    mid_series  [earnings gap=36d]
18:32:34 INFO    CRWD   2025-04-09 13:30:00  +5.9%  mid_series    mid_series  [earnings gap=36d]
18:32:34 INFO    CRWD   2025-04-23 09:30:00  +6.7%  mid_series    mid_series  [earnings gap=41d]
18:32:34 INFO    CRWD   2025-09-18 09:30:00  +10.1%  mid_series    mid_series  [earnings gap=22d]
18:32:34 INFO    CRWD   2026-01-29 09:30:00  +7.6%  mid_series    mid_series  [earnings gap=33d]
18:32:34 INFO    CRWD   2026-02-17 09:30:00  +6.7%  mid_series    mid_series  [earnings gap=14d]
18:32:34 INFO    CRWD   2026-02-20 12:30:00  +5.7%  mid_series    mid_series  [earnings gap=11d]
18:32:34 INFO    CRWD   2026-02-23 09:30:00  +8.6%  mid_series    mid_series  [earnings gap=8d]
18:32:34 INFO    CRWD   2026-03-27 09:30:00  +6.9%  mid_series    mid_series  [earnings gap=24d]
18:32:34 INFO    CRWD   2026-04-07 14:30:00  +6.0%  mid_series    mid_series  [earnings gap=35d]
18:32:34 INFO    CRWD   2026-04-10 09:30:00  +7.0%  mid_series    mid_series  [earnings gap=38d]
18:32:34 INFO    CRWD   2026-05-07 09:30:00  +6.6%  mid_series    mid_series  [earnings gap=27d]
18:32:34 INFO    CRWD   2026-05-29 09:30:00  +6.1%  mid_series    mid_series  [earnings gap=5d]
18:32:34 INFO    CRWD   2026-06-04 09:30:00  +9.0%  mid_series    mid_series  [earnings gap=1d]
18:32:34 INFO    CRWD   2026-06-29 09:30:00  +7.4%  append_seam   append_seam-shaped  [earnings gap=26d]
18:32:34 INFO    CRWD   2026-07-06 09:30:00  +7.2%  append_seam   append_seam-shaped  [earnings gap=33d]
18:32:34 INFO    CRWD   2026-07-14 09:30:00  +7.8%  append_seam   append_seam-shaped  [earnings gap=41d]
18:32:34 INFO    DD     2024-01-24 09:30:00  +13.1%  mid_series    mid_series  [earnings gap=13d]
18:32:34 INFO    DD     2024-02-06 09:30:00  +6.3%  mid_series    mid_series  [earnings gap=0d]
18:32:34 INFO    DD     2024-05-01 09:30:00  +8.1%  mid_series    mid_series  [earnings gap=0d]
18:32:34 INFO    DD     2024-07-31 09:30:00  +5.2%  mid_series    mid_series  [earnings gap=0d]
18:32:34 INFO    DD     2024-11-05 09:30:00  +5.3%  mid_series    mid_series  [earnings gap=0d]
18:32:34 INFO    DD     2025-02-11 09:30:00  +6.0%  mid_series    mid_series  [earnings gap=0d]
18:32:34 INFO    DD     2025-04-03 09:30:00  +8.3%  mid_series    mid_series  [earnings gap=29d]
18:32:34 INFO    DD     2025-04-04 09:30:00  +15.0%  mid_series    mid_series  [earnings gap=28d]
18:32:34 INFO    DD     2025-04-09 12:30:00  +6.6%  mid_series    mid_series  [earnings gap=23d]
18:32:34 INFO    DD     2025-04-09 13:30:00  +5.7%  mid_series    mid_series  [earnings gap=23d]
18:32:34 INFO    DD     2025-04-10 09:30:00  +5.9%  mid_series    mid_series  [earnings gap=22d]
18:32:34 INFO    DD     2025-05-12 09:30:00  +7.2%  mid_series    mid_series  [earnings gap=10d]
18:32:34 INFO    DD     2026-03-23 09:30:00  +5.1%  mid_series    mid_series  [earnings gap=41d]
18:32:34 INFO    DD     2026-05-05 09:30:00  +9.1%  mid_series    mid_series  [earnings gap=0d]
18:32:34 INFO    MLI    2023-10-18 14:30:00  +5.2%  mid_series    mid_series  [earnings gap=6d]
18:32:34 INFO    MLI    2024-04-23 09:30:00  +6.6%  mid_series    mid_series  [earnings gap=0d]
18:32:34 INFO    MLI    2024-10-22 09:30:00  +11.8%  mid_series    mid_series  [earnings gap=0d]
18:32:34 INFO    MLI    2024-11-06 09:30:00  +9.5%  mid_series    mid_series  [earnings gap=15d]
18:32:34 INFO    MLI    2024-11-22 09:30:00  +6.5%  mid_series    mid_series  [earnings gap=31d]
18:32:34 INFO    MLI    2024-12-11 09:30:00  +5.3%  mid_series    mid_series  [earnings gap=50d]
18:32:34 INFO    MLI    2025-04-04 09:30:00  +6.9%  mid_series    mid_series  [earnings gap=18d]
18:32:34 INFO    MLI    2025-04-09 12:30:00  +6.5%  mid_series    mid_series  [earnings gap=13d]
18:32:34 INFO    MLI    2025-04-23 09:30:00  +5.1%  mid_series    mid_series  [earnings gap=1d]
18:32:34 INFO    MLI    2026-02-03 09:30:00  +9.9%  mid_series    mid_series  [earnings gap=0d]
18:32:34 INFO    MLI    2026-04-21 09:30:00  +8.4%  mid_series    mid_series  [earnings gap=0d]
18:32:34 INFO    MLI    2026-05-28 09:30:00  +7.8%  mid_series    mid_series  [earnings gap=37d]
18:32:34 INFO    MTZ    2023-11-01 09:30:00  +22.6%  mid_series    mid_series  [earnings gap=1d]
18:32:34 INFO    MTZ    2023-11-02 09:30:00  +5.7%  mid_series    mid_series  [earnings gap=2d]
18:32:34 INFO    MTZ    2023-11-02 12:30:00  +7.8%  mid_series    mid_series  [earnings gap=2d]
18:32:34 INFO    MTZ    2023-11-14 09:30:00  +6.6%  mid_series    mid_series  [earnings gap=14d]
18:32:34 INFO    MTZ    2023-11-15 09:30:00  +6.2%  mid_series    mid_series  [earnings gap=15d]
18:32:34 INFO    MTZ    2023-11-29 09:30:00  +6.2%  mid_series    mid_series  [earnings gap=29d]
18:32:34 INFO    MTZ    2023-12-14 09:30:00  +5.4%  mid_series    mid_series  [earnings gap=44d]
18:32:34 INFO    MTZ    2024-01-19 09:30:00  +5.2%  mid_series    mid_series  [earnings gap=41d]
18:32:34 INFO    MTZ    2024-03-01 09:30:00  +12.7%  mid_series    mid_series  [earnings gap=1d]
18:32:34 INFO    MTZ    2024-05-03 09:30:00  +13.2%  mid_series    mid_series  [earnings gap=1d]
18:32:34 INFO    MTZ    2024-08-05 09:30:00  +9.4%  mid_series    mid_series  [earnings gap=4d]
18:32:34 INFO    MTZ    2024-08-05 10:30:00  +5.9%  mid_series    mid_series  [earnings gap=4d]
18:32:34 INFO    MTZ    2024-09-03 09:30:00  +5.3%  mid_series    mid_series  [earnings gap=33d]
18:32:34 INFO    MTZ    2024-11-01 09:30:00  +9.9%  mid_series    mid_series  [earnings gap=1d]
18:32:34 INFO    MTZ    2025-01-27 09:30:00  +12.8%  mid_series    mid_series  [earnings gap=31d]
18:32:34 INFO    MTZ    2025-03-04 09:30:00  +5.1%  mid_series    mid_series  [earnings gap=5d]
18:32:34 INFO    MTZ    2025-03-10 09:30:00  +5.1%  mid_series    mid_series  [earnings gap=11d]
18:32:34 INFO    MTZ    2025-03-24 09:30:00  +5.6%  mid_series    mid_series  [earnings gap=25d]
18:32:34 INFO    MTZ    2025-04-03 09:30:00  +8.5%  mid_series    mid_series  [earnings gap=28d]
18:32:34 INFO    MTZ    2025-04-04 09:30:00  +8.7%  mid_series    mid_series  [earnings gap=27d]
18:32:34 INFO    MTZ    2025-04-09 12:30:00  +7.6%  mid_series    mid_series  [earnings gap=22d]
18:32:34 INFO    MTZ    2025-04-09 13:30:00  +6.9%  mid_series    mid_series  [earnings gap=22d]
18:32:34 INFO    MTZ    2025-04-23 09:30:00  +7.7%  mid_series    mid_series  [earnings gap=8d]
18:32:34 INFO    MTZ    2025-05-01 09:30:00  +7.4%  mid_series    mid_series  [earnings gap=0d]
18:32:34 INFO    MTZ    2025-05-02 09:30:00  +6.8%  mid_series    mid_series  [earnings gap=1d]
18:32:34 INFO    MTZ    2025-08-01 09:30:00  +10.5%  mid_series    mid_series  [earnings gap=1d]
18:32:34 INFO    MTZ    2025-09-10 09:30:00  +5.8%  mid_series    mid_series  [earnings gap=41d]
18:32:34 INFO    MTZ    2025-11-20 09:30:00  +5.2%  mid_series    mid_series  [earnings gap=21d]
18:32:34 INFO    MTZ    2026-01-15 09:30:00  +5.4%  mid_series    mid_series  [earnings gap=42d]
18:32:34 INFO    MTZ    2026-03-03 09:30:00  +5.7%  mid_series    mid_series  [earnings gap=5d]
18:32:34 INFO    MTZ    2026-03-23 09:30:00  +6.3%  mid_series    mid_series  [earnings gap=25d]
18:32:34 INFO    MTZ    2026-04-30 09:30:00  +5.9%  mid_series    mid_series  [earnings gap=0d]
18:32:34 INFO    MTZ    2026-07-01 09:30:00  +6.0%  append_seam   append_seam-shaped  [earnings gap=29d]
18:32:34 INFO    MTZ    2026-07-07 09:30:00  +6.5%  append_seam   append_seam-shaped  [earnings gap=23d]
18:32:34 INFO    MTZ    2026-07-08 09:30:00  +6.1%  append_seam   append_seam-shaped  [earnings gap=22d]
18:32:34 INFO    VRT    2024-02-22 09:30:00  +7.4%  mid_series    mid_series  [earnings gap=1d]
18:32:34 INFO    VRT    2024-03-19 09:30:00  +5.0%  mid_series    mid_series  [earnings gap=27d]
18:32:34 INFO    VRT    2024-03-21 09:30:00  +8.6%  mid_series    mid_series  [earnings gap=29d]
18:32:34 INFO    VRT    2024-04-09 09:30:00  +5.6%  mid_series    mid_series  [earnings gap=15d]
18:32:34 INFO    VRT    2024-04-19 09:30:00  +5.0%  mid_series    mid_series  [earnings gap=5d]
18:32:34 INFO    VRT    2024-04-24 09:30:00  +11.5%  mid_series    mid_series  [earnings gap=0d]
18:32:34 INFO    VRT    2024-04-25 09:30:00  +6.4%  mid_series    mid_series  [earnings gap=1d]
18:32:34 INFO    VRT    2024-05-31 09:30:00  +8.5%  mid_series    mid_series  [earnings gap=37d]
18:32:34 INFO    VRT    2024-06-04 09:30:00  +5.9%  mid_series    mid_series  [earnings gap=41d]
18:32:34 INFO    VRT    2024-06-06 09:30:00  +5.8%  mid_series    mid_series  [earnings gap=43d]
18:32:34 INFO    VRT    2024-06-12 09:30:00  +6.2%  mid_series    mid_series  [earnings gap=42d]
18:32:34 INFO    VRT    2024-07-17 09:30:00  +6.7%  mid_series    mid_series  [earnings gap=7d]
18:32:34 INFO    VRT    2024-07-24 09:30:00  +6.0%  mid_series    mid_series  [earnings gap=0d]
18:32:34 INFO    VRT    2024-07-31 09:30:00  +8.9%  mid_series    mid_series  [earnings gap=7d]
18:32:34 INFO    VRT    2024-08-02 09:30:00  +7.6%  mid_series    mid_series  [earnings gap=9d]
18:32:34 INFO    VRT    2024-08-05 09:30:00  +6.6%  mid_series    mid_series  [earnings gap=12d]
18:32:34 INFO    VRT    2024-09-03 09:30:00  +6.4%  mid_series    mid_series  [earnings gap=41d]
18:32:34 INFO    VRT    2024-11-19 09:30:00  +6.5%  mid_series    mid_series  [earnings gap=27d]
18:32:34 INFO    VRT    2024-12-09 09:30:00  +6.8%  mid_series    mid_series  [earnings gap=47d]
18:32:34 INFO    VRT    2025-01-06 09:30:00  +7.2%  mid_series    mid_series  [earnings gap=37d]
18:32:34 INFO    VRT    2025-01-13 09:30:00  +5.9%  mid_series    mid_series  [earnings gap=30d]
18:32:34 INFO    VRT    2025-01-22 09:30:00  +5.1%  mid_series    mid_series  [earnings gap=21d]
18:32:34 INFO    VRT    2025-01-27 09:30:00  +23.9%  mid_series    mid_series  [earnings gap=16d]
18:32:34 INFO    VRT    2025-01-27 10:30:00  +6.5%  mid_series    mid_series  [earnings gap=16d]
18:32:34 INFO    VRT    2025-01-27 12:30:00  +5.2%  mid_series    mid_series  [earnings gap=16d]
18:32:34 INFO    VRT    2025-02-12 09:30:00  +8.8%  mid_series    mid_series  [earnings gap=0d]
18:32:34 INFO    VRT    2025-02-24 09:30:00  +5.6%  mid_series    mid_series  [earnings gap=12d]
18:32:34 INFO    VRT    2025-02-25 09:30:00  +6.6%  mid_series    mid_series  [earnings gap=13d]
18:32:34 INFO    VRT    2025-02-26 09:30:00  +7.2%  mid_series    mid_series  [earnings gap=14d]
18:32:34 INFO    VRT    2025-03-03 09:30:00  +6.7%  mid_series    mid_series  [earnings gap=19d]
18:32:34 INFO    VRT    2025-03-04 09:30:00  +6.2%  mid_series    mid_series  [earnings gap=20d]
18:32:34 INFO    VRT    2025-03-10 09:30:00  +7.0%  mid_series    mid_series  [earnings gap=26d]
18:32:34 INFO    VRT    2025-03-24 09:30:00  +5.6%  mid_series    mid_series  [earnings gap=30d]
18:32:34 INFO    VRT    2025-03-26 09:30:00  +9.5%  mid_series    mid_series  [earnings gap=28d]
18:32:34 INFO    VRT    2025-03-31 09:30:00  +6.2%  mid_series    mid_series  [earnings gap=23d]
18:32:34 INFO    VRT    2025-04-03 09:30:00  +10.4%  mid_series    mid_series  [earnings gap=20d]
18:32:34 INFO    VRT    2025-04-04 09:30:00  +14.4%  mid_series    mid_series  [earnings gap=19d]
18:32:34 INFO    VRT    2025-04-08 09:30:00  +6.7%  mid_series    mid_series  [earnings gap=15d]
18:32:34 INFO    VRT    2025-04-09 12:30:00  +10.0%  mid_series    mid_series  [earnings gap=14d]
18:32:34 INFO    VRT    2025-04-09 13:30:00  +8.3%  mid_series    mid_series  [earnings gap=14d]
18:32:34 INFO    VRT    2025-04-10 09:30:00  +6.5%  mid_series    mid_series  [earnings gap=13d]
18:32:34 INFO    VRT    2025-04-21 09:30:00  +6.5%  mid_series    mid_series  [earnings gap=2d]
18:32:34 INFO    VRT    2025-04-23 09:30:00  +11.8%  mid_series    mid_series  [earnings gap=0d]
18:32:34 INFO    VRT    2025-04-24 09:30:00  +5.8%  mid_series    mid_series  [earnings gap=1d]
18:32:34 INFO    VRT    2025-05-01 09:30:00  +9.0%  mid_series    mid_series  [earnings gap=8d]
18:32:34 INFO    VRT    2025-05-12 09:30:00  +6.2%  mid_series    mid_series  [earnings gap=19d]
18:32:34 INFO    VRT    2025-06-16 09:30:00  +5.2%  mid_series    mid_series  [earnings gap=44d]
18:32:34 INFO    VRT    2025-07-10 09:30:00  +10.0%  mid_series    mid_series  [earnings gap=20d]
18:32:34 INFO    VRT    2025-07-17 09:30:00  +5.3%  mid_series    mid_series  [earnings gap=13d]
18:32:34 INFO    VRT    2025-08-20 09:30:00  +5.2%  mid_series    mid_series  [earnings gap=21d]
18:32:34 INFO    VRT    2025-08-29 09:30:00  +5.1%  mid_series    mid_series  [earnings gap=30d]
18:32:34 INFO    VRT    2025-09-10 09:30:00  +10.6%  mid_series    mid_series  [earnings gap=42d]
18:32:34 INFO    VRT    2025-10-10 09:30:00  +5.9%  mid_series    mid_series  [earnings gap=12d]
18:32:34 INFO    VRT    2025-10-13 09:30:00  +5.6%  mid_series    mid_series  [earnings gap=9d]
18:32:34 INFO    VRT    2025-10-23 09:30:00  +5.8%  mid_series    mid_series  [earnings gap=1d]
18:32:34 INFO    VRT    2025-11-13 09:30:00  +5.1%  mid_series    mid_series  [earnings gap=22d]
18:32:34 INFO    VRT    2025-11-19 09:30:00  +5.4%  mid_series    mid_series  [earnings gap=28d]
18:32:34 INFO    VRT    2025-11-21 09:30:00  +5.1%  mid_series    mid_series  [earnings gap=30d]
18:32:34 INFO    VRT    2025-12-11 09:30:00  +6.0%  mid_series    mid_series  [earnings gap=50d]
18:32:34 INFO    VRT    2025-12-12 09:30:00  +7.9%  mid_series    mid_series  [earnings gap=51d]
18:32:34 INFO    VRT    2026-01-02 09:30:00  +7.4%  mid_series    mid_series  [earnings gap=40d]
18:32:34 INFO    VRT    2026-01-08 09:30:00  +5.3%  mid_series    mid_series  [earnings gap=34d]
18:32:34 INFO    VRT    2026-02-06 09:30:00  +6.9%  mid_series    mid_series  [earnings gap=5d]
18:32:34 INFO    VRT    2026-02-11 09:30:00  +18.6%  mid_series    mid_series  [earnings gap=0d]
18:32:34 INFO    VRT    2026-02-12 10:30:00  +5.2%  mid_series    mid_series  [earnings gap=1d]
18:32:34 INFO    VRT    2026-02-26 09:30:00  +6.9%  mid_series    mid_series  [earnings gap=15d]
18:32:34 INFO    VRT    2026-03-03 09:30:00  +8.6%  mid_series    mid_series  [earnings gap=20d]
18:32:34 INFO    VRT    2026-03-09 09:30:00  +6.4%  mid_series    mid_series  [earnings gap=26d]
18:32:34 INFO    VRT    2026-03-23 09:30:00  +5.8%  mid_series    mid_series  [earnings gap=30d]
18:32:34 INFO    VRT    2026-03-26 09:30:00  +5.2%  mid_series    mid_series  [earnings gap=27d]
18:32:34 INFO    VRT    2026-04-01 09:30:00  +5.9%  mid_series    mid_series  [earnings gap=21d]
18:32:34 INFO    VRT    2026-04-08 09:30:00  +6.6%  mid_series    mid_series  [earnings gap=14d]
18:32:34 INFO    VRT    2026-04-23 09:30:00  +5.2%  mid_series    mid_series  [earnings gap=1d]
18:32:34 INFO    VRT    2026-04-28 09:30:00  +6.1%  mid_series    mid_series  [earnings gap=6d]
18:32:34 INFO    VRT    2026-05-11 09:30:00  +5.5%  mid_series    mid_series  [earnings gap=19d]
18:32:34 INFO    VRT    2026-05-18 09:30:00  +8.1%  mid_series    mid_series  [earnings gap=26d]
18:32:34 INFO    VRT    2026-05-19 09:30:00  +6.4%  mid_series    mid_series  [earnings gap=27d]
18:32:34 INFO    VRT    2026-06-04 09:30:00  +5.9%  mid_series    mid_series  [earnings gap=43d]
18:32:34 INFO    VRT    2026-06-18 09:30:00  +5.0%  mid_series    mid_series  [earnings gap=41d]
18:32:34 INFO    VRT    2026-06-23 09:30:00  +8.7%  append_seam   append_seam-shaped  [earnings gap=36d]
18:32:34 INFO    VRT    2026-06-26 09:30:00  +5.5%  append_seam   append_seam-shaped  [earnings gap=33d]
18:32:34 INFO    VRT    2026-07-06 09:30:00  +9.2%  append_seam   append_seam-shaped  [earnings gap=23d]
18:32:34 INFO    VRT    2026-07-07 09:30:00  +8.8%  append_seam   append_seam-shaped  [earnings gap=22d]
18:32:34 INFO    WCC    2023-10-13 09:30:00  +5.1%  mid_series    mid_series  [earnings gap=20d]
18:32:34 INFO    WCC    2024-02-13 09:30:00  +22.1%  mid_series    mid_series  [earnings gap=0d]
18:32:34 INFO    WCC    2024-02-14 09:30:00  +9.3%  mid_series    mid_series  [earnings gap=1d]
18:32:34 INFO    WCC    2024-06-14 09:30:00  +6.0%  mid_series    mid_series  [earnings gap=43d]
18:32:34 INFO    WCC    2024-08-01 09:30:00  +8.7%  mid_series    mid_series  [earnings gap=0d]
18:32:34 INFO    WCC    2024-09-26 09:30:00  +5.3%  mid_series    mid_series  [earnings gap=35d]
18:32:34 INFO    WCC    2024-10-31 09:30:00  +8.5%  mid_series    mid_series  [earnings gap=0d]
18:32:34 INFO    WCC    2024-11-06 09:30:00  +10.0%  mid_series    mid_series  [earnings gap=6d]
18:32:34 INFO    WCC    2025-01-27 09:30:00  +6.0%  mid_series    mid_series  [earnings gap=15d]
18:32:34 INFO    WCC    2025-03-04 09:30:00  +5.6%  mid_series    mid_series  [earnings gap=21d]
18:32:34 INFO    WCC    2025-04-03 09:30:00  +10.2%  mid_series    mid_series  [earnings gap=28d]
18:32:34 INFO    WCC    2025-04-04 09:30:00  +8.3%  mid_series    mid_series  [earnings gap=27d]
18:32:34 INFO    WCC    2025-04-09 12:30:00  +8.7%  mid_series    mid_series  [earnings gap=22d]
18:32:34 INFO    WCC    2025-04-09 13:30:00  +5.1%  mid_series    mid_series  [earnings gap=22d]
18:32:34 INFO    WCC    2025-04-23 09:30:00  +6.4%  mid_series    mid_series  [earnings gap=8d]
18:32:34 INFO    WCC    2025-05-02 09:30:00  +6.2%  mid_series    mid_series  [earnings gap=1d]
18:32:34 INFO    WCC    2025-05-12 09:30:00  +5.5%  mid_series    mid_series  [earnings gap=11d]
18:32:34 INFO    WCC    2025-10-30 09:30:00  +8.9%  mid_series    mid_series  [earnings gap=0d]
18:32:34 INFO    WCC    2026-02-10 09:30:00  +9.6%  mid_series    mid_series  [earnings gap=0d]
18:32:34 INFO    WCC    2026-02-10 10:30:00  +5.4%  mid_series    mid_series  [earnings gap=0d]
18:32:34 INFO    WCC    2026-03-03 09:30:00  +5.8%  mid_series    mid_series  [earnings gap=21d]
18:32:34 INFO    WCC    2026-03-23 09:30:00  +7.0%  mid_series    mid_series  [earnings gap=38d]
18:32:34 INFO    WCC    2026-04-08 09:30:00  +7.0%  mid_series    mid_series  [earnings gap=22d]
18:32:34 INFO    WCC    2026-04-30 09:30:00  +15.8%  mid_series    mid_series  [earnings gap=0d]
18:32:34 INFO    WCC    2026-07-07 09:30:00  +5.2%  append_seam   append_seam-shaped  [earnings gap=23d]
18:32:34 INFO  
--- Residual-contamination check across 320 flagged jump events (>5%), 7 symbols ---
18:32:34 INFO    Events landing in the ORIGINAL seam window (2023-07-24 to 2023-08-12): 0
18:32:34 INFO    Events near series START with an edge-shaped signature (candidate residual seam): 0
18:32:34 INFO    Events matching a cached earnings date (same day): 58 / 320
18:32:34 INFO  CONCLUSION: no residual BUG-D65/D66 append-seam signature found in any of the 7 symbols' current caches (zero events at the known 2023-07-24/08-12 seam date, zero near-start edge-shaped events). The DD-leg break-rate disparity (46.0% vs 0.0%) is NOT explained by contamination — it traces to genuine, dated, mid-series price jumps (the largest, DD's 2024-01-24 +13.1%, is not an earnings date but is a real, well-formed mid-series move at position_frac=0.15, nowhere near the series start).
18:32:34 INFO  Saved -> C:\Users\RossW\Projects\CAMARF\output\research\decoupling_contamination_crosscheck.parquet, C:\Users\RossW\Projects\CAMARF\output\research\decoupling_contamination_crosscheck_breaks.parquet
18:32:34 INFO  ============================================================
18:32:34 INFO  decoupling_contamination_crosscheck.py complete (0.0 min)
