16:35:39 INFO  === ml_model_comparison.py: LightGBM/Ridge/Lasso/RandomForest vs. ml.py's XGBoost, COMPARISON ARM ONLY (nothing here feeds backtest.py's MLConditioner) ===
16:35:40 INFO  Loaded 237 labeled entry events (ml.build(min_class_samples=0), same data ml.py's own XGBoost trains on)
16:35:40 INFO  Label distribution: {'not_converged': 161, 'converged': 76}
16:35:40 INFO  Chronological split: n_train=142 n_val=47 n_test=48
16:35:40 INFO  Majority-class baseline accuracy on test fold: 68.75% (the floor any real model must clear)
16:35:41 INFO    xgboost (production): test_accuracy=56.25%
16:35:41 INFO    lightgbm: test_accuracy=58.33%
16:35:41 INFO    ridge_logistic (l2): test_accuracy=62.50%
16:35:41 INFO    lasso_logistic (l1): test_accuracy=62.50%
16:35:41 INFO    random_forest: test_accuracy=54.17%
16:35:41 INFO  
16:35:41 INFO  === Summary (test_accuracy - majority_baseline; positive = beats the naive floor) ===
16:35:41 INFO    xgboost (production)  : -12.5% vs. baseline
16:35:41 INFO    lightgbm              : -10.4% vs. baseline
16:35:41 INFO    ridge_logistic (l2)   : -6.2% vs. baseline
16:35:41 INFO    lasso_logistic (l1)   : -6.2% vs. baseline
16:35:41 INFO    random_forest         : -14.6% vs. baseline
16:35:41 INFO  Saved -> output/research/ml_model_comparison.parquet
16:35:41 INFO  ============================================================
16:35:41 INFO  ml_model_comparison.py complete (0.0 min)
