18:27:20 INFO  === confirmatory_cointegration_check.py: Johansen + KPSS on 15 target/control pairs ===
18:27:20 INFO  Supplementary evidence only -- does NOT bypass or re-derive the FDR-corrected confirmed-pair set. See module docstring.
18:27:20 INFO  Aligned 29/29 needed symbols
18:27:20 INFO    LNT   /VTR    (target           ) n=4587  Johansen_rejects_no_coint@95=True   KPSS_fails_to_reject_stationarity@95=True   BOTH_CORROBORATE=True
18:27:20 INFO    LNT   /WELL   (target           ) n=4586  Johansen_rejects_no_coint@95=True   KPSS_fails_to_reject_stationarity@95=True   BOTH_CORROBORATE=True
18:27:20 INFO    CMS   /DUK    (target           ) n=4586  Johansen_rejects_no_coint@95=True   KPSS_fails_to_reject_stationarity@95=True   BOTH_CORROBORATE=True
18:27:20 INFO    EG    /WRB    (target           ) n=4581  Johansen_rejects_no_coint@95=True   KPSS_fails_to_reject_stationarity@95=False  BOTH_CORROBORATE=False
18:27:20 INFO    HAL   /NOV    (target           ) n=4590  Johansen_rejects_no_coint@95=True   KPSS_fails_to_reject_stationarity@95=False  BOTH_CORROBORATE=False
18:27:20 INFO    MET   /TMHC   (target           ) n=4488  Johansen_rejects_no_coint@95=True   KPSS_fails_to_reject_stationarity@95=False  BOTH_CORROBORATE=False
18:27:20 INFO    PFG   /STLD   (target           ) n=4585  Johansen_rejects_no_coint@95=True   KPSS_fails_to_reject_stationarity@95=False  BOTH_CORROBORATE=False
18:27:20 INFO    UMBF  /FHB    (target           ) n=4566  Johansen_rejects_no_coint@95=True   KPSS_fails_to_reject_stationarity@95=False  BOTH_CORROBORATE=False
18:27:20 INFO    SPY   /VOO    (positive_control ) n=4590  Johansen_rejects_no_coint@95=True   KPSS_fails_to_reject_stationarity@95=True   BOTH_CORROBORATE=True
18:27:20 INFO    FELE  /MAS    (positive_control ) n=4561  Johansen_rejects_no_coint@95=True   KPSS_fails_to_reject_stationarity@95=False  BOTH_CORROBORATE=False
18:27:20 INFO    PNC   /ZION   (positive_control ) n=4590  Johansen_rejects_no_coint@95=True   KPSS_fails_to_reject_stationarity@95=True   BOTH_CORROBORATE=True
18:27:20 INFO    MU    /ORCL   (negative_control ) n=4590  Johansen_rejects_no_coint@95=False  KPSS_fails_to_reject_stationarity@95=False  BOTH_CORROBORATE=False
18:27:20 INFO    CAT   /HLI    (negative_control ) n=4583  Johansen_rejects_no_coint@95=False  KPSS_fails_to_reject_stationarity@95=False  BOTH_CORROBORATE=False
18:27:20 INFO    AMG   /BX     (negative_control ) n=4585  Johansen_rejects_no_coint@95=False  KPSS_fails_to_reject_stationarity@95=False  BOTH_CORROBORATE=False
18:27:20 INFO    ATI   /PNR    (negative_control ) n=4585  Johansen_rejects_no_coint@95=False  KPSS_fails_to_reject_stationarity@95=False  BOTH_CORROBORATE=False
18:27:20 INFO  Saved -> output/research/confirmatory_cointegration_check.parquet
18:27:20 INFO  
18:27:20 INFO  === Summary by role ===
18:27:20 INFO    target            : 3/8 pairs corroborated by BOTH Johansen and KPSS
18:27:20 INFO    positive_control  : 2/3 pairs corroborated by BOTH Johansen and KPSS
18:27:20 INFO    negative_control  : 0/4 pairs corroborated by BOTH Johansen and KPSS
