20:17:51 INFO  === pit_wfa.py: Point-In-Time Portfolio-Wide Walk-Forward Analysis (1h) ===
20:17:51 INFO  Unlike wfa.py's semi-WFA, pair SELECTION itself is re-derived per fold using only train-window data — see module docstring for exact scope.
20:18:06 INFO  Universe: 1579 symbols with cached 1h data
20:18:06 INFO  Analysis window: [2023-07-13, 2026-08-14]
20:18:06 INFO  [expanding/fold1_exp] screening train window [2023-07-13, 2024-02-24] (point-in-time, no test-period data used)...
20:18:13 INFO  [expanding/fold1_exp] 0 pairs point-in-time confirmed (0.1 min)
20:18:13 INFO  [expanding/fold1_exp] backtest: 0 pairs traded, 0 trades, portfolio Sharpe=nan
20:18:13 INFO  [expanding/fold1_exp] checkpoint saved (1 folds completed so far)
20:18:13 INFO  [expanding/fold2_exp] screening train window [2023-07-13, 2025-01-27] (point-in-time, no test-period data used)...
20:19:49 INFO  [expanding/fold2_exp] 3 pairs point-in-time confirmed (1.6 min)
20:20:00 INFO  [expanding/fold2_exp] backtest: 3 pairs traded, 28 trades, portfolio Sharpe=0.3486
20:20:00 INFO  [expanding/fold2_exp] checkpoint saved (2 folds completed so far)
20:20:00 INFO  [rolling/fold1_roll] screening train window [2023-07-13, 2024-02-24] (point-in-time, no test-period data used)...
20:20:07 INFO  [rolling/fold1_roll] 0 pairs point-in-time confirmed (0.1 min)
20:20:07 INFO  [rolling/fold1_roll] backtest: 0 pairs traded, 0 trades, portfolio Sharpe=nan
20:20:07 INFO  [rolling/fold1_roll] checkpoint saved (3 folds completed so far)
20:20:07 INFO  [rolling/fold2_roll] screening train window [2025-01-27, 2025-09-10] (point-in-time, no test-period data used)...
20:31:20 INFO  [rolling/fold2_roll] 49 pairs point-in-time confirmed (11.2 min)
20:32:45 INFO  [rolling/fold2_roll] backtest: 17 pairs traded, 288 trades, portfolio Sharpe=-0.4548
20:32:45 INFO  [rolling/fold2_roll] checkpoint saved (4 folds completed so far)
20:32:45 INFO  
wfa_variant       fold  n_pit_confirmed_pairs  n_pairs_with_trades  n_pairs  n_trades_total  total_pnl_portfolio  sharpe_portfolio  max_drawdown_portfolio max_concentration_pair  max_concentration_pct
  expanding  fold1_exp                      0                    0      NaN             NaN                  NaN               NaN                     NaN                    NaN                    NaN
  expanding  fold2_exp                      3                    3      3.0            28.0               123.52            0.3486                  136.78              MC/WAL@1h                 2.8235
    rolling fold1_roll                      0                    0      NaN             NaN                  NaN               NaN                     NaN                    NaN                    NaN
    rolling fold2_roll                     49                   17     17.0           288.0             -1044.93           -0.4548                 2056.16            MANH/RMD@1h                 0.7984
20:32:45 INFO  Saved -> output/backtest/pit_wfa_{fold_comparison,portfolio,pair_sets}.parquet
20:32:45 INFO  ============================================================
20:32:45 INFO  pit_wfa.py complete (14.9 min)
