2026-07-13 05:50:52  INFO      ============================================================
2026-07-13 05:50:52  INFO      CAMARF  —  data.py  —  Universe Build
2026-07-13 05:50:52  INFO      ============================================================
2026-07-13 05:59:15  INFO      Resuming — 1357 assets already complete (config hash 86ca897df0541bcf)
2026-07-13 05:59:15  INFO      Building asset universe...
2026-07-13 05:59:15  INFO      S&P 500: 503 tickers from Wikipedia
2026-07-13 05:59:16  INFO        S&P MidCap 400: 400 tickers from Wikipedia
2026-07-13 05:59:16  INFO        S&P MidCap 400: fetched 400 tickers (net new after S&P 500 overlap removed by dedup)
2026-07-13 05:59:17  INFO        S&P SmallCap 600: 603 tickers from Wikipedia
2026-07-13 05:59:17  INFO        S&P SmallCap 600: fetched 603 tickers (net new after dedup)
2026-07-13 05:59:17  INFO        S&P 1500 total equities in universe: 1506
2026-07-13 05:59:17  INFO        International equities + ADRs + FX spots added: 108 symbols
2026-07-13 05:59:17  INFO        Total universe: 1697 assets
2026-07-13 05:59:17  INFO      Exclusion list: skipping 3 assets ['BNY', 'FDXF', 'VLTO']
2026-07-13 05:59:17  INFO      Universe candidates: 1694 assets
2026-07-13 05:59:17  INFO      Phase 1 (yfinance daily): 1517 equities + 89 intl equities + 15 crypto + 25 forex/FX + 21 ETFs
2026-07-13 05:59:24  INFO        Fetching fresh daily data for 75 assets...
2026-07-13 05:59:24  INFO      yfinance: downloading 75 assets in 2 chunks of 50
2026-07-13 05:59:24  INFO        Chunk 1/2: HONA \u2192 6503.T (50 tickers)
2026-07-13 05:59:29  ERROR     
2 Failed downloads:
2026-07-13 05:59:29  ERROR     ['SMDS.L']: YFTzMissingError('possibly delisted; no timezone found')
2026-07-13 05:59:29  ERROR     ['USDCNH=X']: YFInvalidPeriodError("USDCNH=X: Period 'max' is invalid, must be one of: 1d, 5d")
2026-07-13 05:59:32  INFO        Retrying 6 failed tickers individually
2026-07-13 05:59:32  ERROR     
1 Failed download:
2026-07-13 05:59:32  ERROR     ['USDCNH=X']: YFInvalidPeriodError("USDCNH=X: Period 'max' is invalid, must be one of: 1d, 5d")
2026-07-13 05:59:33  ERROR     
1 Failed download:
2026-07-13 05:59:33  ERROR     ['SMDS.L']: YFTzMissingError('possibly delisted; no timezone found')
2026-07-13 05:59:34  INFO        Chunk 2/2: 6752.T \u2192 2688.HK (25 tickers)
2026-07-13 05:59:38  INFO        Incremental refresh for 1592 stale daily assets...
2026-07-13 05:59:38  INFO      yfinance: downloading 1592 assets in 32 chunks of 50
2026-07-13 05:59:38  INFO        Chunk 1/32: MMM \u2192 ATO (50 tickers)
2026-07-13 05:59:42  INFO        Chunk 2/32: ADSK \u2192 CVX (50 tickers)
2026-07-13 05:59:45  INFO        Chunk 3/32: CMG \u2192 DG (50 tickers)
2026-07-13 05:59:49  INFO        Chunk 4/32: DLTR \u2192 FLEX (50 tickers)
2026-07-13 05:59:52  INFO        Chunk 5/32: F \u2192 INTC (50 tickers)
2026-07-13 05:59:56  INFO        Chunk 6/32: IBKR \u2192 MRVL (50 tickers)
2026-07-13 06:00:00  INFO        Chunk 7/32: MAS \u2192 OKE (50 tickers)
2026-07-13 06:00:03  INFO        Chunk 8/32: ORCL \u2192 SPGI (50 tickers)
2026-07-13 06:00:07  INFO        Chunk 9/32: CRM \u2192 TYL (50 tickers)
2026-07-13 06:00:10  INFO        Chunk 10/32: TSN \u2192 BTC (50 tickers)
2026-07-13 06:00:14  INFO        Chunk 11/32: ETH \u2192 AN (50 tickers)
2026-07-13 06:00:17  INFO        Chunk 12/32: ANF \u2192 CGNX (50 tickers)
2026-07-13 06:00:20  INFO        Chunk 13/32: CHDN \u2192 ENSG (50 tickers)
2026-07-13 06:00:23  INFO        Chunk 14/32: ENTG \u2192 HL (50 tickers)
2026-07-13 06:00:27  INFO        Chunk 15/32: HLI \u2192 MMS (50 tickers)
2026-07-13 06:00:30  INFO        Chunk 16/32: MOG-A \u2192 PBF (50 tickers)
2026-07-13 06:00:33  INFO        Chunk 17/32: PCTY \u2192 SIRI (50 tickers)
2026-07-13 06:00:36  INFO        Chunk 18/32: SITM \u2192 VIAV (50 tickers)
2026-07-13 06:00:40  INFO        Chunk 19/32: VICR \u2192 AEO (50 tickers)
2026-07-13 06:00:43  INFO        Chunk 20/32: AESI \u2192 BCPC (50 tickers)
2026-07-13 06:00:46  INFO        Chunk 21/32: BFAM \u2192 COCO (50 tickers)
2026-07-13 06:00:49  INFO        Chunk 22/32: COHU \u2192 DXPE (50 tickers)
2026-07-13 06:00:52  INFO        Chunk 23/32: EAT \u2192 GEO (50 tickers)
2026-07-13 06:00:55  INFO        Chunk 24/32: GFF \u2192 INVA (50 tickers)
2026-07-13 06:00:58  INFO        Chunk 25/32: INVX \u2192 LTH (50 tickers)
2026-07-13 06:01:01  INFO        Chunk 26/32: LUMN \u2192 NEOG (50 tickers)
2026-07-13 06:01:04  INFO        Chunk 27/32: NGVT \u2192 PLUS (50 tickers)
2026-07-13 06:01:07  INFO        Chunk 28/32: PLXS \u2192 SABR (50 tickers)
2026-07-13 06:01:10  INFO        Chunk 29/32: SAFT \u2192 THRM (50 tickers)
2026-07-13 06:01:14  INFO        Chunk 30/32: TILE \u2192 WAFD (50 tickers)
2026-07-13 06:01:17  INFO        Chunk 31/32: WAY \u2192 6758.T (50 tickers)
2026-07-13 06:01:20  INFO        Chunk 32/32: 9984.T \u2192 AUDUSD=X (42 tickers)
2026-07-13 06:02:33  INFO        Incremental refresh: 1592/1592 updated
2026-07-13 06:03:22  INFO        1513 equities + 19 forex need IBKR intraday
2026-07-13 06:03:22  INFO        Phase 2A: yfinance intraday sweep (primary pipeline)
2026-07-13 06:03:23  INFO          [1h] 1553 assets to fetch
2026-07-13 06:06:06  INFO          [1h] 200/1553 (199 saved | fetch_fail=1 snap_fail=0 cutoff_fail=0)
2026-07-13 06:08:45  INFO          [1h] 400/1553 (398 saved | fetch_fail=2 snap_fail=0 cutoff_fail=0)
2026-07-13 06:10:19  ERROR     $UNI-USD: possibly delisted; no price data found  (period=730d)
2026-07-13 06:10:19  WARNING   yfinance UNI 1h [period=730d]: returned EMPTY (no exception) — ticker=UNI-USD, interval=1h, rows_returned=0
2026-07-13 06:10:19  ERROR     $UNI-USD: possibly delisted; no price data found  (1h 2024-07-13 13:10:24+00:00 -> 2026-07-13 13:10:19+00:00)
2026-07-13 06:10:19  WARNING   yfinance UNI 1h [period=max]: returned EMPTY (no exception) — ticker=UNI-USD, interval=1h, rows_returned=0
2026-07-13 06:11:28  INFO          [1h] 600/1553 (597 saved | fetch_fail=3 snap_fail=0 cutoff_fail=0)
2026-07-13 06:13:56  INFO          [1h] 800/1553 (797 saved | fetch_fail=3 snap_fail=0 cutoff_fail=0)
2026-07-13 06:16:28  INFO          [1h] 1000/1553 (995 saved | fetch_fail=5 snap_fail=0 cutoff_fail=0)
2026-07-13 06:17:29  ERROR     $CWEN-A: possibly delisted; no price data found  (period=730d) (Yahoo error = "No data found, symbol may be delisted")
2026-07-13 06:17:29  WARNING   yfinance CWEN-A 1h [period=730d]: returned EMPTY (no exception) — ticker=CWEN-A, interval=1h, rows_returned=0
2026-07-13 06:17:29  ERROR     $CWEN-A: possibly delisted; no price data found  (1h 2024-07-13 09:17:34-04:00 -> 2026-07-13 09:17:29-04:00) (Yahoo error = "No data found, symbol may be delisted")
2026-07-13 06:17:29  WARNING   yfinance CWEN-A 1h [period=max]: returned EMPTY (no exception) — ticker=CWEN-A, interval=1h, rows_returned=0
2026-07-13 06:18:54  INFO          [1h] 1200/1553 (1192 saved | fetch_fail=8 snap_fail=0 cutoff_fail=0)
2026-07-13 06:21:27  INFO          [1h] 1400/1553 (1389 saved | fetch_fail=11 snap_fail=0 cutoff_fail=0)
2026-07-13 06:23:24  INFO          [1h] complete: 1540/1553 saved | fail_fetch=13 fail_snap=0 fail_cutoff=0
2026-07-13 06:23:24  WARNING       [1h] first failure: fetch:ECHO
2026-07-13 06:23:25  INFO          [30m] 1553 assets to fetch
2026-07-13 06:24:56  INFO          [30m] 200/1553 (199 saved | fetch_fail=1 snap_fail=0 cutoff_fail=0)
2026-07-13 06:26:28  INFO          [30m] 400/1553 (398 saved | fetch_fail=2 snap_fail=0 cutoff_fail=0)
2026-07-13 06:27:20  ERROR     $UNI-USD: possibly delisted; no price data found  (period=60d)
2026-07-13 06:27:20  WARNING   yfinance UNI 30m [period=60d]: returned EMPTY (no exception) — ticker=UNI-USD, interval=30m, rows_returned=0
2026-07-13 06:27:20  ERROR     $UNI-USD: possibly delisted; no price data found  (15m 2026-05-14 13:27:25+00:00 -> 2026-07-13 13:27:20+00:00)
2026-07-13 06:27:20  WARNING   yfinance UNI 30m [period=max]: returned EMPTY (no exception) — ticker=UNI-USD, interval=30m, rows_returned=0
2026-07-13 06:27:59  INFO          [30m] 600/1553 (597 saved | fetch_fail=3 snap_fail=0 cutoff_fail=0)
2026-07-13 06:29:28  INFO          [30m] 800/1553 (797 saved | fetch_fail=3 snap_fail=0 cutoff_fail=0)
2026-07-13 06:30:55  INFO          [30m] 1000/1553 (997 saved | fetch_fail=3 snap_fail=0 cutoff_fail=0)
2026-07-13 06:31:31  ERROR     $CWEN-A: possibly delisted; no price data found  (period=60d) (Yahoo error = "No data found, symbol may be delisted")
2026-07-13 06:31:31  WARNING   yfinance CWEN-A 30m [period=60d]: returned EMPTY (no exception) — ticker=CWEN-A, interval=30m, rows_returned=0
2026-07-13 06:31:31  ERROR     $CWEN-A: possibly delisted; no price data found  (15m 2026-05-14 09:31:36-04:00 -> 2026-07-13 09:31:31-04:00) (Yahoo error = "No data found, symbol may be delisted")
2026-07-13 06:31:31  WARNING   yfinance CWEN-A 30m [period=max]: returned EMPTY (no exception) — ticker=CWEN-A, interval=30m, rows_returned=0
2026-07-13 06:32:22  INFO          [30m] 1200/1553 (1195 saved | fetch_fail=5 snap_fail=0 cutoff_fail=0)
2026-07-13 06:33:34  INFO          [30m] 1400/1553 (1392 saved | fetch_fail=8 snap_fail=0 cutoff_fail=0)
2026-07-13 06:34:30  INFO          [30m] complete: 1544/1553 saved | fail_fetch=9 fail_snap=0 fail_cutoff=0
2026-07-13 06:34:30  WARNING       [30m] first failure: fetch:ECHO
2026-07-13 06:34:30  INFO          [15m] 1553 assets to fetch
2026-07-13 06:36:05  INFO          [15m] 200/1553 (199 saved | fetch_fail=1 snap_fail=0 cutoff_fail=0)
2026-07-13 06:37:42  INFO          [15m] 400/1553 (398 saved | fetch_fail=2 snap_fail=0 cutoff_fail=0)
2026-07-13 06:38:37  ERROR     $UNI-USD: possibly delisted; no price data found  (period=60d)
2026-07-13 06:38:37  WARNING   yfinance UNI 15m [period=60d]: returned EMPTY (no exception) — ticker=UNI-USD, interval=15m, rows_returned=0
2026-07-13 06:38:37  ERROR     $UNI-USD: possibly delisted; no price data found  (15m 2026-05-14 13:38:42+00:00 -> 2026-07-13 13:38:37+00:00)
2026-07-13 06:38:37  WARNING   yfinance UNI 15m [period=max]: returned EMPTY (no exception) — ticker=UNI-USD, interval=15m, rows_returned=0
2026-07-13 06:39:20  INFO          [15m] 600/1553 (597 saved | fetch_fail=3 snap_fail=0 cutoff_fail=0)
2026-07-13 06:40:57  INFO          [15m] 800/1553 (797 saved | fetch_fail=3 snap_fail=0 cutoff_fail=0)
2026-07-13 06:42:33  INFO          [15m] 1000/1553 (997 saved | fetch_fail=3 snap_fail=0 cutoff_fail=0)
2026-07-13 06:43:12  ERROR     $CWEN-A: possibly delisted; no price data found  (period=60d) (Yahoo error = "No data found, symbol may be delisted")
2026-07-13 06:43:12  WARNING   yfinance CWEN-A 15m [period=60d]: returned EMPTY (no exception) — ticker=CWEN-A, interval=15m, rows_returned=0
2026-07-13 06:43:13  ERROR     $CWEN-A: possibly delisted; no price data found  (15m 2026-05-14 09:43:17-04:00 -> 2026-07-13 09:43:12-04:00) (Yahoo error = "No data found, symbol may be delisted")
2026-07-13 06:43:13  WARNING   yfinance CWEN-A 15m [period=max]: returned EMPTY (no exception) — ticker=CWEN-A, interval=15m, rows_returned=0
2026-07-13 06:44:09  INFO          [15m] 1200/1553 (1195 saved | fetch_fail=5 snap_fail=0 cutoff_fail=0)
2026-07-13 06:45:44  INFO          [15m] 1400/1553 (1392 saved | fetch_fail=8 snap_fail=0 cutoff_fail=0)
2026-07-13 06:46:57  INFO          [15m] complete: 1544/1553 saved | fail_fetch=9 fail_snap=0 fail_cutoff=0
2026-07-13 06:46:57  WARNING       [15m] first failure: fetch:ECHO
2026-07-13 06:46:58  INFO          [5m] 1553 assets to fetch
2026-07-13 06:49:17  INFO          [5m] 200/1553 (199 saved | fetch_fail=1 snap_fail=0 cutoff_fail=0)
2026-07-13 06:51:35  INFO          [5m] 400/1553 (398 saved | fetch_fail=2 snap_fail=0 cutoff_fail=0)
2026-07-13 06:52:57  ERROR     $UNI-USD: possibly delisted; no price data found  (period=60d)
2026-07-13 06:52:57  WARNING   yfinance UNI 5m [period=60d]: returned EMPTY (no exception) — ticker=UNI-USD, interval=5m, rows_returned=0
2026-07-13 06:52:57  ERROR     $UNI-USD: possibly delisted; no price data found  (5m 2026-05-14 13:53:02+00:00 -> 2026-07-13 13:52:57+00:00)
2026-07-13 06:52:57  WARNING   yfinance UNI 5m [period=max]: returned EMPTY (no exception) — ticker=UNI-USD, interval=5m, rows_returned=0
2026-07-13 06:53:58  INFO          [5m] 600/1553 (597 saved | fetch_fail=3 snap_fail=0 cutoff_fail=0)
2026-07-13 06:56:19  INFO          [5m] 800/1553 (797 saved | fetch_fail=3 snap_fail=0 cutoff_fail=0)
2026-07-13 06:58:37  INFO          [5m] 1000/1553 (997 saved | fetch_fail=3 snap_fail=0 cutoff_fail=0)
2026-07-13 06:59:32  ERROR     $CWEN-A: possibly delisted; no price data found  (period=60d) (Yahoo error = "No data found, symbol may be delisted")
2026-07-13 06:59:32  WARNING   yfinance CWEN-A 5m [period=60d]: returned EMPTY (no exception) — ticker=CWEN-A, interval=5m, rows_returned=0
2026-07-13 06:59:32  ERROR     $CWEN-A: possibly delisted; no price data found  (5m 2026-05-14 09:59:37-04:00 -> 2026-07-13 09:59:32-04:00) (Yahoo error = "No data found, symbol may be delisted")
2026-07-13 06:59:32  WARNING   yfinance CWEN-A 5m [period=max]: returned EMPTY (no exception) — ticker=CWEN-A, interval=5m, rows_returned=0
2026-07-13 07:00:52  INFO          [5m] 1200/1553 (1195 saved | fetch_fail=5 snap_fail=0 cutoff_fail=0)
2026-07-13 07:03:09  INFO          [5m] 1400/1553 (1392 saved | fetch_fail=8 snap_fail=0 cutoff_fail=0)
2026-07-13 07:04:52  INFO          [5m] complete: 1545/1553 saved | fail_fetch=8 fail_snap=0 fail_cutoff=0
2026-07-13 07:04:52  WARNING       [5m] first failure: fetch:ECHO
2026-07-13 07:04:53  INFO          [2m] 1553 assets to fetch
2026-07-13 07:07:44  INFO          [2m] 200/1553 (200 saved | fetch_fail=0 snap_fail=0 cutoff_fail=0)
2026-07-13 07:10:31  INFO          [2m] 400/1553 (399 saved | fetch_fail=1 snap_fail=0 cutoff_fail=0)
2026-07-13 07:12:13  ERROR     $UNI-USD: possibly delisted; no price data found  (period=55d)
2026-07-13 07:12:13  WARNING   yfinance UNI 2m [period=55d]: returned EMPTY (no exception) — ticker=UNI-USD, interval=2m, rows_returned=0
2026-07-13 07:12:13  ERROR     $UNI-USD: possibly delisted; no price data found  (2m 2026-05-14 14:12:18+00:00 -> 2026-07-13 14:12:13+00:00)
2026-07-13 07:12:13  WARNING   yfinance UNI 2m [period=max]: returned EMPTY (no exception) — ticker=UNI-USD, interval=2m, rows_returned=0
2026-07-13 07:13:24  INFO          [2m] 600/1553 (598 saved | fetch_fail=2 snap_fail=0 cutoff_fail=0)
2026-07-13 07:16:06  INFO          [2m] 800/1553 (798 saved | fetch_fail=2 snap_fail=0 cutoff_fail=0)
2026-07-13 07:18:42  INFO          [2m] 1000/1553 (998 saved | fetch_fail=2 snap_fail=0 cutoff_fail=0)
2026-07-13 07:19:40  ERROR     $CWEN-A: possibly delisted; no price data found  (period=55d) (Yahoo error = "No data found, symbol may be delisted")
2026-07-13 07:19:40  WARNING   yfinance CWEN-A 2m [period=55d]: returned EMPTY (no exception) — ticker=CWEN-A, interval=2m, rows_returned=0
2026-07-13 07:19:40  ERROR     $CWEN-A: possibly delisted; no price data found  (2m 2026-05-14 10:19:45-04:00 -> 2026-07-13 10:19:40-04:00) (Yahoo error = "No data found, symbol may be delisted")
2026-07-13 07:19:40  WARNING   yfinance CWEN-A 2m [period=max]: returned EMPTY (no exception) — ticker=CWEN-A, interval=2m, rows_returned=0
2026-07-13 07:21:07  INFO          [2m] 1200/1553 (1191 saved | fetch_fail=9 snap_fail=0 cutoff_fail=0)
2026-07-13 07:23:30  INFO          [2m] 1400/1553 (1382 saved | fetch_fail=18 snap_fail=0 cutoff_fail=0)
2026-07-13 07:25:24  INFO          [2m] complete: 1528/1553 saved | fail_fetch=25 fail_snap=0 fail_cutoff=0
2026-07-13 07:25:24  WARNING       [2m] first failure: fetch:HONA
2026-07-13 07:25:24  INFO          [1m] 1553 assets to fetch
2026-07-13 07:26:58  INFO          [1m] 200/1553 (198 saved | fetch_fail=2 snap_fail=0 cutoff_fail=0)
2026-07-13 07:28:29  INFO          [1m] 400/1553 (397 saved | fetch_fail=3 snap_fail=0 cutoff_fail=0)
2026-07-13 07:29:14  ERROR     $UNI-USD: possibly delisted; no price data found  (period=5d)
2026-07-13 07:29:14  WARNING   yfinance UNI 1m [period=5d]: returned EMPTY (no exception) — ticker=UNI-USD, interval=1m, rows_returned=0
2026-07-13 07:29:14  ERROR     $UNI-USD: possibly delisted; no price data found  (1m 2026-07-05 14:29:19+00:00 -> 2026-07-13 14:29:14+00:00)
2026-07-13 07:29:14  WARNING   yfinance UNI 1m [period=max]: returned EMPTY (no exception) — ticker=UNI-USD, interval=1m, rows_returned=0
2026-07-13 07:29:40  ERROR     $BLD: possibly delisted; no price data found  (period=5d)
2026-07-13 07:29:40  WARNING   yfinance BLD 1m [period=5d]: returned EMPTY (no exception) — ticker=BLD, interval=1m, rows_returned=0
2026-07-13 07:29:40  ERROR     $BLD: possibly delisted; no price data found  (1m 2026-07-05 10:29:45-04:00 -> 2026-07-13 10:29:40-04:00)
2026-07-13 07:29:40  WARNING   yfinance BLD 1m [period=max]: returned EMPTY (no exception) — ticker=BLD, interval=1m, rows_returned=0
2026-07-13 07:29:46  INFO          [1m] 600/1553 (591 saved | fetch_fail=9 snap_fail=0 cutoff_fail=0)
2026-07-13 07:30:31  ERROR     $JHG: possibly delisted; no price data found  (period=5d)
2026-07-13 07:30:31  WARNING   yfinance JHG 1m [period=5d]: returned EMPTY (no exception) — ticker=JHG, interval=1m, rows_returned=0
2026-07-13 07:30:31  ERROR     $JHG: possibly delisted; no price data found  (1m 2026-07-05 10:30:36-04:00 -> 2026-07-13 10:30:31-04:00)
2026-07-13 07:30:31  WARNING   yfinance JHG 1m [period=max]: returned EMPTY (no exception) — ticker=JHG, interval=1m, rows_returned=0
2026-07-13 07:30:58  INFO          [1m] 800/1553 (771 saved | fetch_fail=29 snap_fail=0 cutoff_fail=0)
2026-07-13 07:32:09  INFO          [1m] 1000/1553 (933 saved | fetch_fail=67 snap_fail=0 cutoff_fail=0)
2026-07-13 07:32:40  ERROR     $CWEN-A: possibly delisted; no price data found  (period=5d) (Yahoo error = "No data found, symbol may be delisted")
2026-07-13 07:32:40  WARNING   yfinance CWEN-A 1m [period=5d]: returned EMPTY (no exception) — ticker=CWEN-A, interval=1m, rows_returned=0
2026-07-13 07:32:40  ERROR     $CWEN-A: possibly delisted; no price data found  (1m 2026-07-05 10:32:45-04:00 -> 2026-07-13 10:32:40-04:00) (Yahoo error = "No data found, symbol may be delisted")
2026-07-13 07:32:40  WARNING   yfinance CWEN-A 1m [period=max]: returned EMPTY (no exception) — ticker=CWEN-A, interval=1m, rows_returned=0
2026-07-13 07:33:23  INFO          [1m] 1200/1553 (1070 saved | fetch_fail=130 snap_fail=0 cutoff_fail=0)
2026-07-13 07:34:30  INFO          [1m] 1400/1553 (1200 saved | fetch_fail=200 snap_fail=0 cutoff_fail=0)
2026-07-13 07:35:30  INFO          [1m] complete: 1303/1553 saved | fail_fetch=250 fail_snap=0 fail_cutoff=0
2026-07-13 07:35:30  WARNING       [1m] first failure: fetch:AIZ
2026-07-13 07:35:30  INFO          [3m] 1553 assets to fetch
2026-07-13 07:36:55  INFO          [3m] 200/1553 (200 saved | fetch_fail=0 snap_fail=0 cutoff_fail=0)
2026-07-13 07:38:20  INFO          [3m] 400/1553 (400 saved | fetch_fail=0 snap_fail=0 cutoff_fail=0)
2026-07-13 07:39:08  ERROR     $UNI-USD: possibly delisted; no price data found  (period=5d)
2026-07-13 07:39:08  WARNING   yfinance UNI 3m [period=5d]: returned EMPTY (no exception) — ticker=UNI-USD, interval=1m, rows_returned=0
2026-07-13 07:39:08  ERROR     $UNI-USD: possibly delisted; no price data found  (1m 2026-07-05 14:39:13+00:00 -> 2026-07-13 14:39:08+00:00)
2026-07-13 07:39:08  WARNING   yfinance UNI 3m [period=max]: returned EMPTY (no exception) — ticker=UNI-USD, interval=1m, rows_returned=0
2026-07-13 07:39:38  ERROR     $BLD: possibly delisted; no price data found  (period=5d)
2026-07-13 07:39:38  WARNING   yfinance BLD 3m [period=5d]: returned EMPTY (no exception) — ticker=BLD, interval=1m, rows_returned=0
2026-07-13 07:39:38  ERROR     $BLD: possibly delisted; no price data found  (1m 2026-07-05 10:39:43-04:00 -> 2026-07-13 10:39:38-04:00)
2026-07-13 07:39:38  WARNING   yfinance BLD 3m [period=max]: returned EMPTY (no exception) — ticker=BLD, interval=1m, rows_returned=0
2026-07-13 07:39:44  INFO          [3m] 600/1553 (598 saved | fetch_fail=2 snap_fail=0 cutoff_fail=0)
2026-07-13 07:40:38  ERROR     $JHG: possibly delisted; no price data found  (period=5d)
2026-07-13 07:40:38  WARNING   yfinance JHG 3m [period=5d]: returned EMPTY (no exception) — ticker=JHG, interval=1m, rows_returned=0
2026-07-13 07:40:38  ERROR     $JHG: possibly delisted; no price data found  (1m 2026-07-05 10:40:43-04:00 -> 2026-07-13 10:40:38-04:00)
2026-07-13 07:40:38  WARNING   yfinance JHG 3m [period=max]: returned EMPTY (no exception) — ticker=JHG, interval=1m, rows_returned=0
2026-07-13 07:41:08  INFO          [3m] 800/1553 (795 saved | fetch_fail=5 snap_fail=0 cutoff_fail=0)
2026-07-13 07:42:31  INFO          [3m] 1000/1553 (983 saved | fetch_fail=17 snap_fail=0 cutoff_fail=0)
2026-07-13 07:43:04  ERROR     $CWEN-A: possibly delisted; no price data found  (period=5d) (Yahoo error = "No data found, symbol may be delisted")
2026-07-13 07:43:04  WARNING   yfinance CWEN-A 3m [period=5d]: returned EMPTY (no exception) — ticker=CWEN-A, interval=1m, rows_returned=0
2026-07-13 07:43:04  ERROR     $CWEN-A: possibly delisted; no price data found  (1m 2026-07-05 10:43:09-04:00 -> 2026-07-13 10:43:04-04:00) (Yahoo error = "No data found, symbol may be delisted")
2026-07-13 07:43:04  WARNING   yfinance CWEN-A 3m [period=max]: returned EMPTY (no exception) — ticker=CWEN-A, interval=1m, rows_returned=0
2026-07-13 07:43:51  INFO          [3m] 1200/1553 (1150 saved | fetch_fail=50 snap_fail=0 cutoff_fail=0)
2026-07-13 07:45:10  INFO          [3m] 1400/1553 (1320 saved | fetch_fail=80 snap_fail=0 cutoff_fail=0)
2026-07-13 07:46:12  INFO          [3m] complete: 1441/1553 saved | fail_fetch=112 fail_snap=0 fail_cutoff=0
2026-07-13 07:46:12  WARNING       [3m] first failure: fetch:UNI
2026-07-13 07:46:40  INFO          [4h] derived: 1541 saved | 12 no 1h source | 0 resample failed | 0 wrong frequency after resample
2026-07-13 07:46:40  INFO        Phase 2A complete. Run data_ibkr.py for deep IBKR history on confirmed pairs.
2026-07-13 07:48:00  INFO      Universe complete: 1661 assets passed, 6 excluded
2026-07-13 07:48:00  INFO      Data keys: 20475 symbol-timeframe combinations (6561 loaded from cache)
2026-07-13 07:48:00  INFO      Run summary \u2192 C:\Users\RossW\Projects\CAMARF\latest_run_data.log
2026-07-13 07:48:00  INFO      
Final universe: 1661 assets
2026-07-13 07:48:00  INFO      Excluded:       6 assets
2026-07-13 07:48:00  INFO      Data keys:      20475 symbol-timeframe combinations
2026-07-13 07:48:00  INFO      
Exclusion summary (first 20):
2026-07-13 07:48:00  INFO        HONA         (equity    )  \u2192  no_daily_data_yfinance
2026-07-13 07:48:00  INFO        USD.CNH      (forex     )  \u2192  no_daily_data_yfinance
2026-07-13 07:48:00  INFO        MBGL         (equity    )  \u2192  no_daily_data_yfinance
2026-07-13 07:48:00  INFO        MFP          (equity    )  \u2192  no_daily_data_yfinance
2026-07-13 07:48:00  INFO        VGNT         (equity    )  \u2192  no_daily_data_yfinance
2026-07-13 07:48:00  INFO        SMDS.L       (equity_intl)  \u2192  no_daily_data_yfinance
