2026-07-11 02:56:17  INFO      ======================================================================
2026-07-11 02:56:17  INFO      CAMARF  —  analysis.py  —  Cross-Asset Co-Movement Analysis
2026-07-11 02:56:17  INFO      ======================================================================
2026-07-11 03:06:51  INFO      Resuming — 1357 assets already complete (config hash 0c0e67a6b00ff0bb)
2026-07-11 03:06:51  INFO      Building asset universe...
2026-07-11 03:06:52  INFO      S&P 500: 503 tickers from Wikipedia
2026-07-11 03:06:53  INFO        S&P MidCap 400: 400 tickers from Wikipedia
2026-07-11 03:06:53  INFO        S&P MidCap 400: fetched 400 tickers (net new after S&P 500 overlap removed by dedup)
2026-07-11 03:06:54  INFO        S&P SmallCap 600: 603 tickers from Wikipedia
2026-07-11 03:06:54  INFO        S&P SmallCap 600: fetched 603 tickers (net new after dedup)
2026-07-11 03:06:54  INFO        S&P 1500 total equities in universe: 1506
2026-07-11 03:06:54  INFO        International equities + ADRs + FX spots added: 64 symbols
2026-07-11 03:06:54  INFO        Total universe: 1614 assets
2026-07-11 03:06:54  INFO      Exclusion list: skipping 3 assets ['BNY', 'FDXF', 'VLTO']
2026-07-11 03:06:54  INFO      Universe candidates: 1611 assets
2026-07-11 03:06:54  INFO      Phase 1 (yfinance daily): 1517 equities + 45 intl equities + 5 crypto + 15 forex/FX + 15 ETFs
2026-07-11 03:07:09  INFO        Read-only mode (fetch=False): skipping yfinance fetch for 4 uncached + 1581 stale daily assets — using cache as-is
2026-07-11 03:07:09  INFO        All daily data cached and current — skipping yfinance download
2026-07-11 03:07:35  INFO        229 equities + 10 forex need IBKR intraday
2026-07-11 03:07:35  INFO        Read-only mode (fetch=False): 253 assets need intraday data but fetching is disabled — using cache as-is (expected for analysis.py; run data.py to backfill)
2026-07-11 03:09:52  INFO      Universe complete: 1593 assets passed, 0 excluded
2026-07-11 03:09:52  INFO      Data keys: 20007 symbol-timeframe combinations (18415 loaded from cache)
2026-07-11 03:09:52  INFO      Run summary \u2192 C:\Users\RossW\Projects\CAMARF\latest_run_data.log
2026-07-11 03:09:52  INFO      Universe loaded: 1593 assets, 20007 symbol-TF combinations
2026-07-11 03:09:52  INFO      ======================================================================
2026-07-11 03:09:52  INFO      CAMARF — analysis.py — Pipeline start
2026-07-11 03:09:52  INFO      ======================================================================
2026-07-11 03:09:52  INFO        Universe: 1593 assets, 20007 symbol-TF combinations
2026-07-11 03:09:52  INFO      Clearing stale results: script changed (77f24f4d70fdc8f2 \u2192 a337730c8294598b)
2026-07-11 03:09:52  INFO        Stale results: renamed 14 old result directories
2026-07-11 03:09:52  INFO        Timeframes: ['1m', '2m', '3m', '5m', '15m', '30m', '1h', '4h', '1D', '7D', '1M', '3M', '6M']
2026-07-11 03:09:52  INFO      ----------------------------------------------------------------------
2026-07-11 03:09:52  INFO        Timeframe: 1m
2026-07-11 03:09:52  INFO      ----------------------------------------------------------------------
2026-07-11 03:09:54  INFO        [1m] 1428 assets have data for this TF
2026-07-11 03:10:31  INFO        [1m] aligned: 1428 assets
2026-07-11 03:10:38  INFO        [1m] Computing 1417×1417 correlation matrices (Pearson + Spearman + rolling avg)...
2026-07-11 03:12:27  INFO        [1m] Pearson 22.6s | Spearman 16.3s | RollingAvg 69.9s
2026-07-11 03:12:29  INFO        [1m] Candidate pairs: 2211 (244 cross-asset)  threshold |\u03c1| \u2265 0.40  [gold=1051 silver=1000 bronze=160]
2026-07-11 03:12:29  INFO        [1m] Running EG on 2211 pairs (workers=12, max_lag=10)...
2026-07-11 03:12:50  INFO        [1m] EG complete in 19.6s
2026-07-11 03:12:50  INFO        [1m] EG: tested=2211, raw<0.05=7, FDR-adjusted<0.05=0
2026-07-11 03:12:50  INFO        [1m] filter funnel:
tf_label                   stage  n_before  n_after  n_removed
      1m pearson_prefilter_pairs   1018878     2211    1016667
      1m         eg_bh_fdr_pairs      2211        0       2211
2026-07-11 03:12:50  INFO        [1m] no pairs survived BH-FDR
2026-07-11 03:12:51  INFO      ----------------------------------------------------------------------
2026-07-11 03:12:51  INFO        Timeframe: 2m
2026-07-11 03:12:51  INFO      ----------------------------------------------------------------------
2026-07-11 03:12:54  INFO        [2m] 1523 assets have data for this TF
2026-07-11 03:13:33  INFO        [2m] aligned: 1523 assets
2026-07-11 03:13:42  INFO        [2m] Computing 1518×1518 correlation matrices (Pearson + Spearman + rolling avg)...
2026-07-11 03:15:14  INFO        [2m] Pearson 22.4s | Spearman 20.7s | RollingAvg 49.4s
2026-07-11 03:15:17  INFO        [2m] Candidate pairs: 2463 (577 cross-asset)  threshold |\u03c1| \u2265 0.40  [gold=1046 silver=963 bronze=454]
2026-07-11 03:15:17  INFO        [2m] Running EG on 2463 pairs (workers=12, max_lag=10)...
2026-07-11 03:16:03  INFO        [2m] EG complete in 43.4s
2026-07-11 03:16:03  INFO        [2m] EG: tested=2463, raw<0.05=92, FDR-adjusted<0.05=0
2026-07-11 03:16:03  INFO        [2m] filter funnel:
tf_label                   stage  n_before  n_after  n_removed
      2m pearson_prefilter_pairs   1159003     2463    1156540
      2m         eg_bh_fdr_pairs      2463        0       2463
2026-07-11 03:16:03  INFO        [2m] no pairs survived BH-FDR
2026-07-11 03:16:04  INFO      ----------------------------------------------------------------------
2026-07-11 03:16:04  INFO        Timeframe: 3m
2026-07-11 03:16:04  INFO      ----------------------------------------------------------------------
2026-07-11 03:16:06  INFO        [3m] 1519 assets have data for this TF
2026-07-11 03:16:32  INFO        [3m] aligned: 1519 assets
2026-07-11 03:16:38  INFO        [3m] Computing 1514×1514 correlation matrices (Pearson + Spearman + rolling avg)...
2026-07-11 03:17:55  INFO        [3m] Pearson 14.2s | Spearman 7.2s | RollingAvg 55.4s
2026-07-11 03:17:58  INFO        [3m] Candidate pairs: 4043 (351 cross-asset)  threshold |\u03c1| \u2265 0.40  [gold=1670 silver=2053 bronze=320]
2026-07-11 03:17:58  INFO        [3m] Running EG on 4043 pairs (workers=12, max_lag=10)...
2026-07-11 03:18:21  INFO        [3m] EG complete in 21.9s
2026-07-11 03:18:21  INFO        [3m] EG: tested=4043, raw<0.05=41, FDR-adjusted<0.05=2
2026-07-11 03:18:21  INFO        [3m] Rolling coint on 2 pairs (window=252, step=21)...
2026-07-11 03:18:25  INFO        [3m] Rolling coint complete in 3.7s
2026-07-11 03:18:25  INFO        [3m] Per-pair modeling: hedge ratios + spread + decay...
2026-07-11 03:18:26  INFO        [3m] Per-pair modeling done in 1.7s — 2 PairResult objects built
2026-07-11 03:18:26  INFO        [3m] Eigenportfolio validation on 2 pairs...
2026-07-11 03:18:26  WARNING     Eigenportfolio: 99828 NaN entries in the 1514x1514 correlation matrix (insufficient pairwise overlap) — treated as uncorrelated (0) before eigendecomposition
2026-07-11 03:18:56  INFO        [3m]   K=223 systematic factors removed (MP \u03bb+=1.780)
2026-07-11 03:18:56  INFO        [3m]   Eigenportfolio: 1/2 Gold tier (idiosyncratic) | 1 Silver tier (factor-driven) in 29.3s
2026-07-11 03:18:56  INFO        [3m] Price-degeneracy filter: dropped 1 pairs (2 \u2192 1)
2026-07-11 03:18:56  INFO        [3m] Computing VolumeStructure features...
2026-07-11 03:18:58  INFO        [3m] Features saved: 2 assets in 2.3s
2026-07-11 03:18:58  INFO        [3m] Regime classification (2 assets)...
2026-07-11 03:19:33  INFO        [3m] Regimes fitted: 2 assets (2 per-bar label files saved) in 34.5s
2026-07-11 03:19:33  INFO        [3m] Cross-asset split: same=1, cross=0
2026-07-11 03:19:33  INFO        [3m] Trio enumeration + Johansen...
2026-07-11 03:19:33  INFO        [3m] filter funnel:
tf_label                      stage  n_before  n_after  n_removed
      3m    pearson_prefilter_pairs   1152921     4043    1148878
      3m            eg_bh_fdr_pairs      4043        2       4041
      3m     price_degeneracy_pairs         2        1          1
      3m structural_exclusion_pairs         1        1          0
      3m coint_frac_threshold_pairs         1        1          0
2026-07-11 03:19:33  INFO        [3m] GICS tagged: 1/1 pairs have sector_a
2026-07-11 03:19:33  INFO        [3m] saved 1 pairs \u2192 C:\Users\RossW\Projects\CAMARF\output\results\3min/pairs.parquet
2026-07-11 03:19:33  INFO        [3m] persisted per-bar spread/z-score series for 1/1 EG+FDR-confirmed pairs (post price-degeneracy filter, pre coint_frac/structural)
2026-07-11 03:19:33  INFO        [3m] saved 1 pre-coint_frac/pre-structural candidates \u2192 C:\Users\RossW\Projects\CAMARF\output\results\3min/all_candidates.parquet
2026-07-11 03:19:33  INFO        [3m] saved 2 regime profiles
2026-07-11 03:19:33  INFO      ----------------------------------------------------------------------
2026-07-11 03:19:33  INFO        Timeframe: 5m
2026-07-11 03:19:33  INFO      ----------------------------------------------------------------------
2026-07-11 03:19:36  INFO        [5m] 1529 assets have data for this TF
2026-07-11 03:20:21  INFO        [5m] aligned: 1529 assets
2026-07-11 03:20:32  INFO        [5m] Computing 1528×1528 correlation matrices (Pearson + Spearman + rolling avg)...
