09:56:40 INFO  === fdr_method_comparison.py: 4-method FDR comparison on the FULL current 1h universe ===
09:56:40 INFO  Ross's direct request after the BH-FDR bug sweep -- honest comparison, no cherry-picking.
09:56:42 INFO  Loaded 1580 symbols from the merged yfinance+WRDS+Binance+IBKR universe (tf=1h)
09:56:42 INFO  Aligning to a shared calendar (align_to_common_calendar, lookback_years=10)...
09:56:44 INFO  Aligned: 1580 symbols
09:56:44 INFO  Running real production UniverseFilter (Pearson pre-filter, threshold=0.4)...
09:56:47 INFO  Pearson pre-filter: 1247410 possible pairs -> 89 candidates
09:56:47 INFO  Running real EG test (_eg_worker, same code as production CointScanner.scan) on all 89 candidates (workers=15)...
09:57:02 INFO  EG complete in 15.7s
09:57:02 INFO  EG usable results: 89/89
09:57:02 INFO  
09:57:02 INFO  === Survivor counts by method (m=89 candidates tested, alpha=0.05) ===
09:57:02 INFO    step_up_bh            : 0/89 survive
09:57:02 INFO    benjamini_yekutieli   : 0/89 survive
09:57:02 INFO    two_stage_tsbh        : 0/89 survive
09:57:02 INFO    fixed_bonferroni      : 0/89 survive
09:57:02 INFO  
09:57:02 INFO  === Known non-DD pairs (previously individually significant, raw p<0.001) -- confirmed by which method? ===
09:57:02 INFO  Saved -> output/research/fdr_method_comparison_{raw,summary,known_pairs}.parquet
09:57:02 INFO  ============================================================
09:57:02 INFO  fdr_method_comparison.py complete (0.4 min)
