=== CAMARF analysis.py ===
date:        2026-08-23 20:21
runtime_min: 37.5
universe:    1658 assets  20433 symbol-TF keys

=== results_by_tf ===
tf    pairs cross trios regimes
1m    0     0     0     4
2m    0     0     0     2
3m    1     0     0     2
5m    0     0     0     0
15m   0     0     0     0
30m   0     0     0     0
1h    0     0     0     0
4h    1     0     0     4
1D    0     0     0     0
7D    0     0     0     0
1M    0     0     0     0
3M    0     0     0     0
6M    0     0     0     0
TOTAL  2           0     12
bias_audit_entries: 63

=== confirmed_pairs ===
3m     KVUE     KMB      hl=2.8  H=0.401  tier=silver  coint_frac=0.88
4h     PNC      ZION     hl=83.3  H=0.759  tier=silver  coint_frac=0.12

=== errors_and_skipped ===

=== end ===
