23:50:49 INFO  sensitivity.py — parameter stability grid
23:50:49 INFO  ============================================================
23:50:49 INFO  
--- Timeframe: 1h ---
23:50:50 INFO    Loaded 24 pairs, 24 spread files
23:50:50 INFO    Running 2D entry_z x exit_z grid (max_hl=50, ADV=$0M)...
23:50:51 INFO      entry_z=1.50 exit_z=0.00  => Sharpe=9.105  n=304
2026-07-11 23:50:51  INFO          entry_z=1.50 exit_z=0.00  => Sharpe=9.105  n=304
23:50:51 INFO      entry_z=1.50 exit_z=0.25  => Sharpe=8.495  n=305
2026-07-11 23:50:51  INFO          entry_z=1.50 exit_z=0.25  => Sharpe=8.495  n=305
23:50:52 INFO      entry_z=1.50 exit_z=0.50  => Sharpe=7.938  n=306
2026-07-11 23:50:52  INFO          entry_z=1.50 exit_z=0.50  => Sharpe=7.938  n=306
23:50:52 INFO      entry_z=1.50 exit_z=0.75  => Sharpe=7.306  n=308
2026-07-11 23:50:52  INFO          entry_z=1.50 exit_z=0.75  => Sharpe=7.306  n=308
23:50:52 INFO      entry_z=2.00 exit_z=0.00  => Sharpe=8.542  n=222
2026-07-11 23:50:52  INFO          entry_z=2.00 exit_z=0.00  => Sharpe=8.542  n=222
23:50:52 INFO      entry_z=2.00 exit_z=0.25  => Sharpe=7.991  n=222
2026-07-11 23:50:52  INFO          entry_z=2.00 exit_z=0.25  => Sharpe=7.991  n=222
23:50:53 INFO      entry_z=2.00 exit_z=0.50  => Sharpe=7.772  n=223
2026-07-11 23:50:53  INFO          entry_z=2.00 exit_z=0.50  => Sharpe=7.772  n=223
23:50:53 INFO      entry_z=2.00 exit_z=0.75  => Sharpe=7.114  n=223
2026-07-11 23:50:53  INFO          entry_z=2.00 exit_z=0.75  => Sharpe=7.114  n=223
23:50:53 INFO      entry_z=2.50 exit_z=0.00  => Sharpe=8.204  n=166
2026-07-11 23:50:53  INFO          entry_z=2.50 exit_z=0.00  => Sharpe=8.204  n=166
23:50:53 INFO      entry_z=2.50 exit_z=0.25  => Sharpe=7.496  n=166
2026-07-11 23:50:53  INFO          entry_z=2.50 exit_z=0.25  => Sharpe=7.496  n=166
23:50:53 INFO      entry_z=2.50 exit_z=0.50  => Sharpe=7.621  n=167
2026-07-11 23:50:53  INFO          entry_z=2.50 exit_z=0.50  => Sharpe=7.621  n=167
23:50:54 INFO      entry_z=2.50 exit_z=0.75  => Sharpe=7.064  n=167
2026-07-11 23:50:54  INFO          entry_z=2.50 exit_z=0.75  => Sharpe=7.064  n=167
23:50:54 INFO      entry_z=3.00 exit_z=0.00  => Sharpe=7.274  n=127
2026-07-11 23:50:54  INFO          entry_z=3.00 exit_z=0.00  => Sharpe=7.274  n=127
23:50:54 INFO      entry_z=3.00 exit_z=0.25  => Sharpe=6.672  n=127
2026-07-11 23:50:54  INFO          entry_z=3.00 exit_z=0.25  => Sharpe=6.672  n=127
23:50:54 INFO      entry_z=3.00 exit_z=0.50  => Sharpe=6.280  n=127
2026-07-11 23:50:54  INFO          entry_z=3.00 exit_z=0.50  => Sharpe=6.280  n=127
23:50:55 INFO      entry_z=3.00 exit_z=0.75  => Sharpe=6.106  n=127
2026-07-11 23:50:55  INFO          entry_z=3.00 exit_z=0.75  => Sharpe=6.106  n=127
23:50:55 INFO    Running 1D max_hl sweep...
2026-07-11 23:50:55  INFO        Running 1D max_hl sweep...
23:50:55 INFO      max_hl=20  => Sharpe=16.272  n=13
2026-07-11 23:50:55  INFO          max_hl=20  => Sharpe=16.272  n=13
23:50:55 INFO      max_hl=35  => Sharpe=7.772  n=223
2026-07-11 23:50:55  INFO          max_hl=35  => Sharpe=7.772  n=223
23:50:55 INFO      max_hl=50  => Sharpe=7.772  n=223
2026-07-11 23:50:55  INFO          max_hl=50  => Sharpe=7.772  n=223
23:50:55 INFO      max_hl=75  => Sharpe=7.772  n=223
2026-07-11 23:50:55  INFO          max_hl=75  => Sharpe=7.772  n=223
23:50:55 INFO    Running 1D ADV sweep...
2026-07-11 23:50:55  INFO        Running 1D ADV sweep...
23:50:56 INFO      ADV>=$0M  n_pairs=24  => Sharpe=7.772  n=223
2026-07-11 23:50:56  INFO          ADV>=$0M  n_pairs=24  => Sharpe=7.772  n=223
23:50:56 INFO      ADV>=$10M  n_pairs=24  => Sharpe=7.772  n=223
2026-07-11 23:50:56  INFO          ADV>=$10M  n_pairs=24  => Sharpe=7.772  n=223
23:50:56 INFO      ADV>=$25M  n_pairs=18  => Sharpe=7.095  n=178
2026-07-11 23:50:56  INFO          ADV>=$25M  n_pairs=18  => Sharpe=7.095  n=178
23:50:56 INFO      ADV>=$50M  n_pairs=16  => Sharpe=10.752  n=149
2026-07-11 23:50:56  INFO          ADV>=$50M  n_pairs=16  => Sharpe=10.752  n=149
23:50:56 INFO      ADV>=$100M  n_pairs=11  => Sharpe=11.292  n=108
2026-07-11 23:50:56  INFO          ADV>=$100M  n_pairs=11  => Sharpe=11.292  n=108
23:50:56 INFO  Saved => C:\Users\RossW\Projects\CAMARF\output\sensitivity\sensitivity_grid.parquet (25 rows)
2026-07-11 23:50:56  INFO      Saved => C:\Users\RossW\Projects\CAMARF\output\sensitivity\sensitivity_grid.parquet (25 rows)
23:50:56 INFO  
=== 2D entry_z x exit_z SHARPE HEAT MAP ===
2026-07-11 23:50:56  INFO      
=== 2D entry_z x exit_z SHARPE HEAT MAP ===
23:50:56 INFO  
exit_z    0.00   0.25   0.50   0.75
entry_z                            
1.5      9.105  8.495  7.938  7.306
2.0      8.542  7.991  7.772  7.114
2.5      8.204  7.496  7.621  7.064
3.0      7.274  6.672  6.280  6.106
2026-07-11 23:50:56  INFO      
exit_z    0.00   0.25   0.50   0.75
entry_z                            
1.5      9.105  8.495  7.938  7.306
2.0      8.542  7.991  7.772  7.114
2.5      8.204  7.496  7.621  7.064
3.0      7.274  6.672  6.280  6.106
23:50:56 INFO  
=== 1D max_hl sweep ===
2026-07-11 23:50:56  INFO      
=== 1D max_hl sweep ===
23:50:56 INFO  
 max_hl  sharpe  n_trades  n_pairs
     20  16.272        13        1
     35   7.772       223       24
     50   7.772       223       24
     75   7.772       223       24
2026-07-11 23:50:56  INFO      
 max_hl  sharpe  n_trades  n_pairs
     20  16.272        13        1
     35   7.772       223       24
     50   7.772       223       24
     75   7.772       223       24
23:50:56 INFO  
=== 1D ADV sweep ===
2026-07-11 23:50:56  INFO      
=== 1D ADV sweep ===
23:50:56 INFO  
 adv_m  sharpe  n_trades  n_pairs
   0.0   7.772       223       24
  10.0   7.772       223       24
  25.0   7.095       178       18
  50.0  10.752       149       16
 100.0  11.292       108       11
2026-07-11 23:50:56  INFO      
 adv_m  sharpe  n_trades  n_pairs
   0.0   7.772       223       24
  10.0   7.772       223       24
  25.0   7.095       178       18
  50.0  10.752       149       16
 100.0  11.292       108       11
23:50:56 INFO  ============================================================
2026-07-11 23:50:56  INFO      ============================================================
23:50:56 INFO  sensitivity.py complete (0.1 min)
2026-07-11 23:50:56  INFO      sensitivity.py complete (0.1 min)
EXIT:0
