23:43:14 INFO  sensitivity.py — parameter stability grid
23:43:14 INFO  ============================================================
23:43:14 INFO  
--- Timeframe: 1h ---
23:43:14 INFO    Loaded 23 pairs, 23 spread files
23:43:14 INFO    Running 2D entry_z x exit_z grid (max_hl=50, ADV=$0M)...
23:43:15 INFO      entry_z=1.50 exit_z=0.00  => Sharpe=10.982  n=327
23:43:16 INFO      entry_z=1.50 exit_z=0.25  => Sharpe=9.928  n=329
23:43:16 INFO      entry_z=1.50 exit_z=0.50  => Sharpe=8.770  n=330
23:43:16 INFO      entry_z=1.50 exit_z=0.75  => Sharpe=8.921  n=332
23:43:16 INFO      entry_z=2.00 exit_z=0.00  => Sharpe=10.616  n=242
23:43:16 INFO      entry_z=2.00 exit_z=0.25  => Sharpe=10.103  n=242
23:43:17 INFO      entry_z=2.00 exit_z=0.50  => Sharpe=8.998  n=242
23:43:17 INFO      entry_z=2.00 exit_z=0.75  => Sharpe=9.376  n=242
23:43:17 INFO      entry_z=2.50 exit_z=0.00  => Sharpe=11.414  n=184
23:43:17 INFO      entry_z=2.50 exit_z=0.25  => Sharpe=10.477  n=184
23:43:18 INFO      entry_z=2.50 exit_z=0.50  => Sharpe=9.679  n=184
23:43:18 INFO      entry_z=2.50 exit_z=0.75  => Sharpe=10.532  n=184
23:43:18 INFO      entry_z=3.00 exit_z=0.00  => Sharpe=11.432  n=149
23:43:18 INFO      entry_z=3.00 exit_z=0.25  => Sharpe=10.198  n=149
23:43:18 INFO      entry_z=3.00 exit_z=0.50  => Sharpe=8.931  n=149
23:43:19 INFO      entry_z=3.00 exit_z=0.75  => Sharpe=9.643  n=149
23:43:19 INFO    Running 1D max_hl sweep...
23:43:19 INFO      max_hl=20  => Sharpe=nan  n=0
23:43:19 INFO      max_hl=35  => Sharpe=8.998  n=242
23:43:19 INFO      max_hl=50  => Sharpe=8.998  n=242
23:43:19 INFO      max_hl=75  => Sharpe=8.998  n=242
23:43:19 INFO    Running 1D ADV sweep...
23:43:19 INFO      ADV>=$0M  n_pairs=23  => Sharpe=8.998  n=242
23:43:20 INFO      ADV>=$10M  n_pairs=23  => Sharpe=8.998  n=242
23:43:20 INFO      ADV>=$25M  n_pairs=19  => Sharpe=9.273  n=209
23:43:20 INFO      ADV>=$50M  n_pairs=15  => Sharpe=8.736  n=154
23:43:20 INFO      ADV>=$100M  n_pairs=10  => Sharpe=8.595  n=100
23:43:20 INFO  Saved => C:\Users\RossW\Projects\CAMARF\output\sensitivity\sensitivity_grid.parquet (25 rows)
23:43:20 INFO  
=== 2D entry_z x exit_z SHARPE HEAT MAP ===
23:43:20 INFO  
exit_z     0.00    0.25   0.50    0.75
entry_z                               
1.5      10.982   9.928  8.770   8.921
2.0      10.616  10.103  8.998   9.376
2.5      11.414  10.477  9.679  10.532
3.0      11.432  10.198  8.931   9.643
23:43:20 INFO  
=== 1D max_hl sweep ===
23:43:20 INFO  
 max_hl  sharpe  n_trades  n_pairs
     20     NaN         0        0
     35   8.998       242       23
     50   8.998       242       23
     75   8.998       242       23
23:43:20 INFO  
=== 1D ADV sweep ===
23:43:20 INFO  
 adv_m  sharpe  n_trades  n_pairs
   0.0   8.998       242       23
  10.0   8.998       242       23
  25.0   9.273       209       19
  50.0   8.736       154       15
 100.0   8.595       100       10
23:43:20 INFO  ============================================================
23:43:20 INFO  sensitivity.py complete (0.1 min)
