2026-07-10 01:02:55  INFO      ======================================================================
2026-07-10 01:02:55  INFO      CAMARF  —  analysis.py  —  Cross-Asset Co-Movement Analysis
2026-07-10 01:02:55  INFO      ======================================================================
2026-07-10 01:12:03  INFO      Resuming — 1357 assets already complete (config hash 0c0e67a6b00ff0bb)
2026-07-10 01:12:03  INFO      Building asset universe...
2026-07-10 01:12:03  INFO      S&P 500: 503 tickers from cache (0.2h old)
2026-07-10 01:12:03  INFO        sp400: 400 tickers from cache (0.2h old)
2026-07-10 01:12:03  INFO        S&P MidCap 400: fetched 400 tickers (net new after S&P 500 overlap removed by dedup)
2026-07-10 01:12:03  INFO        sp600: 603 tickers from cache (0.2h old)
2026-07-10 01:12:03  INFO        S&P SmallCap 600: fetched 603 tickers (net new after dedup)
2026-07-10 01:12:03  INFO        S&P 1500 total equities in universe: 1506
2026-07-10 01:12:03  INFO        International equities + ADRs + FX spots added: 64 symbols
2026-07-10 01:12:03  INFO        Total universe: 1614 assets
2026-07-10 01:12:04  INFO      Exclusion list: skipping 3 assets ['BNY', 'FDXF', 'VLTO']
2026-07-10 01:12:04  INFO      Universe candidates: 1611 assets
2026-07-10 01:12:04  INFO      Phase 1 (yfinance daily): 1517 equities + 45 intl equities + 5 crypto + 15 forex/FX + 15 ETFs
2026-07-10 01:12:17  INFO        Read-only mode (fetch=False): skipping yfinance fetch for 3 uncached + 1582 stale daily assets — using cache as-is
2026-07-10 01:12:17  INFO        All daily data cached and current — skipping yfinance download
2026-07-10 01:12:35  INFO        1514 equities + 10 forex need IBKR intraday
2026-07-10 01:12:35  INFO        Read-only mode (fetch=False): 1538 assets need intraday data but fetching is disabled — using cache as-is (expected for analysis.py; run data.py to backfill)
2026-07-10 01:17:20  INFO      Universe complete: 1594 assets passed, 0 excluded
2026-07-10 01:17:20  INFO      Data keys: 19908 symbol-timeframe combinations (18315 loaded from cache)
2026-07-10 01:17:20  INFO      Run summary \u2192 C:\Users\RossW\Projects\CAMARF\latest_run_data.log
2026-07-10 01:17:20  INFO      Universe loaded: 1594 assets, 19908 symbol-TF combinations
2026-07-10 01:17:20  INFO      ======================================================================
2026-07-10 01:17:20  INFO      CAMARF — analysis.py — Pipeline start
2026-07-10 01:17:20  INFO      ======================================================================
2026-07-10 01:17:20  INFO        Universe: 1594 assets, 19908 symbol-TF combinations
2026-07-10 01:17:20  INFO      Clearing stale results: script changed (4c24b7e882871085 \u2192 77f24f4d70fdc8f2)
2026-07-10 01:17:21  INFO        Stale results: renamed 14 old result directories
2026-07-10 01:17:21  INFO        Timeframes: ['1m', '2m', '3m', '5m', '15m', '30m', '1h', '4h', '1D', '7D', '1M', '3M', '6M']
2026-07-10 01:17:21  INFO      ----------------------------------------------------------------------
2026-07-10 01:17:21  INFO        Timeframe: 1m
2026-07-10 01:17:21  INFO      ----------------------------------------------------------------------
2026-07-10 01:17:23  INFO        [1m] 1412 assets have data for this TF
2026-07-10 01:17:53  INFO        [1m] aligned: 1412 assets
2026-07-10 01:17:59  INFO        [1m] Computing 1402×1402 correlation matrices (Pearson + Spearman + rolling avg)...
2026-07-10 01:19:24  INFO        [1m] Pearson 15.8s | Spearman 11.4s | RollingAvg 57.6s
2026-07-10 01:19:26  INFO        [1m] Candidate pairs: 2113 (267 cross-asset)  threshold |\u03c1| \u2265 0.40  [gold=1152 silver=915 bronze=46]
2026-07-10 01:19:26  INFO        [1m] Running EG on 2113 pairs (workers=12, max_lag=10)...
2026-07-10 01:20:00  INFO        [1m] EG complete in 33.4s
2026-07-10 01:20:00  INFO        [1m] EG: tested=2113, raw<0.05=13, FDR-adjusted<0.05=0
2026-07-10 01:20:00  INFO        [1m] filter funnel:
tf_label                   stage  n_before  n_after  n_removed
      1m pearson_prefilter_pairs    996166     2113     994053
      1m         eg_bh_fdr_pairs      2113        0       2113
2026-07-10 01:20:00  INFO        [1m] no pairs survived BH-FDR
2026-07-10 01:20:01  INFO      ----------------------------------------------------------------------
2026-07-10 01:20:01  INFO        Timeframe: 2m
2026-07-10 01:20:01  INFO      ----------------------------------------------------------------------
2026-07-10 01:20:04  INFO        [2m] 1510 assets have data for this TF
2026-07-10 01:20:41  INFO        [2m] aligned: 1510 assets
2026-07-10 01:20:49  INFO        [2m] Computing 1507×1507 correlation matrices (Pearson + Spearman + rolling avg)...
2026-07-10 01:21:33  INFO        [2m] Pearson 19.2s | Spearman 16.9s | RollingAvg 7.8s
2026-07-10 01:21:36  INFO        [2m] Candidate pairs: 2364 (556 cross-asset)  threshold |\u03c1| \u2265 0.40  [gold=936 silver=1038 bronze=390]
2026-07-10 01:21:36  INFO        [2m] Running EG on 2364 pairs (workers=12, max_lag=10)...
2026-07-10 01:22:24  INFO        [2m] EG complete in 47.0s
2026-07-10 01:22:24  INFO        [2m] EG: tested=2364, raw<0.05=43, FDR-adjusted<0.05=0
2026-07-10 01:22:25  INFO        [2m] filter funnel:
tf_label                   stage  n_before  n_after  n_removed
      2m pearson_prefilter_pairs   1139295     2364    1136931
      2m         eg_bh_fdr_pairs      2364        0       2364
2026-07-10 01:22:25  INFO        [2m] no pairs survived BH-FDR
2026-07-10 01:22:25  INFO      ----------------------------------------------------------------------
2026-07-10 01:22:25  INFO        Timeframe: 3m
2026-07-10 01:22:25  INFO      ----------------------------------------------------------------------
2026-07-10 01:22:27  INFO        [3m] 1506 assets have data for this TF
2026-07-10 01:22:48  INFO        [3m] aligned: 1506 assets
2026-07-10 01:22:52  INFO        [3m] Computing 1500×1500 correlation matrices (Pearson + Spearman + rolling avg)...
2026-07-10 01:23:29  INFO        [3m] Pearson 10.4s | Spearman 5.2s | RollingAvg 21.4s
2026-07-10 01:23:32  INFO        [3m] Candidate pairs: 5103 (396 cross-asset)  threshold |\u03c1| \u2265 0.40  [gold=1755 silver=3063 bronze=285]
2026-07-10 01:23:32  INFO        [3m] Running EG on 5103 pairs (workers=12, max_lag=10)...
2026-07-10 01:24:03  INFO        [3m] EG complete in 30.0s
2026-07-10 01:24:03  INFO        [3m] EG: tested=5103, raw<0.05=61, FDR-adjusted<0.05=12
2026-07-10 01:24:03  INFO        [3m] Rolling coint on 12 pairs (window=252, step=21)...
2026-07-10 01:24:08  INFO        [3m] Rolling coint complete in 5.0s
2026-07-10 01:24:08  INFO        [3m] Per-pair modeling: hedge ratios + spread + decay...
2026-07-10 01:24:15  INFO        [3m] Per-pair modeling done in 6.8s — 12 PairResult objects built
2026-07-10 01:24:15  INFO        [3m] Eigenportfolio validation on 12 pairs...
2026-07-10 01:24:15  WARNING     Eigenportfolio: 97814 NaN entries in the 1500x1500 correlation matrix (insufficient pairwise overlap) — treated as uncorrelated (0) before eigendecomposition
2026-07-10 01:24:33  INFO        [3m]   K=195 systematic factors removed (MP \u03bb+=1.939)
2026-07-10 01:24:33  INFO        [3m]   Eigenportfolio: 1/12 Gold tier (idiosyncratic) | 11 Silver tier (factor-driven) in 18.2s
2026-07-10 01:24:33  INFO        [3m] Price-degeneracy filter: dropped 8 pairs (12 \u2192 4)
2026-07-10 01:24:33  INFO        [3m] Computing VolumeStructure features...
2026-07-10 01:24:40  INFO        [3m] Features saved: 7 assets in 6.4s
2026-07-10 01:24:40  INFO        [3m] Regime classification (7 assets)...
2026-07-10 01:25:15  WARNING   Model is not converging.  Current: -11496.933392164327 is not greater than -11496.752095266342. Delta is -0.18129689798479376
2026-07-10 01:25:29  WARNING   Model is not converging.  Current: -12617.774386975816 is not greater than -12617.759240566822. Delta is -0.015146408994041849
2026-07-10 01:25:36  INFO        [3m] Regimes fitted: 7 assets (7 per-bar label files saved) in 56.4s
2026-07-10 01:25:36  INFO        [3m] Cross-asset split: same=4, cross=0
2026-07-10 01:25:36  INFO        [3m] Trio enumeration + Johansen...
2026-07-10 01:25:36  INFO        [3m] Testing 8 trios with Johansen...
2026-07-10 01:25:40  INFO        [3m] Trio testing complete in 3.8s
2026-07-10 01:25:40  INFO        [3m] Confirmed trios: 6/8
2026-07-10 01:25:40  INFO        [3m] filter funnel:
tf_label                      stage  n_before  n_after  n_removed
      3m    pearson_prefilter_pairs   1133265     5103    1128162
      3m            eg_bh_fdr_pairs      5103       12       5091
      3m     price_degeneracy_pairs        12        4          8
      3m structural_exclusion_pairs         4        4          0
      3m coint_frac_threshold_pairs         4        1          3
2026-07-10 01:25:40  INFO        [3m] coint_frac filter: 3 pairs removed (coint_fraction_rolling < 0.70 and no clean secondary evidence); 0 pairs below the threshold kept anyway via secondary-evidence override
2026-07-10 01:25:40  INFO        [3m] GICS tagged: 1/1 pairs have sector_a
2026-07-10 01:25:40  INFO        [3m] saved 1 pairs \u2192 C:\Users\RossW\Projects\CAMARF\output\results\3min/pairs.parquet
2026-07-10 01:25:40  INFO        [3m] persisted per-bar spread/z-score series for 4/4 EG+FDR-confirmed pairs (post price-degeneracy filter, pre coint_frac/structural)
2026-07-10 01:25:40  INFO        [3m] saved 4 pre-coint_frac/pre-structural candidates \u2192 C:\Users\RossW\Projects\CAMARF\output\results\3min/all_candidates.parquet
2026-07-10 01:25:40  INFO        [3m] saved 6 trios
2026-07-10 01:25:40  INFO        [3m] saved 7 regime profiles
2026-07-10 01:25:41  INFO      ----------------------------------------------------------------------
2026-07-10 01:25:41  INFO        Timeframe: 5m
2026-07-10 01:25:41  INFO      ----------------------------------------------------------------------
2026-07-10 01:25:44  INFO        [5m] 1517 assets have data for this TF
2026-07-10 01:26:22  INFO        [5m] aligned: 1517 assets
2026-07-10 01:26:31  INFO        [5m] Computing 1516×1516 correlation matrices (Pearson + Spearman + rolling avg)...
2026-07-10 01:27:45  INFO        [5m] Pearson 18.6s | Spearman 21.1s | RollingAvg 34.8s
2026-07-10 01:27:48  INFO        [5m] Candidate pairs: 4607 (887 cross-asset)  threshold |\u03c1| \u2265 0.40  [gold=1780 silver=1484 bronze=1343]
2026-07-10 01:27:48  INFO        [5m] Running EG on 4607 pairs (workers=12, max_lag=10)...
2026-07-10 01:29:45  INFO        [5m] EG complete in 115.4s
2026-07-10 01:29:45  INFO        [5m] EG: tested=4607, raw<0.05=127, FDR-adjusted<0.05=0
2026-07-10 01:29:45  INFO        [5m] filter funnel:
tf_label                   stage  n_before  n_after  n_removed
      5m pearson_prefilter_pairs   1149886     4607    1145279
      5m         eg_bh_fdr_pairs      4607        0       4607
2026-07-10 01:29:46  INFO        [5m] no pairs survived BH-FDR
2026-07-10 01:29:46  INFO      ----------------------------------------------------------------------
2026-07-10 01:29:46  INFO        Timeframe: 15m
2026-07-10 01:29:46  INFO      ----------------------------------------------------------------------
2026-07-10 01:29:48  INFO        [15m] 1516 assets have data for this TF
2026-07-10 01:30:09  INFO        [15m] aligned: 1516 assets
2026-07-10 01:30:14  INFO        [15m] Computing 1515×1515 correlation matrices (Pearson + Spearman + rolling avg)...
2026-07-10 01:30:21  INFO        [15m] Pearson 3.1s | Spearman 1.9s | RollingAvg 1.7s
2026-07-10 01:30:23  INFO        [15m] Candidate pairs: 15061 (1917 cross-asset)  threshold |\u03c1| \u2265 0.40  [gold=7153 silver=4376 bronze=3532]
2026-07-10 01:30:23  INFO        [15m] Running EG on 15061 pairs (workers=12, max_lag=10)...
2026-07-10 01:33:16  INFO        [15m] EG complete in 171.9s
2026-07-10 01:33:16  INFO        [15m] EG: tested=15061, raw<0.05=535, FDR-adjusted<0.05=0
2026-07-10 01:33:16  INFO        [15m] filter funnel:
tf_label                   stage  n_before  n_after  n_removed
     15m pearson_prefilter_pairs   1148370    15061    1133309
     15m         eg_bh_fdr_pairs     15061        0      15061
2026-07-10 01:33:16  INFO        [15m] no pairs survived BH-FDR
2026-07-10 01:33:17  INFO      ----------------------------------------------------------------------
2026-07-10 01:33:17  INFO        Timeframe: 30m
2026-07-10 01:33:17  INFO      ----------------------------------------------------------------------
2026-07-10 01:33:18  INFO        [30m] 1514 assets have data for this TF
2026-07-10 01:33:32  INFO        [30m] aligned: 1514 assets
2026-07-10 01:33:37  INFO        [30m] Computing 1513×1513 correlation matrices (Pearson + Spearman + rolling avg)...
2026-07-10 01:34:05  INFO        [30m] Pearson 12.0s | Spearman 13.4s | RollingAvg 2.9s
2026-07-10 01:34:07  INFO        [30m] Candidate pairs: 21156 (2655 cross-asset)  threshold |\u03c1| \u2265 0.40  [gold=13947 silver=5618 bronze=1591]
2026-07-10 01:34:07  INFO        [30m] Running EG on 21156 pairs (workers=12, max_lag=10)...
2026-07-10 01:36:48  INFO        [30m] EG complete in 160.7s
2026-07-10 01:36:48  INFO        [30m] EG: tested=21156, raw<0.05=742, FDR-adjusted<0.05=0
2026-07-10 01:36:48  INFO        [30m] filter funnel:
tf_label                   stage  n_before  n_after  n_removed
     30m pearson_prefilter_pairs   1145341    21156    1124185
     30m         eg_bh_fdr_pairs     21156        0      21156
2026-07-10 01:36:48  INFO        [30m] no pairs survived BH-FDR
2026-07-10 01:36:49  INFO      ----------------------------------------------------------------------
2026-07-10 01:36:49  INFO        Timeframe: 1h
2026-07-10 01:36:49  INFO      ----------------------------------------------------------------------
2026-07-10 01:36:52  INFO        [1h] 1515 assets have data for this TF
2026-07-10 01:37:33  INFO        [1h] aligned: 1515 assets
2026-07-10 01:37:43  INFO        [1h] Computing 1515×1515 correlation matrices (Pearson + Spearman + rolling avg)...
2026-07-10 01:38:09  INFO        [1h] Pearson 10.0s | Spearman 12.3s | RollingAvg 3.7s
2026-07-10 01:38:12  INFO        [1h] Candidate pairs: 38556 (4281 cross-asset)  threshold |\u03c1| \u2265 0.40  [gold=8876 silver=11677 bronze=18003]
2026-07-10 01:38:12  INFO        [1h] Running EG on 38556 pairs (workers=12, max_lag=10)...
2026-07-10 01:48:19  INFO        [1h] EG complete in 604.6s
2026-07-10 01:48:19  INFO        [1h] EG: tested=38556, raw<0.05=1463, FDR-adjusted<0.05=158
2026-07-10 01:48:19  INFO        [1h] Rolling coint on 158 pairs (window=252, step=21)...
2026-07-10 01:48:39  INFO        [1h] Rolling coint complete in 19.6s
2026-07-10 01:48:39  INFO        [1h] Per-pair modeling: hedge ratios + spread + decay...
2026-07-10 01:50:55  INFO        [1h] Per-pair modeling done in 136.2s — 158 PairResult objects built
2026-07-10 01:50:55  INFO        [1h] Eigenportfolio validation on 158 pairs...
2026-07-10 01:51:11  INFO        [1h]   K=149 systematic factors removed (MP \u03bb+=1.542)
2026-07-10 01:51:15  INFO        [1h]   Eigenportfolio: 13/158 Gold tier (idiosyncratic) | 145 Silver tier (factor-driven) in 19.6s
2026-07-10 01:51:15  INFO        [1h] Computing VolumeStructure features...
2026-07-10 01:54:13  INFO        [1h] Features saved: 162 assets in 178.4s
2026-07-10 01:54:13  INFO        [1h] Regime classification (162 assets)...
2026-07-10 01:56:07  INFO        [1h] Regimes fitted: 2 assets (2 per-bar label files saved) in 113.8s
2026-07-10 01:56:07  INFO        CrossAssetTagger: 1 structural pairs (triangular arbitrage / share-class / same-index-tracking ETFs) excluded from primary findings
2026-07-10 01:56:07  INFO        [1h] Cross-asset split: same=154, cross=3
2026-07-10 01:56:07  INFO        [1h] Trio enumeration + Johansen...
2026-07-10 01:56:07  INFO        [1h] Testing 500 trios with Johansen...
2026-07-10 01:56:17  INFO        [1h] Trio testing complete in 10.3s
2026-07-10 01:56:17  INFO        [1h] Confirmed trios: 491/500
2026-07-10 01:56:17  INFO        [1h] filter funnel:
tf_label                      stage  n_before  n_after  n_removed
      1h    pearson_prefilter_pairs   1146855    38556    1108299
      1h            eg_bh_fdr_pairs     38556      158      38398
      1h     price_degeneracy_pairs       158      158          0
      1h structural_exclusion_pairs       158      157          1
      1h coint_frac_threshold_pairs       157       18        139
2026-07-10 01:56:17  INFO        [1h] coint_frac filter: 139 pairs removed (coint_fraction_rolling < 0.70 and no clean secondary evidence); 18 pairs below the threshold kept anyway via secondary-evidence override
2026-07-10 01:56:18  INFO        [1h] GICS tagged: 18/18 pairs have sector_a
2026-07-10 01:56:18  INFO        [1h] saved 18 pairs \u2192 C:\Users\RossW\Projects\CAMARF\output\results\1hr/pairs.parquet
2026-07-10 01:56:18  INFO        [1h] Rolling coint on 8 pairs (window=252, step=21)...
2026-07-10 01:56:24  INFO        [1h] Rolling coint complete in 5.8s
2026-07-10 01:56:30  INFO        [1h] persisted per-bar spread/z-score series for 158/158 EG+FDR-confirmed pairs (post price-degeneracy filter, pre coint_frac/structural)
2026-07-10 01:56:30  INFO        [1h] saved 158 pre-coint_frac/pre-structural candidates \u2192 C:\Users\RossW\Projects\CAMARF\output\results\1hr/all_candidates.parquet
2026-07-10 01:56:30  INFO        [1h] 1 structural pairs excluded from pairs.parquet (logged to bias_audit)
2026-07-10 01:56:30  INFO        [1h] saved 3 cross-asset pairs
2026-07-10 01:56:30  INFO        [1h] saved 491 trios
2026-07-10 01:56:30  INFO        [1h] saved 2 regime profiles
2026-07-10 01:56:31  INFO      ----------------------------------------------------------------------
2026-07-10 01:56:31  INFO        Timeframe: 4h
2026-07-10 01:56:31  INFO      ----------------------------------------------------------------------
2026-07-10 01:56:33  INFO        [4h] 1513 assets have data for this TF
2026-07-10 01:56:44  INFO        [4h] aligned: 1513 assets
2026-07-10 01:56:48  INFO        [4h] Computing 1513×1513 correlation matrices (Pearson + Spearman + rolling avg)...
2026-07-10 01:56:53  INFO        [4h] Pearson 1.1s | Spearman 2.2s | RollingAvg 1.5s
2026-07-10 01:56:54  INFO        [4h] Candidate pairs: 67082 (4090 cross-asset)  threshold |\u03c1| \u2265 0.40  [gold=40372 silver=22562 bronze=4148]
2026-07-10 01:56:54  INFO        [4h] Running EG on 67082 pairs (workers=12, max_lag=10)...
2026-07-10 02:05:51  INFO        [4h] EG complete in 535.3s
2026-07-10 02:05:51  INFO        [4h] EG: tested=67082, raw<0.05=3422, FDR-adjusted<0.05=5
2026-07-10 02:05:51  INFO        [4h] Rolling coint on 5 pairs (window=252, step=21)...
2026-07-10 02:05:58  INFO        [4h] Rolling coint complete in 7.3s
2026-07-10 02:05:58  INFO        [4h] Per-pair modeling: hedge ratios + spread + decay...
2026-07-10 02:06:00  INFO        [4h] Per-pair modeling done in 2.1s — 5 PairResult objects built
2026-07-10 02:06:00  INFO        [4h] Eigenportfolio validation on 5 pairs...
2026-07-10 02:06:19  INFO        [4h]   K=131 systematic factors removed (MP \u03bb+=2.204)
2026-07-10 02:06:19  INFO        [4h]   Eigenportfolio: 4/5 Gold tier (idiosyncratic) | 1 Silver tier (factor-driven) in 18.9s
2026-07-10 02:06:19  INFO        [4h] Computing VolumeStructure features...
2026-07-10 02:06:22  INFO        [4h] Features saved: 8 assets in 2.9s
2026-07-10 02:06:22  INFO        [4h] Regime classification (8 assets)...
2026-07-10 02:09:07  INFO        [4h] Regimes fitted: 8 assets (8 per-bar label files saved) in 165.1s
2026-07-10 02:09:07  INFO        CrossAssetTagger: 1 structural pairs (triangular arbitrage / share-class / same-index-tracking ETFs) excluded from primary findings
2026-07-10 02:09:07  INFO        [4h] Cross-asset split: same=4, cross=0
2026-07-10 02:09:07  INFO        [4h] Trio enumeration + Johansen...
2026-07-10 02:09:07  INFO        [4h] Testing 3 trios with Johansen...
2026-07-10 02:09:12  INFO        [4h] Trio testing complete in 4.8s
2026-07-10 02:09:12  INFO        [4h] Confirmed trios: 3/3
2026-07-10 02:09:12  INFO        [4h] filter funnel:
tf_label                      stage  n_before  n_after  n_removed
      4h    pearson_prefilter_pairs   1143828    67082    1076746
      4h            eg_bh_fdr_pairs     67082        5      67077
      4h     price_degeneracy_pairs         5        5          0
      4h structural_exclusion_pairs         5        4          1
      4h coint_frac_threshold_pairs         4        0          4
2026-07-10 02:09:12  INFO        [4h] coint_frac filter: 4 pairs removed (coint_fraction_rolling < 0.70 and no clean secondary evidence); 0 pairs below the threshold kept anyway via secondary-evidence override
2026-07-10 02:09:12  INFO        [4h] 1 structural pairs excluded from pairs.parquet (logged to bias_audit)
2026-07-10 02:09:12  INFO        [4h] saved 3 trios
2026-07-10 02:09:12  INFO        [4h] saved 8 regime profiles
2026-07-10 02:09:13  INFO      ----------------------------------------------------------------------
2026-07-10 02:09:13  INFO        Timeframe: 1D
2026-07-10 02:09:13  INFO      ----------------------------------------------------------------------
2026-07-10 02:09:18  INFO        [1D] 1593 assets have data for this TF
2026-07-10 02:09:19  INFO      DataAligner: aligning 1593 assets to NYSE calendar (1962-01-02 \u2192 2026-07-09, 16237 sessions)
2026-07-10 02:10:11  INFO      DataAligner: 1578/1593 assets aligned (15 excluded for excessive gaps)
2026-07-10 02:10:11  INFO        [1D] aligned: 1578 assets
2026-07-10 02:10:17  INFO        [1D] Computing 1574×1574 correlation matrices (Pearson + Spearman + rolling avg)...
2026-07-10 02:10:40  INFO        [1D] Pearson 7.6s | Spearman 11.4s | RollingAvg 3.8s
2026-07-10 02:10:45  INFO        [1D] Candidate pairs: 129406 (8272 cross-asset)  threshold |\u03c1| \u2265 0.40  [gold=70510 silver=33359 bronze=25537]
2026-07-10 02:10:45  INFO        [1D] Running EG on 129406 pairs (workers=12, max_lag=10)...
2026-07-10 02:12:07  INFO        [1D] EG complete in 80.2s
2026-07-10 02:12:07  INFO        [1D] EG: tested=129406, raw<0.05=7, FDR-adjusted<0.05=1
2026-07-10 02:12:07  INFO        [1D] Rolling coint on 1 pairs (window=252, step=21)...
2026-07-10 02:12:12  INFO        [1D] Rolling coint complete in 4.9s
2026-07-10 02:12:12  INFO        [1D] Per-pair modeling: hedge ratios + spread + decay...
2026-07-10 02:12:13  INFO        [1D] Per-pair modeling done in 0.9s — 1 PairResult objects built
2026-07-10 02:12:13  INFO        [1D] Eigenportfolio validation on 1 pairs...
2026-07-10 02:12:54  INFO        [1D]   K=121 systematic factors removed (MP \u03bb+=1.720)
2026-07-10 02:12:54  INFO        [1D]   Eigenportfolio: 0/1 Gold tier (idiosyncratic) | 1 Silver tier (factor-driven) in 41.4s
2026-07-10 02:12:54  INFO        [1D] Computing VolumeStructure features...
2026-07-10 02:12:55  INFO        [1D] Features saved: 2 assets in 1.2s
2026-07-10 02:12:55  INFO        [1D] Regime classification (2 assets)...
2026-07-10 02:14:00  INFO        [1D] Regimes fitted: 2 assets (2 per-bar label files saved) in 64.9s
2026-07-10 02:14:00  INFO        [1D] Cross-asset split: same=1, cross=0
2026-07-10 02:14:00  INFO        [1D] Trio enumeration + Johansen...
2026-07-10 02:14:00  INFO        [1D] Threshold calibration...
2026-07-10 02:14:16  INFO        [1D] Pearson calibration: 7 thresholds
2026-07-10 02:14:35  INFO        [1D]   \u03c1\u22650.45: candidates=64036, sample_confirmed=0/2000, rate=0.000
2026-07-10 02:14:52  INFO        [1D]   \u03c1\u22650.50: candidates=29042, sample_confirmed=0/2000, rate=0.000
2026-07-10 02:15:09  INFO        [1D]   \u03c1\u22650.55: candidates=12883, sample_confirmed=1/2000, rate=0.001
2026-07-10 02:15:27  INFO        [1D]   \u03c1\u22650.60: candidates=6141, sample_confirmed=1/2000, rate=0.001
2026-07-10 02:15:44  INFO        [1D]   \u03c1\u22650.65: candidates=2889, sample_confirmed=1/2000, rate=0.001
2026-07-10 02:16:00  INFO        [1D]   \u03c1\u22650.70: candidates=1156, sample_confirmed=0/1156, rate=0.000
2026-07-10 02:16:11  INFO        [1D]   \u03c1\u22650.75: candidates=384, sample_confirmed=0/384, rate=0.000
2026-07-10 02:16:11  INFO        [1D] filter funnel:
tf_label                      stage  n_before  n_after  n_removed
      1D    pearson_prefilter_pairs   1244253   129406    1114847
      1D            eg_bh_fdr_pairs    129406        1     129405
      1D     price_degeneracy_pairs         1        1          0
      1D structural_exclusion_pairs         1        1          0
      1D coint_frac_threshold_pairs         1        0          1
2026-07-10 02:16:11  INFO        [1D] coint_frac filter: 1 pairs removed (coint_fraction_rolling < 0.70 and no clean secondary evidence); 0 pairs below the threshold kept anyway via secondary-evidence override
2026-07-10 02:16:11  INFO        [1D] saved 2 regime profiles
2026-07-10 02:16:11  INFO        [1D] saved calibration results
2026-07-10 02:16:13  INFO      ----------------------------------------------------------------------
2026-07-10 02:16:13  INFO        Timeframe: 7D
2026-07-10 02:16:13  INFO      ----------------------------------------------------------------------
2026-07-10 02:16:15  INFO        [7D] 1578 assets have data for this TF
2026-07-10 02:16:18  INFO        [7D] aligned: 1578 assets
2026-07-10 02:16:21  INFO        [7D] Computing 1523×1523 correlation matrices (Pearson + Spearman + rolling avg)...
2026-07-10 02:16:29  INFO        [7D] Pearson 1.9s | Spearman 2.5s | RollingAvg 3.6s
2026-07-10 02:16:34  INFO        [7D] Candidate pairs: 148533 (4117 cross-asset)  threshold |\u03c1| \u2265 0.40  [gold=72218 silver=41834 bronze=34481]
2026-07-10 02:16:34  INFO        [7D] Running EG on 148533 pairs (workers=12, max_lag=10)...
2026-07-10 02:16:58  INFO        [7D] EG complete in 23.7s
2026-07-10 02:16:58  INFO        [7D] EG: tested=148533, raw<0.05=11, FDR-adjusted<0.05=2
2026-07-10 02:16:58  INFO        [7D] Rolling coint on 2 pairs (window=252, step=21)...
2026-07-10 02:17:02  INFO        [7D] Rolling coint complete in 3.3s
2026-07-10 02:17:02  INFO        [7D] Per-pair modeling: hedge ratios + spread + decay...
2026-07-10 02:17:02  INFO        [7D] Per-pair modeling done in 0.4s — 2 PairResult objects built
2026-07-10 02:17:02  INFO        [7D] Eigenportfolio validation on 2 pairs...
2026-07-10 02:17:09  INFO        [7D]   K=89 systematic factors removed (MP \u03bb+=2.800)
2026-07-10 02:17:09  INFO        [7D]   Eigenportfolio: 1/2 Gold tier (idiosyncratic) | 1 Silver tier (factor-driven) in 7.2s
2026-07-10 02:17:09  INFO        [7D] Computing VolumeStructure features...
2026-07-10 02:17:10  INFO        [7D] Features saved: 4 assets in 0.5s
2026-07-10 02:17:10  INFO        [7D] Regime classification (4 assets)...
2026-07-10 02:17:23  WARNING   Model is not converging.  Current: -1998.5399809077417 is not greater than -1964.0064116004557. Delta is -34.533569307285916
2026-07-10 02:17:28  WARNING   Model is not converging.  Current: -2076.6953013075804 is not greater than -2050.8761831094776. Delta is -25.819118198102842
2026-07-10 02:17:30  WARNING   Model is not converging.  Current: -9249.041658982735 is not greater than -9249.037372339404. Delta is -0.004286643330488005
2026-07-10 02:17:40  INFO        [7D] Regimes fitted: 4 assets (4 per-bar label files saved) in 30.4s
2026-07-10 02:17:40  INFO        [7D] Cross-asset split: same=2, cross=0
2026-07-10 02:17:40  INFO        [7D] Trio enumeration + Johansen...
2026-07-10 02:17:40  INFO        [7D] filter funnel:
tf_label                      stage  n_before  n_after  n_removed
      7D    pearson_prefilter_pairs   1244253   148533    1095720
      7D            eg_bh_fdr_pairs    148533        2     148531
      7D     price_degeneracy_pairs         2        2          0
      7D structural_exclusion_pairs         2        2          0
      7D coint_frac_threshold_pairs         2        0          2
2026-07-10 02:17:40  INFO        [7D] coint_frac filter: 2 pairs removed (coint_fraction_rolling < 0.70 and no clean secondary evidence); 0 pairs below the threshold kept anyway via secondary-evidence override
2026-07-10 02:17:40  INFO        [7D] saved 4 regime profiles
2026-07-10 02:17:41  INFO      ----------------------------------------------------------------------
2026-07-10 02:17:41  INFO        Timeframe: 1M
2026-07-10 02:17:41  INFO      ----------------------------------------------------------------------
2026-07-10 02:17:43  INFO        [1M] 1578 assets have data for this TF
2026-07-10 02:17:46  INFO        [1M] aligned: 1578 assets
2026-07-10 02:17:47  INFO        [1M] Computing 1019×1019 correlation matrices (Pearson + Spearman + rolling avg)...
2026-07-10 02:17:49  INFO        [1M] Pearson 0.3s | Spearman 0.5s | RollingAvg 1.1s
2026-07-10 02:17:51  INFO        [1M] Candidate pairs: 38095 (5051 cross-asset)  threshold |\u03c1| \u2265 0.40  [gold=18096 silver=13876 bronze=6123]
2026-07-10 02:17:51  INFO        [1M] Running EG on 38095 pairs (workers=12, max_lag=10)...
2026-07-10 02:18:07  INFO        [1M] EG complete in 15.5s
2026-07-10 02:18:07  INFO        [1M] EG: tested=38095, raw<0.05=14, FDR-adjusted<0.05=1
2026-07-10 02:18:07  INFO        [1M] Rolling coint on 1 pairs (window=252, step=21)...
2026-07-10 02:18:10  INFO        [1M] Rolling coint complete in 3.4s
2026-07-10 02:18:10  INFO        [1M] Per-pair modeling: hedge ratios + spread + decay...
2026-07-10 02:18:10  INFO        [1M] Per-pair modeling done in 0.1s — 1 PairResult objects built
2026-07-10 02:18:10  INFO        [1M] Eigenportfolio validation on 1 pairs...
2026-07-10 02:18:11  INFO        [1M]   K=36 systematic factors removed (MP \u03bb+=4.611)
2026-07-10 02:18:11  INFO        [1M]   Eigenportfolio: 0/1 Gold tier (idiosyncratic) | 1 Silver tier (factor-driven) in 1.1s
2026-07-10 02:18:11  INFO        [1M] Computing VolumeStructure features...
2026-07-10 02:18:11  INFO        [1M] Features saved: 2 assets in 0.1s
2026-07-10 02:18:11  INFO        [1M] Regime classification (2 assets)...
2026-07-10 02:18:23  WARNING   Model is not converging.  Current: -1588.2852973586994 is not greater than -1588.2012916112992. Delta is -0.08400574740016964
2026-07-10 02:18:23  WARNING   Model is not converging.  Current: -1588.2576280026362 is not greater than -1588.1722725091124. Delta is -0.08535549352382077
2026-07-10 02:18:23  WARNING   Model is not converging.  Current: -704.0122390129 is not greater than -703.9892687804316. Delta is -0.022970232468310314
2026-07-10 02:18:29  INFO        [1M] Regimes fitted: 2 assets (2 per-bar label files saved) in 17.1s
2026-07-10 02:18:29  INFO        [1M] Cross-asset split: same=1, cross=0
2026-07-10 02:18:29  INFO        [1M] Trio enumeration + Johansen...
2026-07-10 02:18:29  INFO        [1M] filter funnel:
tf_label                      stage  n_before  n_after  n_removed
      1M    pearson_prefilter_pairs   1244253    38095    1206158
      1M            eg_bh_fdr_pairs     38095        1      38094
      1M     price_degeneracy_pairs         1        1          0
      1M structural_exclusion_pairs         1        1          0
      1M coint_frac_threshold_pairs         1        1          0
2026-07-10 02:18:29  INFO        [1M] GICS tagged: 0/1 pairs have sector_a
2026-07-10 02:18:29  INFO        [1M] saved 1 pairs \u2192 C:\Users\RossW\Projects\CAMARF\output\results\1mo/pairs.parquet
2026-07-10 02:18:29  INFO        [1M] persisted per-bar spread/z-score series for 1/1 EG+FDR-confirmed pairs (post price-degeneracy filter, pre coint_frac/structural)
2026-07-10 02:18:29  INFO        [1M] saved 1 pre-coint_frac/pre-structural candidates \u2192 C:\Users\RossW\Projects\CAMARF\output\results\1mo/all_candidates.parquet
2026-07-10 02:18:29  INFO        [1M] saved 2 regime profiles
2026-07-10 02:18:29  INFO      ----------------------------------------------------------------------
2026-07-10 02:18:29  INFO        Timeframe: 3M
2026-07-10 02:18:29  INFO      ----------------------------------------------------------------------
2026-07-10 02:18:29  INFO        [3M] 1578 assets have data for this TF
2026-07-10 02:18:31  INFO        [3M] aligned: 1578 assets
2026-07-10 02:18:31  INFO        [3M] Computing 4×4 correlation matrices (Pearson + Spearman + rolling avg)...
2026-07-10 02:18:31  INFO        [3M] Pearson 0.0s | Spearman 0.0s | RollingAvg 0.0s
2026-07-10 02:18:31  INFO        [3M] Candidate pairs: 0 (0 cross-asset)  threshold |\u03c1| \u2265 0.40  [gold=0 silver=0 bronze=0]
2026-07-10 02:18:31  INFO        [3M] filter funnel:
tf_label                   stage  n_before  n_after  n_removed
      3M pearson_prefilter_pairs   1244253        0    1244253
2026-07-10 02:18:31  INFO        [3M] no candidate pairs above threshold
2026-07-10 02:18:31  INFO      ----------------------------------------------------------------------
2026-07-10 02:18:31  INFO        Timeframe: 6M
2026-07-10 02:18:31  INFO      ----------------------------------------------------------------------
2026-07-10 02:18:31  INFO        [6M] 1578 assets have data for this TF
2026-07-10 02:18:33  INFO        [6M] aligned: 1578 assets
2026-07-10 02:18:33  WARNING     [6M] UniverseFilter: no valid assets after filtering
2026-07-10 02:18:33  INFO        [6M] filter funnel:
tf_label                   stage  n_before  n_after  n_removed
      6M pearson_prefilter_pairs   1244253        0    1244253
2026-07-10 02:18:33  INFO        [6M] no candidate pairs above threshold
2026-07-10 02:18:33  INFO      Bias audit log saved: 69 entries \u2192 C:\Users\RossW\Projects\CAMARF\output\results\bias_audit.json
2026-07-10 02:18:33  INFO      Script hash saved: 77f24f4d70fdc8f2
2026-07-10 02:18:33  INFO      ======================================================================
2026-07-10 02:18:33  INFO      Pipeline complete in 61.2 min
2026-07-10 02:18:33  INFO        1m: pairs=0 (cross=0), trios=0, regimes=0
2026-07-10 02:18:33  INFO        2m: pairs=0 (cross=0), trios=0, regimes=0
2026-07-10 02:18:33  INFO        3m: pairs=1 (cross=0), trios=6, regimes=7
2026-07-10 02:18:33  INFO        5m: pairs=0 (cross=0), trios=0, regimes=0
2026-07-10 02:18:33  INFO        15m: pairs=0 (cross=0), trios=0, regimes=0
2026-07-10 02:18:33  INFO        30m: pairs=0 (cross=0), trios=0, regimes=0
2026-07-10 02:18:33  INFO        1h: pairs=18 (cross=3), trios=491, regimes=2
2026-07-10 02:18:33  INFO        4h: pairs=0 (cross=0), trios=3, regimes=8
2026-07-10 02:18:33  INFO        1D: pairs=0 (cross=0), trios=0, regimes=2
2026-07-10 02:18:33  INFO        7D: pairs=0 (cross=0), trios=0, regimes=4
2026-07-10 02:18:33  INFO        1M: pairs=1 (cross=0), trios=0, regimes=2
2026-07-10 02:18:33  INFO        3M: pairs=0 (cross=0), trios=0, regimes=0
2026-07-10 02:18:33  INFO        6M: pairs=0 (cross=0), trios=0, regimes=0
2026-07-10 02:18:33  INFO      ======================================================================
2026-07-10 02:18:33  INFO      ANALYSIS RESULTS — SUMMARY
2026-07-10 02:18:33  INFO      ======================================================================
2026-07-10 02:18:33  INFO          1m  pairs=    0  cross=   0  trios=   0  regimes=   0
2026-07-10 02:18:33  INFO          2m  pairs=    0  cross=   0  trios=   0  regimes=   0
2026-07-10 02:18:33  INFO          3m  pairs=    1  cross=   0  trios=   6  regimes=   7
2026-07-10 02:18:33  INFO          5m  pairs=    0  cross=   0  trios=   0  regimes=   0
2026-07-10 02:18:33  INFO         15m  pairs=    0  cross=   0  trios=   0  regimes=   0
2026-07-10 02:18:33  INFO         30m  pairs=    0  cross=   0  trios=   0  regimes=   0
2026-07-10 02:18:33  INFO          1h  pairs=   18  cross=   3  trios= 491  regimes=   2
2026-07-10 02:18:33  INFO          4h  pairs=    0  cross=   0  trios=   3  regimes=   8
2026-07-10 02:18:33  INFO          1D  pairs=    0  cross=   0  trios=   0  regimes=   2
2026-07-10 02:18:33  INFO          7D  pairs=    0  cross=   0  trios=   0  regimes=   4
2026-07-10 02:18:33  INFO          1M  pairs=    1  cross=   0  trios=   0  regimes=   2
2026-07-10 02:18:33  INFO          3M  pairs=    0  cross=   0  trios=   0  regimes=   0
2026-07-10 02:18:33  INFO          6M  pairs=    0  cross=   0  trios=   0  regimes=   0
2026-07-10 02:18:33  INFO        Total bias-audit entries: 69
2026-07-10 02:18:33  INFO        Runtime: 61.2 min
2026-07-10 02:18:33  INFO      ======================================================================
2026-07-10 02:18:33  INFO      Run summary \u2192 C:\Users\RossW\Projects\CAMARF\latest_run_analysis.log
