17:31:12 INFO  === strategy_variation_comparison.py: does the stat-arb structure carry the edge, or would generic single-asset strategies do as well on the same names? ===
17:31:12 INFO  Loaded 8 (pair, tf) rows from all_candidates.parquet across all timeframes
17:31:12 INFO    [stat_arb] PNC/ZION@1h: 21 trades
17:31:12 INFO    [stat_arb] SPY/VOO@1h: 106 trades
17:31:13 INFO    [stat_arb] CRM/NOW@1m: 103 trades
17:31:13 INFO    [stat_arb] SPY/VOO@1m: 83 trades
17:31:13 INFO    [stat_arb] SPY/VOO@2m: 67 trades
17:31:13 INFO    [stat_arb] KVUE/KMB@3m: 0 trades
17:31:13 INFO    [stat_arb] PNC/ZION@4h: 2 trades
17:31:13 INFO    [stat_arb] SPY/VOO@4h: 13 trades
17:31:13 INFO    Loading 4 unique legs at 1h via load_aligned_symbols (gap-flag-aware)...
17:31:13 INFO    [breakout] PNC@1h: 154 trades
17:31:13 INFO    [dca_trend] PNC@1h: 302 trades
17:31:13 INFO    [mean_reversion] PNC@1h: 38 trades
17:31:13 INFO    [breakout] SPY@1h: 103 trades
17:31:14 INFO    [dca_trend] SPY@1h: 328 trades
17:31:14 INFO    [mean_reversion] SPY@1h: 26 trades
17:31:14 INFO    [breakout] VOO@1h: 102 trades
17:31:14 INFO    [dca_trend] VOO@1h: 329 trades
17:31:14 INFO    [mean_reversion] VOO@1h: 26 trades
17:31:14 INFO    [breakout] ZION@1h: 192 trades
17:31:14 INFO    [dca_trend] ZION@1h: 302 trades
17:31:14 INFO    [mean_reversion] ZION@1h: 40 trades
17:31:14 INFO    Loading 4 unique legs at 1m via load_aligned_symbols (gap-flag-aware)...
17:31:14 INFO    [breakout] CRM@1m: 224 trades
17:31:14 INFO    [dca_trend] CRM@1m: 896 trades
17:31:14 INFO    [mean_reversion] CRM@1m: 79 trades
17:31:14 INFO    [breakout] NOW@1m: 236 trades
17:31:15 INFO    [dca_trend] NOW@1m: 899 trades
17:31:15 INFO    [mean_reversion] NOW@1m: 66 trades
17:31:15 INFO    [breakout] SPY@1m: 219 trades
17:31:15 INFO    [dca_trend] SPY@1m: 896 trades
17:31:15 INFO    [mean_reversion] SPY@1m: 54 trades
17:31:15 INFO    [breakout] VOO@1m: 218 trades
17:31:16 INFO    [dca_trend] VOO@1m: 890 trades
17:31:16 INFO    [mean_reversion] VOO@1m: 53 trades
17:31:16 INFO    Loading 2 unique legs at 2m via load_aligned_symbols (gap-flag-aware)...
17:31:16 INFO    [breakout] SPY@2m: 206 trades
17:31:16 INFO    [dca_trend] SPY@2m: 893 trades
17:31:16 INFO    [mean_reversion] SPY@2m: 85 trades
17:31:16 INFO    [breakout] VOO@2m: 206 trades
17:31:16 INFO    [dca_trend] VOO@2m: 895 trades
17:31:16 INFO    [mean_reversion] VOO@2m: 84 trades
17:31:16 INFO    Loading 2 unique legs at 3m via load_aligned_symbols (gap-flag-aware)...
17:31:16 INFO    [breakout] KMB@3m: 72 trades
17:31:17 INFO    [dca_trend] KMB@3m: 292 trades
17:31:17 INFO    [mean_reversion] KMB@3m: 69 trades
17:31:17 INFO    [breakout] KVUE@3m: 68 trades
17:31:17 INFO    [dca_trend] KVUE@3m: 288 trades
17:31:17 INFO    [mean_reversion] KVUE@3m: 78 trades
17:31:17 INFO    Loading 4 unique legs at 4h via load_aligned_symbols (gap-flag-aware)...
17:31:17 INFO    [breakout] PNC@4h: 116 trades
17:31:17 INFO    [dca_trend] PNC@4h: 252 trades
17:31:17 INFO    [mean_reversion] PNC@4h: 60 trades
17:31:17 INFO    [breakout] SPY@4h: 85 trades
17:31:17 INFO    [dca_trend] SPY@4h: 277 trades
17:31:17 INFO    [mean_reversion] SPY@4h: 45 trades
17:31:17 INFO    [breakout] VOO@4h: 87 trades
17:31:17 INFO    [dca_trend] VOO@4h: 277 trades
17:31:17 INFO    [mean_reversion] VOO@4h: 45 trades
17:31:17 INFO    [breakout] ZION@4h: 140 trades
17:31:17 INFO    [dca_trend] ZION@4h: 251 trades
17:31:17 INFO    [mean_reversion] ZION@4h: 58 trades
17:31:17 INFO  
17:31:17 INFO  === Pooled comparison (all trades per arm pooled before computing one Sharpe each) ===
17:31:17 INFO    stat_arb         @ 1h  : n=127  sharpe=9.1963   profit_factor=4.1628   win_rate=0.2835
17:31:17 INFO    stat_arb         @ 1m  : n=186  sharpe=38.036   profit_factor=2.8411   win_rate=0.2151
17:31:17 INFO    stat_arb         @ 2m  : n=67   sharpe=54.3372  profit_factor=3.3854   win_rate=0.3284
17:31:17 INFO    stat_arb         @ 4h  : n=15   sharpe=5.1653   profit_factor=7.7345   win_rate=0.2667
17:31:17 INFO    breakout         @ 1h  : n=551  sharpe=-0.8622  profit_factor=0.9373   win_rate=0.3866
17:31:17 INFO    breakout         @ 1m  : n=897  sharpe=-39.4834 profit_factor=0.658    win_rate=0.3857
17:31:17 INFO    breakout         @ 2m  : n=412  sharpe=-80.8789 profit_factor=0.3394   win_rate=0.3447
17:31:17 INFO    breakout         @ 3m  : n=140  sharpe=-16.8124 profit_factor=0.7445   win_rate=0.45
17:31:17 INFO    breakout         @ 4h  : n=428  sharpe=-0.4768  profit_factor=0.915    win_rate=0.3902
17:31:17 INFO    dca_trend        @ 1h  : n=1261 sharpe=2.5201   profit_factor=1.2383   win_rate=0.3347
17:31:17 INFO    dca_trend        @ 1m  : n=3581 sharpe=-110.7992 profit_factor=0.3322   win_rate=0.1837
17:31:17 INFO    dca_trend        @ 2m  : n=1788 sharpe=-79.9059 profit_factor=0.365    win_rate=0.198
17:31:17 INFO    dca_trend        @ 3m  : n=580  sharpe=-55.3369 profit_factor=0.3287   win_rate=0.1741
17:31:17 INFO    dca_trend        @ 4h  : n=1057 sharpe=1.5105   profit_factor=1.3996   win_rate=0.3519
17:31:17 INFO    mean_reversion   @ 1h  : n=130  sharpe=-2.726   profit_factor=0.8059   win_rate=0.5923
17:31:17 INFO    mean_reversion   @ 1m  : n=252  sharpe=-32.2671 profit_factor=0.6908   win_rate=0.3849
17:31:17 INFO    mean_reversion   @ 2m  : n=169  sharpe=-42.1474 profit_factor=0.5615   win_rate=0.4142
17:31:17 INFO    mean_reversion   @ 3m  : n=147  sharpe=-1.9015  profit_factor=0.9604   win_rate=0.4762
17:31:17 INFO    mean_reversion   @ 4h  : n=208  sharpe=1.5024   profit_factor=1.3245   win_rate=0.6346
17:31:17 INFO  Saved -> output/research/strategy_variation_comparison_{per_pair,pooled}.parquet
17:31:17 INFO  ============================================================
17:31:17 INFO  strategy_variation_comparison.py complete (0.1 min)
