2026-07-11 23:51:06  INFO      ======================================================================
2026-07-11 23:51:06  INFO      CAMARF  —  report.py  —  LaTeX Report Generator
2026-07-11 23:51:06  INFO      ======================================================================
2026-07-11 23:51:06  INFO      Loaded: 26 pairs, 319 OOS trades, 1516 IS trades
2026-07-11 23:51:06  INFO      Generating figures...
2026-07-11 23:51:07  INFO        [fig] tier -> figures/tier_distribution.png
2026-07-11 23:51:07  INFO        [fig] equity -> figures/equity_curve.png
2026-07-11 23:51:08  INFO        [fig] evt -> figures/evt_tail_risk.png
2026-07-11 23:51:08  INFO        [fig] slippage -> figures/slippage_sensitivity.png
2026-07-11 23:51:09  INFO        [fig] dcc -> figures/dcc_rolling.png
2026-07-11 23:51:11  INFO        [fig] mc -> figures/mc_distribution.png
2026-07-11 23:51:11  INFO        [fig] mfe -> figures/mfe_mae.png
2026-07-11 23:51:11  INFO        [fig] hedge -> figures/hedge_estimators.png
2026-07-11 23:51:11  INFO        [fig] coint_frac_hist -> figures/coint_fraction_hist.png
2026-07-11 23:51:12  INFO        [fig] half_life_tier -> figures/half_life_by_tier.png
2026-07-11 23:51:12  INFO        [fig] hurst_scatter -> figures/hurst_scatter.png
2026-07-11 23:51:12  INFO      Using categorical units to plot a list of strings that are all parsable as floats or dates. If these strings should be plotted as numbers, cast to the appropriate data type before plotting.
2026-07-11 23:51:12  INFO      Using categorical units to plot a list of strings that are all parsable as floats or dates. If these strings should be plotted as numbers, cast to the appropriate data type before plotting.
2026-07-11 23:51:12  INFO      Using categorical units to plot a list of strings that are all parsable as floats or dates. If these strings should be plotted as numbers, cast to the appropriate data type before plotting.
2026-07-11 23:51:12  INFO      Using categorical units to plot a list of strings that are all parsable as floats or dates. If these strings should be plotted as numbers, cast to the appropriate data type before plotting.
2026-07-11 23:51:12  INFO        [fig] tf_dist -> figures/timeframe_distribution.png
2026-07-11 23:51:12  INFO        [fig] half_life_trend -> figures/half_life_trend.png
2026-07-11 23:51:13  INFO        [fig] pair_sharpe_oos -> figures/per_pair_sharpe_oos.png
2026-07-11 23:51:13  INFO        [fig] exit_reasons -> figures/exit_reasons.png
2026-07-11 23:51:13  INFO        [fig] hold_duration -> figures/hold_duration.png
2026-07-11 23:51:13  INFO        [fig] entry_z_pnl -> figures/entry_z_vs_pnl.png
2026-07-11 23:51:14  INFO        [fig] pnl_by_pair -> figures/pnl_by_pair.png
2026-07-11 23:51:14  INFO        [fig] variant_cmp -> figures/variant_comparison.png
2026-07-11 23:51:15  INFO        [fig] win_rate_cmp -> figures/win_rate_is_vs_oos.png
2026-07-11 23:51:16  INFO        [fig] all_hedge_est -> figures/all_hedge_estimators.png
2026-07-11 23:51:16  INFO        [fig] evt_xi_scatter -> figures/evt_xi_scatter.png
2026-07-11 23:51:17  INFO        [fig] coint_vs_sharpe -> figures/coint_vs_oos_sharpe.png
2026-07-11 23:51:17  INFO        [fig] perm_dist -> figures/perm_distribution.png
2026-07-11 23:51:17  INFO        [fig] mc_quality -> figures/mc_quality.png
2026-07-11 23:51:20  INFO        [fig] dcc_heatmap -> figures/dcc_heatmap.png
2026-07-11 23:51:20  INFO      Figures generated: 26/26
2026-07-11 23:51:20  INFO      Building main.tex...
2026-07-11 23:51:20  INFO      main.tex written: 27,655 chars
2026-07-11 23:51:20  INFO      references.bib written
2026-07-11 23:51:20  INFO      compile.bat written
2026-07-11 23:51:20  INFO      Done in 0.2 min. Output: C:\Users\RossW\Projects\CAMARF\output\report
2026-07-11 23:51:20  INFO      To compile: cd output/report && pdflatex main.tex && bibtex main && pdflatex main.tex x2
EXIT:0
