00:30:59 INFO  distance.py — Gatev-style SSD baseline
2026-07-12 00:30:59  INFO      distance.py — Gatev-style SSD baseline
00:30:59 INFO  ============================================================
2026-07-12 00:30:59  INFO      ============================================================
00:30:59 INFO  Loaded 26 confirmed cointegration pairs
2026-07-12 00:30:59  INFO      Loaded 26 confirmed cointegration pairs
00:30:59 INFO  
--- Timeframe: 1h ---
2026-07-12 00:30:59  INFO      
--- Timeframe: 1h ---
00:30:59 INFO    Formation window: 2023-07-24 => 2025-01-15
2026-07-12 00:30:59  INFO        Formation window: 2023-07-24 => 2025-01-15
00:30:59 INFO    Trading window:   2025-01-15 => 2026-07-10
2026-07-12 00:30:59  INFO        Trading window:   2025-01-15 => 2026-07-10
00:30:59 INFO    Loading prices for 36 symbols (formation <= 2025-01-15)
2026-07-12 00:30:59  INFO        Loading prices for 36 symbols (formation <= 2025-01-15)
00:31:00 INFO    36 symbols loaded with sufficient formation data
2026-07-12 00:31:00  INFO        36 symbols loaded with sufficient formation data
00:31:00 INFO    Top-20 distance pairs by SSD (lowest = most co-moving):
2026-07-12 00:31:00  INFO        Top-20 distance pairs by SSD (lowest = most co-moving):
00:31:00 INFO      CMS/LNT  SSD=2.8342  n=2221
2026-07-12 00:31:00  INFO          CMS/LNT  SSD=2.8342  n=2221
00:31:00 INFO      MET/QQQ  SSD=6.8685  n=2223
2026-07-12 00:31:00  INFO          MET/QQQ  SSD=6.8685  n=2223
00:31:00 INFO      CMS/PFG  SSD=10.5528  n=2220
2026-07-12 00:31:00  INFO          CMS/PFG  SSD=10.5528  n=2220
00:31:00 INFO      LNT/PFG  SSD=12.1827  n=2220
2026-07-12 00:31:00  INFO          LNT/PFG  SSD=12.1827  n=2220
00:31:00 INFO      PFG/WCC  SSD=12.6902  n=2219
2026-07-12 00:31:00  INFO          PFG/WCC  SSD=12.6902  n=2219
00:31:00 INFO    Overlap: 2/24 confirmed pairs also selected by distance (top-20)
2026-07-12 00:31:00  INFO        Overlap: 2/24 confirmed pairs also selected by distance (top-20)
00:31:00 INFO    Running distance-method OOS simulation...
2026-07-12 00:31:00  INFO        Running distance-method OOS simulation...
00:31:01 INFO    Distance portfolio: Sharpe=7.865  n_trades=46  total_pnl=345.02%  WR=78.3%
2026-07-12 00:31:01  INFO        Distance portfolio: Sharpe=7.865  n_trades=46  total_pnl=345.02%  WR=78.3%
00:31:01 INFO    Running cointegration OOS via BacktestEngine...
2026-07-12 00:31:01  INFO        Running cointegration OOS via BacktestEngine...
00:31:02 INFO    Coint portfolio: pooled_portfolio_Sharpe=8.542  (OLD unweighted mean_pair_Sharpe=20.435, kept for reference only -- see BUG-D59)  n_pairs=21/24 with valid per-pair Sharpe  n_trades_pooled=222
2026-07-12 00:31:02  INFO        Coint portfolio: pooled_portfolio_Sharpe=8.542  (OLD unweighted mean_pair_Sharpe=20.435, kept for reference only -- see BUG-D59)  n_pairs=21/24 with valid per-pair Sharpe  n_trades_pooled=222
00:31:02 INFO  
  === 1h SUMMARY ===
  Distance (top-20 by SSD):  Sharpe = 7.865  n_trades = 46
  Cointegration (24 pairs):  POOLED portfolio Sharpe = 8.542  (OLD unweighted mean-of-per-pair-Sharpe = 20.435, see BUG-D59)
  Pairs in both selections: 2/24
2026-07-12 00:31:02  INFO      
  === 1h SUMMARY ===
  Distance (top-20 by SSD):  Sharpe = 7.865  n_trades = 46
  Cointegration (24 pairs):  POOLED portfolio Sharpe = 8.542  (OLD unweighted mean-of-per-pair-Sharpe = 20.435, see BUG-D59)
  Pairs in both selections: 2/24
00:31:02 INFO  Saved => C:\Users\RossW\Projects\CAMARF\output\stats\distance_baseline.parquet (24 rows)
2026-07-12 00:31:02  INFO      Saved => C:\Users\RossW\Projects\CAMARF\output\stats\distance_baseline.parquet (24 rows)
00:31:02 INFO  Saved => C:\Users\RossW\Projects\CAMARF\output\stats\distance_summary.json
2026-07-12 00:31:02  INFO      Saved => C:\Users\RossW\Projects\CAMARF\output\stats\distance_summary.json
00:31:02 INFO  ============================================================
2026-07-12 00:31:02  INFO      ============================================================
00:31:02 INFO  distance.py complete (0.0 min)
2026-07-12 00:31:02  INFO      distance.py complete (0.0 min)
EXIT:0
