2026-08-03 08:47:18  INFO      ======================================================================
2026-08-03 08:47:18  INFO      CAMARF  —  analysis.py  —  Cross-Asset Co-Movement Analysis
2026-08-03 08:47:18  INFO      ======================================================================
2026-08-03 08:56:26  INFO      Resuming — 1357 assets already complete (config hash 86ca897df0541bcf)
2026-08-03 08:56:26  INFO      Building asset universe...
2026-08-03 08:56:26  INFO      S&P 500: 503 tickers from Wikipedia
2026-08-03 08:56:27  INFO        S&P MidCap 400: 400 tickers from Wikipedia
2026-08-03 08:56:27  INFO        S&P MidCap 400: fetched 400 tickers (net new after S&P 500 overlap removed by dedup)
2026-08-03 08:56:28  INFO        S&P SmallCap 600: 603 tickers from Wikipedia
2026-08-03 08:56:28  INFO        S&P SmallCap 600: fetched 603 tickers (net new after dedup)
2026-08-03 08:56:28  INFO        S&P 1500 total equities in universe: 1506
2026-08-03 08:56:28  INFO        International equities + ADRs + FX spots added: 108 symbols
2026-08-03 08:56:28  INFO        Total universe: 1697 assets
2026-08-03 08:56:28  INFO      Exclusion list: skipping 3 assets ['BNY', 'FDXF', 'VLTO']
2026-08-03 08:56:28  INFO      Universe candidates: 1694 assets
2026-08-03 08:56:28  INFO      Phase 1 (yfinance daily): 1517 equities + 89 intl equities + 15 crypto + 25 forex/FX + 21 ETFs
2026-08-03 09:00:14  INFO        WRDS primary: 1512/1538 equity/ETF symbols sourced from output/cache/wrds/ (['1D', '1M', '3M', '6M', '7D'])
2026-08-03 09:00:15  INFO        Read-only mode (fetch=False): skipping yfinance fetch for 6 uncached + 148 stale daily assets — using cache as-is
2026-08-03 09:00:15  INFO        All daily data cached and current — skipping yfinance download
2026-08-03 09:00:18  INFO        1508 equities + 19 forex need IBKR intraday
2026-08-03 09:00:18  INFO        Read-only mode (fetch=False): 1554 assets need intraday data but fetching is disabled — using cache as-is (expected for analysis.py; run data.py to backfill)
2026-08-03 09:03:17  INFO      Universe complete: 1660 assets passed, 0 excluded
2026-08-03 09:03:17  INFO      Data keys: 20457 symbol-timeframe combinations (14870 loaded from cache)
2026-08-03 09:03:17  INFO      Run summary → C:\Users\RossW\Projects\CAMARF\latest_run_data.log
2026-08-03 09:03:17  INFO      Universe loaded: 1660 assets, 20457 symbol-TF combinations
2026-08-03 09:03:17  INFO      ======================================================================
2026-08-03 09:03:17  INFO      CAMARF — analysis.py — Pipeline start
2026-08-03 09:03:17  INFO      ======================================================================
2026-08-03 09:03:17  INFO        Universe: 1660 assets, 20457 symbol-TF combinations
2026-08-03 09:03:17  INFO      Script hash unchanged (9a2717dfc62925b9) — reusing prior results
2026-08-03 09:03:17  INFO        Timeframes: ['1m', '2m', '3m', '5m', '15m', '30m', '1h', '4h', '1D', '7D', '1M', '3M', '6M']
2026-08-03 09:03:17  INFO      ----------------------------------------------------------------------
2026-08-03 09:03:17  INFO        Timeframe: 1m
2026-08-03 09:03:17  INFO      ----------------------------------------------------------------------
2026-08-03 09:03:18  INFO        [1m] 1473 assets have data for this TF
2026-08-03 09:03:43  INFO        [1m] ADV filter (>=$25M): removed 404 symbols (kept 1069/1473)
2026-08-03 09:03:59  INFO        [1m] aligned: 1069 assets
2026-08-03 09:04:02  INFO        [1m] Computing 1069×1069 correlation matrices (Pearson + Spearman + rolling avg)...
2026-08-03 09:04:28  INFO        [1m] Pearson 6.1s | Spearman 5.1s | RollingAvg 14.5s
2026-08-03 09:04:29  INFO        [1m] Candidate pairs: 806 (182 cross-asset)  threshold |ρ| ≥ 0.40  [gold=512 silver=204 bronze=90]
2026-08-03 09:04:29  INFO        [1m] Running EG on 806 pairs, BOTH regression directions (workers=6, max_lag=10)...
2026-08-03 09:04:48  INFO        [1m] EG complete in 18.8s
2026-08-03 09:04:48  INFO        [1m] EG (both-directions, max-combined): tested=416, raw<0.05=7, FDR-adjusted<0.05=1
2026-08-03 09:04:48  INFO        [1m] Rolling coint on 1 pairs (window=252, step=21)...
2026-08-03 09:04:53  INFO        [1m] Rolling coint complete in 4.3s
2026-08-03 09:04:53  INFO        [1m] Per-pair modeling: hedge ratios + spread + decay...
2026-08-03 09:05:07  INFO        [1m] Per-pair modeling done in 14.4s — 1 PairResult objects built
2026-08-03 09:05:07  INFO        [1m] Eigenportfolio validation on 1 pairs...
2026-08-03 09:05:07  WARNING     Eigenportfolio: 88 NaN entries in the 1069x1069 correlation matrix (insufficient pairwise overlap) — treated as uncorrelated (0) before eigendecomposition
2026-08-03 09:05:42  INFO        [1m]   K=249 systematic factors removed (MP λ+=1.314)
2026-08-03 09:05:42  INFO        [1m]   Eigenportfolio: 0/1 Gold tier (idiosyncratic) | 1 Silver tier (factor-driven) in 34.9s
2026-08-03 09:05:42  INFO        [1m] Computing VolumeStructure features...
2026-08-03 09:05:45  INFO        [1m] Features saved: 2 assets in 2.9s
2026-08-03 09:05:45  INFO        [1m] Regime classification (2 assets)...
2026-08-03 09:06:22  INFO        [1m] Regimes fitted: 2 assets (2 per-bar label files saved) in 36.6s
2026-08-03 09:06:22  INFO        CrossAssetTagger: 1 structural pairs (triangular arbitrage / share-class / same-index-tracking ETFs) excluded from primary findings
2026-08-03 09:06:22  INFO        [1m] Cross-asset split: same=0, cross=0
2026-08-03 09:06:22  INFO        [1m] Trio enumeration + Johansen...
2026-08-03 09:06:22  INFO        [1m] filter funnel:
tf_label                      stage  n_before  n_after  n_removed
      1m      adv_liquidity_symbols      1473     1069        404
      1m    pearson_prefilter_pairs    570846      806     570040
      1m            eg_bh_fdr_pairs       806        1        805
      1m     price_degeneracy_pairs         1        1          0
      1m structural_exclusion_pairs         1        0          1
      1m coint_frac_threshold_pairs         0        0          0
2026-08-03 09:06:22  INFO        [1m] persisted per-bar spread/z-score series for 1/1 EG+FDR-confirmed pairs (post price-degeneracy filter, pre coint_frac/structural)
2026-08-03 09:06:22  INFO        [1m] saved 1 pre-coint_frac/pre-structural candidates → C:\Users\RossW\Projects\CAMARF\output\results\1min/all_candidates.parquet
2026-08-03 09:06:22  INFO        [1m] 1 structural pairs excluded from pairs.parquet (logged to bias_audit)
2026-08-03 09:06:22  INFO        [1m] saved 2 regime profiles
2026-08-03 09:06:22  INFO      ----------------------------------------------------------------------
2026-08-03 09:06:22  INFO        Timeframe: 2m
2026-08-03 09:06:22  INFO      ----------------------------------------------------------------------
2026-08-03 09:06:24  INFO        [2m] 1538 assets have data for this TF
2026-08-03 09:06:50  INFO        [2m] ADV filter (>=$25M): removed 468 symbols (kept 1070/1538)
2026-08-03 09:07:05  INFO        [2m] aligned: 1070 assets
2026-08-03 09:07:08  INFO        [2m] Computing 1070×1070 correlation matrices (Pearson + Spearman + rolling avg)...
2026-08-03 09:07:29  INFO        [2m] Pearson 4.0s | Spearman 5.5s | RollingAvg 10.9s
2026-08-03 09:07:29  INFO        [2m] Candidate pairs: 1570 (333 cross-asset)  threshold |ρ| ≥ 0.40  [gold=1007 silver=342 bronze=221]
2026-08-03 09:07:29  INFO        [2m] Running EG on 1570 pairs, BOTH regression directions (workers=6, max_lag=10)...
2026-08-03 09:08:03  INFO        [2m] EG complete in 32.7s
2026-08-03 09:08:03  INFO        [2m] EG (both-directions, max-combined): tested=1024, raw<0.05=31, FDR-adjusted<0.05=2
2026-08-03 09:08:03  INFO        [2m] Rolling coint on 2 pairs (window=252, step=21)...
2026-08-03 09:08:08  INFO        [2m] Rolling coint complete in 5.2s
2026-08-03 09:08:08  INFO        [2m] Per-pair modeling: hedge ratios + spread + decay...
2026-08-03 09:08:36  INFO        [2m] Per-pair modeling done in 28.5s — 2 PairResult objects built
2026-08-03 09:08:36  INFO        [2m] Eigenportfolio validation on 2 pairs...
2026-08-03 09:09:07  INFO        [2m]   K=233 systematic factors removed (MP λ+=1.314)
2026-08-03 09:09:07  INFO        [2m]   Eigenportfolio: 1/2 Gold tier (idiosyncratic) | 1 Silver tier (factor-driven) in 30.2s
2026-08-03 09:09:07  INFO        [2m] Computing VolumeStructure features...
2026-08-03 09:09:13  INFO        [2m] Features saved: 4 assets in 5.7s
2026-08-03 09:09:13  INFO        [2m] Regime classification (4 assets)...
2026-08-03 09:09:48  INFO        [2m] Regimes fitted: 4 assets (4 per-bar label files saved) in 35.4s
2026-08-03 09:09:48  INFO        CrossAssetTagger: 1 structural pairs (triangular arbitrage / share-class / same-index-tracking ETFs) excluded from primary findings
2026-08-03 09:09:48  INFO        [2m] Cross-asset split: same=1, cross=0
2026-08-03 09:09:48  INFO        [2m] Trio enumeration + Johansen...
2026-08-03 09:09:48  INFO        [2m] filter funnel:
tf_label                      stage  n_before  n_after  n_removed
      2m      adv_liquidity_symbols      1538     1070        468
      2m    pearson_prefilter_pairs    571915     1570     570345
      2m            eg_bh_fdr_pairs      1570        2       1568
      2m     price_degeneracy_pairs         2        2          0
      2m structural_exclusion_pairs         2        1          1
      2m coint_frac_threshold_pairs         1        0          1
2026-08-03 09:09:48  INFO        [2m] coint_frac filter: 1 pairs removed (coint_fraction_rolling < 0.70 and no clean secondary evidence); 0 pairs below the threshold kept anyway via secondary-evidence override
2026-08-03 09:09:48  INFO        [2m] persisted per-bar spread/z-score series for 2/2 EG+FDR-confirmed pairs (post price-degeneracy filter, pre coint_frac/structural)
2026-08-03 09:09:48  INFO        [2m] saved 2 pre-coint_frac/pre-structural candidates → C:\Users\RossW\Projects\CAMARF\output\results\2min/all_candidates.parquet
2026-08-03 09:09:48  INFO        [2m] 1 structural pairs excluded from pairs.parquet (logged to bias_audit)
2026-08-03 09:09:48  INFO        [2m] saved 4 regime profiles
2026-08-03 09:09:49  INFO      ----------------------------------------------------------------------
2026-08-03 09:09:49  INFO        Timeframe: 3m
2026-08-03 09:09:49  INFO      ----------------------------------------------------------------------
2026-08-03 09:09:50  INFO        [3m] 1536 assets have data for this TF
2026-08-03 09:10:15  INFO        [3m] ADV filter (>=$25M): removed 466 symbols (kept 1070/1536)
2026-08-03 09:10:29  INFO        [3m] aligned: 1070 assets
2026-08-03 09:10:32  INFO        [3m] Computing 1064×1064 correlation matrices (Pearson + Spearman + rolling avg)...
2026-08-03 09:10:38  INFO        [3m] Pearson 1.6s | Spearman 1.9s | RollingAvg 3.1s
2026-08-03 09:10:39  INFO        [3m] Candidate pairs: 1153 (312 cross-asset)  threshold |ρ| ≥ 0.40  [gold=856 silver=225 bronze=72]
2026-08-03 09:10:39  INFO        [3m] Running EG on 1153 pairs, BOTH regression directions (workers=6, max_lag=10)...
2026-08-03 09:11:07  INFO        [3m] EG complete in 27.5s
2026-08-03 09:11:07  INFO        [3m] EG (both-directions, max-combined): tested=925, raw<0.05=32, FDR-adjusted<0.05=1
2026-08-03 09:11:07  INFO        [3m] Rolling coint on 1 pairs (window=252, step=21)...
2026-08-03 09:11:12  INFO        [3m] Rolling coint complete in 5.2s
2026-08-03 09:11:12  INFO        [3m] Per-pair modeling: hedge ratios + spread + decay...
2026-08-03 09:11:22  INFO        [3m] Per-pair modeling done in 9.8s — 1 PairResult objects built
2026-08-03 09:11:22  INFO        [3m] Eigenportfolio validation on 1 pairs...
2026-08-03 09:11:22  WARNING     Eigenportfolio: 14 NaN entries in the 1064x1064 correlation matrix (insufficient pairwise overlap) — treated as uncorrelated (0) before eigendecomposition
2026-08-03 09:11:40  INFO        [3m]   K=197 systematic factors removed (MP λ+=1.469)
2026-08-03 09:11:40  INFO        [3m]   Eigenportfolio: 0/1 Gold tier (idiosyncratic) | 1 Silver tier (factor-driven) in 18.5s
2026-08-03 09:11:40  INFO        [3m] Computing VolumeStructure features...
2026-08-03 09:11:43  INFO        [3m] Features saved: 2 assets in 2.2s
2026-08-03 09:11:43  INFO        [3m] Regime classification (2 assets)...
2026-08-03 09:12:11  INFO        [3m] Regimes fitted: 2 assets (2 per-bar label files saved) in 28.7s
2026-08-03 09:12:11  INFO        [3m] Cross-asset split: same=1, cross=0
2026-08-03 09:12:11  INFO        [3m] Trio enumeration + Johansen...
2026-08-03 09:12:11  INFO        [3m] filter funnel:
tf_label                      stage  n_before  n_after  n_removed
      3m      adv_liquidity_symbols      1536     1070        466
      3m    pearson_prefilter_pairs    571915     1153     570762
      3m            eg_bh_fdr_pairs      1153        1       1152
      3m     price_degeneracy_pairs         1        1          0
      3m structural_exclusion_pairs         1        1          0
      3m coint_frac_threshold_pairs         1        1          0
2026-08-03 09:12:11  INFO        [3m] GICS tagged: 1/1 pairs have sector_a
2026-08-03 09:12:11  INFO        [3m] saved 1 pairs → C:\Users\RossW\Projects\CAMARF\output\results\3min/pairs.parquet
2026-08-03 09:12:12  INFO        [3m] Rolling coint on 1 pairs (window=252, step=21)...
2026-08-03 09:12:16  INFO        [3m] Rolling coint complete in 4.6s
2026-08-03 09:12:16  INFO        [3m] persisted per-bar spread/z-score series for 1/1 EG+FDR-confirmed pairs (post price-degeneracy filter, pre coint_frac/structural)
2026-08-03 09:12:16  INFO        [3m] saved 1 pre-coint_frac/pre-structural candidates → C:\Users\RossW\Projects\CAMARF\output\results\3min/all_candidates.parquet
2026-08-03 09:12:16  INFO        [3m] saved 2 regime profiles
2026-08-03 09:12:17  INFO      ----------------------------------------------------------------------
2026-08-03 09:12:17  INFO        Timeframe: 5m
2026-08-03 09:12:17  INFO      ----------------------------------------------------------------------
2026-08-03 09:12:18  INFO        [5m] 1545 assets have data for this TF
2026-08-03 09:12:43  INFO        [5m] ADV filter (>=$25M): removed 475 symbols (kept 1070/1545)
2026-08-03 09:13:02  INFO        [5m] aligned: 1070 assets
2026-08-03 09:13:06  INFO        [5m] Computing 1070×1070 correlation matrices (Pearson + Spearman + rolling avg)...
2026-08-03 09:13:17  INFO        [5m] Pearson 3.4s | Spearman 4.3s | RollingAvg 2.4s
2026-08-03 09:13:17  INFO        [5m] Candidate pairs: 4322 (779 cross-asset)  threshold |ρ| ≥ 0.40  [gold=2818 silver=1083 bronze=421]
2026-08-03 09:13:17  INFO        [5m] Running EG on 4322 pairs, BOTH regression directions (workers=6, max_lag=10)...
2026-08-03 09:15:30  INFO        [5m] EG complete in 131.7s
2026-08-03 09:15:30  INFO        [5m] EG (both-directions, max-combined): tested=3157, raw<0.05=87, FDR-adjusted<0.05=0
2026-08-03 09:15:30  INFO        [5m] filter funnel:
tf_label                   stage  n_before  n_after  n_removed
      5m   adv_liquidity_symbols      1545     1070        475
      5m pearson_prefilter_pairs    571915     4322     567593
      5m         eg_bh_fdr_pairs      4322        0       4322
2026-08-03 09:15:30  INFO        [5m] no pairs survived BH-FDR
2026-08-03 09:15:31  INFO      ----------------------------------------------------------------------
2026-08-03 09:15:31  INFO        Timeframe: 15m
2026-08-03 09:15:31  INFO      ----------------------------------------------------------------------
2026-08-03 09:15:32  INFO        [15m] 1544 assets have data for this TF
2026-08-03 09:15:58  INFO        [15m] ADV filter (>=$25M): removed 475 symbols (kept 1069/1544)
2026-08-03 09:16:10  INFO        [15m] aligned: 1069 assets
2026-08-03 09:16:13  INFO        [15m] Computing 1069×1069 correlation matrices (Pearson + Spearman + rolling avg)...
2026-08-03 09:16:17  INFO        [15m] Pearson 1.1s | Spearman 1.6s | RollingAvg 1.1s
2026-08-03 09:16:18  INFO        [15m] Candidate pairs: 13658 (1671 cross-asset)  threshold |ρ| ≥ 0.40  [gold=7764 silver=4034 bronze=1860]
2026-08-03 09:16:18  INFO        [15m] Running EG on 13658 pairs, BOTH regression directions (workers=6, max_lag=10)...
2026-08-03 09:18:47  INFO        [15m] EG complete in 148.8s
2026-08-03 09:18:47  INFO        [15m] EG (both-directions, max-combined): tested=10513, raw<0.05=322, FDR-adjusted<0.05=0
2026-08-03 09:18:47  INFO        [15m] filter funnel:
tf_label                   stage  n_before  n_after  n_removed
     15m   adv_liquidity_symbols      1544     1069        475
     15m pearson_prefilter_pairs    570846    13658     557188
     15m         eg_bh_fdr_pairs     13658        0      13658
2026-08-03 09:18:47  INFO        [15m] no pairs survived BH-FDR
2026-08-03 09:18:47  INFO      ----------------------------------------------------------------------
2026-08-03 09:18:47  INFO        Timeframe: 30m
2026-08-03 09:18:47  INFO      ----------------------------------------------------------------------
2026-08-03 09:18:49  INFO        [30m] 1544 assets have data for this TF
2026-08-03 09:19:14  INFO        [30m] ADV filter (>=$25M): removed 475 symbols (kept 1069/1544)
2026-08-03 09:19:23  INFO        [30m] aligned: 1069 assets
2026-08-03 09:19:25  INFO        [30m] Computing 1068×1068 correlation matrices (Pearson + Spearman + rolling avg)...
2026-08-03 09:19:34  INFO        [30m] Pearson 3.4s | Spearman 3.9s | RollingAvg 1.2s
2026-08-03 09:19:35  INFO        [30m] Candidate pairs: 18329 (2211 cross-asset)  threshold |ρ| ≥ 0.40  [gold=11941 silver=4239 bronze=2149]
2026-08-03 09:19:35  INFO        [30m] Running EG on 18329 pairs, BOTH regression directions (workers=6, max_lag=10)...
2026-08-03 09:22:28  INFO        [30m] EG complete in 172.7s
2026-08-03 09:22:28  INFO        [30m] EG (both-directions, max-combined): tested=15571, raw<0.05=366, FDR-adjusted<0.05=0
2026-08-03 09:22:28  INFO        [30m] filter funnel:
tf_label                   stage  n_before  n_after  n_removed
     30m   adv_liquidity_symbols      1544     1069        475
     30m pearson_prefilter_pairs    570846    18329     552517
     30m         eg_bh_fdr_pairs     18329        0      18329
2026-08-03 09:22:28  INFO        [30m] no pairs survived BH-FDR
2026-08-03 09:22:28  INFO      ----------------------------------------------------------------------
2026-08-03 09:22:28  INFO        Timeframe: 1h
2026-08-03 09:22:28  INFO      ----------------------------------------------------------------------
2026-08-03 09:22:30  INFO        [1h] 1544 assets have data for this TF
2026-08-03 09:22:56  INFO        [1h] ADV filter (>=$25M): removed 474 symbols (kept 1070/1544)
2026-08-03 09:23:13  INFO        [1h] aligned: 1070 assets
2026-08-03 09:23:17  INFO        [1h] Computing 1066×1066 correlation matrices (Pearson + Spearman + rolling avg)...
2026-08-03 09:23:25  INFO        [1h] Pearson 3.0s | Spearman 3.6s | RollingAvg 1.0s
2026-08-03 09:23:26  INFO        [1h] Candidate pairs: 53448 (5856 cross-asset)  threshold |ρ| ≥ 0.40  [gold=13285 silver=16246 bronze=23917]
2026-08-03 09:23:26  INFO        [1h] Running EG on 53448 pairs, BOTH regression directions (workers=6, max_lag=10)...
2026-08-03 09:36:03  INFO        [1h] EG complete in 756.7s
2026-08-03 09:36:04  INFO        [1h] EG (both-directions, max-combined): tested=29422, raw<0.05=1130, FDR-adjusted<0.05=2
2026-08-03 09:36:04  INFO        [1h] Rolling coint on 2 pairs (window=252, step=21)...
2026-08-03 09:36:09  INFO        [1h] Rolling coint complete in 5.3s
2026-08-03 09:36:09  INFO        [1h] Per-pair modeling: hedge ratios + spread + decay...
2026-08-03 09:36:37  INFO        [1h] Per-pair modeling done in 28.0s — 2 PairResult objects built
2026-08-03 09:36:37  INFO        [1h] Eigenportfolio validation on 2 pairs...
2026-08-03 09:36:44  INFO        [1h]   K=81 systematic factors removed (MP λ+=1.442)
2026-08-03 09:36:44  INFO        [1h]   Eigenportfolio: 0/2 Gold tier (idiosyncratic) | 2 Silver tier (factor-driven) in 6.5s
2026-08-03 09:36:44  INFO        [1h] Computing VolumeStructure features...
2026-08-03 09:36:50  INFO        [1h] Features saved: 4 assets in 5.9s
2026-08-03 09:36:50  INFO        [1h] Regime classification (4 assets)...
2026-08-03 09:36:55  INFO        [1h] Regimes fitted: 0 assets (0 per-bar label files saved) in 4.6s
2026-08-03 09:36:55  INFO        CrossAssetTagger: 1 structural pairs (triangular arbitrage / share-class / same-index-tracking ETFs) excluded from primary findings
2026-08-03 09:36:55  INFO        [1h] Cross-asset split: same=1, cross=0
2026-08-03 09:36:55  INFO        [1h] Trio enumeration + Johansen...
2026-08-03 09:36:55  INFO        [1h] filter funnel:
tf_label                      stage  n_before  n_after  n_removed
      1h      adv_liquidity_symbols      1544     1070        474
      1h    pearson_prefilter_pairs    571915    53448     518467
      1h            eg_bh_fdr_pairs     53448        2      53446
      1h     price_degeneracy_pairs         2        2          0
      1h structural_exclusion_pairs         2        1          1
      1h coint_frac_threshold_pairs         1        0          1
2026-08-03 09:36:55  INFO        [1h] coint_frac filter: 1 pairs removed (coint_fraction_rolling < 0.70 and no clean secondary evidence); 0 pairs below the threshold kept anyway via secondary-evidence override
2026-08-03 09:36:55  INFO        [1h] persisted per-bar spread/z-score series for 2/2 EG+FDR-confirmed pairs (post price-degeneracy filter, pre coint_frac/structural)
2026-08-03 09:36:55  INFO        [1h] saved 2 pre-coint_frac/pre-structural candidates → C:\Users\RossW\Projects\CAMARF\output\results\1hr/all_candidates.parquet
2026-08-03 09:36:55  INFO        [1h] 1 structural pairs excluded from pairs.parquet (logged to bias_audit)
2026-08-03 09:36:55  INFO      ----------------------------------------------------------------------
2026-08-03 09:36:55  INFO        Timeframe: 4h
2026-08-03 09:36:55  INFO      ----------------------------------------------------------------------
2026-08-03 09:36:57  INFO        [4h] 1541 assets have data for this TF
2026-08-03 09:37:21  INFO        [4h] ADV filter (>=$25M): removed 474 symbols (kept 1067/1541)
2026-08-03 09:37:33  INFO        [4h] aligned: 1067 assets
2026-08-03 09:37:36  INFO        [4h] Computing 1067×1067 correlation matrices (Pearson + Spearman + rolling avg)...
2026-08-03 09:37:39  INFO        [4h] Pearson 0.7s | Spearman 1.5s | RollingAvg 0.9s
2026-08-03 09:37:40  INFO        [4h] Candidate pairs: 38568 (3340 cross-asset)  threshold |ρ| ≥ 0.40  [gold=22389 silver=14206 bronze=1973]
2026-08-03 09:37:40  INFO        [4h] Running EG on 38568 pairs, BOTH regression directions (workers=6, max_lag=10)...
2026-08-03 09:46:05  INFO        [4h] EG complete in 503.8s
2026-08-03 09:46:06  INFO        [4h] EG (both-directions, max-combined): tested=30627, raw<0.05=1167, FDR-adjusted<0.05=2
2026-08-03 09:46:06  INFO        [4h] Rolling coint on 2 pairs (window=252, step=21)...
2026-08-03 09:46:11  INFO        [4h] Rolling coint complete in 5.4s
2026-08-03 09:46:11  INFO        [4h] Per-pair modeling: hedge ratios + spread + decay...
2026-08-03 09:46:16  INFO        [4h] Per-pair modeling done in 4.6s — 2 PairResult objects built
2026-08-03 09:46:16  INFO        [4h] Eigenportfolio validation on 2 pairs...
2026-08-03 09:46:22  INFO        [4h]   K=97 systematic factors removed (MP λ+=1.964)
2026-08-03 09:46:22  INFO        [4h]   Eigenportfolio: 0/2 Gold tier (idiosyncratic) | 2 Silver tier (factor-driven) in 5.9s
2026-08-03 09:46:22  INFO        [4h] Computing VolumeStructure features...
2026-08-03 09:46:24  INFO        [4h] Features saved: 4 assets in 1.5s
2026-08-03 09:46:24  INFO        [4h] Regime classification (4 assets)...
2026-08-03 09:47:19  INFO        [4h] Regimes fitted: 4 assets (4 per-bar label files saved) in 55.6s
2026-08-03 09:47:19  INFO        CrossAssetTagger: 1 structural pairs (triangular arbitrage / share-class / same-index-tracking ETFs) excluded from primary findings
2026-08-03 09:47:19  INFO        [4h] Cross-asset split: same=1, cross=0
2026-08-03 09:47:19  INFO        [4h] Trio enumeration + Johansen...
2026-08-03 09:47:19  INFO        [4h] filter funnel:
tf_label                      stage  n_before  n_after  n_removed
      4h      adv_liquidity_symbols      1541     1067        474
      4h    pearson_prefilter_pairs    568711    38568     530143
      4h            eg_bh_fdr_pairs     38568        2      38566
      4h     price_degeneracy_pairs         2        2          0
      4h structural_exclusion_pairs         2        1          1
      4h coint_frac_threshold_pairs         1        1          0
2026-08-03 09:47:19  INFO        [4h] GICS tagged: 1/1 pairs have sector_a
2026-08-03 09:47:19  INFO        [4h] saved 1 pairs → C:\Users\RossW\Projects\CAMARF\output\results\4hr/pairs.parquet
2026-08-03 09:47:19  INFO        [4h] Rolling coint on 1 pairs (window=252, step=21)...
2026-08-03 09:47:24  INFO        [4h] Rolling coint complete in 4.7s
2026-08-03 09:47:24  INFO        [4h] persisted per-bar spread/z-score series for 2/2 EG+FDR-confirmed pairs (post price-degeneracy filter, pre coint_frac/structural)
2026-08-03 09:47:24  INFO        [4h] saved 2 pre-coint_frac/pre-structural candidates → C:\Users\RossW\Projects\CAMARF\output\results\4hr/all_candidates.parquet
2026-08-03 09:47:24  INFO        [4h] 1 structural pairs excluded from pairs.parquet (logged to bias_audit)
2026-08-03 09:47:24  INFO        [4h] saved 4 regime profiles
2026-08-03 09:47:24  INFO      ----------------------------------------------------------------------
2026-08-03 09:47:24  INFO        Timeframe: 1D
2026-08-03 09:47:24  INFO      ----------------------------------------------------------------------
2026-08-03 09:47:27  INFO        [1D] 1660 assets have data for this TF
2026-08-03 09:48:00  INFO        [1D] ADV filter (>=$25M): removed 502 symbols (kept 1158/1660)
2026-08-03 09:48:01  INFO      DataAligner: aligning 1158 assets to NYSE calendar (1925-12-31 → 2026-07-31, 26446 sessions)
2026-08-03 09:48:20  INFO      DataAligner: 1158/1158 assets aligned (0 excluded for excessive gaps)
2026-08-03 09:48:20  INFO        [1D] aligned: 1158 assets
2026-08-03 09:48:23  INFO        [1D] Computing 1157×1157 correlation matrices (Pearson + Spearman + rolling avg)...
2026-08-03 09:48:31  INFO        [1D] Pearson 2.7s | Spearman 4.0s | RollingAvg 1.4s
2026-08-03 09:48:32  INFO        [1D] Candidate pairs: 84663 (7468 cross-asset)  threshold |ρ| ≥ 0.40  [gold=45052 silver=21860 bronze=17751]
2026-08-03 09:48:32  INFO        [1D] Running EG on 84663 pairs, BOTH regression directions (workers=6, max_lag=10)...
2026-08-03 09:50:49  INFO        [1D] EG complete in 135.7s
2026-08-03 09:50:49  INFO        [1D] EG (both-directions, max-combined): tested=2293, raw<0.05=214, FDR-adjusted<0.05=3
2026-08-03 09:50:49  INFO        [1D] Rolling coint on 3 pairs (window=252, step=21)...
2026-08-03 09:50:54  INFO        [1D] Rolling coint complete in 5.6s
2026-08-03 09:50:54  INFO        [1D] Per-pair modeling: hedge ratios + spread + decay...
2026-08-03 09:51:48  INFO        [1D] Per-pair modeling done in 53.8s — 3 PairResult objects built
2026-08-03 09:51:48  INFO        [1D] Eigenportfolio validation on 3 pairs...
2026-08-03 09:51:48  WARNING     Eigenportfolio: 3314 NaN entries in the 1157x1157 correlation matrix (insufficient pairwise overlap) — treated as uncorrelated (0) before eigendecomposition
2026-08-03 09:52:02  INFO        [1D]   K=112 systematic factors removed (MP λ+=1.469)
2026-08-03 09:52:02  INFO        [1D]   Eigenportfolio: 3/3 Gold tier (idiosyncratic) | 0 Silver tier (factor-driven) in 14.0s
2026-08-03 09:52:02  INFO        [1D] Computing VolumeStructure features...
2026-08-03 09:52:03  INFO        [1D] Features saved: 3 assets in 1.0s
2026-08-03 09:52:03  INFO        [1D] Regime classification (6 assets)...
2026-08-03 09:52:35  WARNING   Model is not converging.  Current: -20712.195853751702 is not greater than -20712.163384395542. Delta is -0.032469356159708695
2026-08-03 09:52:36  WARNING   Model is not converging.  Current: -19647.280327378587 is not greater than -19647.257468180633. Delta is -0.02285919795394875
2026-08-03 09:52:36  WARNING   Model is not converging.  Current: -22267.66578751809 is not greater than -22267.637095360995. Delta is -0.02869215709506534
2026-08-03 09:52:38  WARNING   Model is not converging.  Current: -17889.992734174466 is not greater than -17889.973882291175. Delta is -0.018851883291063132
2026-08-03 09:52:47  WARNING   Model is not converging.  Current: -44412.6322682289 is not greater than -44412.63155362516. Delta is -0.0007146037460188381
2026-08-03 09:53:12  INFO        [1D] Regimes fitted: 6 assets (6 per-bar label files saved) in 68.3s
2026-08-03 09:53:12  INFO        [1D] Cross-asset split: same=3, cross=0
2026-08-03 09:53:12  INFO        [1D] Trio enumeration + Johansen...
2026-08-03 09:53:12  INFO        [1D] Threshold calibration...
2026-08-03 09:53:16  INFO        [1D] Pearson calibration: 7 thresholds
2026-08-03 09:53:25  INFO        [1D]   ρ≥0.45: candidates=43650, sample_confirmed=7/2000, rate=0.004
2026-08-03 09:53:32  INFO        [1D]   ρ≥0.50: candidates=20580, sample_confirmed=6/2000, rate=0.003
2026-08-03 09:53:39  INFO        [1D]   ρ≥0.55: candidates=9380, sample_confirmed=6/2000, rate=0.003
2026-08-03 09:53:47  INFO        [1D]   ρ≥0.60: candidates=4370, sample_confirmed=11/2000, rate=0.005
2026-08-03 09:53:55  INFO        [1D]   ρ≥0.65: candidates=1959, sample_confirmed=8/1959, rate=0.004
2026-08-03 09:54:01  INFO        [1D]   ρ≥0.70: candidates=754, sample_confirmed=5/754, rate=0.007
2026-08-03 09:54:07  INFO        [1D]   ρ≥0.75: candidates=256, sample_confirmed=3/256, rate=0.012
2026-08-03 09:54:07  INFO        [1D] filter funnel:
tf_label                      stage  n_before  n_after  n_removed
      1D      adv_liquidity_symbols      1660     1158        502
      1D    pearson_prefilter_pairs    669903    84663     585240
      1D            eg_bh_fdr_pairs     84663        3      84660
      1D     price_degeneracy_pairs         3        3          0
      1D structural_exclusion_pairs         3        3          0
      1D coint_frac_threshold_pairs         3        1          2
2026-08-03 09:54:07  INFO        [1D] coint_frac filter: 2 pairs removed (coint_fraction_rolling < 0.70 and no clean secondary evidence); 0 pairs below the threshold kept anyway via secondary-evidence override
2026-08-03 09:54:07  INFO        [1D] GICS tagged: 1/1 pairs have sector_a
2026-08-03 09:54:07  INFO        [1D] saved 1 pairs → C:\Users\RossW\Projects\CAMARF\output\results\1day/pairs.parquet
2026-08-03 09:54:07  INFO        [1D] persisted per-bar spread/z-score series for 3/3 EG+FDR-confirmed pairs (post price-degeneracy filter, pre coint_frac/structural)
2026-08-03 09:54:07  INFO        [1D] saved 3 pre-coint_frac/pre-structural candidates → C:\Users\RossW\Projects\CAMARF\output\results\1day/all_candidates.parquet
2026-08-03 09:54:07  INFO        [1D] saved 6 regime profiles
2026-08-03 09:54:07  INFO        [1D] saved calibration results
2026-08-03 09:54:08  INFO      ----------------------------------------------------------------------
2026-08-03 09:54:08  INFO        Timeframe: 7D
2026-08-03 09:54:08  INFO      ----------------------------------------------------------------------
2026-08-03 09:54:10  INFO        [7D] 1635 assets have data for this TF
2026-08-03 09:54:41  INFO        [7D] ADV filter (>=$25M): removed 477 symbols (kept 1158/1635)
2026-08-03 09:54:43  INFO        [7D] aligned: 1158 assets
2026-08-03 09:54:45  INFO        [7D] Computing 1157×1157 correlation matrices (Pearson + Spearman + rolling avg)...
2026-08-03 09:54:47  INFO        [7D] Pearson 0.5s | Spearman 0.8s | RollingAvg 1.2s
2026-08-03 09:54:49  INFO        [7D] Candidate pairs: 101230 (7122 cross-asset)  threshold |ρ| ≥ 0.40  [gold=53344 silver=31834 bronze=16052]
2026-08-03 09:54:49  INFO        [7D] Running EG on 101230 pairs, BOTH regression directions (workers=6, max_lag=10)...
2026-08-03 09:55:48  INFO        [7D] EG complete in 58.6s
2026-08-03 09:55:48  INFO        [7D] EG (both-directions, max-combined): tested=4589, raw<0.05=307, FDR-adjusted<0.05=0
2026-08-03 09:55:48  INFO        [7D] filter funnel:
tf_label                   stage  n_before  n_after  n_removed
      7D   adv_liquidity_symbols      1635     1158        477
      7D pearson_prefilter_pairs    669903   101230     568673
      7D         eg_bh_fdr_pairs    101230        0     101230
2026-08-03 09:55:48  INFO        [7D] no pairs survived BH-FDR
2026-08-03 09:55:48  INFO      ----------------------------------------------------------------------
2026-08-03 09:55:48  INFO        Timeframe: 1M
2026-08-03 09:55:48  INFO      ----------------------------------------------------------------------
2026-08-03 09:55:50  INFO        [1M] 1635 assets have data for this TF
2026-08-03 09:56:16  INFO        [1M] ADV filter (>=$25M): removed 477 symbols (kept 1158/1635)
2026-08-03 09:56:17  INFO        [1M] aligned: 1158 assets
2026-08-03 09:56:18  INFO        [1M] Computing 1151×1151 correlation matrices (Pearson + Spearman + rolling avg)...
2026-08-03 09:56:20  INFO        [1M] Pearson 0.3s | Spearman 0.3s | RollingAvg 0.8s
2026-08-03 09:56:21  INFO        [1M] Candidate pairs: 92079 (6478 cross-asset)  threshold |ρ| ≥ 0.40  [gold=13955 silver=53351 bronze=24773]
2026-08-03 09:56:21  INFO        [1M] Running EG on 92079 pairs, BOTH regression directions (workers=6, max_lag=10)...
2026-08-03 09:56:31  INFO        [1M] EG complete in 10.0s
2026-08-03 09:56:31  INFO        [1M] EG (both-directions, max-combined): tested=475, raw<0.05=36, FDR-adjusted<0.05=0
2026-08-03 09:56:31  INFO        [1M] filter funnel:
tf_label                   stage  n_before  n_after  n_removed
      1M   adv_liquidity_symbols      1635     1158        477
      1M pearson_prefilter_pairs    669903    92079     577824
      1M         eg_bh_fdr_pairs     92079        0      92079
2026-08-03 09:56:31  INFO        [1M] no pairs survived BH-FDR
2026-08-03 09:56:31  INFO      ----------------------------------------------------------------------
2026-08-03 09:56:31  INFO        Timeframe: 3M
2026-08-03 09:56:31  INFO      ----------------------------------------------------------------------
2026-08-03 09:56:31  INFO        [3M] 1632 assets have data for this TF
2026-08-03 09:56:58  INFO        [3M] ADV filter (>=$25M): removed 477 symbols (kept 1155/1632)
2026-08-03 09:57:00  INFO        [3M] aligned: 1155 assets
2026-08-03 09:57:00  INFO        [3M] Computing 15×15 correlation matrices (Pearson + Spearman + rolling avg)...
2026-08-03 09:57:00  INFO        [3M] Pearson 0.0s | Spearman 0.0s | RollingAvg 0.0s
2026-08-03 09:57:00  INFO        [3M] Candidate pairs: 6 (0 cross-asset)  threshold |ρ| ≥ 0.40  [gold=5 silver=1 bronze=0]
2026-08-03 09:57:00  INFO        [3M] Running EG on 6 pairs, BOTH regression directions (workers=6, max_lag=10)...
2026-08-03 09:57:05  INFO        [3M] EG complete in 4.4s
2026-08-03 09:57:05  INFO        [3M] EG (both-directions, max-combined): tested=3, raw<0.05=0, FDR-adjusted<0.05=0
2026-08-03 09:57:05  INFO        [3M] filter funnel:
tf_label                   stage  n_before  n_after  n_removed
      3M   adv_liquidity_symbols      1632     1155        477
      3M pearson_prefilter_pairs    666435        6     666429
      3M         eg_bh_fdr_pairs         6        0          6
2026-08-03 09:57:05  INFO        [3M] no pairs survived BH-FDR
2026-08-03 09:57:05  INFO      ----------------------------------------------------------------------
2026-08-03 09:57:05  INFO        Timeframe: 6M
2026-08-03 09:57:05  INFO      ----------------------------------------------------------------------
2026-08-03 09:57:05  INFO        [6M] 1630 assets have data for this TF
2026-08-03 09:57:32  INFO        [6M] ADV filter (>=$25M): removed 477 symbols (kept 1153/1630)
2026-08-03 09:57:32  INFO        [6M] aligned: 1153 assets
2026-08-03 09:57:33  WARNING     [6M] UniverseFilter: no valid assets after filtering
2026-08-03 09:57:33  INFO        [6M] filter funnel:
tf_label                   stage  n_before  n_after  n_removed
      6M   adv_liquidity_symbols      1630     1153        477
      6M pearson_prefilter_pairs    664128        0     664128
2026-08-03 09:57:33  INFO        [6M] no candidate pairs above threshold
2026-08-03 09:57:33  INFO      Bias audit log saved: 68 entries → C:\Users\RossW\Projects\CAMARF\output\results\bias_audit.json
2026-08-03 09:57:33  INFO      Script hash saved: 9a2717dfc62925b9
2026-08-03 09:57:33  INFO      ======================================================================
2026-08-03 09:57:33  INFO      Pipeline complete in 54.3 min
2026-08-03 09:57:33  INFO        1m: pairs=0 (cross=0), trios=0, regimes=2
2026-08-03 09:57:33  INFO        2m: pairs=0 (cross=0), trios=0, regimes=4
2026-08-03 09:57:33  INFO        3m: pairs=1 (cross=0), trios=0, regimes=2
2026-08-03 09:57:33  INFO        5m: pairs=0 (cross=0), trios=0, regimes=0
2026-08-03 09:57:33  INFO        15m: pairs=0 (cross=0), trios=0, regimes=0
2026-08-03 09:57:33  INFO        30m: pairs=0 (cross=0), trios=0, regimes=0
2026-08-03 09:57:33  INFO        1h: pairs=0 (cross=0), trios=0, regimes=0
2026-08-03 09:57:33  INFO        4h: pairs=1 (cross=0), trios=0, regimes=4
2026-08-03 09:57:33  INFO        1D: pairs=1 (cross=0), trios=0, regimes=6
2026-08-03 09:57:33  INFO        7D: pairs=0 (cross=0), trios=0, regimes=0
2026-08-03 09:57:33  INFO        1M: pairs=0 (cross=0), trios=0, regimes=0
2026-08-03 09:57:33  INFO        3M: pairs=0 (cross=0), trios=0, regimes=0
2026-08-03 09:57:33  INFO        6M: pairs=0 (cross=0), trios=0, regimes=0
2026-08-03 09:57:33  INFO      ======================================================================
2026-08-03 09:57:33  INFO      ANALYSIS RESULTS — SUMMARY
2026-08-03 09:57:33  INFO      ======================================================================
2026-08-03 09:57:33  INFO          1m  pairs=    0  cross=   0  trios=   0  regimes=   2
2026-08-03 09:57:33  INFO          2m  pairs=    0  cross=   0  trios=   0  regimes=   4
2026-08-03 09:57:33  INFO          3m  pairs=    1  cross=   0  trios=   0  regimes=   2
2026-08-03 09:57:33  INFO          5m  pairs=    0  cross=   0  trios=   0  regimes=   0
2026-08-03 09:57:33  INFO         15m  pairs=    0  cross=   0  trios=   0  regimes=   0
2026-08-03 09:57:33  INFO         30m  pairs=    0  cross=   0  trios=   0  regimes=   0
2026-08-03 09:57:33  INFO          1h  pairs=    0  cross=   0  trios=   0  regimes=   0
2026-08-03 09:57:33  INFO          4h  pairs=    1  cross=   0  trios=   0  regimes=   4
2026-08-03 09:57:33  INFO          1D  pairs=    1  cross=   0  trios=   0  regimes=   6
2026-08-03 09:57:33  INFO          7D  pairs=    0  cross=   0  trios=   0  regimes=   0
2026-08-03 09:57:33  INFO          1M  pairs=    0  cross=   0  trios=   0  regimes=   0
2026-08-03 09:57:33  INFO          3M  pairs=    0  cross=   0  trios=   0  regimes=   0
2026-08-03 09:57:33  INFO          6M  pairs=    0  cross=   0  trios=   0  regimes=   0
2026-08-03 09:57:33  INFO        Total bias-audit entries: 68
2026-08-03 09:57:33  INFO        Runtime: 54.3 min
2026-08-03 09:57:33  INFO      ======================================================================
2026-08-03 09:57:33  INFO      Run summary → C:\Users\RossW\Projects\CAMARF\latest_run_analysis.log
