Fetching 15 symbols x 8 intervals from Binance.US...
  BTC_1m: 3606425 bars, 2019-09-23 08:34:00+00:00 -> 2026-08-03 20:14:00+00:00 -> C:\Users\RossW\Projects\CAMARF\output\cache\binance\BTC_1m.parquet
  BTC_3m: 1202149 bars, 2019-09-23 08:33:00+00:00 -> 2026-08-03 20:27:00+00:00 -> C:\Users\RossW\Projects\CAMARF\output\cache\binance\BTC_3m.parquet
  BTC_5m: 721292 bars, 2019-09-23 08:30:00+00:00 -> 2026-08-03 20:35:00+00:00 -> C:\Users\RossW\Projects\CAMARF\output\cache\binance\BTC_5m.parquet
  BTC_15m: 240433 bars, 2019-09-23 08:30:00+00:00 -> 2026-08-03 20:30:00+00:00 -> C:\Users\RossW\Projects\CAMARF\output\cache\binance\BTC_15m.parquet
  BTC_30m: 120219 bars, 2019-09-23 08:30:00+00:00 -> 2026-08-03 20:30:00+00:00 -> C:\Users\RossW\Projects\CAMARF\output\cache\binance\BTC_30m.parquet
  BTC_1h: 60112 bars, 2019-09-23 08:00:00+00:00 -> 2026-08-03 20:00:00+00:00 -> C:\Users\RossW\Projects\CAMARF\output\cache\binance\BTC_1h.parquet
  BTC_4h: 15034 bars, 2019-09-23 08:00:00+00:00 -> 2026-08-03 20:00:00+00:00 -> C:\Users\RossW\Projects\CAMARF\output\cache\binance\BTC_4h.parquet
  BTC_1d: 2507 bars, 2019-09-23 00:00:00+00:00 -> 2026-08-03 00:00:00+00:00 -> C:\Users\RossW\Projects\CAMARF\output\cache\binance\BTC_1d.parquet
  ETH_1m: 3606494 bars, 2019-09-23 08:36:00+00:00 -> 2026-08-03 21:25:00+00:00 -> C:\Users\RossW\Projects\CAMARF\output\cache\binance\ETH_1m.parquet
  ETH_3m: 1202172 bars, 2019-09-23 08:36:00+00:00 -> 2026-08-03 21:39:00+00:00 -> C:\Users\RossW\Projects\CAMARF\output\cache\binance\ETH_3m.parquet
  ETH_5m: 721305 bars, 2019-09-23 08:35:00+00:00 -> 2026-08-03 21:45:00+00:00 -> C:\Users\RossW\Projects\CAMARF\output\cache\binance\ETH_5m.parquet
  ETH_15m: 240438 bars, 2019-09-23 08:30:00+00:00 -> 2026-08-03 21:45:00+00:00 -> C:\Users\RossW\Projects\CAMARF\output\cache\binance\ETH_15m.parquet
  ETH_30m: 120221 bars, 2019-09-23 08:30:00+00:00 -> 2026-08-03 21:30:00+00:00 -> C:\Users\RossW\Projects\CAMARF\output\cache\binance\ETH_30m.parquet
  ETH_1h: 60113 bars, 2019-09-23 08:00:00+00:00 -> 2026-08-03 21:00:00+00:00 -> C:\Users\RossW\Projects\CAMARF\output\cache\binance\ETH_1h.parquet
  ETH_4h: 15034 bars, 2019-09-23 08:00:00+00:00 -> 2026-08-03 20:00:00+00:00 -> C:\Users\RossW\Projects\CAMARF\output\cache\binance\ETH_4h.parquet
  ETH_1d: 2507 bars, 2019-09-23 00:00:00+00:00 -> 2026-08-03 00:00:00+00:00 -> C:\Users\RossW\Projects\CAMARF\output\cache\binance\ETH_1d.parquet
  LTC_1m: 3606562 bars, 2019-09-23 08:37:00+00:00 -> 2026-08-03 22:34:00+00:00 -> C:\Users\RossW\Projects\CAMARF\output\cache\binance\LTC_1m.parquet
  LTC_3m: 1202195 bars, 2019-09-23 08:36:00+00:00 -> 2026-08-03 22:48:00+00:00 -> C:\Users\RossW\Projects\CAMARF\output\cache\binance\LTC_3m.parquet
  LTC_5m: 721319 bars, 2019-09-23 08:35:00+00:00 -> 2026-08-03 22:55:00+00:00 -> C:\Users\RossW\Projects\CAMARF\output\cache\binance\LTC_5m.parquet
  LTC_15m: 240443 bars, 2019-09-23 08:30:00+00:00 -> 2026-08-03 23:00:00+00:00 -> C:\Users\RossW\Projects\CAMARF\output\cache\binance\LTC_15m.parquet
  LTC_30m: 120224 bars, 2019-09-23 08:30:00+00:00 -> 2026-08-03 23:00:00+00:00 -> C:\Users\RossW\Projects\CAMARF\output\cache\binance\LTC_30m.parquet
  LTC_1h: 60115 bars, 2019-09-23 08:00:00+00:00 -> 2026-08-03 23:00:00+00:00 -> C:\Users\RossW\Projects\CAMARF\output\cache\binance\LTC_1h.parquet
  LTC_4h: 15034 bars, 2019-09-23 08:00:00+00:00 -> 2026-08-03 20:00:00+00:00 -> C:\Users\RossW\Projects\CAMARF\output\cache\binance\LTC_4h.parquet
  LTC_1d: 2507 bars, 2019-09-23 00:00:00+00:00 -> 2026-08-03 00:00:00+00:00 -> C:\Users\RossW\Projects\CAMARF\output\cache\binance\LTC_1d.parquet
  BCH_1m: 3606636 bars, 2019-09-23 08:32:00+00:00 -> 2026-08-03 23:43:00+00:00 -> C:\Users\RossW\Projects\CAMARF\output\cache\binance\BCH_1m.parquet
  BCH_3m: 1202220 bars, 2019-09-23 08:30:00+00:00 -> 2026-08-03 23:57:00+00:00 -> C:\Users\RossW\Projects\CAMARF\output\cache\binance\BCH_3m.parquet
  BCH_5m: FAILED — URLError: <urlopen error [WinError 10051] A socket operation was attempted to an unreachable network>
  BCH_15m: 240447 bars, 2019-09-23 08:30:00+00:00 -> 2026-08-04 00:00:00+00:00 -> C:\Users\RossW\Projects\CAMARF\output\cache\binance\BCH_15m.parquet
  BCH_30m: 120226 bars, 2019-09-23 08:30:00+00:00 -> 2026-08-04 00:00:00+00:00 -> C:\Users\RossW\Projects\CAMARF\output\cache\binance\BCH_30m.parquet
  BCH_1h: 60116 bars, 2019-09-23 08:00:00+00:00 -> 2026-08-04 00:00:00+00:00 -> C:\Users\RossW\Projects\CAMARF\output\cache\binance\BCH_1h.parquet
  BCH_4h: 15035 bars, 2019-09-23 08:00:00+00:00 -> 2026-08-04 00:00:00+00:00 -> C:\Users\RossW\Projects\CAMARF\output\cache\binance\BCH_4h.parquet
  BCH_1d: 2508 bars, 2019-09-23 00:00:00+00:00 -> 2026-08-04 00:00:00+00:00 -> C:\Users\RossW\Projects\CAMARF\output\cache\binance\BCH_1d.parquet
  XRP_1m: FAILED — URLError: <urlopen error [WinError 10051] A socket operation was attempted to an unreachable network>
  XRP_3m: 764816 bars, 2019-09-23 08:36:00+00:00 -> 2026-08-04 00:24:00+00:00 -> C:\Users\RossW\Projects\CAMARF\output\cache\binance\XRP_3m.parquet
  XRP_5m: 458891 bars, 2019-09-23 08:35:00+00:00 -> 2026-08-04 00:30:00+00:00 -> C:\Users\RossW\Projects\CAMARF\output\cache\binance\XRP_5m.parquet
  XRP_15m: 152965 bars, 2019-09-23 08:30:00+00:00 -> 2026-08-04 00:30:00+00:00 -> C:\Users\RossW\Projects\CAMARF\output\cache\binance\XRP_15m.parquet
  XRP_30m: 76484 bars, 2019-09-23 08:30:00+00:00 -> 2026-08-04 00:30:00+00:00 -> C:\Users\RossW\Projects\CAMARF\output\cache\binance\XRP_30m.parquet
  XRP_1h: 38244 bars, 2019-09-23 08:00:00+00:00 -> 2026-08-04 00:00:00+00:00 -> C:\Users\RossW\Projects\CAMARF\output\cache\binance\XRP_1h.parquet
  XRP_4h: 9566 bars, 2019-09-23 08:00:00+00:00 -> 2026-08-04 00:00:00+00:00 -> C:\Users\RossW\Projects\CAMARF\output\cache\binance\XRP_4h.parquet
  XRP_1d: 1597 bars, 2019-09-23 00:00:00+00:00 -> 2026-08-04 00:00:00+00:00 -> C:\Users\RossW\Projects\CAMARF\output\cache\binance\XRP_1d.parquet
  SOL_1m: 3088379 bars, 2020-09-18 13:13:00+00:00 -> 2026-08-04 01:10:00+00:00 -> C:\Users\RossW\Projects\CAMARF\output\cache\binance\SOL_1m.parquet
  SOL_3m: 1029465 bars, 2020-09-18 13:12:00+00:00 -> 2026-08-04 01:21:00+00:00 -> C:\Users\RossW\Projects\CAMARF\output\cache\binance\SOL_3m.parquet
  SOL_5m: 617681 bars, 2020-09-18 13:10:00+00:00 -> 2026-08-04 01:25:00+00:00 -> C:\Users\RossW\Projects\CAMARF\output\cache\binance\SOL_5m.parquet
  SOL_15m: 205897 bars, 2020-09-18 13:00:00+00:00 -> 2026-08-04 01:30:00+00:00 -> C:\Users\RossW\Projects\CAMARF\output\cache\binance\SOL_15m.parquet
  SOL_30m: 102950 bars, 2020-09-18 13:00:00+00:00 -> 2026-08-04 01:30:00+00:00 -> C:\Users\RossW\Projects\CAMARF\output\cache\binance\SOL_30m.parquet
  SOL_1h: 51476 bars, 2020-09-18 13:00:00+00:00 -> 2026-08-04 01:00:00+00:00 -> C:\Users\RossW\Projects\CAMARF\output\cache\binance\SOL_1h.parquet
  SOL_4h: 12872 bars, 2020-09-18 12:00:00+00:00 -> 2026-08-04 00:00:00+00:00 -> C:\Users\RossW\Projects\CAMARF\output\cache\binance\SOL_4h.parquet
  SOL_1d: 2147 bars, 2020-09-18 00:00:00+00:00 -> 2026-08-04 00:00:00+00:00 -> C:\Users\RossW\Projects\CAMARF\output\cache\binance\SOL_1d.parquet
  ADA_1m: 3603953 bars, 2019-09-25 12:04:00+00:00 -> 2026-08-04 02:15:00+00:00 -> C:\Users\RossW\Projects\CAMARF\output\cache\binance\ADA_1m.parquet
  ADA_3m: 1201324 bars, 2019-09-25 12:03:00+00:00 -> 2026-08-04 02:27:00+00:00 -> C:\Users\RossW\Projects\CAMARF\output\cache\binance\ADA_3m.parquet
  ADA_5m: 720797 bars, 2019-09-25 12:00:00+00:00 -> 2026-08-04 02:35:00+00:00 -> C:\Users\RossW\Projects\CAMARF\output\cache\binance\ADA_5m.parquet
  ADA_15m: 240268 bars, 2019-09-25 12:00:00+00:00 -> 2026-08-04 02:30:00+00:00 -> C:\Users\RossW\Projects\CAMARF\output\cache\binance\ADA_15m.parquet
  ADA_30m: 120136 bars, 2019-09-25 12:00:00+00:00 -> 2026-08-04 02:30:00+00:00 -> C:\Users\RossW\Projects\CAMARF\output\cache\binance\ADA_30m.parquet
  ADA_1h: 60070 bars, 2019-09-25 12:00:00+00:00 -> 2026-08-04 02:00:00+00:00 -> C:\Users\RossW\Projects\CAMARF\output\cache\binance\ADA_1h.parquet
  ADA_4h: 15022 bars, 2019-09-25 12:00:00+00:00 -> 2026-08-04 00:00:00+00:00 -> C:\Users\RossW\Projects\CAMARF\output\cache\binance\ADA_4h.parquet
  ADA_1d: 2506 bars, 2019-09-25 00:00:00+00:00 -> 2026-08-04 00:00:00+00:00 -> C:\Users\RossW\Projects\CAMARF\output\cache\binance\ADA_1d.parquet
  DOGE_1m: 3561483 bars, 2019-10-25 01:02:00+00:00 -> 2026-08-04 03:23:00+00:00 -> C:\Users\RossW\Projects\CAMARF\output\cache\binance\DOGE_1m.parquet
  DOGE_3m: 1187168 bars, 2019-10-25 01:00:00+00:00 -> 2026-08-04 03:36:00+00:00 -> C:\Users\RossW\Projects\CAMARF\output\cache\binance\DOGE_3m.parquet
  DOGE_5m: FAILED — URLError: <urlopen error [WinError 10051] A socket operation was attempted to an unreachable network>
  DOGE_15m: FAILED — URLError: <urlopen error [WinError 10051] A socket operation was attempted to an unreachable network>
  DOGE_30m: 118720 bars, 2019-10-25 01:00:00+00:00 -> 2026-08-04 03:30:00+00:00 -> C:\Users\RossW\Projects\CAMARF\output\cache\binance\DOGE_30m.parquet
  DOGE_1h: 59362 bars, 2019-10-25 01:00:00+00:00 -> 2026-08-04 03:00:00+00:00 -> C:\Users\RossW\Projects\CAMARF\output\cache\binance\DOGE_1h.parquet
  DOGE_4h: 14845 bars, 2019-10-25 00:00:00+00:00 -> 2026-08-04 00:00:00+00:00 -> C:\Users\RossW\Projects\CAMARF\output\cache\binance\DOGE_4h.parquet
  DOGE_1d: 2476 bars, 2019-10-25 00:00:00+00:00 -> 2026-08-04 00:00:00+00:00 -> C:\Users\RossW\Projects\CAMARF\output\cache\binance\DOGE_1d.parquet
  DOT_1m: 2455642 bars, 2021-12-02 13:08:00+00:00 -> 2026-08-04 04:13:00+00:00 -> C:\Users\RossW\Projects\CAMARF\output\cache\binance\DOT_1m.parquet
  DOT_3m: 818552 bars, 2021-12-02 13:06:00+00:00 -> 2026-08-04 04:21:00+00:00 -> C:\Users\RossW\Projects\CAMARF\output\cache\binance\DOT_3m.parquet
  DOT_5m: 491133 bars, 2021-12-02 13:05:00+00:00 -> 2026-08-04 04:25:00+00:00 -> C:\Users\RossW\Projects\CAMARF\output\cache\binance\DOT_5m.parquet
  DOT_15m: 163714 bars, 2021-12-02 13:00:00+00:00 -> 2026-08-04 04:30:00+00:00 -> C:\Users\RossW\Projects\CAMARF\output\cache\binance\DOT_15m.parquet
  DOT_30m: 81858 bars, 2021-12-02 13:00:00+00:00 -> 2026-08-04 04:30:00+00:00 -> C:\Users\RossW\Projects\CAMARF\output\cache\binance\DOT_30m.parquet
  DOT_1h: 40929 bars, 2021-12-02 13:00:00+00:00 -> 2026-08-04 04:00:00+00:00 -> C:\Users\RossW\Projects\CAMARF\output\cache\binance\DOT_1h.parquet
  DOT_4h: 10234 bars, 2021-12-02 12:00:00+00:00 -> 2026-08-04 04:00:00+00:00 -> C:\Users\RossW\Projects\CAMARF\output\cache\binance\DOT_4h.parquet
  DOT_1d: 1707 bars, 2021-12-02 00:00:00+00:00 -> 2026-08-04 00:00:00+00:00 -> C:\Users\RossW\Projects\CAMARF\output\cache\binance\DOT_1d.parquet
  AVAX_1m: 2475858 bars, 2021-11-18 13:00:00+00:00 -> 2026-08-04 05:01:00+00:00 -> C:\Users\RossW\Projects\CAMARF\output\cache\binance\AVAX_1m.parquet
  AVAX_3m: 825290 bars, 2021-11-18 13:00:00+00:00 -> 2026-08-04 05:09:00+00:00 -> C:\Users\RossW\Projects\CAMARF\output\cache\binance\AVAX_3m.parquet
  AVAX_5m: 495176 bars, 2021-11-18 13:00:00+00:00 -> 2026-08-04 05:15:00+00:00 -> C:\Users\RossW\Projects\CAMARF\output\cache\binance\AVAX_5m.parquet
  AVAX_15m: 165061 bars, 2021-11-18 13:00:00+00:00 -> 2026-08-04 05:15:00+00:00 -> C:\Users\RossW\Projects\CAMARF\output\cache\binance\AVAX_15m.parquet
  AVAX_30m: 82531 bars, 2021-11-18 13:00:00+00:00 -> 2026-08-04 05:00:00+00:00 -> C:\Users\RossW\Projects\CAMARF\output\cache\binance\AVAX_30m.parquet
  AVAX_1h: 41266 bars, 2021-11-18 13:00:00+00:00 -> 2026-08-04 05:00:00+00:00 -> C:\Users\RossW\Projects\CAMARF\output\cache\binance\AVAX_1h.parquet
  AVAX_4h: 10318 bars, 2021-11-18 12:00:00+00:00 -> 2026-08-04 04:00:00+00:00 -> C:\Users\RossW\Projects\CAMARF\output\cache\binance\AVAX_4h.parquet
  AVAX_1d: 1721 bars, 2021-11-18 00:00:00+00:00 -> 2026-08-04 00:00:00+00:00 -> C:\Users\RossW\Projects\CAMARF\output\cache\binance\AVAX_1d.parquet
  LINK_1m: 2394541 bars, 2022-01-14 01:03:00+00:00 -> 2026-08-04 05:47:00+00:00 -> C:\Users\RossW\Projects\CAMARF\output\cache\binance\LINK_1m.parquet
  LINK_3m: FAILED — URLError: <urlopen error [WinError 10051] A socket operation was attempted to an unreachable network>
  LINK_5m: 478912 bars, 2022-01-14 01:00:00+00:00 -> 2026-08-04 05:55:00+00:00 -> C:\Users\RossW\Projects\CAMARF\output\cache\binance\LINK_5m.parquet
  LINK_15m: 159640 bars, 2022-01-14 01:00:00+00:00 -> 2026-08-04 06:00:00+00:00 -> C:\Users\RossW\Projects\CAMARF\output\cache\binance\LINK_15m.parquet
  LINK_30m: 79821 bars, 2022-01-14 01:00:00+00:00 -> 2026-08-04 06:00:00+00:00 -> C:\Users\RossW\Projects\CAMARF\output\cache\binance\LINK_30m.parquet
  LINK_1h: 39911 bars, 2022-01-14 01:00:00+00:00 -> 2026-08-04 06:00:00+00:00 -> C:\Users\RossW\Projects\CAMARF\output\cache\binance\LINK_1h.parquet
  LINK_4h: 9979 bars, 2022-01-14 00:00:00+00:00 -> 2026-08-04 04:00:00+00:00 -> C:\Users\RossW\Projects\CAMARF\output\cache\binance\LINK_4h.parquet
  LINK_1d: 1664 bars, 2022-01-14 00:00:00+00:00 -> 2026-08-04 00:00:00+00:00 -> C:\Users\RossW\Projects\CAMARF\output\cache\binance\LINK_1d.parquet
  ATOM_1m: 3551600 bars, 2019-11-01 01:03:00+00:00 -> 2026-08-04 06:41:00+00:00 -> C:\Users\RossW\Projects\CAMARF\output\cache\binance\ATOM_1m.parquet
  ATOM_3m: 1183873 bars, 2019-11-01 01:03:00+00:00 -> 2026-08-04 06:54:00+00:00 -> C:\Users\RossW\Projects\CAMARF\output\cache\binance\ATOM_3m.parquet
  ATOM_5m: 710326 bars, 2019-11-01 01:00:00+00:00 -> 2026-08-04 07:00:00+00:00 -> C:\Users\RossW\Projects\CAMARF\output\cache\binance\ATOM_5m.parquet
  ATOM_15m: 236778 bars, 2019-11-01 01:00:00+00:00 -> 2026-08-04 07:00:00+00:00 -> C:\Users\RossW\Projects\CAMARF\output\cache\binance\ATOM_15m.parquet
  ATOM_30m: 118391 bars, 2019-11-01 01:00:00+00:00 -> 2026-08-04 07:00:00+00:00 -> C:\Users\RossW\Projects\CAMARF\output\cache\binance\ATOM_30m.parquet
  ATOM_1h: 59198 bars, 2019-11-01 01:00:00+00:00 -> 2026-08-04 07:00:00+00:00 -> C:\Users\RossW\Projects\CAMARF\output\cache\binance\ATOM_1h.parquet
  ATOM_4h: 14804 bars, 2019-11-01 00:00:00+00:00 -> 2026-08-04 04:00:00+00:00 -> C:\Users\RossW\Projects\CAMARF\output\cache\binance\ATOM_4h.parquet
  ATOM_1d: 2469 bars, 2019-11-01 00:00:00+00:00 -> 2026-08-04 00:00:00+00:00 -> C:\Users\RossW\Projects\CAMARF\output\cache\binance\ATOM_1d.parquet
  UNI_1m: 3089906 bars, 2020-09-17 18:18:00+00:00 -> 2026-08-04 07:42:00+00:00 -> C:\Users\RossW\Projects\CAMARF\output\cache\binance\UNI_1m.parquet
  UNI_3m: 1029974 bars, 2020-09-17 18:18:00+00:00 -> 2026-08-04 07:54:00+00:00 -> C:\Users\RossW\Projects\CAMARF\output\cache\binance\UNI_3m.parquet
  UNI_5m: 617987 bars, 2020-09-17 18:15:00+00:00 -> 2026-08-04 08:00:00+00:00 -> C:\Users\RossW\Projects\CAMARF\output\cache\binance\UNI_5m.parquet
  UNI_15m: 205998 bars, 2020-09-17 18:15:00+00:00 -> 2026-08-04 08:00:00+00:00 -> C:\Users\RossW\Projects\CAMARF\output\cache\binance\UNI_15m.parquet
  UNI_30m: 103001 bars, 2020-09-17 18:00:00+00:00 -> 2026-08-04 08:00:00+00:00 -> C:\Users\RossW\Projects\CAMARF\output\cache\binance\UNI_30m.parquet
  UNI_1h: 51502 bars, 2020-09-17 18:00:00+00:00 -> 2026-08-04 08:00:00+00:00 -> C:\Users\RossW\Projects\CAMARF\output\cache\binance\UNI_1h.parquet
  UNI_4h: 12879 bars, 2020-09-17 16:00:00+00:00 -> 2026-08-04 08:00:00+00:00 -> C:\Users\RossW\Projects\CAMARF\output\cache\binance\UNI_4h.parquet
  UNI_1d: 2148 bars, 2020-09-17 00:00:00+00:00 -> 2026-08-04 00:00:00+00:00 -> C:\Users\RossW\Projects\CAMARF\output\cache\binance\UNI_1d.parquet
  XLM_1m: 3604333 bars, 2019-09-25 12:17:00+00:00 -> 2026-08-04 08:48:00+00:00 -> C:\Users\RossW\Projects\CAMARF\output\cache\binance\XLM_1m.parquet
  XLM_3m: 1201452 bars, 2019-09-25 12:15:00+00:00 -> 2026-08-04 09:03:00+00:00 -> C:\Users\RossW\Projects\CAMARF\output\cache\binance\XLM_3m.parquet
  XLM_5m: FAILED — URLError: <urlopen error [WinError 10051] A socket operation was attempted to an unreachable network>
  XLM_15m: 240293 bars, 2019-09-25 12:15:00+00:00 -> 2026-08-04 09:00:00+00:00 -> C:\Users\RossW\Projects\CAMARF\output\cache\binance\XLM_15m.parquet
  XLM_30m: 120149 bars, 2019-09-25 12:00:00+00:00 -> 2026-08-04 09:00:00+00:00 -> C:\Users\RossW\Projects\CAMARF\output\cache\binance\XLM_30m.parquet
  XLM_1h: 60077 bars, 2019-09-25 12:00:00+00:00 -> 2026-08-04 09:00:00+00:00 -> C:\Users\RossW\Projects\CAMARF\output\cache\binance\XLM_1h.parquet
  XLM_4h: 15024 bars, 2019-09-25 12:00:00+00:00 -> 2026-08-04 08:00:00+00:00 -> C:\Users\RossW\Projects\CAMARF\output\cache\binance\XLM_4h.parquet
  XLM_1d: 2506 bars, 2019-09-25 00:00:00+00:00 -> 2026-08-04 00:00:00+00:00 -> C:\Users\RossW\Projects\CAMARF\output\cache\binance\XLM_1d.parquet
  TRX_1m: 709569 bars, 2022-04-01 00:00:00+00:00 -> 2026-08-04 09:18:00+00:00 -> C:\Users\RossW\Projects\CAMARF\output\cache\binance\TRX_1m.parquet
  TRX_3m: 236525 bars, 2022-04-01 00:00:00+00:00 -> 2026-08-04 09:21:00+00:00 -> C:\Users\RossW\Projects\CAMARF\output\cache\binance\TRX_3m.parquet
  TRX_5m: 141915 bars, 2022-04-01 00:00:00+00:00 -> 2026-08-04 09:20:00+00:00 -> C:\Users\RossW\Projects\CAMARF\output\cache\binance\TRX_5m.parquet
  TRX_15m: 47306 bars, 2022-04-01 00:00:00+00:00 -> 2026-08-04 09:15:00+00:00 -> C:\Users\RossW\Projects\CAMARF\output\cache\binance\TRX_15m.parquet
  TRX_30m: 23653 bars, 2022-04-01 00:00:00+00:00 -> 2026-08-04 09:00:00+00:00 -> C:\Users\RossW\Projects\CAMARF\output\cache\binance\TRX_30m.parquet
  TRX_1h: 11827 bars, 2022-04-01 00:00:00+00:00 -> 2026-08-04 09:00:00+00:00 -> C:\Users\RossW\Projects\CAMARF\output\cache\binance\TRX_1h.parquet
  TRX_4h: 2959 bars, 2022-04-01 00:00:00+00:00 -> 2026-08-04 08:00:00+00:00 -> C:\Users\RossW\Projects\CAMARF\output\cache\binance\TRX_4h.parquet
  TRX_1d: 495 bars, 2022-04-01 00:00:00+00:00 -> 2026-08-04 00:00:00+00:00 -> C:\Users\RossW\Projects\CAMARF\output\cache\binance\TRX_1d.parquet
Done.
