Running 366 verify scripts (timeout=600s, workers=2)...

[1/366] PASS  debug\_verify_absorption_ratio.py (3.0s)
[2/366] PASS  debug\_verify_a2_causal_hedge_arm.py (3.7s)
[3/366] PASS  debug\_verify_adapter_stale_checkpoint_fix.py (3.6s)
[4/366] PASS  debug\_verify_adapter_wrds_first.py (3.4s)
[5/366] PASS  debug\_verify_adv_1day_fallback.py (0.8s)
[6/366] PASS  debug\_verify_adf_confirmatory_tier.py (2.6s)
[7/366] PASS  debug\_verify_align_daily_gap_gate.py (1.6s)
[8/366] PASS  debug\_verify_append_basis_reconcile.py (1.6s)
[9/366] PASS  debug\_verify_append_switch.py (1.7s)
[10/366] PASS  debug\_verify_apply_crsp_volume_adjustment.py (1.0s)
[11/366] PASS  debug\_verify_asset_volatility_profile.py (1.6s)
[12/366] PASS  debug\_verify_backtest_common_holdout.py (1.9s)
[13/366] PASS  debug\_verify_backtest_data_gap_exit.py (1.8s)
[14/366] PASS  debug\_verify_backtest_dollar_pnl_default.py (1.7s)
[15/366] PASS  debug\_verify_backtest_hurst_none_fix.py (0.7s)
[16/366] PASS  debug\_verify_backtest_lookahead_label.py (0.1s)
[17/366] PASS  debug\_verify_backtest_hedge_default.py (1.9s)
[18/366] PASS  debug\_verify_backtest_overfitting_detector.py (1.7s)
[19/366] PASS  debug\_verify_backtest_override_fit_engine.py (1.8s)
[20/366] PASS  debug\_verify_backtest_pnl_cap_scope.py (1.8s)
[21/366] PASS  debug\_verify_backtest_storm_label_fix.py (0.1s)
[22/366] PASS  debug\_verify_backtest_risk_parity_is_only_fit.py (1.7s)
[23/366] PASS  debug\_verify_backtest_zero_z_filter_fix.py (0.7s)
[24/366] PASS  debug\_verify_bayesian_pair_confirmation.py (1.7s)
[25/366] PASS  debug\_verify_beta_weighted_portfolio.py (1.6s)
[26/366] PASS  debug\_verify_bh_fdr_dependence_check.py (3.3s)
[27/366] PASS  debug\_verify_bertram_ou_thresholds.py (6.3s)
[28/366] PASS  debug\_verify_bh_vs_by_full_universe.py (3.0s)
[29/366] PASS  debug\_verify_bh_vs_by_full_universe_1d.py (3.3s)
[30/366] PASS  debug\_verify_big_move_lead_lag.py (3.2s)
[31/366] PASS  debug\_verify_bounded_lookback_primary_screen.py (4.1s)
[32/366] PASS  debug\_verify_bugD100_garch_stop_causal.py (0.7s)
[33/366] PASS  debug\_verify_bugD101_position_sizing_circularity.py (4.0s)
[34/366] PASS  debug\_verify_bugD102_coint_frac_sizing_fold_leakage.py (0.9s)
[35/366] PASS  debug\_verify_bugD103_macro_publication_lag.py (1.6s)
[36/366] PASS  debug\_verify_bugD105_wrds_universe_passed.py (0.1s)
[37/366] PASS  debug\_verify_bugD99_pit_wfa_hurst_rs.py (5.2s)
[38/366] PASS  debug\_verify_break_tests_size.py (14.6s)
[39/366] PASS  debug\_verify_bug_d56_compose.py (1.7s)
[40/366] PASS  debug\_verify_bug_d112_causal_candidacy.py (3.5s)
[41/366] PASS  debug\_verify_bug_d57_naive_exchange_index.py (1.4s)
[42/366] PASS  debug\_verify_bug_d58_survivorship_false_positive.py (1.8s)
[43/366] PASS  debug\_verify_bug_d59_pooled_coint_sharpe.py (1.8s)
[44/366] PASS  debug\_verify_bug_d62_sharpe_convention.py (0.7s)
[45/366] PASS  debug\_verify_bug_d61_window_alignment.py (1.9s)
[46/366] PASS  debug\_verify_build_bug_verdicts.py (0.7s)
[47/366] PASS  debug\_verify_build_comparison_arm_pairs.py (0.7s)
[48/366] PASS  debug\_verify_bug_d95_persistence_fix.py (3.0s)
[49/366] PASS  debug\_verify_build_readonly_gate.py (0.2s)
[50/366] PASS  debug\_verify_calendar_no_weekend_rows.py (0.8s)
[51/366] PASS  debug\_verify_build_log_prices_bounded.py (2.9s)
[52/366] PASS  debug\_verify_capital_constraint_luck_check.py (0.7s)
[53/366] PASS  debug\_verify_capital_size_sweep.py (0.7s)
[54/366] PASS  debug\_verify_cf_carver_causal_scale_fix.py (0.2s)
[55/366] PASS  debug\_verify_check_cachyos_parity.py (0.2s)
[56/366] PASS  debug\_verify_chunked_pearson_candidate_pairs.py (3.5s)
[57/366] PASS  debug\_verify_chunked_pearson_matrix.py (4.0s)
[58/366] PASS  debug\_verify_churn_fix_arms.py (2.0s)
[59/366] PASS  debug\_verify_calendar_padding_bound.py (15.9s)
[60/366] PASS  debug\_verify_clean_mask_gapflag_semantics_fix.py (3.6s)
[61/366] PASS  debug\_verify_clean_pool_identity_pairs.py (0.9s)
[62/366] PASS  debug\_verify_cleaner_no_cache_ffill.py (2.0s)
[63/366] PASS  debug\_verify_coint_decay_rate_signal_test.py (1.8s)
[64/366] PASS  debug\_verify_coint_frac_nan_status.py (2.9s)
[65/366] PASS  debug\_verify_coint_frac_override.py (2.8s)
[66/366] PASS  debug\_verify_coint_strength_bar_system.py (0.7s)
[67/366] PASS  debug\_verify_coint_frac_window_grid.py (3.1s)
[68/366] PASS  debug\_verify_cointegration_regime_segmentation.py (0.7s)
[69/366] PASS  debug\_verify_comparison_arm_scaffold.py (0.7s)
[70/366] PASS  debug\_verify_coint_strength_series_builder.py (4.4s)
[71/366] PASS  debug\_verify_confidence_score_allocation.py (0.7s)
[72/366] PASS  debug\_verify_compute_metrics_sharpe_annualization_fix.py (1.9s)
[73/366] PASS  debug\_verify_config_drift_guard.py (0.8s)
[74/366] PASS  debug\_verify_conformal_predictor.py (1.9s)
[75/366] PASS  debug\_verify_confirmatory_cointegration_check.py (3.0s)
[76/366] PASS  debug\_verify_correlation_transition_detector.py (0.8s)
[77/366] PASS  debug\_verify_copula_pairs.py (2.3s)
[78/366] PASS  debug\_verify_crisis_regime_cluster_bootstrap_test.py (0.9s)
[79/366] PASS  debug\_verify_cot_contract_history.py (2.9s)
[80/366] PASS  debug\_verify_crisis_regime_concentration_significance_test.py (1.8s)
[81/366] PASS  debug\_verify_crisis_regime_episode_clustering_check.py (0.7s)
[82/366] PASS  debug\_verify_crisis_regime_correlation_diagnostic.py (3.0s)
[83/366] PASS  debug\_verify_crisis_regime_same_sector_test.py (1.7s)
[84/366] PASS  debug\_verify_cross_session_leadlag.py (1.8s)
[85/366] PASS  debug\_verify_cross_listing_lead_lag.py (3.2s)
[86/366] PASS  debug\_verify_cross_tf_break_divergence.py (3.3s)
[87/366] PASS  debug\_verify_cross_tf_lead_lag_scan.py (3.4s)
[88/366] PASS  debug\_verify_crsp_volume_split_adjustment.py (0.7s)
[89/366] PASS  debug\_verify_cross_timeframe_cointegration.py (3.2s)
[90/366] PASS  debug\_verify_cvar.py (3.0s)
[91/366] PASS  debug\_verify_d18_arm_comparison.py (0.9s)
[92/366] PASS  debug\_verify_cycle_detection.py (3.8s)
[93/366] PASS  debug\_verify_daily_incremental_refresh.py (1.6s)
[94/366] PASS  debug\_verify_data_contamination_scan.py (0.8s)
[95/366] PASS  debug\_verify_data_finra.py (0.9s)
[96/366] PASS  debug\_verify_data_crypto_binance.py (1.4s)
[97/366] PASS  debug\_verify_data_sec_edgar.py (0.8s)
[98/366] PASS  debug\_verify_data_no_silent_handlers.py (1.5s)
[99/366] PASS  debug\_verify_dcc_garch_pymgarch_comparison.py (2.8s)
[100/366] PASS  debug\_verify_dd_cache_anomaly_fix.py (1.7s)
[101/366] PASS  debug\_verify_dd_hub_asymmetric_drop_fix.py (0.8s)
[102/366] PASS  debug\_verify_dd_hub_effective_bets.py (1.5s)
[103/366] PASS  debug\_verify_dead_constants_comparison_arms.py (1.9s)
[104/366] PASS  debug\_verify_decay_proxy.py (0.7s)
[105/366] PASS  debug\_verify_decay_rate_at_entry_diagnostic.py (3.3s)
[106/366] PASS  debug\_verify_decay_rate_signals.py (3.9s)
[107/366] PASS  debug\_verify_decay_rate_sizing.py (2.1s)
[108/366] PASS  debug\_verify_decoupling_analysis.py (2.8s)
[109/366] PASS  debug\_verify_decoupling_meta_analysis.py (1.8s)
[110/366] PASS  debug\_verify_dedupe_identical_series.py (0.9s)
[111/366] PASS  debug\_verify_deep_history_enrich.py (7.5s)
[112/366] PASS  debug\_verify_deflated_sharpe.py (1.9s)
[113/366] PASS  debug\_verify_degenerate_column_audit.py (1.0s)
[114/366] PASS  debug\_verify_delisting_registry.py (1.8s)
[115/366] PASS  debug\_verify_distribution_fits.py (56.1s)
[116/366] PASS  debug\_verify_diversification_basket_test.py (0.8s)
[117/366] PASS  debug\_verify_earnings.py (1.1s)
[118/366] PASS  debug\_verify_earnings_lead_lag_seam_fix.py (3.8s)
[119/366] PASS  debug\_verify_eg_bh_denominator.py (3.5s)
[120/366] PASS  debug\_verify_eg_both_directions_fix.py (10.9s)
[121/366] PASS  debug\_verify_eg_common_index_a1.py (3.9s)
[122/366] PASS  debug\_verify_eg_gap_classification_fix.py (3.1s)
[123/366] PASS  debug\_verify_eg_null_calibration.py (8.3s)
[124/366] PASS  debug\_verify_eg_permutation_mask_consistency_fix.py (3.4s)
[125/366] PASS  debug\_verify_eigendecompose_gpu.py (3.8s)
[126/366] PASS  debug\_verify_eigenvalue_weighted_position_sizing.py (2.1s)
[127/366] PASS  debug\_verify_eligible_from_gate.py (1.8s)
[128/366] PASS  debug\_verify_episodic_checkpoint_order.py (0.1s)
[129/366] PASS  debug\_verify_episodic_duration_degree_usability.py (3.4s)
[130/366] PASS  debug\_verify_episodic_grid_offset.py (3.4s)
[131/366] PASS  debug\_verify_data_wrds.py (167.3s)
[132/366] PASS  debug\_verify_episodic_pit_asof.py (2.9s)
[133/366] PASS  debug\_verify_episodic_pairs_adapter.py (25.1s)
[134/366] PASS  debug\_verify_episodic_resume_guard.py (3.2s)
[135/366] PASS  debug\_verify_event_study_framework.py (0.7s)
[136/366] PASS  debug\_verify_episodic_scan_arm_logging.py (3.0s)
[137/366] PASS  debug\_verify_ewma_zscore_comparison.py (0.7s)
[138/366] PASS  debug\_verify_exchange_aware_session.py (1.4s)
[139/366] PASS  debug\_verify_fama_french_risk_decomposition.py (0.8s)
[140/366] PASS  debug\_verify_exchange_aware_live_fetch.py (5.6s)
[141/366] PASS  debug\_verify_fdr_method_comparison.py (3.6s)
[142/366] PASS  debug\_verify_fdr_threshold_sensitivity.py (3.1s)
[143/366] PASS  debug\_verify_filter_funnel.py (2.9s)
[144/366] PASS  debug\_verify_flat_risk_pct_override.py (0.7s)
[145/366] PASS  debug\_verify_filter_structural_pairs.py (3.3s)
[146/366] PASS  debug\_verify_fresh_holdout_compare.py (0.7s)
[147/366] PASS  debug\_verify_full_crsp_security_master.py (0.8s)
[148/366] PASS  debug\_verify_full_market_label_recency.py (0.8s)
[149/366] PASS  debug\_verify_full_universe_eg_confirmation_overlap_filter.py (0.1s)
[150/366] PASS  debug\_verify_full_us_market_label_map.py (0.8s)
[151/366] PASS  debug\_verify_fundamental_pair_tagger.py (0.8s)
[152/366] PASS  debug\_verify_futures_no_magnitude_roll_adjust.py (1.5s)
[153/366] PASS  debug\_verify_fx_convert.py (0.9s)
[154/366] PASS  debug\_verify_gpu_auto_threshold.py (0.3s)
[155/366] PASS  debug\_verify_gpu_backend_vram_headroom.py (0.2s)
[156/366] PASS  debug\_verify_gpu_batched_eg.py (4.0s)
[157/366] PASS  debug\_verify_grid_bootstrap_ar_ci.py (26.2s)
[158/366] PASS  debug\_verify_grid_phase_robustness.py (0.8s)
[159/366] PASS  debug\_verify_half_life_ar1_off_by_one.py (3.7s)
[160/366] PASS  debug\_verify_half_life_skip_attribution.py (2.1s)
[161/366] PASS  debug\_verify_hedge_blend_test.py (0.9s)
[162/366] PASS  debug\_verify_hierarchical_dsr.py (2.0s)
[163/366] PASS  debug\_verify_hmm_gmm_regime_features.py (11.1s)
[164/366] PASS  debug\_verify_hrp_ledoit_wolf.py (4.5s)
[165/366] PASS  debug\_verify_hrp_weights.py (2.1s)
[166/366] PASS  debug\_verify_hub_weights_override.py (2.1s)
[167/366] PASS  debug\_verify_ibkr_cache_snapped.py (1.9s)
[168/366] PASS  debug\_verify_ibkr_merge_split_reconciliation.py (1.8s)
[169/366] PASS  debug\_verify_ibkr_pagination.py (1.7s)
[170/366] PASS  debug\_verify_ibkr_supplement_derived_tf.py (1.0s)
[171/366] PASS  debug\_verify_index_additions.py (1.0s)
[172/366] PASS  debug\_verify_follower_direction_validation_walkforward_fix.py (79.7s)
[173/366] PASS  debug\_verify_index_tracking_exclusion.py (3.8s)
[174/366] PASS  debug\_verify_intraday_closed_market_gaps.py (1.6s)
[175/366] PASS  debug\_verify_instrument_labels_no_collision.py (1.9s)
[176/366] PASS  debug\_verify_intraday_config_isolation.py (2.9s)
[177/366] PASS  debug\_verify_intraday_episodic_window_sensitivity.py (6.8s)
[178/366] PASS  debug\_verify_intraday_episodic_scan.py (10.1s)
[179/366] PASS  debug\_verify_intraday_oom_guard_grid.py (1.7s)
[180/366] PASS  debug\_verify_jkp_factor_portfolio_construction.py (0.8s)
[181/366] PASS  debug\_verify_inverse_polarity.py (3.2s)
[182/366] PASS  debug\_verify_jkp_raw_characteristic_regression.py (2.4s)
[183/366] PASS  debug\_verify_jkp_thread_m_driver.py (2.1s)
[184/366] PASS  debug\_verify_johansen_basket_cointegration.py (2.6s)
[185/366] PASS  debug\_verify_johansen_worker_gaps_sig.py (3.0s)
[186/366] PASS  debug\_verify_jump_diffusion_gap_fix.py (1.5s)
[187/366] PASS  debug\_verify_jump_diffusion_fit.py (5.1s)
[188/366] PASS  debug\_verify_k_bahc_candidate_discovery.py (3.0s)
[189/366] PASS  debug\_verify_kalman_slope_intercept.py (3.1s)
[190/366] PASS  debug\_verify_lag_sweep_validation.py (6.5s)
[191/366] PASS  debug\_verify_lead_lag_cointegration_rate.py (3.9s)
[192/366] PASS  debug\_verify_lag_aware_coint_discovery.py (19.0s)
[193/366] PASS  debug\_verify_lead_lag_scan.py (3.8s)
[194/366] PASS  debug\_verify_levy_jump_diffusion.py (3.6s)
[195/366] PASS  debug\_verify_lineage.py (0.5s)
[196/366] PASS  debug\_verify_liquid_bar_mask_sources.py (1.0s)
[197/366] PASS  debug\_verify_liquidity_bar_masking.py (1.1s)
[198/366] PASS  debug\_verify_liquidity_bar_vs_symbol_comparison.py (0.9s)
[199/366] PASS  debug\_verify_liquidity_filter_currency_retry.py (20.9s)
[200/366] PASS  debug\_verify_liquidity_filter_no_fabrication.py (1.7s)
[201/366] PASS  debug\_verify_liquidity_threshold_sensitivity.py (0.9s)
[202/366] PASS  debug\_verify_lit_search_tools.py (0.5s)
[203/366] PASS  debug\_verify_loader_cwd_independent.py (1.1s)
[204/366] PASS  debug\_verify_loader_disjoint_sources.py (1.2s)
[205/366] PASS  debug\_verify_loader_timezones.py (1.1s)
[206/366] PASS  debug\_verify_loader_wrds_total_return.py (3.7s)
[207/366] PASS  debug\_verify_lstm_attention_architecture.py (20.3s)
[208/366] PASS  debug\_verify_lstm_attention_training.py (33.4s)
[209/366] PASS  debug\_verify_macro_daily_cot_availability.py (1.7s)
[210/366] PASS  debug\_verify_macro_regimes.py (2.3s)
[211/366] PASS  debug\_verify_macro_release_lags.py (1.7s)
[212/366] PASS  debug\_verify_manifest_lock.py (9.8s)
[213/366] PASS  debug\_verify_manifest_pruning.py (4.0s)
[214/366] PASS  debug\_verify_membership_gate.py (3.3s)
[215/366] PASS  debug\_verify_meta_label_capital_sim.py (2.4s)
[216/366] PASS  debug\_verify_min_bars_long_tfs.py (1.6s)
[217/366] PASS  debug\_verify_min_segment_calendar_fix.py (5.8s)
[218/366] PASS  debug\_verify_ml_feature_lag.py (0.8s)
[219/366] PASS  debug\_verify_ml_gate_fail_closed.py (2.0s)
[220/366] PASS  debug\_verify_ml_hedge_ratio_drift_pit.py (0.9s)
[221/366] PASS  debug\_verify_ml_median_imputation_no_leakage.py (0.8s)
[222/366] PASS  debug\_verify_ml_model_comparison.py (2.5s)
[223/366] PASS  debug\_verify_ml_model_comparison_purged.py (2.9s)
[224/366] PASS  debug\_verify_ml_model_history.py (1.9s)
[225/366] PASS  debug\_verify_ml_squeeze_momentum_features.py (0.9s)
[226/366] PASS  debug\_verify_ml_stage2_ablation.py (2.5s)
[227/366] PASS  debug\_verify_ml_threshold_recalibration.py (2.1s)
[228/366] PASS  debug\_verify_multivariate_pit_predictors.py (5.5s)
[229/366] PASS  debug\_verify_multivariate_pit_predictors_gee.py (4.5s)
[230/366] PASS  debug\_verify_near_miss_lag_scan.py (4.1s)
[231/366] PASS  debug\_verify_news_impact_asymmetry.py (2.2s)
[232/366] PASS  debug\_verify_no_private_universe_globs.py (0.2s)
[233/366] PASS  debug\_verify_options_greeks_features.py (1.8s)
[234/366] PASS  debug\_verify_options_greeks_unit.py (1.9s)
[235/366] PASS  debug\_verify_options_load_price_series_wrds_fallback.py (2.1s)
[236/366] PASS  debug\_verify_overlap_threshold_pit_test.py (4.2s)
[237/366] PASS  debug\_verify_overnight_orchestrator_py.py (3.7s)
[238/366] PASS  debug\_verify_pair_characteristics_analyzer.py (18.9s)
[239/366] PASS  debug\_verify_lead_lag_permutation_check.py (204.2s)
[240/366] PASS  debug\_verify_pair_result_hedge_gap_mask.py (4.4s)
[241/366] PASS  debug\_verify_pair_source.py (1.0s)
[242/366] PASS  debug\_verify_paper_claims.py (0.8s)
[243/366] PASS  debug\_verify_paper_magnitude_claims.py (0.8s)
[244/366] PASS  debug\_verify_parameter_sensitivity_screen.py (0.7s)
[245/366] PASS  debug\_verify_pairwise_stats_low_memory.py (3.0s)
[246/366] PASS  debug\_verify_pdr_calmar.py (0.7s)
[247/366] PASS  debug\_verify_period_bars_volume_nan.py (0.7s)
[248/366] PASS  debug\_verify_period_end_stamps.py (1.7s)
[249/366] PASS  debug\_verify_pearson_threshold_sensitivity.py (3.0s)
[250/366] PASS  debug\_verify_pipeline_contracts.py (0.7s)
[251/366] PASS  debug\_verify_persistence_filter.py (3.4s)
[252/366] PASS  debug\_verify_pipeline_end_to_end_synthetic.py (3.3s)
[253/366] PASS  debug\_verify_pit_confidence_weights.py (1.8s)
[254/366] PASS  debug\_verify_pit_index_membership.py (0.8s)
[255/366] PASS  debug\_verify_pit_confirmation_vs_regime_interaction.py (1.7s)
[256/366] PASS  debug\_verify_pit_pair_row.py (2.8s)
[257/366] PASS  debug\_verify_pit_pair_discovery.py (3.0s)
[258/366] PASS  debug\_verify_pit_precision_by_regime_strength.py (3.0s)
[259/366] PASS  debug\_verify_pit_wfa_episodic.py (3.0s)
[260/366] PASS  debug\_verify_pit_wfa_pooled_equity_curve.py (0.7s)
[261/366] PASS  debug\_verify_pit_wfa_trade_bootstrap.py (3.3s)
[262/366] PASS  debug\_verify_pit_wfa.py (10.7s)
[263/366] PASS  debug\_verify_pit_wfa_train_test_boundary.py (3.1s)
[264/366] PASS  debug\_verify_pit_wfa_wrds_daily_merge_and_save.py (3.2s)
[265/366] PASS  debug\_verify_pnl_dollar.py (0.8s)
[266/366] PASS  debug\_verify_pnl_dollar_intraday.py (1.4s)
[267/366] PASS  debug\_verify_pit_wfa_wrds_daily.py (12.5s)
[268/366] PASS  debug\_verify_portfolio_math.py (0.8s)
[269/366] PASS  debug\_verify_portfolio_math_business_days.py (0.8s)
[270/366] PASS  debug\_verify_portfolio_math_risk_metrics.py (0.9s)
[271/366] PASS  debug\_verify_portfolio_sim.py (1.0s)
[272/366] PASS  debug\_verify_portfolio_sim_dollar.py (1.0s)
[273/366] PASS  debug\_verify_portfolio_sim_external_series_fix.py (0.9s)
[274/366] PASS  debug\_verify_pre_commit_verify.py (0.1s)
[275/366] PASS  debug\_verify_predictability_optimizer_gap_fix.py (1.8s)
[276/366] PASS  debug\_verify_predicted_degeneracy_risk.py (3.6s)
[277/366] PASS  debug\_verify_price_target_pairs_overlay.py (2.0s)
[278/366] PASS  debug\_verify_purity_pit_eligibility.py (1.0s)
[279/366] PASS  debug\_verify_reality_check_null.py (17.5s)
[280/366] PASS  debug\_verify_rederive_coarse_volume.py (1.0s)
[281/366] PASS  debug\_verify_regime_age_weights.py (2.1s)
[282/366] PASS  debug\_verify_regime_conditional_adjustment.py (2.1s)
[283/366] PASS  debug\_verify_regime_conditional_entry_gate.py (4.1s)
[284/366] PASS  debug\_verify_regime_lookup_intraday.py (2.2s)
[285/366] PASS  debug\_verify_regime_strength_vs_discovery_regime_test.py (2.1s)
[286/366] PASS  debug\_verify_reimers_trio_correction.py (2.9s)
[287/366] PASS  debug\_verify_repair_coarse_identity.py (1.5s)
[288/366] PASS  debug\_verify_residual_correlation_factor_test.py (2.0s)
[289/366] PASS  debug\_verify_return_smoothing_audit.py (1.5s)
[290/366] PASS  debug\_verify_returns_matrix_timestamp_aligned.py (4.5s)
[291/366] PASS  debug\_verify_ridge_hedge_ratio_comparison.py (4.9s)
[292/366] PASS  debug\_verify_risk_neutral_density.py (2.5s)
[293/366] PASS  debug\_verify_rmt_feature_denoising.py (4.3s)
[294/366] PASS  debug\_verify_rolling_adv_comparison.py (0.9s)
[295/366] PASS  debug\_verify_rolling_coint_batched.py (4.3s)
[296/366] PASS  debug\_verify_rough_volatility.py (5.0s)
[297/366] PASS  debug\_verify_run_all_verify.py (1.4s)
[298/366] PASS  debug\_verify_run_storm_grid_sharpe_fix.py (2.0s)
[299/366] PASS  debug\_verify_same_dates_null.py (2.5s)
[300/366] PASS  debug\_verify_save_tf_results_return.py (5.1s)
[301/366] PASS  debug\_verify_scan_guard_direct_callers.py (12.3s)
[302/366] PASS  debug\_verify_scan_price_basis_d18.py (4.8s)
[303/366] PASS  debug\_verify_secondary_evidence_overlap.py (3.9s)
[304/366] PASS  debug\_verify_sector_fdr_random_null_comparison.py (4.2s)
[305/366] PASS  debug\_verify_sector_restricted_fdr_rescan.py (4.1s)
[306/366] PASS  debug\_verify_sensitivity_config_centralization.py (2.0s)
[307/366] PASS  debug\_verify_sequential_bootstrap_ml_comparison.py (1.0s)
[308/366] PASS  debug\_verify_shared_output_atomic_writes.py (3.6s)
[309/366] PASS  debug\_verify_short_term_factor_alpha.py (3.8s)
[310/366] PASS  debug\_verify_snap_timestamps_no_lookahead.py (1.6s)
[311/366] PASS  debug\_verify_sp500_cache_guard.py (1.8s)
[312/366] PASS  debug\_verify_sparse_pair_exclusion.py (6.9s)
[313/366] PASS  debug\_verify_spread_construction_consolidation.py (4.0s)
[314/366] PASS  debug\_verify_sqrt_impact_cost.py (2.1s)
[315/366] PASS  debug\_verify_squeeze_momentum_features.py (4.5s)
[316/366] PASS  debug\_verify_squeeze_momentum_gate_logic.py (0.2s)
[317/366] PASS  debug\_verify_polars_universe_loader.py (195.5s)
[318/366] PASS  debug\_verify_stats_daily_pnl_calendar.py (3.1s)
[319/366] PASS  debug\_verify_stats_tf_dir_map_fix.py (4.9s)
[320/366] PASS  debug\_verify_stats_trade_bootstrap_scale.py (5.0s)
[321/366] PASS  debug\_verify_stop_loss_correlation_caps.py (2.0s)
[322/366] PASS  debug\_verify_strategy_risk_precision.py (0.9s)
[323/366] PASS  debug\_verify_strategy_rule_invariants.py (0.8s)
[324/366] PASS  debug\_verify_strategy_search.py (26.9s)
[325/366] PASS  debug\_verify_strategy_variation_comparison.py (3.6s)
[326/366] PASS  debug\_verify_streaming_checkpoint_results.py (26.9s)
[327/366] PASS  debug\_verify_stress_test_replication.py (3.9s)
[328/366] PASS  debug\_verify_structural_break_onset_detection.py (4.8s)
[329/366] PASS  debug\_verify_survivorship_last_real_bar.py (1.9s)
[330/366] PASS  debug\_verify_svm_gradient_descent_classifier.py (2.3s)
[331/366] PASS  debug\_verify_tail_dependence_universe_screen.py (8.3s)
[332/366] PASS  debug\_verify_squeeze_momentum_signal_validation.py (181.0s)
[333/366] PASS  debug\_verify_threshold_relevance_pit_test.py (3.7s)
[334/366] PASS  debug\_verify_threshold_cointegration.py (50.2s)
[335/366] PASS  debug\_verify_tls_hedge_direction.py (2.9s)
[336/366] PASS  debug\_verify_transfer_entropy_lead_lag.py (5.7s)
[337/366] PASS  debug\_verify_trfd_total_return.py (0.9s)
[338/366] PASS  debug\_verify_trig_convergence.py (4.1s)
[339/366] PASS  debug\_verify_trend_dominance_diagnostic.py (8.5s)
[340/366] PASS  debug\_verify_universe_calendar_align_and_dedup.py (1.0s)
[341/366] PASS  debug\_verify_universe_loader.py (1.0s)
[342/366] PASS  debug\_verify_universe_loader_memo_cache.py (0.9s)
[343/366] PASS  debug\_verify_universe_filter_chunked.py (3.6s)
[344/366] PASS  debug\_verify_universe_loader_memo_code_key.py (1.6s)
[345/366] PASS  debug\_verify_usd_dollar_volume.py (0.8s)
[346/366] PASS  debug\_verify_usd_symbol_fx.py (0.7s)
[347/366] PASS  debug\_verify_var_backtest_calibration.py (1.3s)
[348/366] PASS  debug\_verify_var_sizing_weights.py (1.7s)
[349/366] PASS  debug\_verify_variance_ratio_gap_fix.py (2.3s)
[350/366] PASS  debug\_verify_variance_ratio_test.py (2.4s)
[351/366] PASS  debug\_verify_vol_swap_style_risk_estimate.py (0.7s)
[352/366] PASS  debug\_verify_vol_targeting_causal_median_fix.py (0.7s)
[353/366] PASS  debug\_verify_vix_crisis_hl_robustness_check.py (2.4s)
[354/366] PASS  debug\_verify_wfa_config_consistency.py (0.7s)
[355/366] PASS  debug\_verify_wfa_no_stale_spread.py (0.8s)
[356/366] PASS  debug\_verify_wavelet_hurst.py (3.0s)
[357/366] PASS  debug\_verify_wfa_trade_sharpe.py (1.7s)
[358/366] PASS  debug\_verify_window_sweep_specs.py (2.9s)
[359/366] PASS  debug\_verify_wrds_global_fetch_retry.py (30.8s)
[360/366] PASS  debug\_verify_wrds_lead_lag_scan.py (3.2s)
[361/366] PASS  debug\_verify_wrds_primary_wiring.py (1.6s)
[362/366] PASS  debug\_verify_wrds_priority_over_ibkr.py (0.9s)
[363/366] PASS  debug\_verify_wrds_symbol_canonicalization.py (0.7s)
[364/366] PASS  debug\_verify_wrds_universal_lead_lag_scan.py (3.5s)
[365/366] PASS  debug\_verify_za_breakdate_index.py (1.8s)
[366/366] PASS  debug\_verify_wrds_deep_history_episodic_scan.py (107.6s)

======================================================================
SUMMARY: 366 passed, 0 FAILED, 0 errored (of 366 total, 1122.1s)
======================================================================
