Running 369 verify scripts (timeout=600s, workers=2)...

[1/369] PASS  debug\_verify_absorption_ratio.py (2.9s)
[2/369] PASS  debug\_verify_a2_causal_hedge_arm.py (3.6s)
[3/369] PASS  debug\_verify_adapter_stale_checkpoint_fix.py (3.3s)
[4/369] PASS  debug\_verify_adapter_wrds_first.py (3.4s)
[5/369] PASS  debug\_verify_adv_1day_fallback.py (0.8s)
[6/369] PASS  debug\_verify_adf_confirmatory_tier.py (2.7s)
[7/369] PASS  debug\_verify_align_daily_gap_gate.py (1.7s)
[8/369] PASS  debug\_verify_append_basis_reconcile.py (1.6s)
[9/369] PASS  debug\_verify_append_switch.py (1.6s)
[10/369] PASS  debug\_verify_apply_crsp_volume_adjustment.py (0.9s)
[11/369] PASS  debug\_verify_asset_volatility_profile.py (1.7s)
[12/369] PASS  debug\_verify_backtest_common_holdout.py (2.0s)
[13/369] PASS  debug\_verify_backtest_data_gap_exit.py (1.8s)
[14/369] PASS  debug\_verify_backtest_dollar_pnl_default.py (1.8s)
[15/369] PASS  debug\_verify_backtest_hurst_none_fix.py (0.6s)
[16/369] PASS  debug\_verify_backtest_lookahead_label.py (0.1s)
[17/369] PASS  debug\_verify_backtest_hedge_default.py (1.9s)
[18/369] PASS  debug\_verify_backtest_overfitting_detector.py (1.7s)
[19/369] PASS  debug\_verify_backtest_override_fit_engine.py (1.8s)
[20/369] PASS  debug\_verify_backtest_pnl_cap_scope.py (1.8s)
[21/369] PASS  debug\_verify_backtest_storm_label_fix.py (0.1s)
[22/369] PASS  debug\_verify_backtest_risk_parity_is_only_fit.py (1.8s)
[23/369] PASS  debug\_verify_backtest_zero_z_filter_fix.py (0.7s)
[24/369] PASS  debug\_verify_bayesian_pair_confirmation.py (1.6s)
[25/369] PASS  debug\_verify_beta_weighted_portfolio.py (1.6s)
[26/369] PASS  debug\_verify_bh_fdr_dependence_check.py (3.3s)
[27/369] PASS  debug\_verify_bertram_ou_thresholds.py (6.5s)
[28/369] PASS  debug\_verify_bh_vs_by_full_universe.py (3.0s)
[29/369] PASS  debug\_verify_bh_vs_by_full_universe_1d.py (3.1s)
[30/369] PASS  debug\_verify_big_move_lead_lag.py (3.0s)
[31/369] PASS  debug\_verify_bounded_lookback_primary_screen.py (3.9s)
[32/369] PASS  debug\_verify_bugD100_garch_stop_causal.py (0.7s)
[33/369] PASS  debug\_verify_bugD101_position_sizing_circularity.py (3.9s)
[34/369] PASS  debug\_verify_bugD102_coint_frac_sizing_fold_leakage.py (0.8s)
[35/369] PASS  debug\_verify_bugD103_macro_publication_lag.py (1.5s)
[36/369] PASS  debug\_verify_bugD105_wrds_universe_passed.py (0.1s)
[37/369] PASS  debug\_verify_bugD99_pit_wfa_hurst_rs.py (5.0s)
[38/369] PASS  debug\_verify_break_tests_size.py (14.0s)
[39/369] PASS  debug\_verify_bug_d56_compose.py (1.8s)
[40/369] PASS  debug\_verify_bug_d112_causal_candidacy.py (3.4s)
[41/369] PASS  debug\_verify_bug_d57_naive_exchange_index.py (1.5s)
[42/369] PASS  debug\_verify_bug_d58_survivorship_false_positive.py (1.7s)
[43/369] PASS  debug\_verify_bug_d59_pooled_coint_sharpe.py (1.7s)
[44/369] PASS  debug\_verify_bug_d62_sharpe_convention.py (0.7s)
[45/369] PASS  debug\_verify_bug_d61_window_alignment.py (1.9s)
[46/369] PASS  debug\_verify_build_bug_verdicts.py (0.7s)
[47/369] PASS  debug\_verify_build_comparison_arm_pairs.py (0.7s)
[48/369] PASS  debug\_verify_bug_d95_persistence_fix.py (3.3s)
[49/369] PASS  debug\_verify_build_readonly_gate.py (0.1s)
[50/369] PASS  debug\_verify_calendar_no_weekend_rows.py (0.9s)
[51/369] PASS  debug\_verify_build_log_prices_bounded.py (3.0s)
[52/369] PASS  debug\_verify_capital_constraint_luck_check.py (0.7s)
[53/369] PASS  debug\_verify_capital_size_sweep.py (0.8s)
[54/369] PASS  debug\_verify_cf_carver_causal_scale_fix.py (0.2s)
[55/369] PASS  debug\_verify_check_cachyos_parity.py (0.2s)
[56/369] PASS  debug\_verify_chunked_pearson_candidate_pairs.py (3.5s)
[57/369] PASS  debug\_verify_chunked_pearson_matrix.py (4.3s)
[58/369] PASS  debug\_verify_churn_fix_arms.py (2.1s)
[59/369] PASS  debug\_verify_clean_mask_gapflag_semantics_fix.py (3.0s)
[60/369] PASS  debug\_verify_clean_pool_identity_pairs.py (0.9s)
[61/369] PASS  debug\_verify_calendar_padding_bound.py (16.7s)
[62/369] PASS  debug\_verify_coint_decay_rate_signal_test.py (1.7s)
[63/369] PASS  debug\_verify_cleaner_no_cache_ffill.py (2.0s)
[64/369] PASS  debug\_verify_coint_frac_override.py (2.8s)
[65/369] PASS  debug\_verify_coint_frac_nan_status.py (2.9s)
[66/369] PASS  debug\_verify_coint_strength_bar_system.py (0.7s)
[67/369] PASS  debug\_verify_coint_frac_window_grid.py (3.0s)
[68/369] PASS  debug\_verify_cointegration_regime_segmentation.py (0.7s)
[69/369] PASS  debug\_verify_comparison_arm_scaffold.py (0.6s)
[70/369] PASS  debug\_verify_coint_strength_series_builder.py (4.3s)
[71/369] PASS  debug\_verify_confidence_score_allocation.py (0.7s)
[72/369] PASS  debug\_verify_compute_metrics_sharpe_annualization_fix.py (1.7s)
[73/369] PASS  debug\_verify_config_drift_guard.py (0.7s)
[74/369] PASS  debug\_verify_conformal_predictor.py (2.0s)
[75/369] PASS  debug\_verify_confirmatory_cointegration_check.py (3.0s)
[76/369] PASS  debug\_verify_correlation_transition_detector.py (0.7s)
[77/369] PASS  debug\_verify_copula_pairs.py (2.4s)
[78/369] PASS  debug\_verify_crisis_regime_cluster_bootstrap_test.py (1.0s)
[79/369] PASS  debug\_verify_cot_contract_history.py (4.1s)
[80/369] PASS  debug\_verify_crisis_regime_concentration_significance_test.py (1.8s)
[81/369] PASS  debug\_verify_crisis_regime_episode_clustering_check.py (0.7s)
[82/369] PASS  debug\_verify_crisis_regime_same_sector_test.py (1.6s)
[83/369] PASS  debug\_verify_crisis_regime_correlation_diagnostic.py (3.1s)
[84/369] PASS  debug\_verify_cross_session_leadlag.py (1.9s)
[85/369] PASS  debug\_verify_cross_listing_lead_lag.py (3.3s)
[86/369] PASS  debug\_verify_cross_tf_break_divergence.py (3.3s)
[87/369] PASS  debug\_verify_cross_tf_lead_lag_scan.py (3.7s)
[88/369] PASS  debug\_verify_crsp_volume_split_adjustment.py (0.7s)
[89/369] PASS  debug\_verify_cross_timeframe_cointegration.py (3.3s)
[90/369] PASS  debug\_verify_cvar.py (2.9s)
[91/369] PASS  debug\_verify_d18_arm_comparison.py (0.9s)
[92/369] PASS  debug\_verify_daily_incremental_refresh.py (1.5s)
[93/369] PASS  debug\_verify_cycle_detection.py (3.9s)
[94/369] PASS  debug\_verify_data_contamination_scan.py (0.8s)
[95/369] PASS  debug\_verify_data_crypto_binance.py (1.5s)
[96/369] PASS  debug\_verify_data_finra.py (0.9s)
[97/369] PASS  debug\_verify_data_sec_edgar.py (0.8s)
[98/369] PASS  debug\_verify_data_no_silent_handlers.py (1.6s)
[99/369] PASS  debug\_verify_dcc_garch_pymgarch_comparison.py (2.6s)
[100/369] PASS  debug\_verify_dd_cache_anomaly_fix.py (1.6s)
[101/369] PASS  debug\_verify_dd_hub_asymmetric_drop_fix.py (0.8s)
[102/369] PASS  debug\_verify_dd_hub_effective_bets.py (1.7s)
[103/369] PASS  debug\_verify_dead_constants_comparison_arms.py (1.9s)
[104/369] PASS  debug\_verify_decay_proxy.py (0.8s)
[105/369] PASS  debug\_verify_decay_rate_at_entry_diagnostic.py (3.1s)
[106/369] PASS  debug\_verify_decay_rate_signals.py (3.4s)
[107/369] PASS  debug\_verify_decay_rate_sizing.py (2.0s)
[108/369] PASS  debug\_verify_decoupling_analysis.py (2.7s)
[109/369] PASS  debug\_verify_decoupling_meta_analysis.py (1.8s)
[110/369] PASS  debug\_verify_dedupe_identical_series.py (1.0s)
[111/369] PASS  debug\_verify_deep_history_enrich.py (7.0s)
[112/369] PASS  debug\_verify_deflated_sharpe.py (1.8s)
[113/369] PASS  debug\_verify_degenerate_column_audit.py (1.0s)
[114/369] PASS  debug\_verify_delisting_registry.py (1.7s)
[115/369] PASS  debug\_verify_distribution_fits.py (61.5s)
[116/369] PASS  debug\_verify_diversification_basket_test.py (0.8s)
[117/369] PASS  debug\_verify_earnings.py (1.1s)
[118/369] PASS  debug\_verify_earnings_lead_lag_seam_fix.py (3.6s)
[119/369] PASS  debug\_verify_eg_bh_denominator.py (3.2s)
[120/369] PASS  debug\_verify_eg_both_directions_fix.py (10.3s)
[121/369] PASS  debug\_verify_eg_common_index_a1.py (3.9s)
[122/369] PASS  debug\_verify_eg_gap_classification_fix.py (3.3s)
[123/369] PASS  debug\_verify_eg_null_calibration.py (8.6s)
[124/369] PASS  debug\_verify_eg_permutation_mask_consistency_fix.py (3.5s)
[125/369] PASS  debug\_verify_eigendecompose_gpu.py (3.4s)
[126/369] PASS  debug\_verify_eigenvalue_weighted_position_sizing.py (2.2s)
[127/369] PASS  debug\_verify_eligible_from_gate.py (2.1s)
[128/369] PASS  debug\_verify_engine_dollar_default.py (2.0s)
[129/369] PASS  debug\_verify_episodic_checkpoint_order.py (0.1s)
[130/369] PASS  debug\_verify_episodic_duration_degree_usability.py (3.6s)
[131/369] PASS  debug\_verify_episodic_grid_offset.py (3.0s)
[132/369] PASS  debug\_verify_episodic_pairs_adapter.py (26.3s)
[133/369] PASS  debug\_verify_episodic_pit_asof.py (3.8s)
[134/369] PASS  debug\_verify_episodic_resume_guard.py (3.5s)
[135/369] PASS  debug\_verify_episodic_scan_arm_logging.py (3.3s)
[136/369] PASS  debug\_verify_event_study_framework.py (0.9s)
[137/369] PASS  debug\_verify_ewma_zscore_comparison.py (0.8s)
[138/369] PASS  debug\_verify_exchange_aware_live_fetch.py (7.2s)
[139/369] PASS  debug\_verify_exchange_aware_session.py (1.7s)
[140/369] PASS  debug\_verify_fama_french_risk_decomposition.py (0.8s)
[141/369] PASS  debug\_verify_fdr_method_comparison.py (3.7s)
[142/369] PASS  debug\_verify_fdr_threshold_sensitivity.py (3.4s)
[143/369] PASS  debug\_verify_filter_funnel.py (3.4s)
[144/369] PASS  debug\_verify_filter_structural_pairs.py (4.0s)
[145/369] PASS  debug\_verify_flat_risk_pct_override.py (0.8s)
[146/369] PASS  debug\_verify_data_wrds.py (216.9s)
[147/369] PASS  debug\_verify_fresh_holdout_compare.py (0.7s)
[148/369] PASS  debug\_verify_full_crsp_security_master.py (0.6s)
[149/369] PASS  debug\_verify_full_market_label_recency.py (0.9s)
[150/369] PASS  debug\_verify_full_universe_eg_confirmation_overlap_filter.py (0.1s)
[151/369] PASS  debug\_verify_full_us_market_label_map.py (0.9s)
[152/369] PASS  debug\_verify_fundamental_pair_tagger.py (0.9s)
[153/369] PASS  debug\_verify_futures_no_magnitude_roll_adjust.py (1.7s)
[154/369] PASS  debug\_verify_fx_convert.py (0.9s)
[155/369] PASS  debug\_verify_gpu_auto_threshold.py (0.3s)
[156/369] PASS  debug\_verify_gpu_backend_vram_headroom.py (0.2s)
[157/369] PASS  debug\_verify_gpu_batched_eg.py (4.2s)
[158/369] PASS  debug\_verify_grid_bootstrap_ar_ci.py (26.1s)
[159/369] PASS  debug\_verify_grid_phase_robustness.py (0.8s)
[160/369] PASS  debug\_verify_half_life_ar1_off_by_one.py (3.6s)
[161/369] PASS  debug\_verify_half_life_skip_attribution.py (2.0s)
[162/369] PASS  debug\_verify_hedge_blend_test.py (0.8s)
[163/369] PASS  debug\_verify_hierarchical_dsr.py (1.9s)
[164/369] PASS  debug\_verify_hmm_gmm_regime_features.py (10.6s)
[165/369] PASS  debug\_verify_hrp_ledoit_wolf.py (4.6s)
[166/369] PASS  debug\_verify_hrp_weights.py (2.2s)
[167/369] PASS  debug\_verify_hub_weights_override.py (2.1s)
[168/369] PASS  debug\_verify_ibkr_cache_snapped.py (2.0s)
[169/369] PASS  debug\_verify_ibkr_merge_split_reconciliation.py (1.7s)
[170/369] PASS  debug\_verify_ibkr_pagination.py (1.7s)
[171/369] PASS  debug\_verify_ibkr_supplement_derived_tf.py (1.0s)
[172/369] PASS  debug\_verify_index_additions.py (1.0s)
[173/369] PASS  debug\_verify_index_tracking_exclusion.py (3.8s)
[174/369] PASS  debug\_verify_follower_direction_validation_walkforward_fix.py (80.4s)
[175/369] PASS  debug\_verify_instrument_labels_no_collision.py (2.1s)
[176/369] PASS  debug\_verify_intraday_closed_market_gaps.py (1.7s)
[177/369] PASS  debug\_verify_intraday_config_isolation.py (3.0s)
[178/369] PASS  debug\_verify_intraday_episodic_window_sensitivity.py (6.5s)
[179/369] PASS  debug\_verify_intraday_episodic_scan.py (10.1s)
[180/369] PASS  debug\_verify_intraday_oom_guard_grid.py (1.8s)
[181/369] PASS  debug\_verify_jkp_factor_portfolio_construction.py (0.8s)
[182/369] PASS  debug\_verify_inverse_polarity.py (3.4s)
[183/369] PASS  debug\_verify_jkp_raw_characteristic_regression.py (2.3s)
[184/369] PASS  debug\_verify_jkp_thread_m_driver.py (2.2s)
[185/369] PASS  debug\_verify_johansen_basket_cointegration.py (2.5s)
[186/369] PASS  debug\_verify_johansen_worker_gaps_sig.py (2.9s)
[187/369] PASS  debug\_verify_jump_diffusion_gap_fix.py (1.5s)
[188/369] PASS  debug\_verify_jump_diffusion_fit.py (4.7s)
[189/369] PASS  debug\_verify_k_bahc_candidate_discovery.py (2.9s)
[190/369] PASS  debug\_verify_kalman_slope_intercept.py (3.1s)
[191/369] PASS  debug\_verify_lag_sweep_validation.py (5.6s)
[192/369] PASS  debug\_verify_lead_lag_cointegration_rate.py (3.7s)
[193/369] PASS  debug\_verify_lag_aware_coint_discovery.py (19.6s)
[194/369] PASS  debug\_verify_lead_lag_scan.py (3.7s)
[195/369] PASS  debug\_verify_levy_jump_diffusion.py (3.8s)
[196/369] PASS  debug\_verify_lineage.py (0.5s)
[197/369] PASS  debug\_verify_liquid_bar_mask_sources.py (0.9s)
[198/369] PASS  debug\_verify_liquidity_bar_masking.py (1.0s)
[199/369] PASS  debug\_verify_liquidity_bar_vs_symbol_comparison.py (0.9s)
[200/369] PASS  debug\_verify_liquidity_filter_currency_retry.py (20.9s)
[201/369] PASS  debug\_verify_liquidity_filter_no_fabrication.py (1.5s)
[202/369] PASS  debug\_verify_liquidity_threshold_sensitivity.py (0.8s)
[203/369] PASS  debug\_verify_lit_search_tools.py (0.5s)
[204/369] PASS  debug\_verify_loader_cwd_independent.py (1.1s)
[205/369] PASS  debug\_verify_loader_disjoint_sources.py (1.2s)
[206/369] PASS  debug\_verify_loader_timezones.py (1.1s)
[207/369] PASS  debug\_verify_loader_wrds_total_return.py (1.2s)
[208/369] PASS  debug\_verify_log_price_map_common_index.py (3.8s)
[209/369] PASS  debug\_verify_lstm_attention_architecture.py (20.1s)
[210/369] PASS  debug\_verify_lstm_attention_training.py (33.7s)
[211/369] PASS  debug\_verify_macro_daily_cot_availability.py (1.7s)
[212/369] PASS  debug\_verify_macro_regimes.py (2.3s)
[213/369] PASS  debug\_verify_macro_release_lags.py (1.7s)
[214/369] PASS  debug\_verify_manifest_lock.py (10.0s)
[215/369] PASS  debug\_verify_manifest_pruning.py (4.1s)
[216/369] PASS  debug\_verify_membership_gate.py (3.8s)
[217/369] PASS  debug\_verify_meta_label_capital_sim.py (2.5s)
[218/369] PASS  debug\_verify_min_bars_long_tfs.py (1.6s)
[219/369] PASS  debug\_verify_min_segment_calendar_fix.py (5.9s)
[220/369] PASS  debug\_verify_ml_feature_lag.py (0.8s)
[221/369] PASS  debug\_verify_ml_gate_fail_closed.py (1.9s)
[222/369] PASS  debug\_verify_ml_hedge_ratio_drift_pit.py (0.8s)
[223/369] PASS  debug\_verify_ml_median_imputation_no_leakage.py (0.8s)
[224/369] PASS  debug\_verify_ml_model_comparison.py (2.3s)
[225/369] PASS  debug\_verify_ml_model_comparison_purged.py (3.0s)
[226/369] PASS  debug\_verify_ml_model_history.py (2.0s)
[227/369] PASS  debug\_verify_ml_squeeze_momentum_features.py (0.9s)
[228/369] PASS  debug\_verify_ml_stage2_ablation.py (2.6s)
[229/369] PASS  debug\_verify_ml_threshold_recalibration.py (2.3s)
[230/369] PASS  debug\_verify_multivariate_pit_predictors.py (5.6s)
[231/369] PASS  debug\_verify_multivariate_pit_predictors_gee.py (4.2s)
[232/369] PASS  debug\_verify_near_miss_lag_scan.py (10.8s)
[233/369] PASS  debug\_verify_news_impact_asymmetry.py (2.2s)
[234/369] PASS  debug\_verify_no_private_universe_globs.py (0.2s)
[235/369] PASS  debug\_verify_options_greeks_features.py (1.9s)
[236/369] PASS  debug\_verify_options_greeks_unit.py (1.8s)
[237/369] PASS  debug\_verify_options_load_price_series_wrds_fallback.py (2.0s)
[238/369] PASS  debug\_verify_overlap_threshold_pit_test.py (3.9s)
[239/369] PASS  debug\_verify_overnight_orchestrator_py.py (3.7s)
[240/369] PASS  debug\_verify_lead_lag_permutation_check.py (203.1s)
[241/369] PASS  debug\_verify_pair_result_hedge_gap_mask.py (5.0s)
[242/369] PASS  debug\_verify_pair_source.py (1.0s)
[243/369] PASS  debug\_verify_pair_characteristics_analyzer.py (17.4s)
[244/369] PASS  debug\_verify_paper_claims.py (0.8s)
[245/369] PASS  debug\_verify_paper_magnitude_claims.py (0.8s)
[246/369] PASS  debug\_verify_pairwise_stats_low_memory.py (3.5s)
[247/369] PASS  debug\_verify_parameter_sensitivity_screen.py (0.8s)
[248/369] PASS  debug\_verify_pdr_calmar.py (0.7s)
[249/369] PASS  debug\_verify_period_bars_volume_nan.py (0.7s)
[250/369] PASS  debug\_verify_period_end_stamps.py (1.8s)
[251/369] PASS  debug\_verify_pearson_threshold_sensitivity.py (3.1s)
[252/369] PASS  debug\_verify_pipeline_contracts.py (0.7s)
[253/369] PASS  debug\_verify_persistence_filter.py (3.2s)
[254/369] PASS  debug\_verify_pipeline_end_to_end_synthetic.py (2.9s)
[255/369] PASS  debug\_verify_pit_confidence_weights.py (1.8s)
[256/369] PASS  debug\_verify_pit_confirmation_vs_regime_interaction.py (1.6s)
[257/369] PASS  debug\_verify_pit_index_membership.py (0.8s)
[258/369] PASS  debug\_verify_pit_pair_row.py (2.8s)
[259/369] PASS  debug\_verify_pit_pair_discovery.py (3.0s)
[260/369] PASS  debug\_verify_pit_precision_by_regime_strength.py (2.9s)
[261/369] PASS  debug\_verify_pit_wfa_episodic.py (3.1s)
[262/369] PASS  debug\_verify_pit_wfa_pooled_equity_curve.py (0.7s)
[263/369] PASS  debug\_verify_pit_wfa_trade_bootstrap.py (3.3s)
[264/369] PASS  debug\_verify_pit_wfa.py (10.8s)
[265/369] PASS  debug\_verify_pit_wfa_train_test_boundary.py (3.1s)
[266/369] PASS  debug\_verify_pit_wfa_wrds_daily_merge_and_save.py (3.2s)
[267/369] PASS  debug\_verify_pnl_dollar.py (0.8s)
[268/369] PASS  debug\_verify_pnl_dollar_intraday.py (1.4s)
[269/369] PASS  debug\_verify_pit_wfa_wrds_daily.py (12.9s)
[270/369] PASS  debug\_verify_pooled_equity_fold_window.py (0.8s)
[271/369] PASS  debug\_verify_portfolio_math.py (0.8s)
[272/369] PASS  debug\_verify_portfolio_math_business_days.py (0.8s)
[273/369] PASS  debug\_verify_portfolio_math_risk_metrics.py (0.9s)
[274/369] PASS  debug\_verify_portfolio_sim.py (1.2s)
[275/369] PASS  debug\_verify_portfolio_sim_dollar.py (0.9s)
[276/369] PASS  debug\_verify_portfolio_sim_external_series_fix.py (0.8s)
[277/369] PASS  debug\_verify_pre_commit_verify.py (0.1s)
[278/369] PASS  debug\_verify_predictability_optimizer_gap_fix.py (2.0s)
[279/369] PASS  debug\_verify_predicted_degeneracy_risk.py (4.0s)
[280/369] PASS  debug\_verify_price_target_pairs_overlay.py (2.1s)
[281/369] PASS  debug\_verify_purity_pit_eligibility.py (1.0s)
[282/369] PASS  debug\_verify_reality_check_null.py (14.7s)
[283/369] PASS  debug\_verify_rederive_coarse_volume.py (1.0s)
[284/369] PASS  debug\_verify_regime_age_weights.py (2.3s)
[285/369] PASS  debug\_verify_regime_conditional_adjustment.py (2.3s)
[286/369] PASS  debug\_verify_regime_conditional_entry_gate.py (4.6s)
[287/369] PASS  debug\_verify_regime_lookup_intraday.py (2.2s)
[288/369] PASS  debug\_verify_regime_strength_vs_discovery_regime_test.py (2.0s)
[289/369] PASS  debug\_verify_reimers_trio_correction.py (2.8s)
[290/369] PASS  debug\_verify_repair_coarse_identity.py (1.5s)
[291/369] PASS  debug\_verify_residual_correlation_factor_test.py (2.1s)
[292/369] PASS  debug\_verify_return_smoothing_audit.py (1.6s)
[293/369] PASS  debug\_verify_returns_matrix_timestamp_aligned.py (4.1s)
[294/369] PASS  debug\_verify_ridge_hedge_ratio_comparison.py (4.6s)
[295/369] PASS  debug\_verify_risk_neutral_density.py (2.6s)
[296/369] PASS  debug\_verify_rmt_feature_denoising.py (4.1s)
[297/369] PASS  debug\_verify_rolling_adv_comparison.py (0.9s)
[298/369] PASS  debug\_verify_rolling_coint_batched.py (4.4s)
[299/369] PASS  debug\_verify_rough_volatility.py (4.8s)
[300/369] PASS  debug\_verify_run_all_verify.py (1.4s)
[301/369] PASS  debug\_verify_run_storm_grid_sharpe_fix.py (2.4s)
[302/369] PASS  debug\_verify_same_dates_null.py (2.4s)
[303/369] PASS  debug\_verify_save_tf_results_return.py (4.3s)
[304/369] PASS  debug\_verify_scan_guard_direct_callers.py (12.3s)
[305/369] PASS  debug\_verify_scan_price_basis_d18.py (4.6s)
[306/369] PASS  debug\_verify_secondary_evidence_overlap.py (4.0s)
[307/369] PASS  debug\_verify_sector_fdr_random_null_comparison.py (4.3s)
[308/369] PASS  debug\_verify_sector_restricted_fdr_rescan.py (4.2s)
[309/369] PASS  debug\_verify_sensitivity_config_centralization.py (2.1s)
[310/369] PASS  debug\_verify_sequential_bootstrap_ml_comparison.py (1.1s)
[311/369] PASS  debug\_verify_shared_output_atomic_writes.py (3.9s)
[312/369] PASS  debug\_verify_short_term_factor_alpha.py (3.9s)
[313/369] PASS  debug\_verify_snap_timestamps_no_lookahead.py (1.7s)
[314/369] PASS  debug\_verify_sp500_cache_guard.py (1.8s)
[315/369] PASS  debug\_verify_sparse_pair_exclusion.py (6.8s)
[316/369] PASS  debug\_verify_spread_construction_consolidation.py (3.8s)
[317/369] PASS  debug\_verify_sqrt_impact_cost.py (2.1s)
[318/369] PASS  debug\_verify_squeeze_momentum_features.py (4.6s)
[319/369] PASS  debug\_verify_squeeze_momentum_gate_logic.py (0.2s)
[320/369] PASS  debug\_verify_polars_universe_loader.py (188.5s)
[321/369] PASS  debug\_verify_stats_daily_pnl_calendar.py (3.2s)
[322/369] PASS  debug\_verify_stats_tf_dir_map_fix.py (5.1s)
[323/369] PASS  debug\_verify_stats_trade_bootstrap_scale.py (4.9s)
[324/369] PASS  debug\_verify_stop_loss_correlation_caps.py (2.0s)
[325/369] PASS  debug\_verify_strategy_risk_precision.py (0.9s)
[326/369] PASS  debug\_verify_strategy_rule_invariants.py (0.8s)
[327/369] PASS  debug\_verify_strategy_search.py (25.7s)
[328/369] PASS  debug\_verify_strategy_variation_comparison.py (3.9s)
[329/369] PASS  debug\_verify_streaming_checkpoint_results.py (27.6s)
[330/369] PASS  debug\_verify_stress_test_replication.py (4.1s)
[331/369] PASS  debug\_verify_structural_break_onset_detection.py (5.1s)
[332/369] PASS  debug\_verify_survivorship_last_real_bar.py (2.0s)
[333/369] PASS  debug\_verify_svm_gradient_descent_classifier.py (2.3s)
[334/369] PASS  debug\_verify_tail_dependence_universe_screen.py (8.3s)
[335/369] PASS  debug\_verify_squeeze_momentum_signal_validation.py (179.7s)
[336/369] PASS  debug\_verify_threshold_cointegration.py (51.4s)
[337/369] PASS  debug\_verify_threshold_relevance_pit_test.py (3.4s)
[338/369] PASS  debug\_verify_tls_hedge_direction.py (3.0s)
[339/369] PASS  debug\_verify_transfer_entropy_lead_lag.py (6.8s)
[340/369] PASS  debug\_verify_trfd_total_return.py (0.9s)
[341/369] PASS  debug\_verify_trend_dominance_diagnostic.py (8.9s)
[342/369] PASS  debug\_verify_universe_calendar_align_and_dedup.py (0.8s)
[343/369] PASS  debug\_verify_trig_convergence.py (3.7s)
[344/369] PASS  debug\_verify_universe_loader.py (1.0s)
[345/369] PASS  debug\_verify_universe_loader_memo_cache.py (0.9s)
[346/369] PASS  debug\_verify_universe_filter_chunked.py (3.8s)
[347/369] PASS  debug\_verify_usd_dollar_volume.py (0.8s)
[348/369] PASS  debug\_verify_universe_loader_memo_code_key.py (1.8s)
[349/369] PASS  debug\_verify_usd_symbol_fx.py (0.7s)
[350/369] PASS  debug\_verify_var_backtest_calibration.py (1.3s)
[351/369] PASS  debug\_verify_var_sizing_weights.py (1.7s)
[352/369] PASS  debug\_verify_variance_ratio_gap_fix.py (2.3s)
[353/369] PASS  debug\_verify_variance_ratio_test.py (2.4s)
[354/369] PASS  debug\_verify_vol_swap_style_risk_estimate.py (0.7s)
[355/369] PASS  debug\_verify_vol_targeting_causal_median_fix.py (0.7s)
[356/369] PASS  debug\_verify_vix_crisis_hl_robustness_check.py (2.4s)
[357/369] PASS  debug\_verify_wfa_config_consistency.py (0.7s)
[358/369] PASS  debug\_verify_wfa_no_stale_spread.py (0.8s)
[359/369] PASS  debug\_verify_wavelet_hurst.py (2.9s)
[360/369] PASS  debug\_verify_wfa_trade_sharpe.py (1.7s)
[361/369] PASS  debug\_verify_window_sweep_specs.py (2.9s)
[362/369] PASS  debug\_verify_wrds_global_fetch_retry.py (30.8s)
[363/369] PASS  debug\_verify_wrds_lead_lag_scan.py (3.1s)
[364/369] PASS  debug\_verify_wrds_primary_wiring.py (1.6s)
[365/369] PASS  debug\_verify_wrds_priority_over_ibkr.py (0.9s)
[366/369] PASS  debug\_verify_wrds_symbol_canonicalization.py (0.7s)
[367/369] PASS  debug\_verify_wrds_universal_lead_lag_scan.py (3.4s)
[368/369] PASS  debug\_verify_za_breakdate_index.py (1.8s)
[369/369] PASS  debug\_verify_wrds_deep_history_episodic_scan.py (106.5s)

======================================================================
SUMMARY: 369 passed, 0 FAILED, 0 errored (of 369 total, 1151.9s)
======================================================================
