Running 348 verify scripts (timeout=300s, workers=2)...

[1/348] PASS  debug/_verify_a2_causal_hedge_arm.py (12.9s)
[2/348] PASS  debug/_verify_absorption_ratio.py (13.0s)
[3/348] PASS  debug/_verify_adapter_stale_checkpoint_fix.py (4.9s)
[4/348] PASS  debug/_verify_adapter_wrds_first.py (5.1s)
[5/348] PASS  debug/_verify_adv_1day_fallback.py (0.4s)
[6/348] PASS  debug/_verify_align_daily_gap_gate.py (0.9s)
[7/348] PASS  debug/_verify_adf_confirmatory_tier.py (1.6s)
[8/348] PASS  debug/_verify_append_basis_reconcile.py (0.8s)
[9/348] PASS  debug/_verify_append_switch.py (1.0s)
[10/348] PASS  debug/_verify_apply_crsp_volume_adjustment.py (0.6s)
[11/348] PASS  debug/_verify_asset_volatility_profile.py (1.3s)
[12/348] PASS  debug/_verify_backtest_common_holdout.py (1.6s)
[13/348] PASS  debug/_verify_backtest_data_gap_exit.py (1.0s)
[14/348] PASS  debug/_verify_backtest_dollar_pnl_default.py (1.8s)
[15/348] PASS  debug/_verify_backtest_hedge_default.py (1.4s)
[16/348] PASS  debug/_verify_backtest_lookahead_label.py (0.0s)
[17/348] PASS  debug/_verify_backtest_hurst_none_fix.py (0.4s)
[18/348] PASS  debug/_verify_backtest_overfitting_detector.py (1.1s)
[19/348] PASS  debug/_verify_backtest_override_fit_engine.py (1.0s)
[20/348] PASS  debug/_verify_backtest_pnl_cap_scope.py (1.2s)
[21/348] PASS  debug/_verify_backtest_storm_label_fix.py (0.0s)
[22/348] PASS  debug/_verify_backtest_risk_parity_is_only_fit.py (1.1s)
[23/348] PASS  debug/_verify_backtest_zero_z_filter_fix.py (0.4s)
[24/348] PASS  debug/_verify_bayesian_pair_confirmation.py (1.0s)
[25/348] PASS  debug/_verify_beta_weighted_portfolio.py (0.9s)
[26/348] PASS  debug/_verify_bertram_ou_thresholds.py (3.2s)
[27/348] PASS  debug/_verify_bh_fdr_dependence_check.py (2.0s)
[28/348] PASS  debug/_verify_bh_vs_by_full_universe.py (2.0s)
[29/348] PASS  debug/_verify_bh_vs_by_full_universe_1d.py (2.0s)
[30/348] PASS  debug/_verify_big_move_lead_lag.py (2.1s)
[31/348] PASS  debug/_verify_bugD100_garch_stop_causal.py (0.5s)
[32/348] PASS  debug/_verify_bounded_lookback_primary_screen.py (3.8s)
[33/348] PASS  debug/_verify_bugD102_coint_frac_sizing_fold_leakage.py (0.4s)
[34/348] PASS  debug/_verify_bugD101_position_sizing_circularity.py (2.3s)
[35/348] PASS  debug/_verify_bugD105_wrds_universe_passed.py (0.0s)
[36/348] PASS  debug/_verify_bugD103_macro_publication_lag.py (0.8s)
[37/348] PASS  debug/_verify_bugD99_pit_wfa_hurst_rs.py (2.5s)
[38/348] PASS  debug/_verify_bug_d112_causal_candidacy.py (2.0s)
[39/348] PASS  debug/_verify_bug_d57_naive_exchange_index.py (0.7s)
[40/348] PASS  debug/_verify_bug_d56_compose.py (1.1s)
[41/348] PASS  debug/_verify_bug_d58_survivorship_false_positive.py (1.1s)
[42/348] PASS  debug/_verify_bug_d59_pooled_coint_sharpe.py (1.1s)
[43/348] PASS  debug/_verify_bug_d62_sharpe_convention.py (0.4s)
[44/348] PASS  debug/_verify_bug_d61_window_alignment.py (1.2s)
[45/348] PASS  debug/_verify_build_comparison_arm_pairs.py (0.4s)
[46/348] PASS  debug/_verify_bug_d95_persistence_fix.py (2.4s)
[47/348] PASS  debug/_verify_build_readonly_gate.py (0.2s)
[48/348] PASS  debug/_verify_build_log_prices_bounded.py (1.9s)
[49/348] PASS  debug/_verify_calendar_no_weekend_rows.py (0.5s)
[50/348] PASS  debug/_verify_capital_constraint_luck_check.py (0.4s)
[51/348] PASS  debug/_verify_capital_size_sweep.py (0.5s)
[52/348] PASS  debug/_verify_cf_carver_causal_scale_fix.py (0.1s)
[53/348] PASS  debug/_verify_check_cachyos_parity.py (0.1s)
[54/348] PASS  debug/_verify_chunked_pearson_candidate_pairs.py (2.1s)
[55/348] PASS  debug/_verify_chunked_pearson_matrix.py (2.1s)
[56/348] PASS  debug/_verify_churn_fix_arms.py (1.0s)
[57/348] PASS  debug/_verify_calendar_padding_bound.py (8.3s)
[58/348] PASS  debug/_verify_clean_mask_gapflag_semantics_fix.py (2.0s)
[59/348] PASS  debug/_verify_clean_pool_identity_pairs.py (0.5s)
[60/348] PASS  debug/_verify_cleaner_no_cache_ffill.py (1.1s)
[61/348] PASS  debug/_verify_coint_decay_rate_signal_test.py (1.0s)
[62/348] PASS  debug/_verify_coint_frac_nan_status.py (2.3s)
[63/348] PASS  debug/_verify_coint_frac_override.py (2.2s)
[64/348] PASS  debug/_verify_coint_strength_bar_system.py (0.7s)
[65/348] PASS  debug/_verify_coint_frac_window_grid.py (2.9s)
[66/348] PASS  debug/_verify_cointegration_regime_segmentation.py (0.6s)
[67/348] PASS  debug/_verify_comparison_arm_scaffold.py (0.4s)
[68/348] PASS  debug/_verify_coint_strength_series_builder.py (3.4s)
[69/348] PASS  debug/_verify_confidence_score_allocation.py (0.5s)
[70/348] PASS  debug/_verify_compute_metrics_sharpe_annualization_fix.py (1.0s)
[71/348] PASS  debug/_verify_config_drift_guard.py (2.2s)
[72/348] PASS  debug/_verify_confirmatory_cointegration_check.py (2.1s)
[73/348] PASS  debug/_verify_conformal_predictor.py (1.7s)
[74/348] PASS  debug/_verify_copula_pairs.py (1.6s)
[75/348] PASS  debug/_verify_correlation_transition_detector.py (0.5s)
[76/348] PASS  debug/_verify_crisis_regime_cluster_bootstrap_test.py (0.5s)
[77/348] PASS  debug/_verify_crisis_regime_concentration_significance_test.py (1.0s)
[78/348] PASS  debug/_verify_cot_contract_history.py (3.5s)
[79/348] PASS  debug/_verify_crisis_regime_correlation_diagnostic.py (1.9s)
[80/348] PASS  debug/_verify_crisis_regime_episode_clustering_check.py (0.5s)
[81/348] PASS  debug/_verify_crisis_regime_same_sector_test.py (1.1s)
[82/348] PASS  debug/_verify_cross_session_leadlag.py (1.1s)
[83/348] PASS  debug/_verify_cross_listing_lead_lag.py (2.1s)
[84/348] PASS  debug/_verify_cross_tf_break_divergence.py (3.0s)
[85/348] PASS  debug/_verify_cross_tf_lead_lag_scan.py (3.1s)
[86/348] PASS  debug/_verify_crsp_volume_split_adjustment.py (1.3s)
[87/348] PASS  debug/_verify_cross_timeframe_cointegration.py (3.0s)
[88/348] PASS  debug/_verify_cvar.py (2.0s)
[89/348] PASS  debug/_verify_daily_incremental_refresh.py (0.8s)
[90/348] PASS  debug/_verify_data_contamination_scan.py (0.5s)
[91/348] PASS  debug/_verify_data_crypto_binance.py (0.9s)
[92/348] PASS  debug/_verify_cycle_detection.py (2.7s)
[93/348] PASS  debug/_verify_data_finra.py (0.6s)
[94/348] PASS  debug/_verify_data_no_silent_handlers.py (0.9s)
[95/348] PASS  debug/_verify_data_sec_edgar.py (0.6s)
[96/348] PASS  debug/_verify_dcc_garch_pymgarch_comparison.py (1.5s)
[97/348] PASS  debug/_verify_dd_cache_anomaly_fix.py (0.7s)
[98/348] PASS  debug/_verify_dd_hub_asymmetric_drop_fix.py (0.6s)
[99/348] PASS  debug/_verify_dd_hub_effective_bets.py (0.8s)
[100/348] PASS  debug/_verify_dead_constants_comparison_arms.py (1.0s)
[101/348] PASS  debug/_verify_decay_proxy.py (0.4s)
[102/348] PASS  debug/_verify_decay_rate_at_entry_diagnostic.py (1.7s)
[103/348] PASS  debug/_verify_decay_rate_signals.py (1.7s)
[104/348] PASS  debug/_verify_decay_rate_sizing.py (1.0s)
[105/348] PASS  debug/_verify_decoupling_analysis.py (1.3s)
[106/348] PASS  debug/_verify_decoupling_meta_analysis.py (1.1s)
[107/348] PASS  debug/_verify_dedupe_identical_series.py (0.4s)
[108/348] PASS  debug/_verify_deflated_sharpe.py (1.0s)
[109/348] PASS  debug/_verify_degenerate_column_audit.py (0.4s)
[110/348] PASS  debug/_verify_delisting_registry.py (0.7s)
[111/348] PASS  debug/_verify_distribution_fits.py (17.9s)
[112/348] PASS  debug/_verify_diversification_basket_test.py (0.4s)
[113/348] PASS  debug/_verify_earnings.py (0.5s)
[114/348] PASS  debug/_verify_earnings_lead_lag_seam_fix.py (1.9s)
[115/348] PASS  debug/_verify_eg_bh_denominator.py (1.7s)
[116/348] PASS  debug/_verify_eg_both_directions_fix.py (2.1s)
[117/348] PASS  debug/_verify_eg_common_index_a1.py (2.0s)
[118/348] PASS  debug/_verify_eg_gap_classification_fix.py (1.7s)
[119/348] PASS  debug/_verify_eg_null_calibration.py (3.1s)
[120/348] PASS  debug/_verify_eg_permutation_mask_consistency_fix.py (1.9s)
[121/348] PASS  debug/_verify_eigendecompose_gpu.py (2.2s)
[122/348] PASS  debug/_verify_eigenvalue_weighted_position_sizing.py (1.0s)
[123/348] PASS  debug/_verify_eligible_from_gate.py (0.9s)
[124/348] PASS  debug/_verify_episodic_duration_degree_usability.py (1.7s)
[125/348] PASS  debug/_verify_episodic_pairs_adapter.py (3.8s)
[126/348] PASS  debug/_verify_episodic_pit_asof.py (1.7s)
[127/348] PASS  debug/_verify_episodic_scan_arm_logging.py (1.8s)
[128/348] PASS  debug/_verify_event_study_framework.py (0.4s)
[129/348] PASS  debug/_verify_ewma_zscore_comparison.py (0.4s)
[130/348] PASS  debug/_verify_exchange_aware_live_fetch.py (3.3s)
[131/348] PASS  debug/_verify_exchange_aware_session.py (0.8s)
[132/348] PASS  debug/_verify_fama_french_risk_decomposition.py (0.4s)
[133/348] PASS  debug/_verify_fdr_method_comparison.py (1.9s)
[134/348] PASS  debug/_verify_fdr_threshold_sensitivity.py (1.7s)
[135/348] PASS  debug/_verify_filter_funnel.py (1.7s)
[136/348] PASS  debug/_verify_filter_structural_pairs.py (1.8s)
[137/348] PASS  debug/_verify_flat_risk_pct_override.py (0.4s)
[138/348] PASS  debug/_verify_follower_direction_validation_walkforward_fix.py (25.0s)
[139/348] PASS  debug/_verify_fresh_holdout_compare.py (0.4s)
[140/348] PASS  debug/_verify_full_crsp_security_master.py (0.4s)
[141/348] PASS  debug/_verify_full_market_label_recency.py (0.4s)
[142/348] PASS  debug/_verify_full_universe_eg_confirmation_overlap_filter.py (0.0s)
[143/348] PASS  debug/_verify_full_us_market_label_map.py (0.4s)
[144/348] PASS  debug/_verify_fundamental_pair_tagger.py (0.4s)
[145/348] PASS  debug/_verify_futures_no_magnitude_roll_adjust.py (0.7s)
[146/348] PASS  debug/_verify_fx_convert.py (0.4s)
[147/348] PASS  debug/_verify_gpu_auto_threshold.py (0.4s)
[148/348] PASS  debug/_verify_gpu_backend_vram_headroom.py (0.2s)
[149/348] PASS  debug/_verify_gpu_batched_eg.py (2.0s)
[150/348] PASS  debug/_verify_grid_bootstrap_ar_ci.py (6.0s)
[151/348] PASS  debug/_verify_half_life_ar1_off_by_one.py (1.8s)
[152/348] PASS  debug/_verify_half_life_skip_attribution.py (1.0s)
[153/348] PASS  debug/_verify_hedge_blend_test.py (0.4s)
[154/348] PASS  debug/_verify_hierarchical_dsr.py (0.9s)
[155/348] PASS  debug/_verify_hmm_gmm_regime_features.py (1.8s)
[156/348] PASS  debug/_verify_hrp_ledoit_wolf.py (1.9s)
[157/348] PASS  debug/_verify_hrp_weights.py (0.9s)
[158/348] PASS  debug/_verify_hub_weights_override.py (0.9s)
[159/348] PASS  debug/_verify_ibkr_cache_snapped.py (0.8s)
[160/348] PASS  debug/_verify_ibkr_merge_split_reconciliation.py (0.7s)
[161/348] PASS  debug/_verify_ibkr_pagination.py (0.7s)
[162/348] PASS  debug/_verify_ibkr_supplement_derived_tf.py (0.4s)
[163/348] PASS  debug/_verify_index_additions.py (0.5s)
[164/348] PASS  debug/_verify_index_tracking_exclusion.py (1.7s)
[165/348] PASS  debug/_verify_instrument_labels_no_collision.py (16.8s)
[166/348] PASS  debug/_verify_intraday_closed_market_gaps.py (0.7s)
[167/348] PASS  debug/_verify_intraday_episodic_scan.py (2.3s)
[168/348] PASS  debug/_verify_intraday_episodic_window_sensitivity.py (3.1s)
[169/348] PASS  debug/_verify_intraday_oom_guard_grid.py (0.8s)
[170/348] PASS  debug/_verify_inverse_polarity.py (1.9s)
[171/348] PASS  debug/_verify_jkp_factor_portfolio_construction.py (0.5s)
[172/348] PASS  debug/_verify_jkp_raw_characteristic_regression.py (2.6s)
[173/348] PASS  debug/_verify_jkp_thread_m_driver.py (1.2s)
[174/348] PASS  debug/_verify_johansen_basket_cointegration.py (1.4s)
[175/348] PASS  debug/_verify_data_wrds.py (158.4s)
[176/348] PASS  debug/_verify_jump_diffusion_gap_fix.py (1.0s)
[177/348] PASS  debug/_verify_jump_diffusion_fit.py (3.7s)
[178/348] PASS  debug/_verify_k_bahc_candidate_discovery.py (1.8s)
[179/348] PASS  debug/_verify_kalman_slope_intercept.py (2.1s)
[180/348] PASS  debug/_verify_lag_sweep_validation.py (2.5s)
[181/348] PASS  debug/_verify_lead_lag_cointegration_rate.py (1.9s)
[182/348] PASS  debug/_verify_lag_aware_coint_discovery.py (7.6s)
[183/348] PASS  debug/_verify_lead_lag_scan.py (1.9s)
[184/348] PASS  debug/_verify_levy_jump_diffusion.py (1.9s)
[185/348] PASS  debug/_verify_lineage.py (0.4s)
[186/348] PASS  debug/_verify_liquid_bar_mask_sources.py (0.4s)
[187/348] PASS  debug/_verify_liquidity_bar_masking.py (0.5s)
[188/348] PASS  debug/_verify_liquidity_bar_vs_symbol_comparison.py (0.5s)
[189/348] PASS  debug/_verify_liquidity_filter_currency_retry.py (20.4s)
[190/348] PASS  debug/_verify_liquidity_filter_no_fabrication.py (0.7s)
[191/348] PASS  debug/_verify_liquidity_threshold_sensitivity.py (0.4s)
[192/348] PASS  debug/_verify_lit_search_tools.py (0.3s)
[193/348] PASS  debug/_verify_loader_cwd_independent.py (0.5s)
[194/348] PASS  debug/_verify_loader_disjoint_sources.py (0.6s)
[195/348] PASS  debug/_verify_loader_timezones.py (0.5s)
[196/348] PASS  debug/_verify_loader_wrds_total_return.py (0.6s)
[197/348] PASS  debug/_verify_lstm_attention_architecture.py (29.6s)
[198/348] PASS  debug/_verify_lead_lag_permutation_check.py (71.8s)
[199/348] PASS  debug/_verify_macro_daily_cot_availability.py (4.8s)
[200/348] PASS  debug/_verify_macro_regimes.py (8.9s)
[201/348] PASS  debug/_verify_macro_release_lags.py (0.7s)
[202/348] FAIL  debug/_verify_manifest_lock.py (15.2s)
[203/348] PASS  debug/_verify_lstm_attention_training.py (43.2s)
[204/348] PASS  debug/_verify_manifest_pruning.py (4.6s)
[205/348] PASS  debug/_verify_membership_gate.py (2.0s)
[206/348] PASS  debug/_verify_meta_label_capital_sim.py (1.8s)
[207/348] PASS  debug/_verify_min_bars_long_tfs.py (0.8s)
[208/348] PASS  debug/_verify_ml_feature_lag.py (0.5s)
[209/348] PASS  debug/_verify_ml_gate_fail_closed.py (1.3s)
[210/348] PASS  debug/_verify_ml_hedge_ratio_drift_pit.py (0.4s)
[211/348] PASS  debug/_verify_ml_median_imputation_no_leakage.py (0.3s)
[212/348] PASS  debug/_verify_ml_model_comparison.py (1.9s)
[213/348] PASS  debug/_verify_ml_model_comparison_purged.py (1.8s)
[214/348] PASS  debug/_verify_min_segment_calendar_fix.py (6.3s)
[215/348] PASS  debug/_verify_ml_squeeze_momentum_features.py (0.4s)
[216/348] PASS  debug/_verify_ml_model_history.py (1.5s)
[217/348] PASS  debug/_verify_ml_stage2_ablation.py (2.0s)
[218/348] PASS  debug/_verify_ml_threshold_recalibration.py (1.3s)
[219/348] PASS  debug/_verify_multivariate_pit_predictors.py (8.5s)
[220/348] PASS  debug/_verify_multivariate_pit_predictors_gee.py (8.5s)
[221/348] PASS  debug/_verify_news_impact_asymmetry.py (1.8s)
[222/348] PASS  debug/_verify_near_miss_lag_scan.py (2.2s)
[223/348] PASS  debug/_verify_options_greeks_features.py (1.0s)
[224/348] PASS  debug/_verify_options_greeks_unit.py (1.0s)
[225/348] PASS  debug/_verify_options_load_price_series_wrds_fallback.py (1.2s)
[226/348] PASS  debug/_verify_no_private_universe_globs.py (5.0s)
[227/348] PASS  debug/_verify_overlap_threshold_pit_test.py (1.9s)
[228/348] PASS  debug/_verify_overnight_orchestrator_py.py (3.3s)
[229/348] PASS  debug/_verify_pair_result_hedge_gap_mask.py (2.1s)
[230/348] PASS  debug/_verify_pair_source.py (0.4s)
[231/348] PASS  debug/_verify_pair_characteristics_analyzer.py (6.5s)
[232/348] PASS  debug/_verify_pairwise_stats_low_memory.py (1.9s)
[233/348] FAIL  debug/_verify_paper_claims.py (1.6s)
[234/348] PASS  debug/_verify_parameter_sensitivity_screen.py (0.5s)
[235/348] PASS  debug/_verify_pdr_calmar.py (0.5s)
[236/348] PASS  debug/_verify_paper_magnitude_claims.py (1.7s)
[237/348] PASS  debug/_verify_period_bars_volume_nan.py (0.4s)
[238/348] PASS  debug/_verify_period_end_stamps.py (1.1s)
[239/348] PASS  debug/_verify_pearson_threshold_sensitivity.py (1.9s)
[240/348] PASS  debug/_verify_pipeline_contracts.py (0.5s)
[241/348] PASS  debug/_verify_persistence_filter.py (2.0s)
[242/348] PASS  debug/_verify_pipeline_end_to_end_synthetic.py (2.1s)
[243/348] PASS  debug/_verify_pit_confirmation_vs_regime_interaction.py (1.0s)
[244/348] PASS  debug/_verify_pit_index_membership.py (0.5s)
[245/348] PASS  debug/_verify_pit_confidence_weights.py (2.8s)
[246/348] PASS  debug/_verify_pit_pair_discovery.py (2.3s)
[247/348] PASS  debug/_verify_pit_precision_by_regime_strength.py (2.2s)
[248/348] PASS  debug/_verify_pit_wfa_episodic.py (2.1s)
[249/348] PASS  debug/_verify_pit_wfa.py (3.2s)
[250/348] PASS  debug/_verify_pit_wfa_pooled_equity_curve.py (0.7s)
[251/348] PASS  debug/_verify_pit_wfa_trade_bootstrap.py (2.4s)
[252/348] PASS  debug/_verify_pit_wfa_wrds_daily.py (4.2s)
[253/348] PASS  debug/_verify_pit_wfa_wrds_daily_merge_and_save.py (2.1s)
[254/348] PASS  debug/_verify_pnl_dollar.py (0.5s)
[255/348] PASS  debug/_verify_pnl_dollar_intraday.py (0.8s)
[256/348] PASS  debug/_verify_portfolio_math.py (0.4s)
[257/348] PASS  debug/_verify_portfolio_math_business_days.py (0.4s)
[258/348] PASS  debug/_verify_portfolio_math_risk_metrics.py (1.2s)
[259/348] PASS  debug/_verify_portfolio_sim.py (0.5s)
[260/348] PASS  debug/_verify_portfolio_sim_dollar.py (0.5s)
[261/348] PASS  debug/_verify_portfolio_sim_external_series_fix.py (0.8s)
[262/348] PASS  debug/_verify_pre_commit_verify.py (0.2s)
[263/348] PASS  debug/_verify_predictability_optimizer_gap_fix.py (0.9s)
[264/348] PASS  debug/_verify_predicted_degeneracy_risk.py (1.7s)
[265/348] PASS  debug/_verify_price_target_pairs_overlay.py (1.0s)
[266/348] PASS  debug/_verify_purity_pit_eligibility.py (0.7s)
[267/348] PASS  debug/_verify_rederive_coarse_volume.py (0.4s)
[268/348] PASS  debug/_verify_regime_age_weights.py (0.9s)
[269/348] PASS  debug/_verify_regime_conditional_adjustment.py (0.9s)
[270/348] PASS  debug/_verify_regime_conditional_entry_gate.py (1.9s)
[271/348] PASS  debug/_verify_regime_lookup_intraday.py (0.9s)
[272/348] PASS  debug/_verify_regime_strength_vs_discovery_regime_test.py (1.2s)
[273/348] PASS  debug/_verify_reimers_trio_correction.py (1.5s)
[274/348] PASS  debug/_verify_repair_coarse_identity.py (0.6s)
[275/348] PASS  debug/_verify_residual_correlation_factor_test.py (1.3s)
[276/348] PASS  debug/_verify_return_smoothing_audit.py (0.8s)
[277/348] PASS  debug/_verify_returns_matrix_timestamp_aligned.py (1.8s)
[278/348] PASS  debug/_verify_ridge_hedge_ratio_comparison.py (5.7s)
[279/348] PASS  debug/_verify_risk_neutral_density.py (4.7s)
[280/348] PASS  debug/_verify_rmt_feature_denoising.py (6.9s)
[281/348] PASS  debug/_verify_rolling_adv_comparison.py (0.5s)
[282/348] PASS  debug/_verify_rolling_coint_batched.py (14.1s)
[283/348] PASS  debug/_verify_rough_volatility.py (11.7s)
[284/348] PASS  debug/_verify_run_all_verify.py (1.4s)
[285/348] PASS  debug/_verify_run_storm_grid_sharpe_fix.py (59.4s)
[286/348] PASS  debug/_verify_same_dates_null.py (38.1s)
[287/348] PASS  debug/_verify_polars_universe_loader.py (167.0s)
[288/348] PASS  debug/_verify_scan_guard_direct_callers.py (26.7s)
[289/348] PASS  debug/_verify_save_tf_results_return.py (30.9s)
[290/348] PASS  debug/_verify_scan_price_basis_d18.py (15.5s)
[291/348] PASS  debug/_verify_sector_fdr_random_null_comparison.py (14.7s)
[292/348] PASS  debug/_verify_sensitivity_config_centralization.py (4.9s)
[293/348] PASS  debug/_verify_sequential_bootstrap_ml_comparison.py (1.0s)
[294/348] PASS  debug/_verify_shared_output_atomic_writes.py (3.8s)
[295/348] PASS  debug/_verify_sector_restricted_fdr_rescan.py (11.7s)
[296/348] PASS  debug/_verify_short_term_factor_alpha.py (2.5s)
[297/348] PASS  debug/_verify_snap_timestamps_no_lookahead.py (0.8s)
[298/348] PASS  debug/_verify_sp500_cache_guard.py (0.8s)
[299/348] PASS  debug/_verify_spread_construction_consolidation.py (2.7s)
[300/348] PASS  debug/_verify_sparse_pair_exclusion.py (3.8s)
[301/348] PASS  debug/_verify_sqrt_impact_cost.py (1.0s)
[302/348] PASS  debug/_verify_squeeze_momentum_gate_logic.py (0.3s)
[303/348] PASS  debug/_verify_squeeze_momentum_features.py (2.5s)
[304/348] PASS  debug/_verify_stats_tf_dir_map_fix.py (6.4s)
[305/348] PASS  debug/_verify_stop_loss_correlation_caps.py (1.0s)
[306/348] PASS  debug/_verify_strategy_risk_precision.py (0.4s)
[307/348] PASS  debug/_verify_strategy_rule_invariants.py (0.4s)
[308/348] PASS  debug/_verify_strategy_search.py (12.1s)
[309/348] PASS  debug/_verify_strategy_variation_comparison.py (1.9s)
[310/348] PASS  debug/_verify_streaming_checkpoint_results.py (4.2s)
[311/348] PASS  debug/_verify_stress_test_replication.py (1.8s)
[312/348] PASS  debug/_verify_structural_break_onset_detection.py (2.1s)
[313/348] PASS  debug/_verify_survivorship_last_real_bar.py (1.0s)
[314/348] PASS  debug/_verify_svm_gradient_descent_classifier.py (1.9s)
[315/348] PASS  debug/_verify_tail_dependence_universe_screen.py (3.3s)
[316/348] PASS  debug/_verify_threshold_cointegration.py (20.2s)
[317/348] PASS  debug/_verify_threshold_relevance_pit_test.py (2.3s)
[318/348] PASS  debug/_verify_tls_hedge_direction.py (1.9s)
[319/348] PASS  debug/_verify_squeeze_momentum_signal_validation.py (65.7s)
[320/348] PASS  debug/_verify_transfer_entropy_lead_lag.py (3.8s)
[321/348] PASS  debug/_verify_trfd_total_return.py (0.5s)
[322/348] PASS  debug/_verify_trig_convergence.py (2.3s)
[323/348] PASS  debug/_verify_universe_calendar_align_and_dedup.py (0.5s)
[324/348] PASS  debug/_verify_universe_filter_chunked.py (2.1s)
[325/348] PASS  debug/_verify_universe_loader.py (6.2s)
[326/348] PASS  debug/_verify_universe_loader_memo_cache.py (0.7s)
[327/348] PASS  debug/_verify_usd_symbol_fx.py (0.4s)
[328/348] PASS  debug/_verify_var_backtest_calibration.py (1.2s)
[329/348] PASS  debug/_verify_var_sizing_weights.py (1.1s)
[330/348] PASS  debug/_verify_variance_ratio_gap_fix.py (1.4s)
[331/348] PASS  debug/_verify_variance_ratio_test.py (1.5s)
[332/348] PASS  debug/_verify_vix_crisis_hl_robustness_check.py (1.6s)
[333/348] PASS  debug/_verify_vol_swap_style_risk_estimate.py (0.5s)
[334/348] PASS  debug/_verify_vol_targeting_causal_median_fix.py (0.4s)
[335/348] PASS  debug/_verify_wavelet_hurst.py (2.3s)
[336/348] PASS  debug/_verify_wfa_config_consistency.py (0.4s)
[337/348] PASS  debug/_verify_wfa_no_stale_spread.py (0.5s)
[338/348] PASS  debug/_verify_wfa_trade_sharpe.py (1.1s)
[339/348] PASS  debug/_verify_window_sweep_specs.py (2.3s)
[340/348] PASS  debug/_verify_trend_dominance_diagnostic.py (34.3s)
[341/348] PASS  debug/_verify_wrds_deep_history_episodic_scan.py (10.0s)
[342/348] PASS  debug/_verify_wrds_lead_lag_scan.py (1.9s)
[343/348] PASS  debug/_verify_wrds_primary_wiring.py (1.3s)
[344/348] PASS  debug/_verify_wrds_priority_over_ibkr.py (0.5s)
[345/348] PASS  debug/_verify_wrds_symbol_canonicalization.py (0.5s)
[346/348] PASS  debug/_verify_wrds_universal_lead_lag_scan.py (2.1s)
[347/348] PASS  debug/_verify_za_breakdate_index.py (1.1s)
[348/348] PASS  debug/_verify_wrds_global_fetch_retry.py (31.0s)

======================================================================
SUMMARY: 346 passed, 2 FAILED, 0 errored (of 348 total, 762.1s)
======================================================================

--- FAILED (2, real check failures) ---
  debug/_verify_manifest_lock.py
  debug/_verify_paper_claims.py
