Running 375 verify scripts (timeout=600s, workers=2)...

[1/375] PASS  debug\_verify_absorption_ratio.py (3.0s)
[2/375] PASS  debug\_verify_a2_causal_hedge_arm.py (3.7s)
[3/375] PASS  debug\_verify_adapter_stale_checkpoint_fix.py (3.7s)
[4/375] PASS  debug\_verify_adapter_wrds_first.py (3.5s)
[5/375] PASS  debug\_verify_adv_1day_fallback.py (0.8s)
[6/375] PASS  debug\_verify_adf_confirmatory_tier.py (2.7s)
[7/375] PASS  debug\_verify_align_daily_gap_gate.py (1.6s)
[8/375] PASS  debug\_verify_append_basis_reconcile.py (1.6s)
[9/375] PASS  debug\_verify_append_switch.py (1.6s)
[10/375] PASS  debug\_verify_apply_crsp_volume_adjustment.py (1.0s)
[11/375] PASS  debug\_verify_asset_volatility_profile.py (1.7s)
[12/375] PASS  debug\_verify_backtest_common_holdout.py (2.0s)
[13/375] PASS  debug\_verify_backtest_data_gap_exit.py (1.8s)
[14/375] PASS  debug\_verify_backtest_dollar_pnl_default.py (1.8s)
[15/375] PASS  debug\_verify_backtest_hurst_none_fix.py (0.7s)
[16/375] PASS  debug\_verify_backtest_lookahead_label.py (0.1s)
[17/375] PASS  debug\_verify_backtest_hedge_default.py (1.9s)
[18/375] PASS  debug\_verify_backtest_overfitting_detector.py (1.7s)
[19/375] PASS  debug\_verify_backtest_override_fit_engine.py (1.7s)
[20/375] PASS  debug\_verify_backtest_risk_parity_is_only_fit.py (1.7s)
[21/375] PASS  debug\_verify_backtest_pnl_cap_scope.py (1.8s)
[22/375] PASS  debug\_verify_backtest_storm_label_fix.py (0.1s)
[23/375] PASS  debug\_verify_backtest_zero_z_filter_fix.py (0.7s)
[24/375] PASS  debug\_verify_bayesian_pair_confirmation.py (1.7s)
[25/375] PASS  debug\_verify_beta_weighted_portfolio.py (1.6s)
[26/375] PASS  debug\_verify_bh_fdr_dependence_check.py (3.2s)
[27/375] PASS  debug\_verify_bertram_ou_thresholds.py (6.4s)
[28/375] PASS  debug\_verify_bh_vs_by_full_universe.py (3.0s)
[29/375] PASS  debug\_verify_bh_vs_by_full_universe_1d.py (3.1s)
[30/375] PASS  debug\_verify_big_move_lead_lag.py (2.8s)
[31/375] PASS  debug\_verify_bounded_lookback_primary_screen.py (4.6s)
[32/375] PASS  debug\_verify_bugD100_garch_stop_causal.py (0.7s)
[33/375] PASS  debug\_verify_bugD101_position_sizing_circularity.py (4.2s)
[34/375] PASS  debug\_verify_bugD102_coint_frac_sizing_fold_leakage.py (0.9s)
[35/375] PASS  debug\_verify_bugD103_macro_publication_lag.py (1.6s)
[36/375] PASS  debug\_verify_bugD105_wrds_universe_passed.py (1.5s)
[37/375] PASS  debug\_verify_break_tests_size.py (14.1s)
[38/375] PASS  debug\_verify_bugD99_pit_wfa_hurst_rs.py (4.6s)
[39/375] PASS  debug\_verify_bug_d112_causal_candidacy.py (3.4s)
[40/375] PASS  debug\_verify_bug_d56_compose.py (1.7s)
[41/375] PASS  debug\_verify_bug_d57_naive_exchange_index.py (1.4s)
[42/375] PASS  debug\_verify_bug_d58_survivorship_false_positive.py (1.7s)
[43/375] PASS  debug\_verify_bug_d59_pooled_coint_sharpe.py (1.7s)
[44/375] PASS  debug\_verify_bug_d62_sharpe_convention.py (0.7s)
[45/375] PASS  debug\_verify_bug_d61_window_alignment.py (1.9s)
[46/375] PASS  debug\_verify_build_bug_verdicts.py (0.7s)
[47/375] PASS  debug\_verify_build_claims_table.py (0.7s)
[48/375] PASS  debug\_verify_build_comparison_arm_pairs.py (0.7s)
[49/375] PASS  debug\_verify_bug_d95_persistence_fix.py (3.2s)
[50/375] PASS  debug\_verify_build_readonly_gate.py (0.2s)
[51/375] PASS  debug\_verify_calendar_no_weekend_rows.py (0.9s)
[52/375] PASS  debug\_verify_build_log_prices_bounded.py (3.2s)
[53/375] PASS  debug\_verify_capital_constraint_luck_check.py (0.7s)
[54/375] PASS  debug\_verify_capital_size_sweep.py (0.8s)
[55/375] PASS  debug\_verify_cf_carver_causal_scale_fix.py (0.2s)
[56/375] PASS  debug\_verify_check_cachyos_parity.py (0.2s)
[57/375] PASS  debug\_verify_chunked_pearson_candidate_pairs.py (3.7s)
[58/375] PASS  debug\_verify_chunked_pearson_matrix.py (4.2s)
[59/375] PASS  debug\_verify_churn_fix_arms.py (2.0s)
[60/375] PASS  debug\_verify_calendar_padding_bound.py (15.9s)
[61/375] PASS  debug\_verify_clean_mask_gapflag_semantics_fix.py (3.6s)
[62/375] PASS  debug\_verify_clean_pool_identity_pairs.py (1.0s)
[63/375] PASS  debug\_verify_cleaner_no_cache_ffill.py (1.9s)
[64/375] PASS  debug\_verify_coint_decay_rate_signal_test.py (1.8s)
[65/375] PASS  debug\_verify_coint_frac_nan_status.py (3.0s)
[66/375] PASS  debug\_verify_coint_frac_override.py (2.8s)
[67/375] PASS  debug\_verify_coint_strength_bar_system.py (0.7s)
[68/375] PASS  debug\_verify_coint_frac_window_grid.py (3.0s)
[69/375] PASS  debug\_verify_cointegration_regime_segmentation.py (0.7s)
[70/375] PASS  debug\_verify_comparison_arm_scaffold.py (0.7s)
[71/375] PASS  debug\_verify_coint_strength_series_builder.py (4.3s)
[72/375] PASS  debug\_verify_confidence_score_allocation.py (0.7s)
[73/375] PASS  debug\_verify_compute_metrics_sharpe_annualization_fix.py (1.9s)
[74/375] PASS  debug\_verify_confirmatory_cointegration_check.py (3.4s)
[75/375] PASS  debug\_verify_config_drift_guard.py (3.8s)
[76/375] PASS  debug\_verify_conformal_predictor.py (2.0s)
[77/375] PASS  debug\_verify_copula_pairs.py (2.3s)
[78/375] PASS  debug\_verify_correlation_transition_detector.py (0.7s)
[79/375] PASS  debug\_verify_crisis_regime_cluster_bootstrap_test.py (0.8s)
[80/375] PASS  debug\_verify_crisis_regime_concentration_significance_test.py (1.7s)
[81/375] PASS  debug\_verify_cot_contract_history.py (2.9s)
[82/375] PASS  debug\_verify_crisis_regime_episode_clustering_check.py (0.7s)
[83/375] PASS  debug\_verify_crisis_regime_same_sector_test.py (1.7s)
[84/375] PASS  debug\_verify_crisis_regime_correlation_diagnostic.py (3.3s)
[85/375] PASS  debug\_verify_cross_session_leadlag.py (1.8s)
[86/375] PASS  debug\_verify_cross_listing_lead_lag.py (3.2s)
[87/375] PASS  debug\_verify_cross_tf_break_divergence.py (3.1s)
[88/375] PASS  debug\_verify_cross_tf_lead_lag_scan.py (3.3s)
[89/375] PASS  debug\_verify_crsp_volume_split_adjustment.py (0.7s)
[90/375] PASS  debug\_verify_cross_timeframe_cointegration.py (3.3s)
[91/375] PASS  debug\_verify_cvar.py (3.0s)
[92/375] PASS  debug\_verify_d18_arm_comparison.py (0.9s)
[93/375] PASS  debug\_verify_daily_incremental_refresh.py (1.5s)
[94/375] PASS  debug\_verify_cycle_detection.py (4.0s)
[95/375] PASS  debug\_verify_data_contamination_scan.py (0.9s)
[96/375] PASS  debug\_verify_data_finra.py (0.8s)
[97/375] PASS  debug\_verify_data_crypto_binance.py (1.5s)
[98/375] PASS  debug\_verify_data_sec_edgar.py (0.8s)
[99/375] PASS  debug\_verify_data_no_silent_handlers.py (1.5s)
[100/375] PASS  debug\_verify_dcc_garch_pymgarch_comparison.py (2.9s)
[101/375] PASS  debug\_verify_dd_cache_anomaly_fix.py (1.5s)
[102/375] PASS  debug\_verify_dd_hub_asymmetric_drop_fix.py (0.8s)
[103/375] PASS  debug\_verify_dd_hub_effective_bets.py (1.7s)
[104/375] PASS  debug\_verify_dead_constants_comparison_arms.py (2.1s)
[105/375] PASS  debug\_verify_decay_proxy.py (0.9s)
[106/375] PASS  debug\_verify_decay_rate_at_entry_diagnostic.py (3.5s)
[107/375] PASS  debug\_verify_decay_rate_signals.py (3.8s)
[108/375] PASS  debug\_verify_decay_rate_sizing.py (2.0s)
[109/375] PASS  debug\_verify_decoupling_analysis.py (2.6s)
[110/375] PASS  debug\_verify_decoupling_meta_analysis.py (1.8s)
[111/375] PASS  debug\_verify_dedupe_identical_series.py (1.0s)
[112/375] PASS  debug\_verify_deep_history_enrich.py (6.8s)
[113/375] PASS  debug\_verify_deflated_sharpe.py (2.1s)
[114/375] PASS  debug\_verify_degenerate_column_audit.py (1.1s)
[115/375] PASS  debug\_verify_delisting_registry.py (1.7s)
[116/375] PASS  debug\_verify_distribution_fits.py (60.4s)
[117/375] PASS  debug\_verify_diversification_basket_test.py (0.9s)
[118/375] PASS  debug\_verify_earnings.py (1.1s)
[119/375] PASS  debug\_verify_earnings_lead_lag_seam_fix.py (3.7s)
[120/375] PASS  debug\_verify_eg_bh_denominator.py (3.1s)
[121/375] PASS  debug\_verify_eg_both_directions_fix.py (10.7s)
[122/375] PASS  debug\_verify_eg_common_index_a1.py (4.4s)
[123/375] PASS  debug\_verify_eg_gap_classification_fix.py (3.6s)
[124/375] PASS  debug\_verify_eg_null_calibration.py (8.1s)
[125/375] PASS  debug\_verify_eg_permutation_mask_consistency_fix.py (3.7s)
[126/375] PASS  debug\_verify_eigendecompose_gpu.py (3.3s)
[127/375] PASS  debug\_verify_eigenvalue_weighted_position_sizing.py (2.0s)
[128/375] PASS  debug\_verify_eligible_from_gate.py (2.2s)
[129/375] PASS  debug\_verify_engine_dollar_default.py (2.0s)
[130/375] PASS  debug\_verify_episodic_checkpoint_order.py (0.1s)
[131/375] PASS  debug\_verify_episodic_duration_degree_usability.py (3.4s)
[132/375] PASS  debug\_verify_episodic_grid_offset.py (3.5s)
[133/375] PASS  debug\_verify_episodic_pairs_adapter.py (24.6s)
[134/375] PASS  debug\_verify_episodic_pit_asof.py (3.2s)
[135/375] PASS  debug\_verify_episodic_resume_guard.py (3.1s)
[136/375] PASS  debug\_verify_episodic_scan_arm_logging.py (3.1s)
[137/375] PASS  debug\_verify_event_study_framework.py (0.8s)
[138/375] PASS  debug\_verify_ewma_zscore_comparison.py (0.8s)
[139/375] PASS  debug\_verify_exchange_aware_live_fetch.py (6.1s)
[140/375] PASS  debug\_verify_exchange_aware_session.py (1.6s)
[141/375] PASS  debug\_verify_fama_french_risk_decomposition.py (0.8s)
[142/375] PASS  debug\_verify_fdr_method_comparison.py (4.3s)
[143/375] PASS  debug\_verify_fdr_threshold_sensitivity.py (3.4s)
[144/375] PASS  debug\_verify_filter_funnel.py (3.8s)
[145/375] PASS  debug\_verify_filter_structural_pairs.py (3.6s)
[146/375] PASS  debug\_verify_flat_risk_pct_override.py (0.9s)
[147/375] PASS  debug\_verify_follower_direction_validation_walkforward_fix.py (91.3s)
[148/375] PASS  debug\_verify_fresh_holdout_compare.py (0.9s)
[149/375] PASS  debug\_verify_full_crsp_security_master.py (0.8s)
[150/375] PASS  debug\_verify_full_market_label_recency.py (0.8s)
[151/375] PASS  debug\_verify_full_universe_eg_confirmation_overlap_filter.py (0.1s)
[152/375] PASS  debug\_verify_full_us_market_label_map.py (0.8s)
[153/375] PASS  debug\_verify_fundamental_pair_tagger.py (0.8s)
[154/375] PASS  debug\_verify_futures_no_magnitude_roll_adjust.py (1.7s)
[155/375] PASS  debug\_verify_fx_convert.py (0.8s)
[156/375] PASS  debug\_verify_gpu_auto_threshold.py (0.3s)
[157/375] PASS  debug\_verify_gpu_backend_vram_headroom.py (0.3s)
[158/375] PASS  debug\_verify_gpu_batched_eg.py (3.8s)
[159/375] PASS  debug\_verify_grid_bootstrap_ar_ci.py (23.1s)
[160/375] PASS  debug\_verify_grid_phase_robustness.py (0.9s)
[161/375] PASS  debug\_verify_half_life_ar1_off_by_one.py (3.3s)
[162/375] PASS  debug\_verify_half_life_skip_attribution.py (1.9s)
[163/375] PASS  debug\_verify_hedge_blend_test.py (0.7s)
[164/375] PASS  debug\_verify_hierarchical_dsr.py (2.1s)
[165/375] PASS  debug\_verify_hmm_gmm_regime_features.py (13.5s)
[166/375] PASS  debug\_verify_hrp_ledoit_wolf.py (3.9s)
[167/375] PASS  debug\_verify_hrp_weights.py (2.2s)
[168/375] PASS  debug\_verify_hub_weights_override.py (1.9s)
[169/375] PASS  debug\_verify_hurst_rs_gap_increments.py (3.7s)
[170/375] PASS  debug\_verify_ibkr_cache_snapped.py (1.7s)
[171/375] PASS  debug\_verify_ibkr_merge_split_reconciliation.py (1.6s)
[172/375] PASS  debug\_verify_ibkr_pagination.py (1.6s)
[173/375] PASS  debug\_verify_ibkr_supplement_derived_tf.py (1.0s)
[174/375] PASS  debug\_verify_index_additions.py (1.1s)
[175/375] PASS  debug\_verify_index_tracking_exclusion.py (3.9s)
[176/375] PASS  debug\_verify_instrument_labels_no_collision.py (3.5s)
[177/375] PASS  debug\_verify_intraday_closed_market_gaps.py (1.5s)
[178/375] PASS  debug\_verify_intraday_config_isolation.py (3.4s)
[179/375] PASS  debug\_verify_intraday_episodic_scan.py (10.8s)
[180/375] PASS  debug\_verify_intraday_episodic_window_sensitivity.py (8.6s)
[181/375] PASS  debug\_verify_intraday_oom_guard_grid.py (1.7s)
[182/375] PASS  debug\_verify_inverse_polarity.py (3.7s)
[183/375] PASS  debug\_verify_jkp_factor_portfolio_construction.py (0.9s)
[184/375] PASS  debug\_verify_jkp_raw_characteristic_regression.py (3.7s)
[185/375] PASS  debug\_verify_jkp_thread_m_driver.py (2.5s)
[186/375] PASS  debug\_verify_johansen_basket_cointegration.py (2.8s)
[187/375] PASS  debug\_verify_johansen_worker_gaps_sig.py (3.3s)
[188/375] PASS  debug\_verify_jump_diffusion_fit.py (6.5s)
[189/375] PASS  debug\_verify_jump_diffusion_gap_fix.py (1.5s)
[190/375] PASS  debug\_verify_k_bahc_candidate_discovery.py (3.0s)
[191/375] PASS  debug\_verify_kalman_slope_intercept.py (3.7s)
[192/375] PASS  debug\_verify_lag_aware_coint_discovery.py (22.5s)
[193/375] PASS  debug\_verify_lag_sweep_validation.py (6.5s)
[194/375] PASS  debug\_verify_lead_lag_cointegration_rate.py (3.8s)
[195/375] ERROR debug\_verify_data_wrds.py (600.0s)
[196/375] PASS  debug\_verify_lead_lag_scan.py (3.9s)
[197/375] PASS  debug\_verify_levy_jump_diffusion.py (4.0s)
[198/375] PASS  debug\_verify_lineage.py (0.5s)
[199/375] PASS  debug\_verify_liquid_bar_mask_sources.py (1.0s)
[200/375] PASS  debug\_verify_liquidity_bar_masking.py (1.1s)
[201/375] PASS  debug\_verify_liquidity_bar_vs_symbol_comparison.py (1.0s)
[202/375] PASS  debug\_verify_liquidity_filter_currency_retry.py (20.9s)
[203/375] PASS  debug\_verify_liquidity_filter_no_fabrication.py (1.7s)
[204/375] PASS  debug\_verify_liquidity_threshold_sensitivity.py (0.9s)
[205/375] PASS  debug\_verify_lit_search_tools.py (0.6s)
[206/375] PASS  debug\_verify_loader_cwd_independent.py (1.1s)
[207/375] PASS  debug\_verify_loader_disjoint_sources.py (1.3s)
[208/375] PASS  debug\_verify_loader_timezones.py (1.1s)
[209/375] PASS  debug\_verify_loader_wrds_total_return.py (1.3s)
[210/375] PASS  debug\_verify_log_price_map_common_index.py (3.9s)
[211/375] PASS  debug\_verify_lstm_attention_architecture.py (25.1s)
[212/375] PASS  debug\_verify_lead_lag_permutation_check.py (218.4s)
[213/375] PASS  debug\_verify_macro_daily_cot_availability.py (1.8s)
[214/375] PASS  debug\_verify_lstm_attention_training.py (33.4s)
[215/375] PASS  debug\_verify_macro_regimes.py (6.2s)
[216/375] PASS  debug\_verify_macro_release_lags.py (1.6s)
[217/375] PASS  debug\_verify_manifest_pruning.py (3.2s)
[218/375] PASS  debug\_verify_membership_gate.py (3.4s)
[219/375] PASS  debug\_verify_manifest_lock.py (9.4s)
[220/375] PASS  debug\_verify_meta_label_capital_sim.py (2.5s)
[221/375] PASS  debug\_verify_min_bars_long_tfs.py (1.5s)
[222/375] PASS  debug\_verify_ml_feature_lag.py (0.7s)
[223/375] PASS  debug\_verify_ml_gate_fail_closed.py (1.8s)
[224/375] PASS  debug\_verify_ml_hedge_ratio_drift_pit.py (0.8s)
[225/375] PASS  debug\_verify_min_segment_calendar_fix.py (4.9s)
[226/375] PASS  debug\_verify_ml_median_imputation_no_leakage.py (0.8s)
[227/375] PASS  debug\_verify_ml_model_comparison.py (2.1s)
[228/375] PASS  debug\_verify_ml_model_comparison_purged.py (2.6s)
[229/375] PASS  debug\_verify_ml_model_history.py (1.8s)
[230/375] PASS  debug\_verify_ml_squeeze_momentum_features.py (0.9s)
[231/375] PASS  debug\_verify_ml_threshold_recalibration.py (1.9s)
[232/375] PASS  debug\_verify_ml_stage2_ablation.py (2.5s)
[233/375] PASS  debug\_verify_multivariate_pit_predictors_gee.py (3.7s)
[234/375] PASS  debug\_verify_multivariate_pit_predictors.py (4.3s)
[235/375] PASS  debug\_verify_news_impact_asymmetry.py (2.0s)
[236/375] PASS  debug\_verify_no_private_universe_globs.py (0.2s)
[237/375] PASS  debug\_verify_near_miss_lag_scan.py (3.5s)
[238/375] PASS  debug\_verify_options_greeks_features.py (1.7s)
[239/375] PASS  debug\_verify_options_greeks_unit.py (1.7s)
[240/375] PASS  debug\_verify_options_load_price_series_wrds_fallback.py (1.8s)
[241/375] PASS  debug\_verify_overlap_threshold_pit_test.py (3.8s)
[242/375] PASS  debug\_verify_overnight_orchestrator_py.py (3.6s)
[243/375] PASS  debug\_verify_pair_result_hedge_gap_mask.py (3.5s)
[244/375] PASS  debug\_verify_pair_source.py (0.9s)
[245/375] PASS  debug\_verify_pairwise_stats_low_memory.py (3.4s)
[246/375] PASS  debug\_verify_paper_claims.py (1.0s)
[247/375] PASS  debug\_verify_paper_magnitude_claims.py (0.9s)
[248/375] PASS  debug\_verify_parameter_sensitivity_screen.py (0.8s)
[249/375] PASS  debug\_verify_pdr_calmar.py (0.8s)
[250/375] PASS  debug\_verify_pearson_threshold_sensitivity.py (3.3s)
[251/375] PASS  debug\_verify_period_bars_volume_nan.py (0.8s)
[252/375] PASS  debug\_verify_pair_characteristics_analyzer.py (15.9s)
[253/375] PASS  debug\_verify_period_end_stamps.py (1.7s)
[254/375] PASS  debug\_verify_pipeline_contracts.py (0.7s)
[255/375] PASS  debug\_verify_persistence_filter.py (2.9s)
[256/375] PASS  debug\_verify_pipeline_end_to_end_synthetic.py (2.9s)
[257/375] PASS  debug\_verify_pit_bh_eligibility.py (3.1s)
[258/375] PASS  debug\_verify_pit_confidence_weights.py (1.8s)
[259/375] PASS  debug\_verify_pit_confirmation_vs_regime_interaction.py (1.7s)
[260/375] PASS  debug\_verify_pit_index_membership.py (0.8s)
[261/375] PASS  debug\_verify_pit_pair_discovery.py (2.9s)
[262/375] PASS  debug\_verify_pit_pair_row.py (2.9s)
[263/375] PASS  debug\_verify_pit_precision_by_regime_strength.py (3.0s)
[264/375] PASS  debug\_verify_pit_wfa_episodic.py (3.2s)
[265/375] PASS  debug\_verify_pit_wfa_pooled_equity_curve.py (0.8s)
[266/375] PASS  debug\_verify_pit_wfa_trade_bootstrap.py (3.3s)
[267/375] PASS  debug\_verify_pit_wfa.py (10.7s)
[268/375] PASS  debug\_verify_pit_wfa_train_test_boundary.py (3.0s)
[269/375] PASS  debug\_verify_pit_wfa_wrds_daily_merge_and_save.py (3.2s)
[270/375] PASS  debug\_verify_pnl_dollar.py (0.8s)
[271/375] PASS  debug\_verify_pnl_dollar_intraday.py (1.6s)
[272/375] PASS  debug\_verify_pit_wfa_wrds_daily.py (12.9s)
[273/375] PASS  debug\_verify_pooled_equity_fold_window.py (0.8s)
[274/375] PASS  debug\_verify_portfolio_math.py (0.8s)
[275/375] PASS  debug\_verify_portfolio_math_business_days.py (0.8s)
[276/375] PASS  debug\_verify_portfolio_math_risk_metrics.py (0.9s)
[277/375] PASS  debug\_verify_portfolio_sim.py (1.0s)
[278/375] PASS  debug\_verify_portfolio_sim_dollar.py (0.8s)
[279/375] PASS  debug\_verify_portfolio_sim_external_series_fix.py (0.8s)
[280/375] PASS  debug\_verify_pre_commit_verify.py (0.2s)
[281/375] PASS  debug\_verify_predictability_optimizer_gap_fix.py (2.7s)
[282/375] PASS  debug\_verify_predicted_degeneracy_risk.py (5.0s)
[283/375] PASS  debug\_verify_price_target_pairs_overlay.py (2.1s)
[284/375] PASS  debug\_verify_purity_pit_eligibility.py (1.0s)
[285/375] PASS  debug\_verify_reality_check_null.py (17.1s)
[286/375] PASS  debug\_verify_rederive_coarse_volume.py (0.9s)
[287/375] PASS  debug\_verify_regime_age_weights.py (2.0s)
[288/375] PASS  debug\_verify_regime_conditional_adjustment.py (2.0s)
[289/375] PASS  debug\_verify_regime_conditional_entry_gate.py (4.1s)
[290/375] PASS  debug\_verify_regime_lookup_intraday.py (2.0s)
[291/375] PASS  debug\_verify_regime_strength_vs_discovery_regime_test.py (2.0s)
[292/375] PASS  debug\_verify_reimers_trio_correction.py (3.1s)
[293/375] PASS  debug\_verify_repair_coarse_identity.py (1.4s)
[294/375] PASS  debug\_verify_research_screen_flags_fail_loud.py (3.8s)
[295/375] PASS  debug\_verify_residual_correlation_factor_test.py (2.1s)
[296/375] PASS  debug\_verify_return_smoothing_audit.py (1.5s)
[297/375] PASS  debug\_verify_returns_matrix_timestamp_aligned.py (3.6s)
[298/375] PASS  debug\_verify_ridge_hedge_ratio_comparison.py (4.2s)
[299/375] PASS  debug\_verify_risk_neutral_density.py (2.5s)
[300/375] PASS  debug\_verify_rmt_feature_denoising.py (3.9s)
[301/375] PASS  debug\_verify_rolling_adv_comparison.py (0.9s)
[302/375] PASS  debug\_verify_rolling_coint_batched.py (4.2s)
[303/375] PASS  debug\_verify_rough_volatility.py (4.9s)
[304/375] PASS  debug\_verify_run_all_verify.py (1.5s)
[305/375] PASS  debug\_verify_run_storm_grid_sharpe_fix.py (2.1s)
[306/375] PASS  debug\_verify_same_company_pairs.py (0.8s)
[307/375] PASS  debug\_verify_same_dates_null.py (2.1s)
[308/375] PASS  debug\_verify_save_tf_results_return.py (4.6s)
[309/375] PASS  debug\_verify_scan_guard_direct_callers.py (12.5s)
[310/375] PASS  debug\_verify_scan_price_basis_d18.py (4.5s)
[311/375] PASS  debug\_verify_secondary_evidence_overlap.py (3.7s)
[312/375] PASS  debug\_verify_sector_fdr_random_null_comparison.py (4.4s)
[313/375] PASS  debug\_verify_sector_restricted_fdr_rescan.py (4.0s)
[314/375] PASS  debug\_verify_sensitivity_config_centralization.py (2.1s)
[315/375] PASS  debug\_verify_sequential_bootstrap_ml_comparison.py (1.1s)
[316/375] PASS  debug\_verify_shared_output_atomic_writes.py (3.6s)
[317/375] PASS  debug\_verify_short_term_factor_alpha.py (4.2s)
[318/375] PASS  debug\_verify_snap_timestamps_no_lookahead.py (1.7s)
[319/375] PASS  debug\_verify_sp500_cache_guard.py (1.7s)
[320/375] PASS  debug\_verify_sparse_pair_exclusion.py (6.6s)
[321/375] PASS  debug\_verify_spread_construction_consolidation.py (4.0s)
[322/375] PASS  debug\_verify_sqrt_impact_cost.py (2.1s)
[323/375] PASS  debug\_verify_squeeze_momentum_features.py (4.7s)
[324/375] PASS  debug\_verify_squeeze_momentum_gate_logic.py (0.3s)
[325/375] PASS  debug\_verify_polars_universe_loader.py (186.1s)
[326/375] PASS  debug\_verify_stats_daily_pnl_calendar.py (3.0s)
[327/375] PASS  debug\_verify_stats_tf_dir_map_fix.py (5.1s)
[328/375] PASS  debug\_verify_stats_trade_bootstrap_scale.py (4.9s)
[329/375] PASS  debug\_verify_stop_loss_correlation_caps.py (1.9s)
[330/375] PASS  debug\_verify_strategy_risk_precision.py (0.9s)
[331/375] PASS  debug\_verify_strategy_rule_invariants.py (0.8s)
[332/375] PASS  debug\_verify_strategy_search.py (26.1s)
[333/375] PASS  debug\_verify_strategy_variation_comparison.py (3.6s)
[334/375] PASS  debug\_verify_streaming_checkpoint_results.py (25.9s)
[335/375] PASS  debug\_verify_stress_test_replication.py (3.9s)
[336/375] PASS  debug\_verify_structural_break_onset_detection.py (4.5s)
[337/375] PASS  debug\_verify_survivorship_last_real_bar.py (1.9s)
[338/375] PASS  debug\_verify_svm_gradient_descent_classifier.py (2.3s)
[339/375] PASS  debug\_verify_tail_dependence_universe_screen.py (8.1s)
[340/375] PASS  debug\_verify_threshold_cointegration.py (50.2s)
[341/375] PASS  debug\_verify_threshold_relevance_pit_test.py (3.7s)
[342/375] PASS  debug\_verify_tls_hedge_direction.py (3.5s)
[343/375] PASS  debug\_verify_squeeze_momentum_signal_validation.py (177.9s)
[344/375] PASS  debug\_verify_traded_series_no_trade_mask.py (3.6s)
[345/375] PASS  debug\_verify_transfer_entropy_lead_lag.py (6.0s)
[346/375] PASS  debug\_verify_trfd_total_return.py (0.9s)
[347/375] PASS  debug\_verify_trig_convergence.py (4.1s)
[348/375] PASS  debug\_verify_universe_calendar_align_and_dedup.py (1.0s)
[349/375] PASS  debug\_verify_trend_dominance_diagnostic.py (11.0s)
[350/375] PASS  debug\_verify_universe_loader.py (1.0s)
[351/375] PASS  debug\_verify_universe_loader_memo_cache.py (0.9s)
[352/375] PASS  debug\_verify_universe_filter_chunked.py (3.8s)
[353/375] PASS  debug\_verify_usd_dollar_volume.py (0.9s)
[354/375] PASS  debug\_verify_universe_loader_memo_code_key.py (2.4s)
[355/375] PASS  debug\_verify_usd_symbol_fx.py (0.7s)
[356/375] PASS  debug\_verify_var_backtest_calibration.py (1.3s)
[357/375] PASS  debug\_verify_var_sizing_weights.py (1.7s)
[358/375] PASS  debug\_verify_variance_ratio_gap_fix.py (2.3s)
[359/375] PASS  debug\_verify_variance_ratio_test.py (2.3s)
[360/375] PASS  debug\_verify_vol_swap_style_risk_estimate.py (0.7s)
[361/375] PASS  debug\_verify_vol_targeting_causal_median_fix.py (0.7s)
[362/375] PASS  debug\_verify_vix_crisis_hl_robustness_check.py (2.4s)
[363/375] PASS  debug\_verify_wfa_config_consistency.py (0.7s)
[364/375] PASS  debug\_verify_wfa_no_stale_spread.py (0.8s)
[365/375] PASS  debug\_verify_wavelet_hurst.py (2.9s)
[366/375] PASS  debug\_verify_wfa_trade_sharpe.py (1.7s)
[367/375] PASS  debug\_verify_window_sweep_specs.py (2.9s)
[368/375] PASS  debug\_verify_wrds_global_fetch_retry.py (30.9s)
[369/375] PASS  debug\_verify_wrds_lead_lag_scan.py (3.2s)
[370/375] PASS  debug\_verify_wrds_primary_wiring.py (1.7s)
[371/375] PASS  debug\_verify_wrds_priority_over_ibkr.py (1.0s)
[372/375] PASS  debug\_verify_wrds_symbol_canonicalization.py (0.7s)
[373/375] PASS  debug\_verify_wrds_universal_lead_lag_scan.py (3.4s)
[374/375] PASS  debug\_verify_za_breakdate_index.py (1.9s)
[375/375] PASS  debug\_verify_wrds_deep_history_episodic_scan.py (101.7s)

======================================================================
SUMMARY: 374 passed, 0 FAILED, 1 errored (of 375 total, 1360.7s)
======================================================================

--- ERRORED (1, likely environment/missing-dependency, not necessarily a real bug) ---
  debug\_verify_data_wrds.py: TIMEOUT after 600s
