Running 362 verify scripts (timeout=600s, workers=2)...

[1/362] PASS  debug\_verify_absorption_ratio.py (2.9s)
[2/362] PASS  debug\_verify_a2_causal_hedge_arm.py (3.7s)
[3/362] PASS  debug\_verify_adapter_stale_checkpoint_fix.py (3.5s)
[4/362] PASS  debug\_verify_adapter_wrds_first.py (3.5s)
[5/362] PASS  debug\_verify_adv_1day_fallback.py (0.8s)
[6/362] PASS  debug\_verify_adf_confirmatory_tier.py (2.7s)
[7/362] PASS  debug\_verify_align_daily_gap_gate.py (1.7s)
[8/362] PASS  debug\_verify_append_basis_reconcile.py (1.6s)
[9/362] PASS  debug\_verify_append_switch.py (1.7s)
[10/362] PASS  debug\_verify_apply_crsp_volume_adjustment.py (1.0s)
[11/362] PASS  debug\_verify_asset_volatility_profile.py (1.7s)
[12/362] PASS  debug\_verify_backtest_common_holdout.py (1.9s)
[13/362] PASS  debug\_verify_backtest_data_gap_exit.py (1.8s)
[14/362] PASS  debug\_verify_backtest_dollar_pnl_default.py (1.7s)
[15/362] PASS  debug\_verify_backtest_hurst_none_fix.py (0.7s)
[16/362] PASS  debug\_verify_backtest_lookahead_label.py (0.1s)
[17/362] PASS  debug\_verify_backtest_hedge_default.py (1.9s)
[18/362] PASS  debug\_verify_backtest_overfitting_detector.py (1.7s)
[19/362] PASS  debug\_verify_backtest_override_fit_engine.py (1.7s)
[20/362] PASS  debug\_verify_backtest_pnl_cap_scope.py (1.8s)
[21/362] PASS  debug\_verify_backtest_storm_label_fix.py (0.1s)
[22/362] PASS  debug\_verify_backtest_risk_parity_is_only_fit.py (1.7s)
[23/362] PASS  debug\_verify_backtest_zero_z_filter_fix.py (0.7s)
[24/362] PASS  debug\_verify_bayesian_pair_confirmation.py (1.6s)
[25/362] PASS  debug\_verify_beta_weighted_portfolio.py (1.6s)
[26/362] PASS  debug\_verify_bh_fdr_dependence_check.py (3.0s)
[27/362] PASS  debug\_verify_bertram_ou_thresholds.py (6.0s)
[28/362] PASS  debug\_verify_bh_vs_by_full_universe.py (3.0s)
[29/362] PASS  debug\_verify_bh_vs_by_full_universe_1d.py (3.1s)
[30/362] PASS  debug\_verify_big_move_lead_lag.py (2.9s)
[31/362] PASS  debug\_verify_bounded_lookback_primary_screen.py (4.3s)
[32/362] PASS  debug\_verify_bugD100_garch_stop_causal.py (0.7s)
[33/362] PASS  debug\_verify_bugD101_position_sizing_circularity.py (4.1s)
[34/362] PASS  debug\_verify_bugD102_coint_frac_sizing_fold_leakage.py (0.8s)
[35/362] PASS  debug\_verify_bugD103_macro_publication_lag.py (1.6s)
[36/362] PASS  debug\_verify_bugD105_wrds_universe_passed.py (0.1s)
[37/362] PASS  debug\_verify_bugD99_pit_wfa_hurst_rs.py (4.7s)
[38/362] PASS  debug\_verify_break_tests_size.py (14.2s)
[39/362] PASS  debug\_verify_bug_d56_compose.py (1.8s)
[40/362] PASS  debug\_verify_bug_d112_causal_candidacy.py (3.5s)
[41/362] PASS  debug\_verify_bug_d57_naive_exchange_index.py (1.5s)
[42/362] PASS  debug\_verify_bug_d58_survivorship_false_positive.py (1.9s)
[43/362] PASS  debug\_verify_bug_d59_pooled_coint_sharpe.py (1.8s)
[44/362] PASS  debug\_verify_bug_d62_sharpe_convention.py (0.7s)
[45/362] PASS  debug\_verify_bug_d61_window_alignment.py (1.9s)
[46/362] PASS  debug\_verify_build_bug_verdicts.py (0.7s)
[47/362] PASS  debug\_verify_build_comparison_arm_pairs.py (0.7s)
[48/362] PASS  debug\_verify_bug_d95_persistence_fix.py (3.0s)
[49/362] PASS  debug\_verify_build_readonly_gate.py (0.2s)
[50/362] PASS  debug\_verify_calendar_no_weekend_rows.py (0.9s)
[51/362] PASS  debug\_verify_build_log_prices_bounded.py (3.0s)
[52/362] PASS  debug\_verify_capital_constraint_luck_check.py (0.7s)
[53/362] PASS  debug\_verify_capital_size_sweep.py (0.8s)
[54/362] PASS  debug\_verify_cf_carver_causal_scale_fix.py (0.2s)
[55/362] PASS  debug\_verify_check_cachyos_parity.py (0.2s)
[56/362] PASS  debug\_verify_chunked_pearson_candidate_pairs.py (3.7s)
[57/362] PASS  debug\_verify_chunked_pearson_matrix.py (4.5s)
[58/362] PASS  debug\_verify_churn_fix_arms.py (2.0s)
[59/362] PASS  debug\_verify_calendar_padding_bound.py (16.3s)
[60/362] PASS  debug\_verify_clean_mask_gapflag_semantics_fix.py (3.5s)
[61/362] PASS  debug\_verify_clean_pool_identity_pairs.py (1.0s)
[62/362] PASS  debug\_verify_cleaner_no_cache_ffill.py (1.9s)
[63/362] PASS  debug\_verify_coint_decay_rate_signal_test.py (1.7s)
[64/362] PASS  debug\_verify_coint_frac_nan_status.py (3.0s)
[65/362] PASS  debug\_verify_coint_frac_override.py (2.8s)
[66/362] PASS  debug\_verify_coint_strength_bar_system.py (0.7s)
[67/362] PASS  debug\_verify_coint_frac_window_grid.py (3.0s)
[68/362] PASS  debug\_verify_cointegration_regime_segmentation.py (0.7s)
[69/362] PASS  debug\_verify_comparison_arm_scaffold.py (0.7s)
[70/362] PASS  debug\_verify_coint_strength_series_builder.py (4.4s)
[71/362] PASS  debug\_verify_confidence_score_allocation.py (0.7s)
[72/362] PASS  debug\_verify_compute_metrics_sharpe_annualization_fix.py (1.9s)
[73/362] PASS  debug\_verify_config_drift_guard.py (1.2s)
[74/362] PASS  debug\_verify_confirmatory_cointegration_check.py (3.0s)
[75/362] PASS  debug\_verify_conformal_predictor.py (2.1s)
[76/362] PASS  debug\_verify_correlation_transition_detector.py (0.8s)
[77/362] PASS  debug\_verify_copula_pairs.py (2.4s)
[78/362] PASS  debug\_verify_crisis_regime_cluster_bootstrap_test.py (0.9s)
[79/362] PASS  debug\_verify_cot_contract_history.py (4.2s)
[80/362] PASS  debug\_verify_crisis_regime_concentration_significance_test.py (1.8s)
[81/362] PASS  debug\_verify_crisis_regime_episode_clustering_check.py (0.8s)
[82/362] PASS  debug\_verify_crisis_regime_same_sector_test.py (1.7s)
[83/362] PASS  debug\_verify_crisis_regime_correlation_diagnostic.py (3.5s)
[84/362] PASS  debug\_verify_cross_session_leadlag.py (1.8s)
[85/362] PASS  debug\_verify_cross_listing_lead_lag.py (3.2s)
[86/362] PASS  debug\_verify_cross_tf_break_divergence.py (3.2s)
[87/362] PASS  debug\_verify_cross_tf_lead_lag_scan.py (3.4s)
[88/362] PASS  debug\_verify_crsp_volume_split_adjustment.py (0.7s)
[89/362] PASS  debug\_verify_cross_timeframe_cointegration.py (3.3s)
[90/362] PASS  debug\_verify_cvar.py (2.9s)
[91/362] PASS  debug\_verify_d18_arm_comparison.py (1.0s)
[92/362] PASS  debug\_verify_daily_incremental_refresh.py (1.5s)
[93/362] PASS  debug\_verify_cycle_detection.py (4.1s)
[94/362] PASS  debug\_verify_data_contamination_scan.py (0.9s)
[95/362] PASS  debug\_verify_data_finra.py (0.9s)
[96/362] PASS  debug\_verify_data_crypto_binance.py (1.5s)
[97/362] PASS  debug\_verify_data_sec_edgar.py (0.8s)
[98/362] PASS  debug\_verify_data_no_silent_handlers.py (1.5s)
[99/362] PASS  debug\_verify_dcc_garch_pymgarch_comparison.py (2.7s)
[100/362] PASS  debug\_verify_dd_cache_anomaly_fix.py (1.4s)
[101/362] PASS  debug\_verify_dd_hub_asymmetric_drop_fix.py (0.7s)
[102/362] PASS  debug\_verify_dd_hub_effective_bets.py (1.4s)
[103/362] PASS  debug\_verify_dead_constants_comparison_arms.py (1.9s)
[104/362] PASS  debug\_verify_decay_proxy.py (0.8s)
[105/362] PASS  debug\_verify_decay_rate_at_entry_diagnostic.py (3.3s)
[106/362] PASS  debug\_verify_decay_rate_signals.py (4.0s)
[107/362] PASS  debug\_verify_decay_rate_sizing.py (2.1s)
[108/362] PASS  debug\_verify_decoupling_analysis.py (2.8s)
[109/362] PASS  debug\_verify_decoupling_meta_analysis.py (1.9s)
[110/362] PASS  debug\_verify_dedupe_identical_series.py (1.0s)
[111/362] PASS  debug\_verify_deep_history_enrich.py (6.2s)
[112/362] PASS  debug\_verify_deflated_sharpe.py (1.7s)
[113/362] PASS  debug\_verify_degenerate_column_audit.py (1.0s)
[114/362] PASS  debug\_verify_delisting_registry.py (1.9s)
[115/362] PASS  debug\_verify_distribution_fits.py (60.4s)
[116/362] PASS  debug\_verify_diversification_basket_test.py (0.8s)
[117/362] PASS  debug\_verify_earnings.py (1.2s)
[118/362] PASS  debug\_verify_earnings_lead_lag_seam_fix.py (3.9s)
[119/362] PASS  debug\_verify_eg_bh_denominator.py (3.1s)
[120/362] PASS  debug\_verify_eg_both_directions_fix.py (10.8s)
[121/362] PASS  debug\_verify_eg_common_index_a1.py (3.9s)
[122/362] PASS  debug\_verify_eg_gap_classification_fix.py (3.1s)
[123/362] PASS  debug\_verify_eg_null_calibration.py (8.5s)
[124/362] PASS  debug\_verify_eg_permutation_mask_consistency_fix.py (3.5s)
[125/362] PASS  debug\_verify_eigendecompose_gpu.py (3.5s)
[126/362] PASS  debug\_verify_eigenvalue_weighted_position_sizing.py (2.2s)
[127/362] PASS  debug\_verify_eligible_from_gate.py (2.1s)
[128/362] PASS  debug\_verify_episodic_checkpoint_order.py (0.1s)
[129/362] PASS  debug\_verify_episodic_duration_degree_usability.py (3.5s)
[130/362] PASS  debug\_verify_episodic_grid_offset.py (3.3s)
[131/362] PASS  debug\_verify_episodic_pairs_adapter.py (23.9s)
[132/362] PASS  debug\_verify_episodic_pit_asof.py (3.3s)
[133/362] PASS  debug\_verify_episodic_scan_arm_logging.py (3.4s)
[134/362] PASS  debug\_verify_event_study_framework.py (0.8s)
[135/362] PASS  debug\_verify_ewma_zscore_comparison.py (0.8s)
[136/362] PASS  debug\_verify_exchange_aware_live_fetch.py (6.0s)
[137/362] PASS  debug\_verify_exchange_aware_session.py (1.8s)
[138/362] PASS  debug\_verify_fama_french_risk_decomposition.py (0.8s)
[139/362] PASS  debug\_verify_fdr_method_comparison.py (4.2s)
[140/362] PASS  debug\_verify_fdr_threshold_sensitivity.py (4.1s)
[141/362] PASS  debug\_verify_filter_funnel.py (3.6s)
[142/362] PASS  debug\_verify_filter_structural_pairs.py (3.9s)
[143/362] PASS  debug\_verify_flat_risk_pct_override.py (0.9s)
[144/362] PASS  debug\_verify_data_wrds.py (210.6s)
[145/362] PASS  debug\_verify_fresh_holdout_compare.py (0.9s)
[146/362] PASS  debug\_verify_full_crsp_security_master.py (0.8s)
[147/362] PASS  debug\_verify_full_market_label_recency.py (0.8s)
[148/362] PASS  debug\_verify_full_universe_eg_confirmation_overlap_filter.py (0.1s)
[149/362] PASS  debug\_verify_full_us_market_label_map.py (0.9s)
[150/362] PASS  debug\_verify_fundamental_pair_tagger.py (0.9s)
[151/362] PASS  debug\_verify_futures_no_magnitude_roll_adjust.py (1.5s)
[152/362] PASS  debug\_verify_fx_convert.py (0.8s)
[153/362] PASS  debug\_verify_gpu_auto_threshold.py (0.3s)
[154/362] PASS  debug\_verify_gpu_backend_vram_headroom.py (0.2s)
[155/362] PASS  debug\_verify_gpu_batched_eg.py (4.2s)
[156/362] PASS  debug\_verify_grid_bootstrap_ar_ci.py (25.2s)
[157/362] PASS  debug\_verify_grid_phase_robustness.py (0.9s)
[158/362] PASS  debug\_verify_half_life_ar1_off_by_one.py (3.7s)
[159/362] PASS  debug\_verify_half_life_skip_attribution.py (1.8s)
[160/362] PASS  debug\_verify_hedge_blend_test.py (0.7s)
[161/362] PASS  debug\_verify_hierarchical_dsr.py (1.6s)
[162/362] PASS  debug\_verify_hmm_gmm_regime_features.py (10.6s)
[163/362] PASS  debug\_verify_hrp_ledoit_wolf.py (4.4s)
[164/362] PASS  debug\_verify_hrp_weights.py (2.2s)
[165/362] PASS  debug\_verify_hub_weights_override.py (2.0s)
[166/362] PASS  debug\_verify_ibkr_cache_snapped.py (2.0s)
[167/362] PASS  debug\_verify_ibkr_merge_split_reconciliation.py (1.6s)
[168/362] PASS  debug\_verify_ibkr_pagination.py (1.6s)
[169/362] PASS  debug\_verify_ibkr_supplement_derived_tf.py (0.9s)
[170/362] PASS  debug\_verify_index_additions.py (1.0s)
[171/362] PASS  debug\_verify_index_tracking_exclusion.py (4.0s)
[172/362] PASS  debug\_verify_follower_direction_validation_walkforward_fix.py (81.1s)
[173/362] PASS  debug\_verify_instrument_labels_no_collision.py (2.3s)
[174/362] PASS  debug\_verify_intraday_closed_market_gaps.py (1.8s)
[175/362] PASS  debug\_verify_intraday_episodic_window_sensitivity.py (6.2s)
[176/362] PASS  debug\_verify_intraday_oom_guard_grid.py (1.6s)
[177/362] PASS  debug\_verify_intraday_episodic_scan.py (10.0s)
[178/362] PASS  debug\_verify_jkp_factor_portfolio_construction.py (0.9s)
[179/362] PASS  debug\_verify_inverse_polarity.py (3.5s)
[180/362] PASS  debug\_verify_jkp_raw_characteristic_regression.py (2.5s)
[181/362] PASS  debug\_verify_jkp_thread_m_driver.py (2.1s)
[182/362] PASS  debug\_verify_johansen_basket_cointegration.py (2.6s)
[183/362] PASS  debug\_verify_jump_diffusion_gap_fix.py (1.4s)
[184/362] PASS  debug\_verify_jump_diffusion_fit.py (5.3s)
[185/362] PASS  debug\_verify_k_bahc_candidate_discovery.py (3.0s)
[186/362] PASS  debug\_verify_kalman_slope_intercept.py (3.0s)
[187/362] PASS  debug\_verify_lag_sweep_validation.py (5.9s)
[188/362] PASS  debug\_verify_lead_lag_cointegration_rate.py (3.8s)
[189/362] PASS  debug\_verify_lag_aware_coint_discovery.py (19.2s)
[190/362] PASS  debug\_verify_lead_lag_scan.py (4.1s)
[191/362] PASS  debug\_verify_levy_jump_diffusion.py (4.0s)
[192/362] PASS  debug\_verify_lineage.py (0.5s)
[193/362] PASS  debug\_verify_liquid_bar_mask_sources.py (1.0s)
[194/362] PASS  debug\_verify_liquidity_bar_masking.py (1.0s)
[195/362] PASS  debug\_verify_liquidity_bar_vs_symbol_comparison.py (1.0s)
[196/362] PASS  debug\_verify_liquidity_filter_currency_retry.py (20.8s)
[197/362] PASS  debug\_verify_liquidity_filter_no_fabrication.py (1.6s)
[198/362] PASS  debug\_verify_liquidity_threshold_sensitivity.py (0.8s)
[199/362] PASS  debug\_verify_lit_search_tools.py (0.5s)
[200/362] PASS  debug\_verify_loader_cwd_independent.py (1.1s)
[201/362] PASS  debug\_verify_loader_disjoint_sources.py (1.2s)
[202/362] PASS  debug\_verify_loader_timezones.py (1.0s)
[203/362] PASS  debug\_verify_loader_wrds_total_return.py (1.2s)
[204/362] PASS  debug\_verify_lstm_attention_architecture.py (20.9s)
[205/362] PASS  debug\_verify_lstm_attention_training.py (32.8s)
[206/362] PASS  debug\_verify_macro_daily_cot_availability.py (1.5s)
[207/362] PASS  debug\_verify_macro_regimes.py (2.2s)
[208/362] PASS  debug\_verify_macro_release_lags.py (1.5s)
[209/362] FAIL  debug\_verify_manifest_lock.py (9.8s)
[210/362] PASS  debug\_verify_manifest_pruning.py (2.9s)
[211/362] PASS  debug\_verify_membership_gate.py (3.0s)
[212/362] PASS  debug\_verify_meta_label_capital_sim.py (2.2s)
[213/362] PASS  debug\_verify_min_bars_long_tfs.py (1.4s)
[214/362] PASS  debug\_verify_min_segment_calendar_fix.py (5.4s)
[215/362] PASS  debug\_verify_ml_feature_lag.py (0.9s)
[216/362] PASS  debug\_verify_ml_gate_fail_closed.py (2.2s)
[217/362] PASS  debug\_verify_ml_hedge_ratio_drift_pit.py (0.9s)
[218/362] PASS  debug\_verify_ml_median_imputation_no_leakage.py (0.9s)
[219/362] PASS  debug\_verify_ml_model_comparison.py (2.5s)
[220/362] PASS  debug\_verify_ml_model_comparison_purged.py (3.2s)
[221/362] PASS  debug\_verify_ml_model_history.py (1.8s)
[222/362] PASS  debug\_verify_ml_squeeze_momentum_features.py (0.9s)
[223/362] PASS  debug\_verify_ml_stage2_ablation.py (2.7s)
[224/362] PASS  debug\_verify_ml_threshold_recalibration.py (2.3s)
[225/362] PASS  debug\_verify_multivariate_pit_predictors.py (4.5s)
[226/362] PASS  debug\_verify_multivariate_pit_predictors_gee.py (4.3s)
[227/362] PASS  debug\_verify_near_miss_lag_scan.py (4.3s)
[228/362] PASS  debug\_verify_news_impact_asymmetry.py (2.3s)
[229/362] PASS  debug\_verify_no_private_universe_globs.py (0.2s)
[230/362] PASS  debug\_verify_options_greeks_features.py (2.0s)
[231/362] PASS  debug\_verify_options_greeks_unit.py (2.0s)
[232/362] PASS  debug\_verify_options_load_price_series_wrds_fallback.py (2.0s)
[233/362] PASS  debug\_verify_overlap_threshold_pit_test.py (3.2s)
[234/362] PASS  debug\_verify_overnight_orchestrator_py.py (6.9s)
[235/362] PASS  debug\_verify_pair_characteristics_analyzer.py (18.5s)
[236/362] PASS  debug\_verify_lead_lag_permutation_check.py (201.8s)
[237/362] PASS  debug\_verify_pair_source.py (1.1s)
[238/362] PASS  debug\_verify_pair_result_hedge_gap_mask.py (4.9s)
[239/362] PASS  debug\_verify_paper_claims.py (0.8s)
[240/362] PASS  debug\_verify_paper_magnitude_claims.py (0.7s)
[241/362] PASS  debug\_verify_pairwise_stats_low_memory.py (3.3s)
[242/362] PASS  debug\_verify_parameter_sensitivity_screen.py (0.7s)
[243/362] PASS  debug\_verify_pdr_calmar.py (0.8s)
[244/362] PASS  debug\_verify_period_bars_volume_nan.py (0.7s)
[245/362] PASS  debug\_verify_pearson_threshold_sensitivity.py (3.0s)
[246/362] PASS  debug\_verify_period_end_stamps.py (1.8s)
[247/362] PASS  debug\_verify_pipeline_contracts.py (0.7s)
[248/362] PASS  debug\_verify_persistence_filter.py (3.0s)
[249/362] PASS  debug\_verify_pipeline_end_to_end_synthetic.py (3.0s)
[250/362] PASS  debug\_verify_pit_confidence_weights.py (1.8s)
[251/362] PASS  debug\_verify_pit_index_membership.py (0.8s)
[252/362] PASS  debug\_verify_pit_confirmation_vs_regime_interaction.py (1.6s)
[253/362] PASS  debug\_verify_pit_pair_row.py (2.9s)
[254/362] PASS  debug\_verify_pit_pair_discovery.py (3.0s)
[255/362] PASS  debug\_verify_pit_precision_by_regime_strength.py (2.9s)
[256/362] PASS  debug\_verify_pit_wfa_episodic.py (3.1s)
[257/362] PASS  debug\_verify_pit_wfa_pooled_equity_curve.py (0.7s)
[258/362] PASS  debug\_verify_pit_wfa_trade_bootstrap.py (3.4s)
[259/362] PASS  debug\_verify_pit_wfa.py (10.6s)
[260/362] PASS  debug\_verify_pit_wfa_train_test_boundary.py (3.1s)
[261/362] PASS  debug\_verify_pit_wfa_wrds_daily_merge_and_save.py (3.1s)
[262/362] PASS  debug\_verify_pnl_dollar.py (0.8s)
[263/362] PASS  debug\_verify_pnl_dollar_intraday.py (1.4s)
[264/362] PASS  debug\_verify_pit_wfa_wrds_daily.py (12.2s)
[265/362] PASS  debug\_verify_portfolio_math.py (0.8s)
[266/362] PASS  debug\_verify_portfolio_math_business_days.py (0.8s)
[267/362] PASS  debug\_verify_portfolio_math_risk_metrics.py (0.9s)
[268/362] PASS  debug\_verify_portfolio_sim.py (0.9s)
[269/362] PASS  debug\_verify_portfolio_sim_dollar.py (1.0s)
[270/362] PASS  debug\_verify_portfolio_sim_external_series_fix.py (0.9s)
[271/362] PASS  debug\_verify_pre_commit_verify.py (0.1s)
[272/362] PASS  debug\_verify_predictability_optimizer_gap_fix.py (1.6s)
[273/362] PASS  debug\_verify_predicted_degeneracy_risk.py (3.8s)
[274/362] PASS  debug\_verify_price_target_pairs_overlay.py (2.0s)
[275/362] PASS  debug\_verify_purity_pit_eligibility.py (0.9s)
[276/362] PASS  debug\_verify_reality_check_null.py (15.3s)
[277/362] PASS  debug\_verify_rederive_coarse_volume.py (0.9s)
[278/362] PASS  debug\_verify_regime_age_weights.py (2.1s)
[279/362] PASS  debug\_verify_regime_conditional_adjustment.py (2.1s)
[280/362] PASS  debug\_verify_regime_conditional_entry_gate.py (3.8s)
[281/362] PASS  debug\_verify_regime_lookup_intraday.py (2.1s)
[282/362] PASS  debug\_verify_regime_strength_vs_discovery_regime_test.py (1.9s)
[283/362] PASS  debug\_verify_reimers_trio_correction.py (2.9s)
[284/362] PASS  debug\_verify_repair_coarse_identity.py (1.4s)
[285/362] PASS  debug\_verify_residual_correlation_factor_test.py (1.9s)
[286/362] PASS  debug\_verify_return_smoothing_audit.py (1.4s)
[287/362] PASS  debug\_verify_returns_matrix_timestamp_aligned.py (3.8s)
[288/362] PASS  debug\_verify_ridge_hedge_ratio_comparison.py (4.1s)
[289/362] PASS  debug\_verify_risk_neutral_density.py (2.5s)
[290/362] PASS  debug\_verify_rmt_feature_denoising.py (3.8s)
[291/362] PASS  debug\_verify_rolling_adv_comparison.py (0.8s)
[292/362] PASS  debug\_verify_rolling_coint_batched.py (4.0s)
[293/362] PASS  debug\_verify_rough_volatility.py (4.8s)
[294/362] PASS  debug\_verify_run_all_verify.py (1.4s)
[295/362] PASS  debug\_verify_run_storm_grid_sharpe_fix.py (2.1s)
[296/362] PASS  debug\_verify_same_dates_null.py (2.1s)
[297/362] PASS  debug\_verify_save_tf_results_return.py (3.9s)
[298/362] PASS  debug\_verify_scan_guard_direct_callers.py (12.1s)
[299/362] PASS  debug\_verify_scan_price_basis_d18.py (4.7s)
[300/362] PASS  debug\_verify_secondary_evidence_overlap.py (3.8s)
[301/362] PASS  debug\_verify_sector_fdr_random_null_comparison.py (4.2s)
[302/362] PASS  debug\_verify_sector_restricted_fdr_rescan.py (3.9s)
[303/362] PASS  debug\_verify_sensitivity_config_centralization.py (2.2s)
[304/362] PASS  debug\_verify_sequential_bootstrap_ml_comparison.py (1.1s)
[305/362] PASS  debug\_verify_shared_output_atomic_writes.py (3.8s)
[306/362] PASS  debug\_verify_short_term_factor_alpha.py (3.7s)
[307/362] PASS  debug\_verify_snap_timestamps_no_lookahead.py (1.6s)
[308/362] PASS  debug\_verify_sp500_cache_guard.py (1.7s)
[309/362] PASS  debug\_verify_sparse_pair_exclusion.py (7.2s)
[310/362] PASS  debug\_verify_spread_construction_consolidation.py (3.9s)
[311/362] PASS  debug\_verify_sqrt_impact_cost.py (2.2s)
[312/362] PASS  debug\_verify_squeeze_momentum_features.py (4.3s)
[313/362] PASS  debug\_verify_squeeze_momentum_gate_logic.py (0.2s)
[314/362] PASS  debug\_verify_polars_universe_loader.py (190.1s)
[315/362] PASS  debug\_verify_stats_daily_pnl_calendar.py (3.3s)
[316/362] PASS  debug\_verify_stats_tf_dir_map_fix.py (5.1s)
[317/362] PASS  debug\_verify_stats_trade_bootstrap_scale.py (4.8s)
[318/362] PASS  debug\_verify_stop_loss_correlation_caps.py (2.1s)
[319/362] PASS  debug\_verify_strategy_risk_precision.py (0.9s)
[320/362] PASS  debug\_verify_strategy_rule_invariants.py (0.9s)
[321/362] PASS  debug\_verify_strategy_search.py (25.8s)
[322/362] PASS  debug\_verify_strategy_variation_comparison.py (3.6s)
[323/362] PASS  debug\_verify_streaming_checkpoint_results.py (27.0s)
[324/362] PASS  debug\_verify_stress_test_replication.py (4.0s)
[325/362] PASS  debug\_verify_structural_break_onset_detection.py (4.6s)
[326/362] PASS  debug\_verify_survivorship_last_real_bar.py (2.0s)
[327/362] PASS  debug\_verify_svm_gradient_descent_classifier.py (2.4s)
[328/362] PASS  debug\_verify_tail_dependence_universe_screen.py (8.3s)
[329/362] PASS  debug\_verify_squeeze_momentum_signal_validation.py (177.5s)
[330/362] PASS  debug\_verify_threshold_relevance_pit_test.py (3.8s)
[331/362] PASS  debug\_verify_threshold_cointegration.py (47.9s)
[332/362] PASS  debug\_verify_tls_hedge_direction.py (3.8s)
[333/362] PASS  debug\_verify_transfer_entropy_lead_lag.py (7.2s)
[334/362] PASS  debug\_verify_trfd_total_return.py (0.9s)
[335/362] PASS  debug\_verify_trend_dominance_diagnostic.py (9.1s)
[336/362] PASS  debug\_verify_universe_calendar_align_and_dedup.py (0.8s)
[337/362] PASS  debug\_verify_trig_convergence.py (3.6s)
[338/362] PASS  debug\_verify_universe_loader.py (1.0s)
[339/362] PASS  debug\_verify_universe_filter_chunked.py (3.4s)
[340/362] PASS  debug\_verify_universe_loader_memo_cache.py (1.0s)
[341/362] PASS  debug\_verify_usd_dollar_volume.py (0.8s)
[342/362] PASS  debug\_verify_usd_symbol_fx.py (0.7s)
[343/362] PASS  debug\_verify_var_backtest_calibration.py (1.3s)
[344/362] PASS  debug\_verify_var_sizing_weights.py (1.8s)
[345/362] PASS  debug\_verify_variance_ratio_gap_fix.py (2.5s)
[346/362] PASS  debug\_verify_variance_ratio_test.py (2.4s)
[347/362] PASS  debug\_verify_vol_swap_style_risk_estimate.py (0.7s)
[348/362] PASS  debug\_verify_vol_targeting_causal_median_fix.py (0.7s)
[349/362] PASS  debug\_verify_vix_crisis_hl_robustness_check.py (2.4s)
[350/362] PASS  debug\_verify_wfa_config_consistency.py (0.7s)
[351/362] PASS  debug\_verify_wfa_no_stale_spread.py (0.7s)
[352/362] PASS  debug\_verify_wavelet_hurst.py (3.1s)
[353/362] PASS  debug\_verify_wfa_trade_sharpe.py (1.7s)
[354/362] PASS  debug\_verify_window_sweep_specs.py (3.0s)
[355/362] PASS  debug\_verify_wrds_global_fetch_retry.py (30.9s)
[356/362] PASS  debug\_verify_wrds_lead_lag_scan.py (3.2s)
[357/362] PASS  debug\_verify_wrds_primary_wiring.py (1.6s)
[358/362] PASS  debug\_verify_wrds_priority_over_ibkr.py (0.9s)
[359/362] PASS  debug\_verify_wrds_symbol_canonicalization.py (0.8s)
[360/362] PASS  debug\_verify_wrds_universal_lead_lag_scan.py (3.3s)
[361/362] PASS  debug\_verify_za_breakdate_index.py (1.8s)
[362/362] PASS  debug\_verify_wrds_deep_history_episodic_scan.py (106.8s)

======================================================================
SUMMARY: 361 passed, 1 FAILED, 0 errored (of 362 total, 1130.5s)
======================================================================

--- FAILED (1, real check failures) ---
  debug\_verify_manifest_lock.py
