Running 371 verify scripts (timeout=600s, workers=2)...

[1/371] PASS  debug\_verify_absorption_ratio.py (2.9s)
[2/371] PASS  debug\_verify_a2_causal_hedge_arm.py (3.5s)
[3/371] PASS  debug\_verify_adapter_stale_checkpoint_fix.py (3.4s)
[4/371] PASS  debug\_verify_adapter_wrds_first.py (3.3s)
[5/371] PASS  debug\_verify_adv_1day_fallback.py (0.8s)
[6/371] PASS  debug\_verify_adf_confirmatory_tier.py (2.6s)
[7/371] PASS  debug\_verify_align_daily_gap_gate.py (1.6s)
[8/371] PASS  debug\_verify_append_basis_reconcile.py (1.7s)
[9/371] PASS  debug\_verify_append_switch.py (1.7s)
[10/371] PASS  debug\_verify_apply_crsp_volume_adjustment.py (1.0s)
[11/371] PASS  debug\_verify_asset_volatility_profile.py (1.7s)
[12/371] PASS  debug\_verify_backtest_common_holdout.py (1.9s)
[13/371] PASS  debug\_verify_backtest_data_gap_exit.py (1.9s)
[14/371] PASS  debug\_verify_backtest_dollar_pnl_default.py (1.7s)
[15/371] PASS  debug\_verify_backtest_hurst_none_fix.py (0.7s)
[16/371] PASS  debug\_verify_backtest_lookahead_label.py (0.1s)
[17/371] PASS  debug\_verify_backtest_hedge_default.py (1.8s)
[18/371] PASS  debug\_verify_backtest_overfitting_detector.py (1.7s)
[19/371] PASS  debug\_verify_backtest_override_fit_engine.py (1.8s)
[20/371] PASS  debug\_verify_backtest_pnl_cap_scope.py (1.9s)
[21/371] PASS  debug\_verify_backtest_storm_label_fix.py (0.1s)
[22/371] PASS  debug\_verify_backtest_risk_parity_is_only_fit.py (1.9s)
[23/371] PASS  debug\_verify_backtest_zero_z_filter_fix.py (0.7s)
[24/371] PASS  debug\_verify_bayesian_pair_confirmation.py (1.7s)
[25/371] PASS  debug\_verify_beta_weighted_portfolio.py (1.5s)
[26/371] PASS  debug\_verify_bh_fdr_dependence_check.py (3.3s)
[27/371] PASS  debug\_verify_bertram_ou_thresholds.py (6.5s)
[28/371] PASS  debug\_verify_bh_vs_by_full_universe.py (3.0s)
[29/371] PASS  debug\_verify_bh_vs_by_full_universe_1d.py (3.2s)
[30/371] PASS  debug\_verify_big_move_lead_lag.py (3.1s)
[31/371] PASS  debug\_verify_bounded_lookback_primary_screen.py (4.1s)
[32/371] PASS  debug\_verify_bugD100_garch_stop_causal.py (0.7s)
[33/371] PASS  debug\_verify_bugD101_position_sizing_circularity.py (3.6s)
[34/371] PASS  debug\_verify_bugD102_coint_frac_sizing_fold_leakage.py (1.0s)
[35/371] PASS  debug\_verify_bugD103_macro_publication_lag.py (1.7s)
[36/371] PASS  debug\_verify_bugD105_wrds_universe_passed.py (1.6s)
[37/371] PASS  debug\_verify_break_tests_size.py (13.8s)
[38/371] PASS  debug\_verify_bugD99_pit_wfa_hurst_rs.py (4.5s)
[39/371] PASS  debug\_verify_bug_d56_compose.py (1.7s)
[40/371] PASS  debug\_verify_bug_d112_causal_candidacy.py (3.4s)
[41/371] PASS  debug\_verify_bug_d57_naive_exchange_index.py (1.5s)
[42/371] PASS  debug\_verify_bug_d58_survivorship_false_positive.py (1.7s)
[43/371] PASS  debug\_verify_bug_d59_pooled_coint_sharpe.py (1.7s)
[44/371] PASS  debug\_verify_bug_d62_sharpe_convention.py (0.7s)
[45/371] PASS  debug\_verify_bug_d61_window_alignment.py (1.9s)
[46/371] PASS  debug\_verify_build_bug_verdicts.py (0.7s)
[47/371] PASS  debug\_verify_build_comparison_arm_pairs.py (0.7s)
[48/371] PASS  debug\_verify_bug_d95_persistence_fix.py (3.0s)
[49/371] PASS  debug\_verify_build_readonly_gate.py (0.2s)
[50/371] PASS  debug\_verify_calendar_no_weekend_rows.py (0.8s)
[51/371] PASS  debug\_verify_build_log_prices_bounded.py (2.9s)
[52/371] PASS  debug\_verify_capital_constraint_luck_check.py (0.7s)
[53/371] PASS  debug\_verify_capital_size_sweep.py (0.7s)
[54/371] PASS  debug\_verify_cf_carver_causal_scale_fix.py (0.2s)
[55/371] PASS  debug\_verify_check_cachyos_parity.py (0.2s)
[56/371] PASS  debug\_verify_chunked_pearson_candidate_pairs.py (3.6s)
[57/371] PASS  debug\_verify_chunked_pearson_matrix.py (4.4s)
[58/371] PASS  debug\_verify_churn_fix_arms.py (2.1s)
[59/371] PASS  debug\_verify_clean_mask_gapflag_semantics_fix.py (3.5s)
[60/371] PASS  debug\_verify_calendar_padding_bound.py (16.5s)
[61/371] PASS  debug\_verify_clean_pool_identity_pairs.py (0.9s)
[62/371] PASS  debug\_verify_cleaner_no_cache_ffill.py (1.9s)
[63/371] PASS  debug\_verify_coint_decay_rate_signal_test.py (1.7s)
[64/371] PASS  debug\_verify_coint_frac_nan_status.py (2.9s)
[65/371] PASS  debug\_verify_coint_frac_override.py (3.0s)
[66/371] PASS  debug\_verify_coint_strength_bar_system.py (0.7s)
[67/371] PASS  debug\_verify_coint_frac_window_grid.py (3.1s)
[68/371] PASS  debug\_verify_cointegration_regime_segmentation.py (0.7s)
[69/371] PASS  debug\_verify_comparison_arm_scaffold.py (0.7s)
[70/371] PASS  debug\_verify_coint_strength_series_builder.py (4.3s)
[71/371] PASS  debug\_verify_confidence_score_allocation.py (0.7s)
[72/371] PASS  debug\_verify_compute_metrics_sharpe_annualization_fix.py (1.9s)
[73/371] PASS  debug\_verify_config_drift_guard.py (0.8s)
[74/371] PASS  debug\_verify_conformal_predictor.py (1.9s)
[75/371] PASS  debug\_verify_confirmatory_cointegration_check.py (3.0s)
[76/371] PASS  debug\_verify_correlation_transition_detector.py (0.8s)
[77/371] PASS  debug\_verify_copula_pairs.py (2.3s)
[78/371] PASS  debug\_verify_crisis_regime_cluster_bootstrap_test.py (0.9s)
[79/371] PASS  debug\_verify_crisis_regime_concentration_significance_test.py (1.9s)
[80/371] PASS  debug\_verify_crisis_regime_correlation_diagnostic.py (3.9s)
[81/371] PASS  debug\_verify_cot_contract_history.py (8.2s)
[82/371] PASS  debug\_verify_crisis_regime_episode_clustering_check.py (0.7s)
[83/371] PASS  debug\_verify_crisis_regime_same_sector_test.py (1.7s)
[84/371] PASS  debug\_verify_cross_session_leadlag.py (1.8s)
[85/371] PASS  debug\_verify_cross_listing_lead_lag.py (3.1s)
[86/371] PASS  debug\_verify_cross_tf_break_divergence.py (3.1s)
[87/371] PASS  debug\_verify_cross_tf_lead_lag_scan.py (3.3s)
[88/371] PASS  debug\_verify_crsp_volume_split_adjustment.py (0.7s)
[89/371] PASS  debug\_verify_cross_timeframe_cointegration.py (3.2s)
[90/371] PASS  debug\_verify_cvar.py (2.9s)
[91/371] PASS  debug\_verify_d18_arm_comparison.py (0.9s)
[92/371] PASS  debug\_verify_daily_incremental_refresh.py (1.5s)
[93/371] PASS  debug\_verify_cycle_detection.py (3.9s)
[94/371] PASS  debug\_verify_data_contamination_scan.py (0.9s)
[95/371] PASS  debug\_verify_data_finra.py (0.8s)
[96/371] PASS  debug\_verify_data_crypto_binance.py (1.5s)
[97/371] PASS  debug\_verify_data_sec_edgar.py (0.8s)
[98/371] PASS  debug\_verify_data_no_silent_handlers.py (1.5s)
[99/371] PASS  debug\_verify_dcc_garch_pymgarch_comparison.py (2.7s)
[100/371] PASS  debug\_verify_dd_cache_anomaly_fix.py (1.7s)
[101/371] PASS  debug\_verify_dd_hub_asymmetric_drop_fix.py (0.8s)
[102/371] PASS  debug\_verify_dd_hub_effective_bets.py (1.5s)
[103/371] PASS  debug\_verify_dead_constants_comparison_arms.py (2.0s)
[104/371] PASS  debug\_verify_decay_proxy.py (0.8s)
[105/371] PASS  debug\_verify_decay_rate_at_entry_diagnostic.py (3.3s)
[106/371] PASS  debug\_verify_decay_rate_signals.py (3.1s)
[107/371] PASS  debug\_verify_decay_rate_sizing.py (1.9s)
[108/371] PASS  debug\_verify_decoupling_analysis.py (2.6s)
[109/371] PASS  debug\_verify_decoupling_meta_analysis.py (1.9s)
[110/371] PASS  debug\_verify_dedupe_identical_series.py (1.1s)
[111/371] PASS  debug\_verify_deep_history_enrich.py (6.9s)
[112/371] PASS  debug\_verify_deflated_sharpe.py (1.8s)
[113/371] PASS  debug\_verify_degenerate_column_audit.py (1.0s)
[114/371] PASS  debug\_verify_delisting_registry.py (1.7s)
[115/371] PASS  debug\_verify_distribution_fits.py (62.9s)
[116/371] PASS  debug\_verify_diversification_basket_test.py (0.9s)
[117/371] PASS  debug\_verify_earnings.py (1.1s)
[118/371] PASS  debug\_verify_earnings_lead_lag_seam_fix.py (3.6s)
[119/371] PASS  debug\_verify_eg_bh_denominator.py (3.3s)
[120/371] PASS  debug\_verify_eg_both_directions_fix.py (10.7s)
[121/371] PASS  debug\_verify_eg_common_index_a1.py (4.2s)
[122/371] PASS  debug\_verify_eg_gap_classification_fix.py (3.3s)
[123/371] PASS  debug\_verify_eg_null_calibration.py (8.2s)
[124/371] PASS  debug\_verify_eg_permutation_mask_consistency_fix.py (3.6s)
[125/371] PASS  debug\_verify_eigendecompose_gpu.py (3.4s)
[126/371] PASS  debug\_verify_eigenvalue_weighted_position_sizing.py (2.2s)
[127/371] PASS  debug\_verify_eligible_from_gate.py (2.2s)
[128/371] PASS  debug\_verify_engine_dollar_default.py (2.0s)
[129/371] PASS  debug\_verify_episodic_checkpoint_order.py (0.1s)
[130/371] PASS  debug\_verify_episodic_duration_degree_usability.py (3.3s)
[131/371] PASS  debug\_verify_episodic_grid_offset.py (3.5s)
[132/371] PASS  debug\_verify_episodic_pairs_adapter.py (24.9s)
[133/371] PASS  debug\_verify_episodic_pit_asof.py (3.4s)
[134/371] PASS  debug\_verify_episodic_resume_guard.py (3.2s)
[135/371] PASS  debug\_verify_data_wrds.py (187.7s)
[136/371] PASS  debug\_verify_episodic_scan_arm_logging.py (3.3s)
[137/371] PASS  debug\_verify_event_study_framework.py (0.7s)
[138/371] PASS  debug\_verify_ewma_zscore_comparison.py (0.8s)
[139/371] PASS  debug\_verify_exchange_aware_session.py (1.5s)
[140/371] PASS  debug\_verify_fama_french_risk_decomposition.py (0.8s)
[141/371] PASS  debug\_verify_exchange_aware_live_fetch.py (6.2s)
[142/371] PASS  debug\_verify_fdr_method_comparison.py (3.6s)
[143/371] PASS  debug\_verify_fdr_threshold_sensitivity.py (3.0s)
[144/371] PASS  debug\_verify_filter_funnel.py (3.0s)
[145/371] PASS  debug\_verify_flat_risk_pct_override.py (0.7s)
[146/371] PASS  debug\_verify_filter_structural_pairs.py (3.2s)
[147/371] PASS  debug\_verify_fresh_holdout_compare.py (0.7s)
[148/371] PASS  debug\_verify_full_crsp_security_master.py (0.7s)
[149/371] PASS  debug\_verify_full_market_label_recency.py (0.8s)
[150/371] PASS  debug\_verify_full_universe_eg_confirmation_overlap_filter.py (0.1s)
[151/371] PASS  debug\_verify_full_us_market_label_map.py (0.8s)
[152/371] PASS  debug\_verify_fundamental_pair_tagger.py (0.8s)
[153/371] PASS  debug\_verify_futures_no_magnitude_roll_adjust.py (1.5s)
[154/371] PASS  debug\_verify_fx_convert.py (0.9s)
[155/371] PASS  debug\_verify_gpu_auto_threshold.py (0.3s)
[156/371] PASS  debug\_verify_gpu_backend_vram_headroom.py (0.2s)
[157/371] PASS  debug\_verify_gpu_batched_eg.py (4.3s)
[158/371] PASS  debug\_verify_grid_bootstrap_ar_ci.py (25.4s)
[159/371] PASS  debug\_verify_grid_phase_robustness.py (0.8s)
[160/371] PASS  debug\_verify_half_life_ar1_off_by_one.py (3.8s)
[161/371] PASS  debug\_verify_half_life_skip_attribution.py (2.2s)
[162/371] PASS  debug\_verify_hedge_blend_test.py (0.8s)
[163/371] PASS  debug\_verify_hierarchical_dsr.py (8.3s)
[164/371] PASS  debug\_verify_hmm_gmm_regime_features.py (10.2s)
[165/371] PASS  debug\_verify_hrp_ledoit_wolf.py (4.3s)
[166/371] PASS  debug\_verify_hrp_weights.py (2.2s)
[167/371] PASS  debug\_verify_hub_weights_override.py (2.1s)
[168/371] PASS  debug\_verify_hurst_rs_gap_increments.py (4.5s)
[169/371] PASS  debug\_verify_ibkr_cache_snapped.py (1.9s)
[170/371] PASS  debug\_verify_follower_direction_validation_walkforward_fix.py (81.3s)
[171/371] PASS  debug\_verify_ibkr_merge_split_reconciliation.py (1.7s)
[172/371] PASS  debug\_verify_ibkr_supplement_derived_tf.py (0.8s)
[173/371] PASS  debug\_verify_ibkr_pagination.py (1.5s)
[174/371] PASS  debug\_verify_index_additions.py (0.8s)
[175/371] PASS  debug\_verify_instrument_labels_no_collision.py (1.6s)
[176/371] PASS  debug\_verify_index_tracking_exclusion.py (3.0s)
[177/371] PASS  debug\_verify_intraday_closed_market_gaps.py (1.4s)
[178/371] PASS  debug\_verify_intraday_config_isolation.py (3.0s)
[179/371] PASS  debug\_verify_intraday_episodic_window_sensitivity.py (6.5s)
[180/371] PASS  debug\_verify_intraday_episodic_scan.py (9.8s)
[181/371] PASS  debug\_verify_intraday_oom_guard_grid.py (1.7s)
[182/371] PASS  debug\_verify_jkp_factor_portfolio_construction.py (0.8s)
[183/371] PASS  debug\_verify_inverse_polarity.py (3.4s)
[184/371] PASS  debug\_verify_jkp_raw_characteristic_regression.py (2.3s)
[185/371] PASS  debug\_verify_jkp_thread_m_driver.py (2.1s)
[186/371] PASS  debug\_verify_johansen_basket_cointegration.py (2.6s)
[187/371] PASS  debug\_verify_johansen_worker_gaps_sig.py (2.9s)
[188/371] PASS  debug\_verify_jump_diffusion_gap_fix.py (1.4s)
[189/371] PASS  debug\_verify_jump_diffusion_fit.py (5.1s)
[190/371] PASS  debug\_verify_k_bahc_candidate_discovery.py (3.5s)
[191/371] PASS  debug\_verify_kalman_slope_intercept.py (3.0s)
[192/371] PASS  debug\_verify_lag_sweep_validation.py (5.8s)
[193/371] PASS  debug\_verify_lead_lag_cointegration_rate.py (3.4s)
[194/371] PASS  debug\_verify_lag_aware_coint_discovery.py (19.7s)
[195/371] PASS  debug\_verify_lead_lag_scan.py (3.4s)
[196/371] PASS  debug\_verify_levy_jump_diffusion.py (3.4s)
[197/371] PASS  debug\_verify_lineage.py (0.5s)
[198/371] PASS  debug\_verify_liquid_bar_mask_sources.py (0.9s)
[199/371] PASS  debug\_verify_liquidity_bar_masking.py (1.0s)
[200/371] PASS  debug\_verify_liquidity_bar_vs_symbol_comparison.py (0.9s)
[201/371] PASS  debug\_verify_liquidity_filter_currency_retry.py (20.9s)
[202/371] PASS  debug\_verify_liquidity_filter_no_fabrication.py (1.6s)
[203/371] PASS  debug\_verify_liquidity_threshold_sensitivity.py (0.9s)
[204/371] PASS  debug\_verify_lit_search_tools.py (0.5s)
[205/371] PASS  debug\_verify_loader_cwd_independent.py (1.1s)
[206/371] PASS  debug\_verify_loader_disjoint_sources.py (1.3s)
[207/371] PASS  debug\_verify_loader_timezones.py (1.2s)
[208/371] PASS  debug\_verify_loader_wrds_total_return.py (1.2s)
[209/371] PASS  debug\_verify_log_price_map_common_index.py (3.8s)
[210/371] PASS  debug\_verify_lstm_attention_architecture.py (20.7s)
[211/371] PASS  debug\_verify_lstm_attention_training.py (34.0s)
[212/371] PASS  debug\_verify_macro_daily_cot_availability.py (1.8s)
[213/371] PASS  debug\_verify_macro_regimes.py (2.4s)
[214/371] PASS  debug\_verify_macro_release_lags.py (1.6s)
[215/371] PASS  debug\_verify_manifest_lock.py (9.7s)
[216/371] PASS  debug\_verify_manifest_pruning.py (4.0s)
[217/371] PASS  debug\_verify_membership_gate.py (3.8s)
[218/371] PASS  debug\_verify_meta_label_capital_sim.py (2.5s)
[219/371] PASS  debug\_verify_min_bars_long_tfs.py (1.8s)
[220/371] PASS  debug\_verify_min_segment_calendar_fix.py (5.9s)
[221/371] PASS  debug\_verify_ml_feature_lag.py (0.9s)
[222/371] PASS  debug\_verify_ml_gate_fail_closed.py (2.1s)
[223/371] PASS  debug\_verify_ml_hedge_ratio_drift_pit.py (0.9s)
[224/371] PASS  debug\_verify_ml_median_imputation_no_leakage.py (0.9s)
[225/371] PASS  debug\_verify_ml_model_comparison.py (2.5s)
[226/371] PASS  debug\_verify_ml_model_comparison_purged.py (1.7s)
[227/371] PASS  debug\_verify_ml_model_history.py (2.0s)
[228/371] PASS  debug\_verify_ml_squeeze_momentum_features.py (0.9s)
[229/371] PASS  debug\_verify_ml_stage2_ablation.py (2.9s)
[230/371] PASS  debug\_verify_ml_threshold_recalibration.py (2.3s)
[231/371] PASS  debug\_verify_multivariate_pit_predictors.py (5.7s)
[232/371] PASS  debug\_verify_multivariate_pit_predictors_gee.py (4.2s)
[233/371] PASS  debug\_verify_near_miss_lag_scan.py (4.4s)
[234/371] PASS  debug\_verify_news_impact_asymmetry.py (2.3s)
[235/371] PASS  debug\_verify_no_private_universe_globs.py (0.2s)
[236/371] PASS  debug\_verify_options_greeks_features.py (2.0s)
[237/371] PASS  debug\_verify_options_greeks_unit.py (2.0s)
[238/371] PASS  debug\_verify_options_load_price_series_wrds_fallback.py (2.1s)
[239/371] PASS  debug\_verify_overlap_threshold_pit_test.py (4.3s)
[240/371] PASS  debug\_verify_overnight_orchestrator_py.py (3.7s)
[241/371] PASS  debug\_verify_lead_lag_permutation_check.py (201.5s)
[242/371] PASS  debug\_verify_pair_result_hedge_gap_mask.py (5.0s)
[243/371] PASS  debug\_verify_pair_characteristics_analyzer.py (19.3s)
[244/371] PASS  debug\_verify_pair_source.py (0.9s)
[245/371] PASS  debug\_verify_paper_claims.py (0.8s)
[246/371] PASS  debug\_verify_paper_magnitude_claims.py (0.8s)
[247/371] PASS  debug\_verify_parameter_sensitivity_screen.py (0.7s)
[248/371] PASS  debug\_verify_pairwise_stats_low_memory.py (3.0s)
[249/371] PASS  debug\_verify_pdr_calmar.py (0.8s)
[250/371] PASS  debug\_verify_period_bars_volume_nan.py (0.7s)
[251/371] PASS  debug\_verify_period_end_stamps.py (1.8s)
[252/371] PASS  debug\_verify_pearson_threshold_sensitivity.py (2.9s)
[253/371] PASS  debug\_verify_pipeline_contracts.py (0.7s)
[254/371] PASS  debug\_verify_persistence_filter.py (3.0s)
[255/371] PASS  debug\_verify_pipeline_end_to_end_synthetic.py (3.0s)
[256/371] PASS  debug\_verify_pit_confidence_weights.py (1.7s)
[257/371] PASS  debug\_verify_pit_index_membership.py (0.8s)
[258/371] PASS  debug\_verify_pit_confirmation_vs_regime_interaction.py (1.7s)
[259/371] PASS  debug\_verify_pit_pair_discovery.py (2.9s)
[260/371] PASS  debug\_verify_pit_pair_row.py (2.9s)
[261/371] PASS  debug\_verify_pit_precision_by_regime_strength.py (2.9s)
[262/371] PASS  debug\_verify_pit_wfa_episodic.py (3.0s)
[263/371] PASS  debug\_verify_pit_wfa_pooled_equity_curve.py (0.7s)
[264/371] PASS  debug\_verify_pit_wfa_trade_bootstrap.py (3.2s)
[265/371] PASS  debug\_verify_pit_wfa.py (10.6s)
[266/371] PASS  debug\_verify_pit_wfa_train_test_boundary.py (3.0s)
[267/371] PASS  debug\_verify_pit_wfa_wrds_daily_merge_and_save.py (3.1s)
[268/371] PASS  debug\_verify_pnl_dollar.py (0.8s)
[269/371] PASS  debug\_verify_pnl_dollar_intraday.py (1.4s)
[270/371] PASS  debug\_verify_pit_wfa_wrds_daily.py (13.1s)
[271/371] PASS  debug\_verify_pooled_equity_fold_window.py (0.8s)
[272/371] PASS  debug\_verify_portfolio_math.py (0.8s)
[273/371] PASS  debug\_verify_portfolio_math_business_days.py (0.8s)
[274/371] PASS  debug\_verify_portfolio_math_risk_metrics.py (1.0s)
[275/371] PASS  debug\_verify_portfolio_sim.py (1.1s)
[276/371] PASS  debug\_verify_portfolio_sim_dollar.py (0.8s)
[277/371] PASS  debug\_verify_portfolio_sim_external_series_fix.py (0.8s)
[278/371] PASS  debug\_verify_pre_commit_verify.py (0.1s)
[279/371] PASS  debug\_verify_predictability_optimizer_gap_fix.py (2.0s)
[280/371] PASS  debug\_verify_predicted_degeneracy_risk.py (4.3s)
[281/371] PASS  debug\_verify_price_target_pairs_overlay.py (2.2s)
[282/371] PASS  debug\_verify_purity_pit_eligibility.py (1.1s)
[283/371] PASS  debug\_verify_reality_check_null.py (16.9s)
[284/371] PASS  debug\_verify_rederive_coarse_volume.py (0.9s)
[285/371] PASS  debug\_verify_regime_age_weights.py (2.0s)
[286/371] PASS  debug\_verify_regime_conditional_adjustment.py (2.3s)
[287/371] PASS  debug\_verify_regime_conditional_entry_gate.py (4.1s)
[288/371] PASS  debug\_verify_regime_lookup_intraday.py (2.1s)
[289/371] PASS  debug\_verify_regime_strength_vs_discovery_regime_test.py (2.2s)
[290/371] PASS  debug\_verify_reimers_trio_correction.py (2.9s)
[291/371] PASS  debug\_verify_repair_coarse_identity.py (1.5s)
[292/371] PASS  debug\_verify_research_screen_flags_fail_loud.py (4.4s)
[293/371] PASS  debug\_verify_residual_correlation_factor_test.py (2.1s)
[294/371] PASS  debug\_verify_return_smoothing_audit.py (1.5s)
[295/371] PASS  debug\_verify_returns_matrix_timestamp_aligned.py (4.7s)
[296/371] PASS  debug\_verify_ridge_hedge_ratio_comparison.py (4.9s)
[297/371] PASS  debug\_verify_risk_neutral_density.py (2.7s)
[298/371] PASS  debug\_verify_rmt_feature_denoising.py (4.3s)
[299/371] PASS  debug\_verify_rolling_adv_comparison.py (0.9s)
[300/371] PASS  debug\_verify_rolling_coint_batched.py (4.6s)
[301/371] PASS  debug\_verify_rough_volatility.py (5.1s)
[302/371] PASS  debug\_verify_run_all_verify.py (1.4s)
[303/371] PASS  debug\_verify_run_storm_grid_sharpe_fix.py (2.1s)
[304/371] PASS  debug\_verify_same_dates_null.py (2.2s)
[305/371] PASS  debug\_verify_save_tf_results_return.py (4.0s)
[306/371] PASS  debug\_verify_scan_guard_direct_callers.py (12.1s)
[307/371] PASS  debug\_verify_scan_price_basis_d18.py (4.3s)
[308/371] PASS  debug\_verify_secondary_evidence_overlap.py (3.7s)
[309/371] PASS  debug\_verify_sector_fdr_random_null_comparison.py (4.5s)
[310/371] PASS  debug\_verify_sector_restricted_fdr_rescan.py (4.2s)
[311/371] PASS  debug\_verify_sensitivity_config_centralization.py (2.1s)
[312/371] PASS  debug\_verify_sequential_bootstrap_ml_comparison.py (1.0s)
[313/371] PASS  debug\_verify_shared_output_atomic_writes.py (3.7s)
[314/371] PASS  debug\_verify_short_term_factor_alpha.py (4.0s)
[315/371] PASS  debug\_verify_snap_timestamps_no_lookahead.py (1.7s)
[316/371] PASS  debug\_verify_sp500_cache_guard.py (1.7s)
[317/371] PASS  debug\_verify_sparse_pair_exclusion.py (6.8s)
[318/371] PASS  debug\_verify_spread_construction_consolidation.py (3.8s)
[319/371] PASS  debug\_verify_sqrt_impact_cost.py (2.2s)
[320/371] PASS  debug\_verify_squeeze_momentum_features.py (4.4s)
[321/371] PASS  debug\_verify_squeeze_momentum_gate_logic.py (0.3s)
[322/371] PASS  debug\_verify_polars_universe_loader.py (193.3s)
[323/371] PASS  debug\_verify_stats_daily_pnl_calendar.py (3.0s)
[324/371] PASS  debug\_verify_stats_tf_dir_map_fix.py (5.1s)
[325/371] PASS  debug\_verify_stats_trade_bootstrap_scale.py (4.9s)
[326/371] PASS  debug\_verify_stop_loss_correlation_caps.py (2.1s)
[327/371] PASS  debug\_verify_strategy_risk_precision.py (0.9s)
[328/371] PASS  debug\_verify_strategy_rule_invariants.py (0.8s)
[329/371] PASS  debug\_verify_strategy_search.py (26.0s)
[330/371] PASS  debug\_verify_strategy_variation_comparison.py (3.6s)
[331/371] PASS  debug\_verify_streaming_checkpoint_results.py (26.4s)
[332/371] PASS  debug\_verify_stress_test_replication.py (3.9s)
[333/371] PASS  debug\_verify_structural_break_onset_detection.py (4.6s)
[334/371] PASS  debug\_verify_survivorship_last_real_bar.py (2.0s)
[335/371] PASS  debug\_verify_svm_gradient_descent_classifier.py (2.3s)
[336/371] PASS  debug\_verify_tail_dependence_universe_screen.py (8.2s)
[337/371] PASS  debug\_verify_threshold_cointegration.py (50.9s)
[338/371] PASS  debug\_verify_squeeze_momentum_signal_validation.py (178.2s)
[339/371] PASS  debug\_verify_threshold_relevance_pit_test.py (3.2s)
[340/371] PASS  debug\_verify_tls_hedge_direction.py (3.0s)
[341/371] PASS  debug\_verify_transfer_entropy_lead_lag.py (5.6s)
[342/371] PASS  debug\_verify_trfd_total_return.py (1.0s)
[343/371] PASS  debug\_verify_trend_dominance_diagnostic.py (8.7s)
[344/371] PASS  debug\_verify_trig_convergence.py (4.3s)
[345/371] PASS  debug\_verify_universe_calendar_align_and_dedup.py (1.0s)
[346/371] PASS  debug\_verify_universe_loader.py (1.0s)
[347/371] PASS  debug\_verify_universe_loader_memo_cache.py (0.9s)
[348/371] PASS  debug\_verify_universe_filter_chunked.py (3.6s)
[349/371] PASS  debug\_verify_universe_loader_memo_code_key.py (1.6s)
[350/371] PASS  debug\_verify_usd_dollar_volume.py (0.8s)
[351/371] PASS  debug\_verify_usd_symbol_fx.py (0.7s)
[352/371] PASS  debug\_verify_var_backtest_calibration.py (1.3s)
[353/371] PASS  debug\_verify_var_sizing_weights.py (1.7s)
[354/371] PASS  debug\_verify_variance_ratio_gap_fix.py (2.4s)
[355/371] PASS  debug\_verify_variance_ratio_test.py (2.3s)
[356/371] PASS  debug\_verify_vol_swap_style_risk_estimate.py (0.7s)
[357/371] PASS  debug\_verify_vol_targeting_causal_median_fix.py (0.6s)
[358/371] PASS  debug\_verify_vix_crisis_hl_robustness_check.py (2.4s)
[359/371] PASS  debug\_verify_wfa_config_consistency.py (0.7s)
[360/371] PASS  debug\_verify_wfa_no_stale_spread.py (0.7s)
[361/371] PASS  debug\_verify_wavelet_hurst.py (3.0s)
[362/371] PASS  debug\_verify_wfa_trade_sharpe.py (1.8s)
[363/371] PASS  debug\_verify_window_sweep_specs.py (2.9s)
[364/371] PASS  debug\_verify_wrds_global_fetch_retry.py (30.9s)
[365/371] PASS  debug\_verify_wrds_lead_lag_scan.py (3.0s)
[366/371] PASS  debug\_verify_wrds_primary_wiring.py (1.6s)
[367/371] PASS  debug\_verify_wrds_priority_over_ibkr.py (0.9s)
[368/371] PASS  debug\_verify_wrds_symbol_canonicalization.py (0.8s)
[369/371] PASS  debug\_verify_wrds_universal_lead_lag_scan.py (3.6s)
[370/371] PASS  debug\_verify_za_breakdate_index.py (1.7s)
[371/371] PASS  debug\_verify_wrds_deep_history_episodic_scan.py (106.1s)

======================================================================
SUMMARY: 371 passed, 0 FAILED, 0 errored (of 371 total, 1142.5s)
======================================================================
