Running 357 verify scripts (timeout=600s, workers=2)...

[1/357] PASS  debug\_verify_absorption_ratio.py (2.9s)
[2/357] PASS  debug\_verify_a2_causal_hedge_arm.py (3.6s)
[3/357] PASS  debug\_verify_adapter_stale_checkpoint_fix.py (3.5s)
[4/357] PASS  debug\_verify_adapter_wrds_first.py (4.0s)
[5/357] PASS  debug\_verify_adv_1day_fallback.py (0.9s)
[6/357] PASS  debug\_verify_adf_confirmatory_tier.py (2.9s)
[7/357] PASS  debug\_verify_align_daily_gap_gate.py (1.6s)
[8/357] PASS  debug\_verify_append_basis_reconcile.py (1.5s)
[9/357] PASS  debug\_verify_append_switch.py (1.7s)
[10/357] PASS  debug\_verify_apply_crsp_volume_adjustment.py (1.0s)
[11/357] PASS  debug\_verify_asset_volatility_profile.py (1.7s)
[12/357] PASS  debug\_verify_backtest_common_holdout.py (2.1s)
[13/357] PASS  debug\_verify_backtest_data_gap_exit.py (1.9s)
[14/357] PASS  debug\_verify_backtest_dollar_pnl_default.py (1.7s)
[15/357] PASS  debug\_verify_backtest_hurst_none_fix.py (0.7s)
[16/357] PASS  debug\_verify_backtest_lookahead_label.py (0.1s)
[17/357] PASS  debug\_verify_backtest_hedge_default.py (1.9s)
[18/357] PASS  debug\_verify_backtest_overfitting_detector.py (1.7s)
[19/357] PASS  debug\_verify_backtest_override_fit_engine.py (1.7s)
[20/357] PASS  debug\_verify_backtest_pnl_cap_scope.py (1.8s)
[21/357] PASS  debug\_verify_backtest_storm_label_fix.py (0.1s)
[22/357] PASS  debug\_verify_backtest_zero_z_filter_fix.py (0.7s)
[23/357] PASS  debug\_verify_backtest_risk_parity_is_only_fit.py (1.7s)
[24/357] PASS  debug\_verify_bayesian_pair_confirmation.py (1.7s)
[25/357] PASS  debug\_verify_beta_weighted_portfolio.py (1.7s)
[26/357] PASS  debug\_verify_bertram_ou_thresholds.py (6.5s)
[27/357] PASS  debug\_verify_bh_fdr_dependence_check.py (3.5s)
[28/357] PASS  debug\_verify_bh_vs_by_full_universe.py (3.0s)
[29/357] PASS  debug\_verify_bh_vs_by_full_universe_1d.py (3.0s)
[30/357] PASS  debug\_verify_big_move_lead_lag.py (2.9s)
[31/357] PASS  debug\_verify_bounded_lookback_primary_screen.py (4.8s)
[32/357] PASS  debug\_verify_bugD100_garch_stop_causal.py (0.7s)
[33/357] PASS  debug\_verify_bugD101_position_sizing_circularity.py (4.0s)
[34/357] PASS  debug\_verify_bugD102_coint_frac_sizing_fold_leakage.py (0.8s)
[35/357] PASS  debug\_verify_bugD103_macro_publication_lag.py (1.6s)
[36/357] PASS  debug\_verify_bugD105_wrds_universe_passed.py (0.1s)
[37/357] PASS  debug\_verify_break_tests_size.py (14.3s)
[38/357] PASS  debug\_verify_bugD99_pit_wfa_hurst_rs.py (5.1s)
[39/357] PASS  debug\_verify_bug_d56_compose.py (1.8s)
[40/357] PASS  debug\_verify_bug_d57_naive_exchange_index.py (1.4s)
[41/357] PASS  debug\_verify_bug_d112_causal_candidacy.py (3.6s)
[42/357] PASS  debug\_verify_bug_d58_survivorship_false_positive.py (1.7s)
[43/357] PASS  debug\_verify_bug_d59_pooled_coint_sharpe.py (1.8s)
[44/357] PASS  debug\_verify_bug_d62_sharpe_convention.py (0.7s)
[45/357] PASS  debug\_verify_bug_d61_window_alignment.py (1.8s)
[46/357] PASS  debug\_verify_build_bug_verdicts.py (0.7s)
[47/357] PASS  debug\_verify_build_comparison_arm_pairs.py (0.7s)
[48/357] PASS  debug\_verify_bug_d95_persistence_fix.py (3.3s)
[49/357] PASS  debug\_verify_build_readonly_gate.py (0.1s)
[50/357] PASS  debug\_verify_calendar_no_weekend_rows.py (0.9s)
[51/357] PASS  debug\_verify_build_log_prices_bounded.py (3.2s)
[52/357] PASS  debug\_verify_capital_constraint_luck_check.py (0.7s)
[53/357] PASS  debug\_verify_capital_size_sweep.py (0.8s)
[54/357] PASS  debug\_verify_cf_carver_causal_scale_fix.py (0.2s)
[55/357] PASS  debug\_verify_check_cachyos_parity.py (0.2s)
[56/357] PASS  debug\_verify_chunked_pearson_candidate_pairs.py (3.4s)
[57/357] PASS  debug\_verify_chunked_pearson_matrix.py (4.3s)
[58/357] PASS  debug\_verify_churn_fix_arms.py (2.0s)
[59/357] PASS  debug\_verify_clean_mask_gapflag_semantics_fix.py (3.6s)
[60/357] PASS  debug\_verify_calendar_padding_bound.py (16.5s)
[61/357] PASS  debug\_verify_clean_pool_identity_pairs.py (1.0s)
[62/357] PASS  debug\_verify_cleaner_no_cache_ffill.py (2.0s)
[63/357] PASS  debug\_verify_coint_decay_rate_signal_test.py (1.7s)
[64/357] PASS  debug\_verify_coint_frac_nan_status.py (3.0s)
[65/357] PASS  debug\_verify_coint_frac_override.py (2.9s)
[66/357] PASS  debug\_verify_coint_strength_bar_system.py (0.7s)
[67/357] PASS  debug\_verify_coint_frac_window_grid.py (3.0s)
[68/357] PASS  debug\_verify_cointegration_regime_segmentation.py (0.7s)
[69/357] PASS  debug\_verify_comparison_arm_scaffold.py (0.7s)
[70/357] PASS  debug\_verify_coint_strength_series_builder.py (4.8s)
[71/357] PASS  debug\_verify_compute_metrics_sharpe_annualization_fix.py (1.9s)
[72/357] PASS  debug\_verify_confidence_score_allocation.py (0.7s)
[73/357] PASS  debug\_verify_config_drift_guard.py (0.7s)
[74/357] PASS  debug\_verify_conformal_predictor.py (2.0s)
[75/357] PASS  debug\_verify_confirmatory_cointegration_check.py (3.1s)
[76/357] PASS  debug\_verify_correlation_transition_detector.py (0.7s)
[77/357] PASS  debug\_verify_copula_pairs.py (2.4s)
[78/357] PASS  debug\_verify_crisis_regime_cluster_bootstrap_test.py (1.0s)
[79/357] PASS  debug\_verify_cot_contract_history.py (3.0s)
[80/357] PASS  debug\_verify_crisis_regime_concentration_significance_test.py (1.8s)
[81/357] PASS  debug\_verify_crisis_regime_episode_clustering_check.py (0.7s)
[82/357] PASS  debug\_verify_crisis_regime_correlation_diagnostic.py (3.2s)
[83/357] PASS  debug\_verify_crisis_regime_same_sector_test.py (1.7s)
[84/357] PASS  debug\_verify_cross_session_leadlag.py (1.9s)
[85/357] PASS  debug\_verify_cross_listing_lead_lag.py (3.3s)
[86/357] PASS  debug\_verify_cross_tf_break_divergence.py (3.2s)
[87/357] PASS  debug\_verify_cross_tf_lead_lag_scan.py (3.6s)
[88/357] PASS  debug\_verify_crsp_volume_split_adjustment.py (0.7s)
[89/357] PASS  debug\_verify_cross_timeframe_cointegration.py (3.4s)
[90/357] PASS  debug\_verify_cvar.py (2.9s)
[91/357] PASS  debug\_verify_d18_arm_comparison.py (0.9s)
[92/357] PASS  debug\_verify_cycle_detection.py (3.9s)
[93/357] PASS  debug\_verify_daily_incremental_refresh.py (1.6s)
[94/357] PASS  debug\_verify_data_contamination_scan.py (0.8s)
[95/357] PASS  debug\_verify_data_crypto_binance.py (1.5s)
[96/357] PASS  debug\_verify_data_finra.py (0.9s)
[97/357] PASS  debug\_verify_data_sec_edgar.py (0.8s)
[98/357] PASS  debug\_verify_data_no_silent_handlers.py (1.5s)
[99/357] PASS  debug\_verify_dcc_garch_pymgarch_comparison.py (2.8s)
[100/357] PASS  debug\_verify_dd_cache_anomaly_fix.py (1.6s)
[101/357] PASS  debug\_verify_dd_hub_asymmetric_drop_fix.py (0.8s)
[102/357] PASS  debug\_verify_dd_hub_effective_bets.py (1.6s)
[103/357] PASS  debug\_verify_dead_constants_comparison_arms.py (2.2s)
[104/357] PASS  debug\_verify_decay_proxy.py (0.8s)
[105/357] PASS  debug\_verify_decay_rate_at_entry_diagnostic.py (3.4s)
[106/357] PASS  debug\_verify_decay_rate_signals.py (3.0s)
[107/357] PASS  debug\_verify_decay_rate_sizing.py (1.9s)
[108/357] PASS  debug\_verify_decoupling_analysis.py (2.6s)
[109/357] PASS  debug\_verify_decoupling_meta_analysis.py (1.8s)
[110/357] PASS  debug\_verify_dedupe_identical_series.py (1.0s)
[111/357] PASS  debug\_verify_deep_history_enrich.py (7.0s)
[112/357] PASS  debug\_verify_deflated_sharpe.py (2.0s)
[113/357] PASS  debug\_verify_degenerate_column_audit.py (1.0s)
[114/357] PASS  debug\_verify_delisting_registry.py (1.8s)
[115/357] PASS  debug\_verify_distribution_fits.py (58.9s)
[116/357] PASS  debug\_verify_diversification_basket_test.py (0.8s)
[117/357] PASS  debug\_verify_earnings.py (1.2s)
[118/357] PASS  debug\_verify_earnings_lead_lag_seam_fix.py (3.2s)
[119/357] PASS  debug\_verify_eg_bh_denominator.py (2.9s)
[120/357] PASS  debug\_verify_eg_both_directions_fix.py (9.9s)
[121/357] PASS  debug\_verify_eg_common_index_a1.py (3.7s)
[122/357] PASS  debug\_verify_eg_gap_classification_fix.py (2.9s)
[123/357] PASS  debug\_verify_eg_null_calibration.py (8.5s)
[124/357] PASS  debug\_verify_eg_permutation_mask_consistency_fix.py (3.3s)
[125/357] PASS  debug\_verify_eigendecompose_gpu.py (3.0s)
[126/357] PASS  debug\_verify_eigenvalue_weighted_position_sizing.py (2.0s)
[127/357] PASS  debug\_verify_eligible_from_gate.py (1.7s)
[128/357] PASS  debug\_verify_episodic_checkpoint_order.py (0.1s)
[129/357] PASS  debug\_verify_episodic_duration_degree_usability.py (3.4s)
[130/357] PASS  debug\_verify_episodic_grid_offset.py (4.0s)
[131/357] PASS  debug\_verify_episodic_pairs_adapter.py (23.6s)
[132/357] PASS  debug\_verify_episodic_pit_asof.py (3.5s)
[133/357] PASS  debug\_verify_episodic_scan_arm_logging.py (3.0s)
[134/357] PASS  debug\_verify_event_study_framework.py (0.7s)
[135/357] PASS  debug\_verify_ewma_zscore_comparison.py (0.8s)
[136/357] PASS  debug\_verify_exchange_aware_live_fetch.py (5.6s)
[137/357] PASS  debug\_verify_data_wrds.py (183.8s)
[138/357] PASS  debug\_verify_exchange_aware_session.py (1.7s)
[139/357] PASS  debug\_verify_fama_french_risk_decomposition.py (0.8s)
[140/357] PASS  debug\_verify_fdr_threshold_sensitivity.py (3.0s)
[141/357] PASS  debug\_verify_fdr_method_comparison.py (3.3s)
[142/357] PASS  debug\_verify_filter_funnel.py (3.0s)
[143/357] PASS  debug\_verify_filter_structural_pairs.py (3.1s)
[144/357] PASS  debug\_verify_flat_risk_pct_override.py (0.8s)
[145/357] PASS  debug\_verify_fresh_holdout_compare.py (0.8s)
[146/357] PASS  debug\_verify_full_crsp_security_master.py (0.7s)
[147/357] PASS  debug\_verify_full_market_label_recency.py (0.7s)
[148/357] PASS  debug\_verify_full_universe_eg_confirmation_overlap_filter.py (0.1s)
[149/357] PASS  debug\_verify_full_us_market_label_map.py (0.7s)
[150/357] PASS  debug\_verify_fundamental_pair_tagger.py (0.8s)
[151/357] PASS  debug\_verify_futures_no_magnitude_roll_adjust.py (1.7s)
[152/357] PASS  debug\_verify_fx_convert.py (0.9s)
[153/357] PASS  debug\_verify_gpu_auto_threshold.py (0.3s)
[154/357] PASS  debug\_verify_gpu_backend_vram_headroom.py (0.2s)
[155/357] PASS  debug\_verify_gpu_batched_eg.py (4.2s)
[156/357] PASS  debug\_verify_grid_bootstrap_ar_ci.py (25.9s)
[157/357] PASS  debug\_verify_grid_phase_robustness.py (0.8s)
[158/357] PASS  debug\_verify_half_life_ar1_off_by_one.py (3.8s)
[159/357] PASS  debug\_verify_half_life_skip_attribution.py (1.9s)
[160/357] PASS  debug\_verify_hedge_blend_test.py (0.8s)
[161/357] PASS  debug\_verify_hierarchical_dsr.py (2.0s)
[162/357] PASS  debug\_verify_hmm_gmm_regime_features.py (11.4s)
[163/357] PASS  debug\_verify_hrp_ledoit_wolf.py (4.1s)
[164/357] PASS  debug\_verify_hrp_weights.py (2.0s)
[165/357] PASS  debug\_verify_hub_weights_override.py (2.0s)
[166/357] PASS  debug\_verify_ibkr_cache_snapped.py (1.8s)
[167/357] PASS  debug\_verify_ibkr_merge_split_reconciliation.py (1.5s)
[168/357] PASS  debug\_verify_ibkr_pagination.py (1.5s)
[169/357] PASS  debug\_verify_ibkr_supplement_derived_tf.py (1.0s)
[170/357] PASS  debug\_verify_index_additions.py (0.9s)
[171/357] PASS  debug\_verify_index_tracking_exclusion.py (6.5s)
[172/357] PASS  debug\_verify_follower_direction_validation_walkforward_fix.py (79.9s)
[173/357] PASS  debug\_verify_intraday_closed_market_gaps.py (1.5s)
[174/357] PASS  debug\_verify_instrument_labels_no_collision.py (3.9s)
[175/357] PASS  debug\_verify_intraday_episodic_window_sensitivity.py (6.8s)
[176/357] PASS  debug\_verify_intraday_episodic_scan.py (10.5s)
[177/357] PASS  debug\_verify_intraday_oom_guard_grid.py (2.0s)
[178/357] PASS  debug\_verify_jkp_factor_portfolio_construction.py (1.0s)
[179/357] PASS  debug\_verify_jkp_raw_characteristic_regression.py (4.5s)
[180/357] PASS  debug\_verify_inverse_polarity.py (6.6s)
[181/357] PASS  debug\_verify_jkp_thread_m_driver.py (3.1s)
[182/357] PASS  debug\_verify_johansen_basket_cointegration.py (2.8s)
[183/357] PASS  debug\_verify_jump_diffusion_gap_fix.py (1.4s)
[184/357] PASS  debug\_verify_k_bahc_candidate_discovery.py (3.0s)
[185/357] PASS  debug\_verify_jump_diffusion_fit.py (5.2s)
[186/357] PASS  debug\_verify_kalman_slope_intercept.py (3.2s)
[187/357] PASS  debug\_verify_lag_sweep_validation.py (5.4s)
[188/357] PASS  debug\_verify_lead_lag_cointegration_rate.py (2.9s)
[189/357] PASS  debug\_verify_lag_aware_coint_discovery.py (19.3s)
[190/357] PASS  debug\_verify_lead_lag_scan.py (4.0s)
[191/357] PASS  debug\_verify_levy_jump_diffusion.py (3.8s)
[192/357] PASS  debug\_verify_lineage.py (0.5s)
[193/357] PASS  debug\_verify_liquid_bar_mask_sources.py (1.1s)
[194/357] PASS  debug\_verify_liquidity_bar_masking.py (1.0s)
[195/357] PASS  debug\_verify_liquidity_bar_vs_symbol_comparison.py (0.9s)
[196/357] PASS  debug\_verify_liquidity_filter_currency_retry.py (20.9s)
[197/357] PASS  debug\_verify_liquidity_filter_no_fabrication.py (1.7s)
[198/357] PASS  debug\_verify_liquidity_threshold_sensitivity.py (0.8s)
[199/357] PASS  debug\_verify_lit_search_tools.py (0.5s)
[200/357] PASS  debug\_verify_loader_cwd_independent.py (1.1s)
[201/357] PASS  debug\_verify_loader_disjoint_sources.py (1.2s)
[202/357] PASS  debug\_verify_loader_timezones.py (7.3s)
[203/357] PASS  debug\_verify_loader_wrds_total_return.py (1.0s)
[204/357] PASS  debug\_verify_lstm_attention_architecture.py (23.6s)
[205/357] PASS  debug\_verify_lstm_attention_training.py (34.3s)
[206/357] PASS  debug\_verify_macro_daily_cot_availability.py (1.7s)
[207/357] PASS  debug\_verify_macro_regimes.py (12.0s)
[208/357] PASS  debug\_verify_macro_release_lags.py (1.7s)
[209/357] PASS  debug\_verify_manifest_lock.py (10.0s)
[210/357] PASS  debug\_verify_manifest_pruning.py (4.0s)
[211/357] PASS  debug\_verify_membership_gate.py (3.8s)
[212/357] PASS  debug\_verify_meta_label_capital_sim.py (2.5s)
[213/357] PASS  debug\_verify_min_bars_long_tfs.py (1.7s)
[214/357] PASS  debug\_verify_min_segment_calendar_fix.py (6.5s)
[215/357] PASS  debug\_verify_ml_feature_lag.py (0.8s)
[216/357] PASS  debug\_verify_ml_gate_fail_closed.py (2.0s)
[217/357] PASS  debug\_verify_ml_hedge_ratio_drift_pit.py (0.8s)
[218/357] PASS  debug\_verify_ml_median_imputation_no_leakage.py (0.8s)
[219/357] PASS  debug\_verify_ml_model_comparison.py (2.4s)
[220/357] PASS  debug\_verify_ml_model_comparison_purged.py (2.8s)
[221/357] PASS  debug\_verify_ml_model_history.py (2.0s)
[222/357] PASS  debug\_verify_ml_squeeze_momentum_features.py (0.8s)
[223/357] PASS  debug\_verify_ml_stage2_ablation.py (2.8s)
[224/357] PASS  debug\_verify_ml_threshold_recalibration.py (2.3s)
[225/357] PASS  debug\_verify_multivariate_pit_predictors.py (4.2s)
[226/357] PASS  debug\_verify_multivariate_pit_predictors_gee.py (3.4s)
[227/357] PASS  debug\_verify_near_miss_lag_scan.py (4.6s)
[228/357] PASS  debug\_verify_news_impact_asymmetry.py (2.2s)
[229/357] PASS  debug\_verify_no_private_universe_globs.py (3.3s)
[230/357] PASS  debug\_verify_options_greeks_features.py (1.6s)
[231/357] PASS  debug\_verify_options_greeks_unit.py (1.8s)
[232/357] PASS  debug\_verify_options_load_price_series_wrds_fallback.py (1.8s)
[233/357] PASS  debug\_verify_overlap_threshold_pit_test.py (3.5s)
[234/357] PASS  debug\_verify_lead_lag_permutation_check.py (203.4s)
[235/357] PASS  debug\_verify_overnight_orchestrator_py.py (3.9s)
[236/357] PASS  debug\_verify_pair_result_hedge_gap_mask.py (3.7s)
[237/357] PASS  debug\_verify_pair_source.py (0.8s)
[238/357] PASS  debug\_verify_pairwise_stats_low_memory.py (2.9s)
[239/357] PASS  debug\_verify_paper_claims.py (1.0s)
[240/357] PASS  debug\_verify_paper_magnitude_claims.py (1.0s)
[241/357] PASS  debug\_verify_parameter_sensitivity_screen.py (0.8s)
[242/357] PASS  debug\_verify_pdr_calmar.py (0.9s)
[243/357] PASS  debug\_verify_pearson_threshold_sensitivity.py (3.8s)
[244/357] PASS  debug\_verify_pair_characteristics_analyzer.py (15.6s)
[245/357] PASS  debug\_verify_period_bars_volume_nan.py (0.8s)
[246/357] PASS  debug\_verify_period_end_stamps.py (1.8s)
[247/357] PASS  debug\_verify_pipeline_contracts.py (0.7s)
[248/357] PASS  debug\_verify_persistence_filter.py (3.2s)
[249/357] PASS  debug\_verify_pit_confidence_weights.py (1.8s)
[250/357] PASS  debug\_verify_pipeline_end_to_end_synthetic.py (3.2s)
[251/357] PASS  debug\_verify_pit_index_membership.py (0.8s)
[252/357] PASS  debug\_verify_pit_confirmation_vs_regime_interaction.py (1.8s)
[253/357] PASS  debug\_verify_pit_pair_discovery.py (3.2s)
[254/357] PASS  debug\_verify_pit_precision_by_regime_strength.py (3.2s)
[255/357] PASS  debug\_verify_pit_wfa_episodic.py (3.7s)
[256/357] PASS  debug\_verify_pit_wfa_pooled_equity_curve.py (0.7s)
[257/357] PASS  debug\_verify_pit_wfa_trade_bootstrap.py (3.2s)
[258/357] PASS  debug\_verify_pit_wfa.py (11.5s)
[259/357] PASS  debug\_verify_pit_wfa_wrds_daily_merge_and_save.py (3.1s)
[260/357] PASS  debug\_verify_pnl_dollar.py (0.9s)
[261/357] PASS  debug\_verify_pnl_dollar_intraday.py (1.4s)
[262/357] PASS  debug\_verify_pit_wfa_wrds_daily.py (12.7s)
[263/357] PASS  debug\_verify_portfolio_math.py (0.8s)
[264/357] PASS  debug\_verify_portfolio_math_business_days.py (0.8s)
[265/357] PASS  debug\_verify_portfolio_math_risk_metrics.py (0.9s)
[266/357] PASS  debug\_verify_portfolio_sim.py (0.9s)
[267/357] PASS  debug\_verify_portfolio_sim_dollar.py (0.8s)
[268/357] PASS  debug\_verify_portfolio_sim_external_series_fix.py (0.9s)
[269/357] PASS  debug\_verify_pre_commit_verify.py (0.2s)
[270/357] PASS  debug\_verify_predictability_optimizer_gap_fix.py (2.0s)
[271/357] PASS  debug\_verify_predicted_degeneracy_risk.py (3.8s)
[272/357] PASS  debug\_verify_price_target_pairs_overlay.py (2.0s)
[273/357] PASS  debug\_verify_purity_pit_eligibility.py (1.0s)
[274/357] PASS  debug\_verify_rederive_coarse_volume.py (0.9s)
[275/357] PASS  debug\_verify_regime_age_weights.py (2.0s)
[276/357] PASS  debug\_verify_regime_conditional_adjustment.py (1.8s)
[277/357] PASS  debug\_verify_regime_conditional_entry_gate.py (3.2s)
[278/357] PASS  debug\_verify_regime_lookup_intraday.py (2.3s)
[279/357] PASS  debug\_verify_regime_strength_vs_discovery_regime_test.py (2.1s)
[280/357] PASS  debug\_verify_reimers_trio_correction.py (2.9s)
[281/357] PASS  debug\_verify_repair_coarse_identity.py (1.5s)
[282/357] PASS  debug\_verify_residual_correlation_factor_test.py (2.0s)
[283/357] PASS  debug\_verify_return_smoothing_audit.py (1.2s)
[284/357] PASS  debug\_verify_returns_matrix_timestamp_aligned.py (3.4s)
[285/357] PASS  debug\_verify_ridge_hedge_ratio_comparison.py (4.1s)
[286/357] PASS  debug\_verify_risk_neutral_density.py (2.4s)
[287/357] PASS  debug\_verify_rmt_feature_denoising.py (3.2s)
[288/357] PASS  debug\_verify_rolling_adv_comparison.py (0.9s)
[289/357] PASS  debug\_verify_rolling_coint_batched.py (4.0s)
[290/357] PASS  debug\_verify_rough_volatility.py (4.9s)
[291/357] PASS  debug\_verify_run_all_verify.py (1.4s)
[292/357] PASS  debug\_verify_run_storm_grid_sharpe_fix.py (2.1s)
[293/357] PASS  debug\_verify_same_dates_null.py (2.1s)
[294/357] PASS  debug\_verify_save_tf_results_return.py (4.4s)
[295/357] PASS  debug\_verify_scan_guard_direct_callers.py (13.0s)
[296/357] PASS  debug\_verify_scan_price_basis_d18.py (4.7s)
[297/357] PASS  debug\_verify_secondary_evidence_overlap.py (3.9s)
[298/357] PASS  debug\_verify_sector_fdr_random_null_comparison.py (3.3s)
[299/357] PASS  debug\_verify_sector_restricted_fdr_rescan.py (4.2s)
[300/357] PASS  debug\_verify_sensitivity_config_centralization.py (2.1s)
[301/357] PASS  debug\_verify_sequential_bootstrap_ml_comparison.py (1.2s)
[302/357] PASS  debug\_verify_shared_output_atomic_writes.py (3.2s)
[303/357] PASS  debug\_verify_short_term_factor_alpha.py (3.0s)
[304/357] PASS  debug\_verify_snap_timestamps_no_lookahead.py (1.4s)
[305/357] PASS  debug\_verify_sp500_cache_guard.py (1.6s)
[306/357] PASS  debug\_verify_sparse_pair_exclusion.py (5.1s)
[307/357] PASS  debug\_verify_spread_construction_consolidation.py (3.0s)
[308/357] PASS  debug\_verify_sqrt_impact_cost.py (1.7s)
[309/357] PASS  debug\_verify_squeeze_momentum_features.py (3.5s)
[310/357] PASS  debug\_verify_squeeze_momentum_gate_logic.py (0.2s)
[311/357] PASS  debug\_verify_polars_universe_loader.py (183.3s)
[312/357] PASS  debug\_verify_stats_tf_dir_map_fix.py (5.0s)
[313/357] PASS  debug\_verify_stop_loss_correlation_caps.py (2.0s)
[314/357] PASS  debug\_verify_strategy_risk_precision.py (0.9s)
[315/357] PASS  debug\_verify_strategy_rule_invariants.py (0.8s)
[316/357] PASS  debug\_verify_strategy_search.py (26.7s)
[317/357] PASS  debug\_verify_strategy_variation_comparison.py (3.6s)
[318/357] PASS  debug\_verify_streaming_checkpoint_results.py (27.0s)
[319/357] PASS  debug\_verify_stress_test_replication.py (3.9s)
[320/357] PASS  debug\_verify_structural_break_onset_detection.py (4.6s)
[321/357] PASS  debug\_verify_survivorship_last_real_bar.py (2.0s)
[322/357] PASS  debug\_verify_svm_gradient_descent_classifier.py (2.3s)
[323/357] PASS  debug\_verify_tail_dependence_universe_screen.py (8.3s)
[324/357] PASS  debug\_verify_squeeze_momentum_signal_validation.py (171.3s)
[325/357] PASS  debug\_verify_threshold_relevance_pit_test.py (3.7s)
[326/357] PASS  debug\_verify_tls_hedge_direction.py (3.7s)
[327/357] PASS  debug\_verify_transfer_entropy_lead_lag.py (8.5s)
[328/357] PASS  debug\_verify_threshold_cointegration.py (45.5s)
[329/357] PASS  debug\_verify_trfd_total_return.py (0.7s)
[330/357] PASS  debug\_verify_trig_convergence.py (3.9s)
[331/357] PASS  debug\_verify_universe_calendar_align_and_dedup.py (1.0s)
[332/357] PASS  debug\_verify_trend_dominance_diagnostic.py (10.6s)
[333/357] PASS  debug\_verify_universe_loader.py (1.1s)
[334/357] PASS  debug\_verify_universe_filter_chunked.py (4.3s)
[335/357] PASS  debug\_verify_universe_loader_memo_cache.py (1.1s)
[336/357] PASS  debug\_verify_usd_dollar_volume.py (0.8s)
[337/357] PASS  debug\_verify_usd_symbol_fx.py (0.7s)
[338/357] PASS  debug\_verify_var_backtest_calibration.py (1.3s)
[339/357] PASS  debug\_verify_var_sizing_weights.py (1.9s)
[340/357] PASS  debug\_verify_variance_ratio_gap_fix.py (2.5s)
[341/357] PASS  debug\_verify_variance_ratio_test.py (2.4s)
[342/357] PASS  debug\_verify_vol_swap_style_risk_estimate.py (0.7s)
[343/357] PASS  debug\_verify_vol_targeting_causal_median_fix.py (0.7s)
[344/357] PASS  debug\_verify_vix_crisis_hl_robustness_check.py (2.5s)
[345/357] PASS  debug\_verify_wfa_config_consistency.py (0.7s)
[346/357] PASS  debug\_verify_wfa_no_stale_spread.py (0.8s)
[347/357] PASS  debug\_verify_wavelet_hurst.py (3.1s)
[348/357] PASS  debug\_verify_wfa_trade_sharpe.py (1.8s)
[349/357] PASS  debug\_verify_window_sweep_specs.py (2.9s)
[350/357] PASS  debug\_verify_wrds_global_fetch_retry.py (30.9s)
[351/357] PASS  debug\_verify_wrds_lead_lag_scan.py (3.3s)
[352/357] PASS  debug\_verify_wrds_primary_wiring.py (1.6s)
[353/357] PASS  debug\_verify_wrds_priority_over_ibkr.py (1.0s)
[354/357] PASS  debug\_verify_wrds_symbol_canonicalization.py (0.7s)
[355/357] PASS  debug\_verify_wrds_universal_lead_lag_scan.py (3.5s)
[356/357] PASS  debug\_verify_za_breakdate_index.py (1.8s)
[357/357] PASS  debug\_verify_wrds_deep_history_episodic_scan.py (107.4s)

======================================================================
SUMMARY: 357 passed, 0 FAILED, 0 errored (of 357 total, 1108.4s)
======================================================================
