Running 370 verify scripts (timeout=600s, workers=2)...

[1/370] PASS  debug\_verify_absorption_ratio.py (2.9s)
[2/370] PASS  debug\_verify_a2_causal_hedge_arm.py (3.6s)
[3/370] PASS  debug\_verify_adapter_stale_checkpoint_fix.py (3.5s)
[4/370] PASS  debug\_verify_adapter_wrds_first.py (3.3s)
[5/370] PASS  debug\_verify_adv_1day_fallback.py (0.8s)
[6/370] PASS  debug\_verify_adf_confirmatory_tier.py (2.6s)
[7/370] PASS  debug\_verify_align_daily_gap_gate.py (1.6s)
[8/370] PASS  debug\_verify_append_basis_reconcile.py (1.6s)
[9/370] PASS  debug\_verify_append_switch.py (1.7s)
[10/370] PASS  debug\_verify_apply_crsp_volume_adjustment.py (1.0s)
[11/370] PASS  debug\_verify_asset_volatility_profile.py (1.6s)
[12/370] PASS  debug\_verify_backtest_common_holdout.py (1.9s)
[13/370] PASS  debug\_verify_backtest_data_gap_exit.py (1.8s)
[14/370] PASS  debug\_verify_backtest_dollar_pnl_default.py (1.8s)
[15/370] PASS  debug\_verify_backtest_hurst_none_fix.py (0.7s)
[16/370] PASS  debug\_verify_backtest_lookahead_label.py (0.1s)
[17/370] PASS  debug\_verify_backtest_hedge_default.py (1.8s)
[18/370] PASS  debug\_verify_backtest_overfitting_detector.py (1.8s)
[19/370] PASS  debug\_verify_backtest_override_fit_engine.py (1.7s)
[20/370] PASS  debug\_verify_backtest_risk_parity_is_only_fit.py (1.7s)
[21/370] PASS  debug\_verify_backtest_pnl_cap_scope.py (1.8s)
[22/370] PASS  debug\_verify_backtest_storm_label_fix.py (0.1s)
[23/370] PASS  debug\_verify_backtest_zero_z_filter_fix.py (0.7s)
[24/370] PASS  debug\_verify_bayesian_pair_confirmation.py (1.6s)
[25/370] PASS  debug\_verify_beta_weighted_portfolio.py (1.7s)
[26/370] PASS  debug\_verify_bh_fdr_dependence_check.py (3.3s)
[27/370] PASS  debug\_verify_bertram_ou_thresholds.py (6.6s)
[28/370] PASS  debug\_verify_bh_vs_by_full_universe.py (3.0s)
[29/370] PASS  debug\_verify_bh_vs_by_full_universe_1d.py (3.3s)
[30/370] PASS  debug\_verify_big_move_lead_lag.py (2.9s)
[31/370] PASS  debug\_verify_bounded_lookback_primary_screen.py (3.9s)
[32/370] PASS  debug\_verify_bugD100_garch_stop_causal.py (0.7s)
[33/370] PASS  debug\_verify_bugD101_position_sizing_circularity.py (4.4s)
[34/370] PASS  debug\_verify_bugD102_coint_frac_sizing_fold_leakage.py (0.7s)
[35/370] PASS  debug\_verify_bugD103_macro_publication_lag.py (1.5s)
[36/370] PASS  debug\_verify_bugD105_wrds_universe_passed.py (1.6s)
[37/370] PASS  debug\_verify_break_tests_size.py (14.3s)
[38/370] PASS  debug\_verify_bugD99_pit_wfa_hurst_rs.py (4.6s)
[39/370] PASS  debug\_verify_bug_d56_compose.py (1.8s)
[40/370] PASS  debug\_verify_bug_d112_causal_candidacy.py (3.5s)
[41/370] PASS  debug\_verify_bug_d57_naive_exchange_index.py (1.5s)
[42/370] PASS  debug\_verify_bug_d58_survivorship_false_positive.py (1.7s)
[43/370] PASS  debug\_verify_bug_d59_pooled_coint_sharpe.py (1.8s)
[44/370] PASS  debug\_verify_bug_d62_sharpe_convention.py (0.7s)
[45/370] PASS  debug\_verify_bug_d61_window_alignment.py (1.8s)
[46/370] PASS  debug\_verify_build_bug_verdicts.py (0.7s)
[47/370] PASS  debug\_verify_build_comparison_arm_pairs.py (0.7s)
[48/370] PASS  debug\_verify_bug_d95_persistence_fix.py (3.1s)
[49/370] PASS  debug\_verify_build_readonly_gate.py (0.1s)
[50/370] PASS  debug\_verify_calendar_no_weekend_rows.py (0.9s)
[51/370] PASS  debug\_verify_build_log_prices_bounded.py (3.0s)
[52/370] PASS  debug\_verify_capital_constraint_luck_check.py (0.7s)
[53/370] PASS  debug\_verify_capital_size_sweep.py (0.8s)
[54/370] PASS  debug\_verify_cf_carver_causal_scale_fix.py (0.2s)
[55/370] PASS  debug\_verify_check_cachyos_parity.py (0.2s)
[56/370] PASS  debug\_verify_chunked_pearson_candidate_pairs.py (3.1s)
[57/370] PASS  debug\_verify_chunked_pearson_matrix.py (4.3s)
[58/370] PASS  debug\_verify_churn_fix_arms.py (2.0s)
[59/370] PASS  debug\_verify_clean_mask_gapflag_semantics_fix.py (3.5s)
[60/370] PASS  debug\_verify_clean_pool_identity_pairs.py (1.1s)
[61/370] PASS  debug\_verify_calendar_padding_bound.py (16.7s)
[62/370] PASS  debug\_verify_cleaner_no_cache_ffill.py (2.0s)
[63/370] PASS  debug\_verify_coint_decay_rate_signal_test.py (1.7s)
[64/370] PASS  debug\_verify_coint_frac_nan_status.py (2.9s)
[65/370] PASS  debug\_verify_coint_frac_override.py (3.0s)
[66/370] PASS  debug\_verify_coint_strength_bar_system.py (0.7s)
[67/370] PASS  debug\_verify_coint_frac_window_grid.py (3.0s)
[68/370] PASS  debug\_verify_cointegration_regime_segmentation.py (0.7s)
[69/370] PASS  debug\_verify_comparison_arm_scaffold.py (0.7s)
[70/370] PASS  debug\_verify_coint_strength_series_builder.py (4.5s)
[71/370] PASS  debug\_verify_compute_metrics_sharpe_annualization_fix.py (2.0s)
[72/370] PASS  debug\_verify_confidence_score_allocation.py (0.7s)
[73/370] PASS  debug\_verify_config_drift_guard.py (0.9s)
[74/370] PASS  debug\_verify_conformal_predictor.py (2.0s)
[75/370] PASS  debug\_verify_confirmatory_cointegration_check.py (3.0s)
[76/370] PASS  debug\_verify_correlation_transition_detector.py (0.7s)
[77/370] PASS  debug\_verify_copula_pairs.py (2.4s)
[78/370] PASS  debug\_verify_crisis_regime_cluster_bootstrap_test.py (0.9s)
[79/370] PASS  debug\_verify_cot_contract_history.py (3.6s)
[80/370] PASS  debug\_verify_crisis_regime_concentration_significance_test.py (1.9s)
[81/370] PASS  debug\_verify_crisis_regime_episode_clustering_check.py (0.7s)
[82/370] PASS  debug\_verify_crisis_regime_same_sector_test.py (1.6s)
[83/370] PASS  debug\_verify_crisis_regime_correlation_diagnostic.py (3.0s)
[84/370] PASS  debug\_verify_cross_session_leadlag.py (1.8s)
[85/370] PASS  debug\_verify_cross_listing_lead_lag.py (3.2s)
[86/370] PASS  debug\_verify_cross_tf_break_divergence.py (3.1s)
[87/370] PASS  debug\_verify_cross_tf_lead_lag_scan.py (3.4s)
[88/370] PASS  debug\_verify_crsp_volume_split_adjustment.py (0.7s)
[89/370] PASS  debug\_verify_cross_timeframe_cointegration.py (3.2s)
[90/370] PASS  debug\_verify_cvar.py (2.9s)
[91/370] PASS  debug\_verify_d18_arm_comparison.py (0.9s)
[92/370] PASS  debug\_verify_cycle_detection.py (3.9s)
[93/370] PASS  debug\_verify_daily_incremental_refresh.py (1.6s)
[94/370] PASS  debug\_verify_data_contamination_scan.py (0.8s)
[95/370] PASS  debug\_verify_data_finra.py (0.8s)
[96/370] PASS  debug\_verify_data_crypto_binance.py (1.5s)
[97/370] PASS  debug\_verify_data_sec_edgar.py (0.8s)
[98/370] PASS  debug\_verify_data_no_silent_handlers.py (1.5s)
[99/370] PASS  debug\_verify_dcc_garch_pymgarch_comparison.py (2.9s)
[100/370] PASS  debug\_verify_dd_cache_anomaly_fix.py (1.5s)
[101/370] PASS  debug\_verify_dd_hub_asymmetric_drop_fix.py (0.8s)
[102/370] PASS  debug\_verify_dd_hub_effective_bets.py (1.6s)
[103/370] PASS  debug\_verify_dead_constants_comparison_arms.py (2.0s)
[104/370] PASS  debug\_verify_decay_proxy.py (0.8s)
[105/370] PASS  debug\_verify_decay_rate_at_entry_diagnostic.py (3.6s)
[106/370] PASS  debug\_verify_decay_rate_signals.py (3.4s)
[107/370] PASS  debug\_verify_decay_rate_sizing.py (2.0s)
[108/370] PASS  debug\_verify_decoupling_analysis.py (2.6s)
[109/370] PASS  debug\_verify_decoupling_meta_analysis.py (1.8s)
[110/370] PASS  debug\_verify_dedupe_identical_series.py (1.0s)
[111/370] PASS  debug\_verify_deep_history_enrich.py (7.6s)
[112/370] PASS  debug\_verify_deflated_sharpe.py (1.8s)
[113/370] PASS  debug\_verify_degenerate_column_audit.py (0.9s)
[114/370] PASS  debug\_verify_delisting_registry.py (1.6s)
[115/370] PASS  debug\_verify_distribution_fits.py (64.7s)
[116/370] PASS  debug\_verify_diversification_basket_test.py (0.8s)
[117/370] PASS  debug\_verify_earnings.py (1.4s)
[118/370] PASS  debug\_verify_earnings_lead_lag_seam_fix.py (3.8s)
[119/370] PASS  debug\_verify_eg_bh_denominator.py (3.3s)
[120/370] PASS  debug\_verify_eg_both_directions_fix.py (11.2s)
[121/370] PASS  debug\_verify_eg_common_index_a1.py (4.2s)
[122/370] PASS  debug\_verify_eg_gap_classification_fix.py (3.6s)
[123/370] PASS  debug\_verify_eg_null_calibration.py (9.0s)
[124/370] PASS  debug\_verify_eg_permutation_mask_consistency_fix.py (3.6s)
[125/370] PASS  debug\_verify_eigendecompose_gpu.py (3.4s)
[126/370] PASS  debug\_verify_eigenvalue_weighted_position_sizing.py (2.1s)
[127/370] PASS  debug\_verify_eligible_from_gate.py (2.0s)
[128/370] PASS  debug\_verify_engine_dollar_default.py (2.0s)
[129/370] PASS  debug\_verify_episodic_checkpoint_order.py (0.1s)
[130/370] PASS  debug\_verify_episodic_duration_degree_usability.py (3.5s)
[131/370] PASS  debug\_verify_episodic_grid_offset.py (3.9s)
[132/370] PASS  debug\_verify_episodic_pairs_adapter.py (25.7s)
[133/370] PASS  debug\_verify_episodic_pit_asof.py (3.2s)
[134/370] PASS  debug\_verify_episodic_resume_guard.py (3.4s)
[135/370] PASS  debug\_verify_episodic_scan_arm_logging.py (3.3s)
[136/370] PASS  debug\_verify_event_study_framework.py (0.7s)
[137/370] PASS  debug\_verify_ewma_zscore_comparison.py (0.8s)
[138/370] PASS  debug\_verify_exchange_aware_live_fetch.py (7.9s)
[139/370] PASS  debug\_verify_exchange_aware_session.py (1.6s)
[140/370] PASS  debug\_verify_fama_french_risk_decomposition.py (0.8s)
[141/370] PASS  debug\_verify_fdr_method_comparison.py (4.2s)
[142/370] PASS  debug\_verify_fdr_threshold_sensitivity.py (3.8s)
[143/370] PASS  debug\_verify_filter_funnel.py (3.5s)
[144/370] PASS  debug\_verify_filter_structural_pairs.py (3.7s)
[145/370] PASS  debug\_verify_flat_risk_pct_override.py (0.9s)
[146/370] PASS  debug\_verify_data_wrds.py (224.1s)
[147/370] PASS  debug\_verify_fresh_holdout_compare.py (0.7s)
[148/370] PASS  debug\_verify_full_crsp_security_master.py (0.7s)
[149/370] PASS  debug\_verify_full_market_label_recency.py (0.8s)
[150/370] PASS  debug\_verify_full_universe_eg_confirmation_overlap_filter.py (0.1s)
[151/370] PASS  debug\_verify_full_us_market_label_map.py (0.8s)
[152/370] PASS  debug\_verify_fundamental_pair_tagger.py (0.8s)
[153/370] PASS  debug\_verify_futures_no_magnitude_roll_adjust.py (1.5s)
[154/370] PASS  debug\_verify_fx_convert.py (0.8s)
[155/370] PASS  debug\_verify_gpu_auto_threshold.py (0.3s)
[156/370] PASS  debug\_verify_gpu_backend_vram_headroom.py (0.2s)
[157/370] PASS  debug\_verify_gpu_batched_eg.py (3.5s)
[158/370] PASS  debug\_verify_grid_bootstrap_ar_ci.py (25.8s)
[159/370] PASS  debug\_verify_grid_phase_robustness.py (0.8s)
[160/370] PASS  debug\_verify_half_life_ar1_off_by_one.py (3.4s)
[161/370] PASS  debug\_verify_half_life_skip_attribution.py (1.9s)
[162/370] PASS  debug\_verify_hedge_blend_test.py (0.8s)
[163/370] PASS  debug\_verify_hierarchical_dsr.py (1.9s)
[164/370] PASS  debug\_verify_hmm_gmm_regime_features.py (10.4s)
[165/370] PASS  debug\_verify_hrp_ledoit_wolf.py (3.9s)
[166/370] PASS  debug\_verify_hrp_weights.py (1.9s)
[167/370] PASS  debug\_verify_hub_weights_override.py (1.8s)
[168/370] PASS  debug\_verify_ibkr_cache_snapped.py (1.8s)
[169/370] PASS  debug\_verify_ibkr_merge_split_reconciliation.py (1.5s)
[170/370] PASS  debug\_verify_ibkr_pagination.py (1.5s)
[171/370] PASS  debug\_verify_ibkr_supplement_derived_tf.py (0.9s)
[172/370] PASS  debug\_verify_index_additions.py (0.9s)
[173/370] PASS  debug\_verify_index_tracking_exclusion.py (3.2s)
[174/370] PASS  debug\_verify_instrument_labels_no_collision.py (1.7s)
[175/370] PASS  debug\_verify_intraday_closed_market_gaps.py (1.5s)
[176/370] PASS  debug\_verify_follower_direction_validation_walkforward_fix.py (80.7s)
[177/370] PASS  debug\_verify_intraday_config_isolation.py (3.3s)
[178/370] PASS  debug\_verify_intraday_episodic_window_sensitivity.py (6.9s)
[179/370] PASS  debug\_verify_intraday_oom_guard_grid.py (1.6s)
[180/370] PASS  debug\_verify_intraday_episodic_scan.py (9.8s)
[181/370] PASS  debug\_verify_jkp_factor_portfolio_construction.py (0.8s)
[182/370] PASS  debug\_verify_inverse_polarity.py (3.3s)
[183/370] PASS  debug\_verify_jkp_raw_characteristic_regression.py (2.4s)
[184/370] PASS  debug\_verify_jkp_thread_m_driver.py (2.1s)
[185/370] PASS  debug\_verify_johansen_basket_cointegration.py (2.5s)
[186/370] PASS  debug\_verify_johansen_worker_gaps_sig.py (2.9s)
[187/370] PASS  debug\_verify_jump_diffusion_gap_fix.py (1.4s)
[188/370] PASS  debug\_verify_jump_diffusion_fit.py (5.1s)
[189/370] PASS  debug\_verify_k_bahc_candidate_discovery.py (3.0s)
[190/370] PASS  debug\_verify_kalman_slope_intercept.py (2.9s)
[191/370] PASS  debug\_verify_lag_sweep_validation.py (6.1s)
[192/370] PASS  debug\_verify_lead_lag_cointegration_rate.py (3.8s)
[193/370] PASS  debug\_verify_lag_aware_coint_discovery.py (19.6s)
[194/370] PASS  debug\_verify_lead_lag_scan.py (3.7s)
[195/370] PASS  debug\_verify_levy_jump_diffusion.py (3.5s)
[196/370] PASS  debug\_verify_lineage.py (0.4s)
[197/370] PASS  debug\_verify_liquid_bar_mask_sources.py (0.9s)
[198/370] PASS  debug\_verify_liquidity_bar_masking.py (1.0s)
[199/370] PASS  debug\_verify_liquidity_bar_vs_symbol_comparison.py (0.9s)
[200/370] PASS  debug\_verify_liquidity_filter_currency_retry.py (20.9s)
[201/370] PASS  debug\_verify_liquidity_filter_no_fabrication.py (1.5s)
[202/370] PASS  debug\_verify_liquidity_threshold_sensitivity.py (0.8s)
[203/370] PASS  debug\_verify_lit_search_tools.py (0.5s)
[204/370] PASS  debug\_verify_loader_cwd_independent.py (1.1s)
[205/370] PASS  debug\_verify_loader_disjoint_sources.py (1.2s)
[206/370] PASS  debug\_verify_loader_timezones.py (1.0s)
[207/370] PASS  debug\_verify_loader_wrds_total_return.py (1.1s)
[208/370] PASS  debug\_verify_log_price_map_common_index.py (3.1s)
[209/370] PASS  debug\_verify_lstm_attention_architecture.py (20.1s)
[210/370] PASS  debug\_verify_lstm_attention_training.py (33.6s)
[211/370] PASS  debug\_verify_macro_daily_cot_availability.py (1.6s)
[212/370] PASS  debug\_verify_macro_regimes.py (2.3s)
[213/370] PASS  debug\_verify_macro_release_lags.py (1.7s)
[214/370] PASS  debug\_verify_manifest_lock.py (9.6s)
[215/370] PASS  debug\_verify_manifest_pruning.py (4.0s)
[216/370] PASS  debug\_verify_membership_gate.py (3.8s)
[217/370] PASS  debug\_verify_meta_label_capital_sim.py (9.1s)
[218/370] PASS  debug\_verify_min_bars_long_tfs.py (1.7s)
[219/370] PASS  debug\_verify_min_segment_calendar_fix.py (6.4s)
[220/370] PASS  debug\_verify_ml_feature_lag.py (0.9s)
[221/370] PASS  debug\_verify_ml_gate_fail_closed.py (2.1s)
[222/370] PASS  debug\_verify_ml_hedge_ratio_drift_pit.py (0.9s)
[223/370] PASS  debug\_verify_ml_median_imputation_no_leakage.py (0.8s)
[224/370] PASS  debug\_verify_ml_model_comparison.py (2.5s)
[225/370] PASS  debug\_verify_ml_model_comparison_purged.py (9.6s)
[226/370] PASS  debug\_verify_ml_model_history.py (2.0s)
[227/370] PASS  debug\_verify_ml_squeeze_momentum_features.py (0.9s)
[228/370] PASS  debug\_verify_ml_stage2_ablation.py (2.6s)
[229/370] PASS  debug\_verify_ml_threshold_recalibration.py (2.3s)
[230/370] PASS  debug\_verify_multivariate_pit_predictors.py (5.6s)
[231/370] PASS  debug\_verify_multivariate_pit_predictors_gee.py (4.5s)
[232/370] PASS  debug\_verify_near_miss_lag_scan.py (4.1s)
[233/370] PASS  debug\_verify_news_impact_asymmetry.py (2.3s)
[234/370] PASS  debug\_verify_no_private_universe_globs.py (0.2s)
[235/370] PASS  debug\_verify_options_greeks_features.py (1.9s)
[236/370] PASS  debug\_verify_options_greeks_unit.py (2.0s)
[237/370] PASS  debug\_verify_options_load_price_series_wrds_fallback.py (2.0s)
[238/370] PASS  debug\_verify_overlap_threshold_pit_test.py (4.0s)
[239/370] PASS  debug\_verify_overnight_orchestrator_py.py (3.7s)
[240/370] PASS  debug\_verify_lead_lag_permutation_check.py (203.1s)
[241/370] PASS  debug\_verify_pair_result_hedge_gap_mask.py (5.3s)
[242/370] PASS  debug\_verify_pair_source.py (0.9s)
[243/370] PASS  debug\_verify_pairwise_stats_low_memory.py (3.6s)
[244/370] PASS  debug\_verify_paper_claims.py (0.9s)
[245/370] PASS  debug\_verify_paper_magnitude_claims.py (0.9s)
[246/370] PASS  debug\_verify_parameter_sensitivity_screen.py (0.8s)
[247/370] PASS  debug\_verify_pair_characteristics_analyzer.py (17.7s)
[248/370] PASS  debug\_verify_pdr_calmar.py (0.8s)
[249/370] PASS  debug\_verify_period_bars_volume_nan.py (0.7s)
[250/370] PASS  debug\_verify_period_end_stamps.py (1.8s)
[251/370] PASS  debug\_verify_pearson_threshold_sensitivity.py (2.9s)
[252/370] PASS  debug\_verify_pipeline_contracts.py (0.7s)
[253/370] PASS  debug\_verify_persistence_filter.py (3.0s)
[254/370] PASS  debug\_verify_pipeline_end_to_end_synthetic.py (3.0s)
[255/370] PASS  debug\_verify_pit_confidence_weights.py (1.7s)
[256/370] PASS  debug\_verify_pit_index_membership.py (0.8s)
[257/370] PASS  debug\_verify_pit_confirmation_vs_regime_interaction.py (1.7s)
[258/370] PASS  debug\_verify_pit_pair_discovery.py (3.0s)
[259/370] PASS  debug\_verify_pit_pair_row.py (2.9s)
[260/370] PASS  debug\_verify_pit_precision_by_regime_strength.py (2.9s)
[261/370] PASS  debug\_verify_pit_wfa_episodic.py (3.1s)
[262/370] PASS  debug\_verify_pit_wfa_pooled_equity_curve.py (0.7s)
[263/370] PASS  debug\_verify_pit_wfa_trade_bootstrap.py (3.4s)
[264/370] PASS  debug\_verify_pit_wfa.py (10.6s)
[265/370] PASS  debug\_verify_pit_wfa_train_test_boundary.py (3.0s)
[266/370] PASS  debug\_verify_pit_wfa_wrds_daily_merge_and_save.py (3.2s)
[267/370] PASS  debug\_verify_pnl_dollar.py (0.8s)
[268/370] PASS  debug\_verify_pnl_dollar_intraday.py (1.4s)
[269/370] PASS  debug\_verify_pit_wfa_wrds_daily.py (12.7s)
[270/370] PASS  debug\_verify_pooled_equity_fold_window.py (0.8s)
[271/370] PASS  debug\_verify_portfolio_math.py (0.8s)
[272/370] PASS  debug\_verify_portfolio_math_business_days.py (0.8s)
[273/370] PASS  debug\_verify_portfolio_math_risk_metrics.py (0.9s)
[274/370] PASS  debug\_verify_portfolio_sim.py (1.1s)
[275/370] PASS  debug\_verify_portfolio_sim_dollar.py (1.0s)
[276/370] PASS  debug\_verify_portfolio_sim_external_series_fix.py (0.8s)
[277/370] PASS  debug\_verify_pre_commit_verify.py (0.1s)
[278/370] PASS  debug\_verify_predictability_optimizer_gap_fix.py (1.9s)
[279/370] PASS  debug\_verify_predicted_degeneracy_risk.py (4.1s)
[280/370] PASS  debug\_verify_price_target_pairs_overlay.py (2.1s)
[281/370] PASS  debug\_verify_purity_pit_eligibility.py (0.9s)
[282/370] PASS  debug\_verify_reality_check_null.py (16.9s)
[283/370] PASS  debug\_verify_rederive_coarse_volume.py (1.0s)
[284/370] PASS  debug\_verify_regime_age_weights.py (2.2s)
[285/370] PASS  debug\_verify_regime_conditional_adjustment.py (2.1s)
[286/370] PASS  debug\_verify_regime_conditional_entry_gate.py (4.1s)
[287/370] PASS  debug\_verify_regime_lookup_intraday.py (2.1s)
[288/370] PASS  debug\_verify_regime_strength_vs_discovery_regime_test.py (2.0s)
[289/370] PASS  debug\_verify_reimers_trio_correction.py (2.8s)
[290/370] PASS  debug\_verify_repair_coarse_identity.py (1.4s)
[291/370] PASS  debug\_verify_research_screen_flags_fail_loud.py (4.1s)
[292/370] PASS  debug\_verify_residual_correlation_factor_test.py (2.0s)
[293/370] PASS  debug\_verify_return_smoothing_audit.py (1.5s)
[294/370] PASS  debug\_verify_returns_matrix_timestamp_aligned.py (4.0s)
[295/370] PASS  debug\_verify_ridge_hedge_ratio_comparison.py (4.4s)
[296/370] PASS  debug\_verify_risk_neutral_density.py (2.8s)
[297/370] PASS  debug\_verify_rmt_feature_denoising.py (4.6s)
[298/370] PASS  debug\_verify_rolling_adv_comparison.py (1.0s)
[299/370] PASS  debug\_verify_rolling_coint_batched.py (4.9s)
[300/370] PASS  debug\_verify_rough_volatility.py (5.2s)
[301/370] PASS  debug\_verify_run_all_verify.py (1.4s)
[302/370] PASS  debug\_verify_run_storm_grid_sharpe_fix.py (2.4s)
[303/370] PASS  debug\_verify_same_dates_null.py (2.2s)
[304/370] PASS  debug\_verify_save_tf_results_return.py (4.0s)
[305/370] PASS  debug\_verify_scan_guard_direct_callers.py (12.3s)
[306/370] PASS  debug\_verify_scan_price_basis_d18.py (4.3s)
[307/370] PASS  debug\_verify_secondary_evidence_overlap.py (3.9s)
[308/370] PASS  debug\_verify_sector_fdr_random_null_comparison.py (4.5s)
[309/370] PASS  debug\_verify_sector_restricted_fdr_rescan.py (4.2s)
[310/370] PASS  debug\_verify_sensitivity_config_centralization.py (2.1s)
[311/370] PASS  debug\_verify_sequential_bootstrap_ml_comparison.py (1.1s)
[312/370] PASS  debug\_verify_shared_output_atomic_writes.py (3.8s)
[313/370] PASS  debug\_verify_short_term_factor_alpha.py (3.8s)
[314/370] PASS  debug\_verify_snap_timestamps_no_lookahead.py (1.8s)
[315/370] PASS  debug\_verify_sp500_cache_guard.py (1.7s)
[316/370] PASS  debug\_verify_sparse_pair_exclusion.py (6.9s)
[317/370] PASS  debug\_verify_spread_construction_consolidation.py (3.6s)
[318/370] PASS  debug\_verify_sqrt_impact_cost.py (2.0s)
[319/370] PASS  debug\_verify_squeeze_momentum_features.py (4.6s)
[320/370] PASS  debug\_verify_squeeze_momentum_gate_logic.py (0.2s)
[321/370] PASS  debug\_verify_polars_universe_loader.py (192.4s)
[322/370] PASS  debug\_verify_stats_daily_pnl_calendar.py (3.2s)
[323/370] PASS  debug\_verify_stats_tf_dir_map_fix.py (5.0s)
[324/370] PASS  debug\_verify_stats_trade_bootstrap_scale.py (5.0s)
[325/370] PASS  debug\_verify_stop_loss_correlation_caps.py (2.1s)
[326/370] PASS  debug\_verify_strategy_risk_precision.py (0.9s)
[327/370] PASS  debug\_verify_strategy_rule_invariants.py (0.8s)
[328/370] PASS  debug\_verify_strategy_search.py (26.4s)
[329/370] PASS  debug\_verify_strategy_variation_comparison.py (3.7s)
[330/370] PASS  debug\_verify_streaming_checkpoint_results.py (27.1s)
[331/370] PASS  debug\_verify_stress_test_replication.py (3.8s)
[332/370] PASS  debug\_verify_structural_break_onset_detection.py (4.6s)
[333/370] PASS  debug\_verify_survivorship_last_real_bar.py (2.0s)
[334/370] PASS  debug\_verify_svm_gradient_descent_classifier.py (2.4s)
[335/370] PASS  debug\_verify_tail_dependence_universe_screen.py (8.2s)
[336/370] PASS  debug\_verify_threshold_cointegration.py (51.4s)
[337/370] PASS  debug\_verify_squeeze_momentum_signal_validation.py (180.3s)
[338/370] PASS  debug\_verify_threshold_relevance_pit_test.py (3.3s)
[339/370] PASS  debug\_verify_tls_hedge_direction.py (2.9s)
[340/370] PASS  debug\_verify_transfer_entropy_lead_lag.py (6.0s)
[341/370] PASS  debug\_verify_trfd_total_return.py (0.9s)
[342/370] PASS  debug\_verify_trend_dominance_diagnostic.py (9.0s)
[343/370] PASS  debug\_verify_trig_convergence.py (3.8s)
[344/370] PASS  debug\_verify_universe_calendar_align_and_dedup.py (1.0s)
[345/370] PASS  debug\_verify_universe_loader.py (1.0s)
[346/370] PASS  debug\_verify_universe_loader_memo_cache.py (0.9s)
[347/370] PASS  debug\_verify_universe_filter_chunked.py (3.5s)
[348/370] PASS  debug\_verify_universe_loader_memo_code_key.py (1.7s)
[349/370] PASS  debug\_verify_usd_dollar_volume.py (0.8s)
[350/370] PASS  debug\_verify_usd_symbol_fx.py (0.7s)
[351/370] PASS  debug\_verify_var_backtest_calibration.py (1.3s)
[352/370] PASS  debug\_verify_var_sizing_weights.py (1.7s)
[353/370] PASS  debug\_verify_variance_ratio_gap_fix.py (2.3s)
[354/370] PASS  debug\_verify_variance_ratio_test.py (2.4s)
[355/370] PASS  debug\_verify_vol_swap_style_risk_estimate.py (0.7s)
[356/370] PASS  debug\_verify_vol_targeting_causal_median_fix.py (0.7s)
[357/370] PASS  debug\_verify_vix_crisis_hl_robustness_check.py (2.4s)
[358/370] PASS  debug\_verify_wfa_config_consistency.py (0.7s)
[359/370] PASS  debug\_verify_wfa_no_stale_spread.py (0.8s)
[360/370] PASS  debug\_verify_wavelet_hurst.py (3.0s)
[361/370] PASS  debug\_verify_wfa_trade_sharpe.py (1.7s)
[362/370] PASS  debug\_verify_window_sweep_specs.py (3.0s)
[363/370] PASS  debug\_verify_wrds_global_fetch_retry.py (30.9s)
[364/370] PASS  debug\_verify_wrds_lead_lag_scan.py (3.0s)
[365/370] PASS  debug\_verify_wrds_primary_wiring.py (1.6s)
[366/370] PASS  debug\_verify_wrds_priority_over_ibkr.py (0.9s)
[367/370] PASS  debug\_verify_wrds_symbol_canonicalization.py (0.7s)
[368/370] PASS  debug\_verify_wrds_universal_lead_lag_scan.py (3.3s)
[369/370] PASS  debug\_verify_za_breakdate_index.py (1.9s)
[370/370] PASS  debug\_verify_wrds_deep_history_episodic_scan.py (110.2s)

======================================================================
SUMMARY: 370 passed, 0 FAILED, 0 errored (of 370 total, 1168.8s)
======================================================================
