Running 368 verify scripts (timeout=600s, workers=2)...

[1/368] PASS  debug\_verify_absorption_ratio.py (3.0s)
[2/368] PASS  debug\_verify_a2_causal_hedge_arm.py (3.5s)
[3/368] PASS  debug\_verify_adapter_stale_checkpoint_fix.py (3.5s)
[4/368] PASS  debug\_verify_adapter_wrds_first.py (3.3s)
[5/368] PASS  debug\_verify_adv_1day_fallback.py (0.8s)
[6/368] PASS  debug\_verify_adf_confirmatory_tier.py (2.6s)
[7/368] PASS  debug\_verify_align_daily_gap_gate.py (1.6s)
[8/368] PASS  debug\_verify_append_basis_reconcile.py (1.6s)
[9/368] PASS  debug\_verify_append_switch.py (1.6s)
[10/368] PASS  debug\_verify_apply_crsp_volume_adjustment.py (1.0s)
[11/368] PASS  debug\_verify_asset_volatility_profile.py (1.6s)
[12/368] PASS  debug\_verify_backtest_common_holdout.py (1.9s)
[13/368] PASS  debug\_verify_backtest_data_gap_exit.py (1.8s)
[14/368] PASS  debug\_verify_backtest_dollar_pnl_default.py (1.7s)
[15/368] PASS  debug\_verify_backtest_hurst_none_fix.py (0.7s)
[16/368] PASS  debug\_verify_backtest_lookahead_label.py (0.1s)
[17/368] PASS  debug\_verify_backtest_hedge_default.py (1.8s)
[18/368] PASS  debug\_verify_backtest_overfitting_detector.py (1.7s)
[19/368] PASS  debug\_verify_backtest_override_fit_engine.py (1.7s)
[20/368] PASS  debug\_verify_backtest_pnl_cap_scope.py (1.9s)
[21/368] PASS  debug\_verify_backtest_risk_parity_is_only_fit.py (1.8s)
[22/368] PASS  debug\_verify_backtest_storm_label_fix.py (0.1s)
[23/368] PASS  debug\_verify_backtest_zero_z_filter_fix.py (0.7s)
[24/368] PASS  debug\_verify_bayesian_pair_confirmation.py (1.6s)
[25/368] PASS  debug\_verify_beta_weighted_portfolio.py (1.6s)
[26/368] PASS  debug\_verify_bh_fdr_dependence_check.py (3.4s)
[27/368] PASS  debug\_verify_bertram_ou_thresholds.py (6.5s)
[28/368] PASS  debug\_verify_bh_vs_by_full_universe.py (3.2s)
[29/368] PASS  debug\_verify_bh_vs_by_full_universe_1d.py (3.1s)
[30/368] PASS  debug\_verify_big_move_lead_lag.py (2.9s)
[31/368] PASS  debug\_verify_bounded_lookback_primary_screen.py (4.2s)
[32/368] PASS  debug\_verify_bugD100_garch_stop_causal.py (0.7s)
[33/368] PASS  debug\_verify_bugD101_position_sizing_circularity.py (4.3s)
[34/368] PASS  debug\_verify_bugD102_coint_frac_sizing_fold_leakage.py (0.8s)
[35/368] PASS  debug\_verify_bugD103_macro_publication_lag.py (1.6s)
[36/368] PASS  debug\_verify_bugD105_wrds_universe_passed.py (0.1s)
[37/368] PASS  debug\_verify_bugD99_pit_wfa_hurst_rs.py (5.1s)
[38/368] PASS  debug\_verify_break_tests_size.py (14.7s)
[39/368] PASS  debug\_verify_bug_d56_compose.py (1.7s)
[40/368] PASS  debug\_verify_bug_d57_naive_exchange_index.py (1.3s)
[41/368] PASS  debug\_verify_bug_d112_causal_candidacy.py (3.4s)
[42/368] PASS  debug\_verify_bug_d58_survivorship_false_positive.py (1.8s)
[43/368] PASS  debug\_verify_bug_d59_pooled_coint_sharpe.py (1.7s)
[44/368] PASS  debug\_verify_bug_d62_sharpe_convention.py (0.7s)
[45/368] PASS  debug\_verify_bug_d61_window_alignment.py (1.9s)
[46/368] PASS  debug\_verify_build_bug_verdicts.py (0.6s)
[47/368] PASS  debug\_verify_build_comparison_arm_pairs.py (0.7s)
[48/368] PASS  debug\_verify_bug_d95_persistence_fix.py (3.0s)
[49/368] PASS  debug\_verify_build_readonly_gate.py (0.1s)
[50/368] PASS  debug\_verify_calendar_no_weekend_rows.py (0.8s)
[51/368] PASS  debug\_verify_build_log_prices_bounded.py (2.9s)
[52/368] PASS  debug\_verify_capital_constraint_luck_check.py (0.7s)
[53/368] PASS  debug\_verify_capital_size_sweep.py (0.7s)
[54/368] PASS  debug\_verify_cf_carver_causal_scale_fix.py (0.2s)
[55/368] PASS  debug\_verify_check_cachyos_parity.py (0.2s)
[56/368] PASS  debug\_verify_chunked_pearson_candidate_pairs.py (4.1s)
[57/368] PASS  debug\_verify_chunked_pearson_matrix.py (4.4s)
[58/368] PASS  debug\_verify_churn_fix_arms.py (1.9s)
[59/368] PASS  debug\_verify_calendar_padding_bound.py (16.4s)
[60/368] PASS  debug\_verify_clean_mask_gapflag_semantics_fix.py (3.5s)
[61/368] PASS  debug\_verify_clean_pool_identity_pairs.py (1.0s)
[62/368] PASS  debug\_verify_coint_decay_rate_signal_test.py (1.7s)
[63/368] PASS  debug\_verify_cleaner_no_cache_ffill.py (1.9s)
[64/368] PASS  debug\_verify_coint_frac_override.py (2.9s)
[65/368] PASS  debug\_verify_coint_frac_nan_status.py (2.9s)
[66/368] PASS  debug\_verify_coint_strength_bar_system.py (0.7s)
[67/368] PASS  debug\_verify_coint_frac_window_grid.py (3.0s)
[68/368] PASS  debug\_verify_cointegration_regime_segmentation.py (0.7s)
[69/368] PASS  debug\_verify_comparison_arm_scaffold.py (0.7s)
[70/368] PASS  debug\_verify_coint_strength_series_builder.py (4.4s)
[71/368] PASS  debug\_verify_confidence_score_allocation.py (0.7s)
[72/368] PASS  debug\_verify_compute_metrics_sharpe_annualization_fix.py (1.9s)
[73/368] PASS  debug\_verify_config_drift_guard.py (0.7s)
[74/368] PASS  debug\_verify_conformal_predictor.py (2.0s)
[75/368] PASS  debug\_verify_confirmatory_cointegration_check.py (3.0s)
[76/368] PASS  debug\_verify_correlation_transition_detector.py (0.7s)
[77/368] PASS  debug\_verify_copula_pairs.py (2.3s)
[78/368] PASS  debug\_verify_crisis_regime_cluster_bootstrap_test.py (0.9s)
[79/368] PASS  debug\_verify_cot_contract_history.py (2.8s)
[80/368] PASS  debug\_verify_crisis_regime_concentration_significance_test.py (1.8s)
[81/368] PASS  debug\_verify_crisis_regime_episode_clustering_check.py (0.7s)
[82/368] PASS  debug\_verify_crisis_regime_same_sector_test.py (1.6s)
[83/368] PASS  debug\_verify_crisis_regime_correlation_diagnostic.py (3.2s)
[84/368] PASS  debug\_verify_cross_session_leadlag.py (1.7s)
[85/368] PASS  debug\_verify_cross_listing_lead_lag.py (3.4s)
[86/368] PASS  debug\_verify_cross_tf_break_divergence.py (3.2s)
[87/368] PASS  debug\_verify_cross_tf_lead_lag_scan.py (3.4s)
[88/368] PASS  debug\_verify_crsp_volume_split_adjustment.py (0.7s)
[89/368] PASS  debug\_verify_cross_timeframe_cointegration.py (3.2s)
[90/368] PASS  debug\_verify_cvar.py (2.9s)
[91/368] PASS  debug\_verify_d18_arm_comparison.py (0.9s)
[92/368] PASS  debug\_verify_cycle_detection.py (4.0s)
[93/368] PASS  debug\_verify_daily_incremental_refresh.py (1.6s)
[94/368] PASS  debug\_verify_data_contamination_scan.py (0.8s)
[95/368] PASS  debug\_verify_data_finra.py (0.9s)
[96/368] PASS  debug\_verify_data_crypto_binance.py (1.4s)
[97/368] PASS  debug\_verify_data_sec_edgar.py (0.8s)
[98/368] PASS  debug\_verify_data_no_silent_handlers.py (1.6s)
[99/368] PASS  debug\_verify_dcc_garch_pymgarch_comparison.py (2.8s)
[100/368] PASS  debug\_verify_dd_cache_anomaly_fix.py (1.5s)
[101/368] PASS  debug\_verify_dd_hub_asymmetric_drop_fix.py (0.8s)
[102/368] PASS  debug\_verify_dd_hub_effective_bets.py (1.5s)
[103/368] PASS  debug\_verify_dead_constants_comparison_arms.py (1.9s)
[104/368] PASS  debug\_verify_decay_proxy.py (0.9s)
[105/368] PASS  debug\_verify_decay_rate_at_entry_diagnostic.py (3.5s)
[106/368] PASS  debug\_verify_decay_rate_signals.py (3.7s)
[107/368] PASS  debug\_verify_decay_rate_sizing.py (1.9s)
[108/368] PASS  debug\_verify_decoupling_analysis.py (2.5s)
[109/368] PASS  debug\_verify_decoupling_meta_analysis.py (1.9s)
[110/368] PASS  debug\_verify_dedupe_identical_series.py (1.0s)
[111/368] PASS  debug\_verify_deep_history_enrich.py (7.5s)
[112/368] PASS  debug\_verify_deflated_sharpe.py (1.8s)
[113/368] PASS  debug\_verify_degenerate_column_audit.py (0.9s)
[114/368] PASS  debug\_verify_delisting_registry.py (1.7s)
[115/368] PASS  debug\_verify_distribution_fits.py (61.9s)
[116/368] PASS  debug\_verify_diversification_basket_test.py (0.8s)
[117/368] PASS  debug\_verify_earnings.py (1.1s)
[118/368] PASS  debug\_verify_earnings_lead_lag_seam_fix.py (3.6s)
[119/368] PASS  debug\_verify_eg_bh_denominator.py (3.1s)
[120/368] PASS  debug\_verify_eg_both_directions_fix.py (11.6s)
[121/368] PASS  debug\_verify_eg_common_index_a1.py (4.0s)
[122/368] PASS  debug\_verify_eg_gap_classification_fix.py (3.4s)
[123/368] PASS  debug\_verify_eg_null_calibration.py (8.0s)
[124/368] PASS  debug\_verify_eg_permutation_mask_consistency_fix.py (3.6s)
[125/368] PASS  debug\_verify_eigendecompose_gpu.py (3.4s)
[126/368] PASS  debug\_verify_eigenvalue_weighted_position_sizing.py (2.3s)
[127/368] PASS  debug\_verify_eligible_from_gate.py (2.1s)
[128/368] PASS  debug\_verify_episodic_checkpoint_order.py (0.1s)
[129/368] PASS  debug\_verify_episodic_duration_degree_usability.py (3.3s)
[130/368] PASS  debug\_verify_episodic_grid_offset.py (3.2s)
[131/368] PASS  debug\_verify_episodic_pairs_adapter.py (28.4s)
[132/368] PASS  debug\_verify_episodic_pit_asof.py (3.2s)
[133/368] PASS  debug\_verify_episodic_resume_guard.py (3.1s)
[134/368] PASS  debug\_verify_episodic_scan_arm_logging.py (3.3s)
[135/368] PASS  debug\_verify_event_study_framework.py (0.8s)
[136/368] PASS  debug\_verify_ewma_zscore_comparison.py (0.7s)
[137/368] PASS  debug\_verify_exchange_aware_live_fetch.py (6.4s)
[138/368] PASS  debug\_verify_exchange_aware_session.py (1.6s)
[139/368] PASS  debug\_verify_fama_french_risk_decomposition.py (0.8s)
[140/368] PASS  debug\_verify_data_wrds.py (202.3s)
[141/368] PASS  debug\_verify_fdr_method_comparison.py (3.8s)
[142/368] PASS  debug\_verify_fdr_threshold_sensitivity.py (3.1s)
[143/368] PASS  debug\_verify_filter_funnel.py (2.9s)
[144/368] PASS  debug\_verify_flat_risk_pct_override.py (0.7s)
[145/368] PASS  debug\_verify_filter_structural_pairs.py (3.0s)
[146/368] PASS  debug\_verify_fresh_holdout_compare.py (0.7s)
[147/368] PASS  debug\_verify_full_crsp_security_master.py (0.7s)
[148/368] PASS  debug\_verify_full_market_label_recency.py (0.7s)
[149/368] PASS  debug\_verify_full_universe_eg_confirmation_overlap_filter.py (0.1s)
[150/368] PASS  debug\_verify_full_us_market_label_map.py (0.9s)
[151/368] PASS  debug\_verify_fundamental_pair_tagger.py (0.9s)
[152/368] PASS  debug\_verify_futures_no_magnitude_roll_adjust.py (1.7s)
[153/368] PASS  debug\_verify_fx_convert.py (0.9s)
[154/368] PASS  debug\_verify_gpu_auto_threshold.py (0.3s)
[155/368] PASS  debug\_verify_gpu_backend_vram_headroom.py (0.2s)
[156/368] PASS  debug\_verify_gpu_batched_eg.py (4.0s)
[157/368] PASS  debug\_verify_grid_bootstrap_ar_ci.py (26.5s)
[158/368] PASS  debug\_verify_grid_phase_robustness.py (0.8s)
[159/368] PASS  debug\_verify_half_life_ar1_off_by_one.py (3.8s)
[160/368] PASS  debug\_verify_half_life_skip_attribution.py (2.0s)
[161/368] PASS  debug\_verify_hedge_blend_test.py (0.9s)
[162/368] PASS  debug\_verify_hierarchical_dsr.py (2.0s)
[163/368] PASS  debug\_verify_hmm_gmm_regime_features.py (10.7s)
[164/368] PASS  debug\_verify_hrp_ledoit_wolf.py (4.3s)
[165/368] PASS  debug\_verify_hrp_weights.py (2.0s)
[166/368] PASS  debug\_verify_hub_weights_override.py (1.9s)
[167/368] PASS  debug\_verify_ibkr_cache_snapped.py (1.8s)
[168/368] PASS  debug\_verify_ibkr_merge_split_reconciliation.py (1.6s)
[169/368] PASS  debug\_verify_ibkr_pagination.py (1.7s)
[170/368] PASS  debug\_verify_ibkr_supplement_derived_tf.py (1.0s)
[171/368] PASS  debug\_verify_index_additions.py (1.0s)
[172/368] PASS  debug\_verify_index_tracking_exclusion.py (3.8s)
[173/368] PASS  debug\_verify_instrument_labels_no_collision.py (1.7s)
[174/368] PASS  debug\_verify_follower_direction_validation_walkforward_fix.py (80.5s)
[175/368] PASS  debug\_verify_intraday_closed_market_gaps.py (1.6s)
[176/368] PASS  debug\_verify_intraday_config_isolation.py (2.9s)
[177/368] PASS  debug\_verify_intraday_episodic_window_sensitivity.py (6.6s)
[178/368] PASS  debug\_verify_intraday_episodic_scan.py (9.5s)
[179/368] PASS  debug\_verify_intraday_oom_guard_grid.py (1.7s)
[180/368] PASS  debug\_verify_jkp_factor_portfolio_construction.py (0.8s)
[181/368] PASS  debug\_verify_inverse_polarity.py (3.2s)
[182/368] PASS  debug\_verify_jkp_raw_characteristic_regression.py (2.4s)
[183/368] PASS  debug\_verify_jkp_thread_m_driver.py (2.1s)
[184/368] PASS  debug\_verify_johansen_basket_cointegration.py (2.5s)
[185/368] PASS  debug\_verify_johansen_worker_gaps_sig.py (3.0s)
[186/368] PASS  debug\_verify_jump_diffusion_gap_fix.py (1.4s)
[187/368] PASS  debug\_verify_jump_diffusion_fit.py (5.2s)
[188/368] PASS  debug\_verify_k_bahc_candidate_discovery.py (3.0s)
[189/368] PASS  debug\_verify_kalman_slope_intercept.py (2.9s)
[190/368] PASS  debug\_verify_lag_sweep_validation.py (6.0s)
[191/368] PASS  debug\_verify_lead_lag_cointegration_rate.py (3.7s)
[192/368] PASS  debug\_verify_lag_aware_coint_discovery.py (19.4s)
[193/368] PASS  debug\_verify_lead_lag_scan.py (3.8s)
[194/368] PASS  debug\_verify_levy_jump_diffusion.py (4.5s)
[195/368] PASS  debug\_verify_lineage.py (0.5s)
[196/368] PASS  debug\_verify_liquid_bar_mask_sources.py (0.9s)
[197/368] PASS  debug\_verify_liquidity_bar_masking.py (1.0s)
[198/368] PASS  debug\_verify_liquidity_bar_vs_symbol_comparison.py (1.0s)
[199/368] PASS  debug\_verify_liquidity_filter_currency_retry.py (20.9s)
[200/368] PASS  debug\_verify_liquidity_filter_no_fabrication.py (1.6s)
[201/368] PASS  debug\_verify_liquidity_threshold_sensitivity.py (0.9s)
[202/368] PASS  debug\_verify_lit_search_tools.py (0.5s)
[203/368] PASS  debug\_verify_loader_cwd_independent.py (1.2s)
[204/368] PASS  debug\_verify_loader_disjoint_sources.py (1.2s)
[205/368] PASS  debug\_verify_loader_timezones.py (1.1s)
[206/368] PASS  debug\_verify_loader_wrds_total_return.py (1.2s)
[207/368] PASS  debug\_verify_log_price_map_common_index.py (3.9s)
[208/368] PASS  debug\_verify_lstm_attention_architecture.py (20.5s)
[209/368] PASS  debug\_verify_lstm_attention_training.py (33.3s)
[210/368] PASS  debug\_verify_macro_daily_cot_availability.py (1.7s)
[211/368] PASS  debug\_verify_macro_regimes.py (2.3s)
[212/368] PASS  debug\_verify_macro_release_lags.py (1.6s)
[213/368] PASS  debug\_verify_manifest_lock.py (9.7s)
[214/368] PASS  debug\_verify_manifest_pruning.py (4.0s)
[215/368] PASS  debug\_verify_membership_gate.py (8.3s)
[216/368] PASS  debug\_verify_meta_label_capital_sim.py (5.9s)
[217/368] PASS  debug\_verify_min_bars_long_tfs.py (1.8s)
[218/368] PASS  debug\_verify_min_segment_calendar_fix.py (6.5s)
[219/368] PASS  debug\_verify_ml_feature_lag.py (0.9s)
[220/368] PASS  debug\_verify_ml_gate_fail_closed.py (2.2s)
[221/368] PASS  debug\_verify_ml_hedge_ratio_drift_pit.py (0.9s)
[222/368] PASS  debug\_verify_ml_median_imputation_no_leakage.py (0.9s)
[223/368] PASS  debug\_verify_ml_model_comparison.py (2.6s)
[224/368] PASS  debug\_verify_ml_model_comparison_purged.py (3.2s)
[225/368] PASS  debug\_verify_ml_model_history.py (2.0s)
[226/368] PASS  debug\_verify_ml_squeeze_momentum_features.py (0.9s)
[227/368] PASS  debug\_verify_ml_stage2_ablation.py (2.7s)
[228/368] PASS  debug\_verify_ml_threshold_recalibration.py (2.4s)
[229/368] PASS  debug\_verify_multivariate_pit_predictors.py (5.9s)
[230/368] PASS  debug\_verify_multivariate_pit_predictors_gee.py (4.8s)
[231/368] PASS  debug\_verify_near_miss_lag_scan.py (4.5s)
[232/368] PASS  debug\_verify_news_impact_asymmetry.py (2.4s)
[233/368] PASS  debug\_verify_no_private_universe_globs.py (0.2s)
[234/368] PASS  debug\_verify_options_greeks_features.py (2.0s)
[235/368] PASS  debug\_verify_options_greeks_unit.py (7.8s)
[236/368] PASS  debug\_verify_options_load_price_series_wrds_fallback.py (2.2s)
[237/368] PASS  debug\_verify_overlap_threshold_pit_test.py (4.3s)
[238/368] PASS  debug\_verify_lead_lag_permutation_check.py (203.0s)
[239/368] PASS  debug\_verify_overnight_orchestrator_py.py (3.7s)
[240/368] PASS  debug\_verify_pair_result_hedge_gap_mask.py (3.9s)
[241/368] PASS  debug\_verify_pair_source.py (0.9s)
[242/368] PASS  debug\_verify_pairwise_stats_low_memory.py (3.8s)
[243/368] PASS  debug\_verify_paper_claims.py (0.9s)
[244/368] PASS  debug\_verify_paper_magnitude_claims.py (0.9s)
[245/368] PASS  debug\_verify_parameter_sensitivity_screen.py (0.8s)
[246/368] PASS  debug\_verify_pdr_calmar.py (0.9s)
[247/368] PASS  debug\_verify_pair_characteristics_analyzer.py (15.5s)
[248/368] PASS  debug\_verify_pearson_threshold_sensitivity.py (3.7s)
[249/368] PASS  debug\_verify_period_bars_volume_nan.py (0.9s)
[250/368] PASS  debug\_verify_period_end_stamps.py (1.8s)
[251/368] PASS  debug\_verify_pipeline_contracts.py (0.7s)
[252/368] PASS  debug\_verify_persistence_filter.py (3.1s)
[253/368] PASS  debug\_verify_pit_confidence_weights.py (1.7s)
[254/368] PASS  debug\_verify_pipeline_end_to_end_synthetic.py (3.2s)
[255/368] PASS  debug\_verify_pit_index_membership.py (0.8s)
[256/368] PASS  debug\_verify_pit_confirmation_vs_regime_interaction.py (1.8s)
[257/368] PASS  debug\_verify_pit_pair_discovery.py (3.2s)
[258/368] PASS  debug\_verify_pit_pair_row.py (2.9s)
[259/368] PASS  debug\_verify_pit_precision_by_regime_strength.py (2.9s)
[260/368] PASS  debug\_verify_pit_wfa_episodic.py (3.1s)
[261/368] PASS  debug\_verify_pit_wfa_pooled_equity_curve.py (0.7s)
[262/368] PASS  debug\_verify_pit_wfa_trade_bootstrap.py (3.2s)
[263/368] PASS  debug\_verify_pit_wfa.py (10.7s)
[264/368] PASS  debug\_verify_pit_wfa_train_test_boundary.py (3.1s)
[265/368] PASS  debug\_verify_pit_wfa_wrds_daily_merge_and_save.py (3.0s)
[266/368] PASS  debug\_verify_pnl_dollar.py (0.8s)
[267/368] PASS  debug\_verify_pnl_dollar_intraday.py (1.5s)
[268/368] PASS  debug\_verify_pit_wfa_wrds_daily.py (12.9s)
[269/368] PASS  debug\_verify_pooled_equity_fold_window.py (0.8s)
[270/368] PASS  debug\_verify_portfolio_math.py (0.8s)
[271/368] PASS  debug\_verify_portfolio_math_business_days.py (0.8s)
[272/368] PASS  debug\_verify_portfolio_math_risk_metrics.py (1.0s)
[273/368] PASS  debug\_verify_portfolio_sim.py (1.2s)
[274/368] PASS  debug\_verify_portfolio_sim_dollar.py (0.9s)
[275/368] PASS  debug\_verify_portfolio_sim_external_series_fix.py (0.8s)
[276/368] PASS  debug\_verify_pre_commit_verify.py (0.1s)
[277/368] PASS  debug\_verify_predictability_optimizer_gap_fix.py (1.8s)
[278/368] PASS  debug\_verify_predicted_degeneracy_risk.py (3.7s)
[279/368] PASS  debug\_verify_price_target_pairs_overlay.py (2.0s)
[280/368] PASS  debug\_verify_purity_pit_eligibility.py (1.0s)
[281/368] PASS  debug\_verify_reality_check_null.py (17.3s)
[282/368] PASS  debug\_verify_rederive_coarse_volume.py (1.0s)
[283/368] PASS  debug\_verify_regime_age_weights.py (2.2s)
[284/368] PASS  debug\_verify_regime_conditional_adjustment.py (2.1s)
[285/368] PASS  debug\_verify_regime_conditional_entry_gate.py (3.9s)
[286/368] PASS  debug\_verify_regime_lookup_intraday.py (1.9s)
[287/368] PASS  debug\_verify_regime_strength_vs_discovery_regime_test.py (1.9s)
[288/368] PASS  debug\_verify_reimers_trio_correction.py (2.7s)
[289/368] PASS  debug\_verify_repair_coarse_identity.py (1.5s)
[290/368] PASS  debug\_verify_residual_correlation_factor_test.py (2.1s)
[291/368] PASS  debug\_verify_return_smoothing_audit.py (1.5s)
[292/368] PASS  debug\_verify_returns_matrix_timestamp_aligned.py (4.0s)
[293/368] PASS  debug\_verify_ridge_hedge_ratio_comparison.py (4.3s)
[294/368] PASS  debug\_verify_risk_neutral_density.py (2.6s)
[295/368] PASS  debug\_verify_rmt_feature_denoising.py (4.2s)
[296/368] PASS  debug\_verify_rolling_adv_comparison.py (0.9s)
[297/368] PASS  debug\_verify_rolling_coint_batched.py (4.3s)
[298/368] PASS  debug\_verify_rough_volatility.py (4.7s)
[299/368] PASS  debug\_verify_run_all_verify.py (1.4s)
[300/368] PASS  debug\_verify_run_storm_grid_sharpe_fix.py (2.0s)
[301/368] PASS  debug\_verify_same_dates_null.py (2.0s)
[302/368] PASS  debug\_verify_save_tf_results_return.py (4.1s)
[303/368] PASS  debug\_verify_scan_guard_direct_callers.py (12.1s)
[304/368] PASS  debug\_verify_scan_price_basis_d18.py (4.7s)
[305/368] PASS  debug\_verify_secondary_evidence_overlap.py (3.8s)
[306/368] PASS  debug\_verify_sector_fdr_random_null_comparison.py (4.4s)
[307/368] PASS  debug\_verify_sector_restricted_fdr_rescan.py (4.6s)
[308/368] PASS  debug\_verify_sensitivity_config_centralization.py (2.0s)
[309/368] PASS  debug\_verify_sequential_bootstrap_ml_comparison.py (1.1s)
[310/368] PASS  debug\_verify_shared_output_atomic_writes.py (3.8s)
[311/368] PASS  debug\_verify_short_term_factor_alpha.py (3.8s)
[312/368] PASS  debug\_verify_snap_timestamps_no_lookahead.py (1.8s)
[313/368] PASS  debug\_verify_sp500_cache_guard.py (1.6s)
[314/368] PASS  debug\_verify_sparse_pair_exclusion.py (7.0s)
[315/368] PASS  debug\_verify_spread_construction_consolidation.py (4.0s)
[316/368] PASS  debug\_verify_sqrt_impact_cost.py (2.0s)
[317/368] PASS  debug\_verify_squeeze_momentum_features.py (4.7s)
[318/368] PASS  debug\_verify_squeeze_momentum_gate_logic.py (0.2s)
[319/368] PASS  debug\_verify_polars_universe_loader.py (191.6s)
[320/368] PASS  debug\_verify_stats_daily_pnl_calendar.py (3.1s)
[321/368] PASS  debug\_verify_stats_tf_dir_map_fix.py (5.2s)
[322/368] PASS  debug\_verify_stats_trade_bootstrap_scale.py (5.2s)
[323/368] PASS  debug\_verify_stop_loss_correlation_caps.py (2.0s)
[324/368] PASS  debug\_verify_strategy_risk_precision.py (0.9s)
[325/368] PASS  debug\_verify_strategy_rule_invariants.py (0.8s)
[326/368] PASS  debug\_verify_strategy_search.py (26.7s)
[327/368] PASS  debug\_verify_strategy_variation_comparison.py (3.7s)
[328/368] PASS  debug\_verify_streaming_checkpoint_results.py (26.3s)
[329/368] PASS  debug\_verify_stress_test_replication.py (3.9s)
[330/368] PASS  debug\_verify_structural_break_onset_detection.py (4.8s)
[331/368] PASS  debug\_verify_survivorship_last_real_bar.py (2.0s)
[332/368] PASS  debug\_verify_svm_gradient_descent_classifier.py (2.3s)
[333/368] PASS  debug\_verify_tail_dependence_universe_screen.py (8.2s)
[334/368] PASS  debug\_verify_squeeze_momentum_signal_validation.py (181.2s)
[335/368] PASS  debug\_verify_threshold_cointegration.py (50.8s)
[336/368] PASS  debug\_verify_threshold_relevance_pit_test.py (3.3s)
[337/368] PASS  debug\_verify_tls_hedge_direction.py (2.9s)
[338/368] PASS  debug\_verify_transfer_entropy_lead_lag.py (5.8s)
[339/368] PASS  debug\_verify_trfd_total_return.py (0.9s)
[340/368] PASS  debug\_verify_trend_dominance_diagnostic.py (8.3s)
[341/368] PASS  debug\_verify_universe_calendar_align_and_dedup.py (1.0s)
[342/368] PASS  debug\_verify_trig_convergence.py (4.3s)
[343/368] PASS  debug\_verify_universe_loader.py (1.0s)
[344/368] PASS  debug\_verify_universe_loader_memo_cache.py (1.0s)
[345/368] PASS  debug\_verify_universe_loader_memo_code_key.py (1.3s)
[346/368] PASS  debug\_verify_universe_filter_chunked.py (3.6s)
[347/368] PASS  debug\_verify_usd_dollar_volume.py (0.8s)
[348/368] PASS  debug\_verify_usd_symbol_fx.py (0.7s)
[349/368] PASS  debug\_verify_var_backtest_calibration.py (1.3s)
[350/368] PASS  debug\_verify_var_sizing_weights.py (1.7s)
[351/368] PASS  debug\_verify_variance_ratio_gap_fix.py (2.4s)
[352/368] PASS  debug\_verify_variance_ratio_test.py (2.3s)
[353/368] PASS  debug\_verify_vol_swap_style_risk_estimate.py (0.7s)
[354/368] PASS  debug\_verify_vol_targeting_causal_median_fix.py (0.6s)
[355/368] PASS  debug\_verify_vix_crisis_hl_robustness_check.py (2.4s)
[356/368] PASS  debug\_verify_wfa_config_consistency.py (0.7s)
[357/368] PASS  debug\_verify_wfa_no_stale_spread.py (0.7s)
[358/368] PASS  debug\_verify_wavelet_hurst.py (2.9s)
[359/368] PASS  debug\_verify_wfa_trade_sharpe.py (1.7s)
[360/368] PASS  debug\_verify_window_sweep_specs.py (3.1s)
[361/368] PASS  debug\_verify_wrds_global_fetch_retry.py (30.9s)
[362/368] PASS  debug\_verify_wrds_lead_lag_scan.py (3.2s)
[363/368] PASS  debug\_verify_wrds_primary_wiring.py (1.7s)
[364/368] PASS  debug\_verify_wrds_priority_over_ibkr.py (0.9s)
[365/368] PASS  debug\_verify_wrds_symbol_canonicalization.py (0.7s)
[366/368] PASS  debug\_verify_wrds_universal_lead_lag_scan.py (3.5s)
[367/368] PASS  debug\_verify_za_breakdate_index.py (1.9s)
[368/368] PASS  debug\_verify_wrds_deep_history_episodic_scan.py (107.5s)

======================================================================
SUMMARY: 368 passed, 0 FAILED, 0 errored (of 368 total, 1150.1s)
======================================================================
