
======================================================================
  BACKTEST SUMMARY — LAYER1_HOLDOUT_PNLCAP
======================================================================
  Pairs tested: 2
  Total trades: 2
  Total net P&L (spread units): -10.34

  By timeframe (mean):
    n_trades  win_rate  sharpe  total_pnl
tf                                       
4h       1.0       0.0     NaN      -5.17

  OLS vs Kalman:
              n_trades  win_rate  sharpe  total_pnl
hedge_method                                       
kalman             1.0       0.0     NaN      -5.61
ols                1.0       0.0     NaN      -4.73

  Top 10 pairs by net P&L:
tf symbol_a symbol_b hedge_method  n_trades  win_rate  sharpe  total_pnl
4h      PNC     ZION          ols         1       0.0     NaN      -4.73
4h      PNC     ZION       kalman         1       0.0     NaN      -5.61

  Bottom 5 pairs by net P&L:
tf symbol_a symbol_b hedge_method  n_trades  total_pnl
4h      PNC     ZION       kalman         1      -5.61
4h      PNC     ZION          ols         1      -4.73

  Portfolio-level stats:
    n_pairs: 1
    n_trades_total: 2
    total_pnl_portfolio: -10.34
    sharpe_portfolio: nan
    max_drawdown_portfolio: 0.0
    max_concentration_pair: PNC/ZION@4h
    max_concentration_pct: 1.0

  Bias notes (episodic survivorship + hedge lookahead — see docstring):
    Full-series run = IN-SAMPLE. Layer 2 holdout run = OOS.
======================================================================

