
======================================================================
  BACKTEST SUMMARY — LAYER1_HOLDOUT_EZ15
======================================================================
  Pairs tested: 2
  Total trades: 6
  Total net P&L (spread units): 377.48

  By timeframe (mean):
    n_trades  win_rate  sharpe  total_pnl
tf                                       
4h       3.0    0.6667  9.5779     188.74

  OLS vs Kalman:
              n_trades  win_rate  sharpe  total_pnl
hedge_method                                       
kalman             3.0    0.6667  9.5383     188.16
ols                3.0    0.6667  9.6175     189.32

  Top 10 pairs by net P&L:
tf symbol_a symbol_b hedge_method  n_trades  win_rate  sharpe  total_pnl
4h      PNC     ZION          ols         3    0.6667  9.6175     189.32
4h      PNC     ZION       kalman         3    0.6667  9.5383     188.16

  Bottom 5 pairs by net P&L:
tf symbol_a symbol_b hedge_method  n_trades  total_pnl
4h      PNC     ZION       kalman         3     188.16
4h      PNC     ZION          ols         3     189.32

  Portfolio-level stats:
    n_pairs: 1
    n_trades_total: 6
    total_pnl_portfolio: 377.47
    sharpe_portfolio: 1.0064
    max_drawdown_portfolio: 169.08
    max_concentration_pair: PNC/ZION@4h
    max_concentration_pct: 1.0

  Bias notes (episodic survivorship + hedge lookahead — see docstring):
    Full-series run = IN-SAMPLE. Layer 2 holdout run = OOS.
======================================================================

