2026-08-23 21:31:17  INFO      ======================================================================
2026-08-23 21:31:17  INFO      CAMARF  —  stats.py  —  Statistical Validation Layer
2026-08-23 21:31:17  INFO      ======================================================================
2026-08-23 21:31:17  INFO      Loaded 2 confirmed pairs across 2 TFs
2026-08-23 21:31:17  INFO      Trades: IS=4  OOS=2  OOS+neg-hedge=2
2026-08-23 21:31:17  INFO      === Section 1: Confirmatory Cointegration (KPSS + PO) ===
/home/rw/CAMARF/stats.py:258: DeprecationWarning: Lag selection has changed to use a data-dependent method. To use the old method that only depends on time, set lags=-1
  kpss = ArchKPSS(vals)  # lags=None → data-dependent selection (arch 8)
2026-08-23 21:31:19  INFO        KVUE/KMB@3m  EG=0.002  KPSS=0.038  PO=0.000  n_confirm=2  tier=silver [CONFLICT]
/home/rw/CAMARF/stats.py:258: DeprecationWarning: Lag selection has changed to use a data-dependent method. To use the old method that only depends on time, set lags=-1
  kpss = ArchKPSS(vals)  # lags=None → data-dependent selection (arch 8)
2026-08-23 21:31:19  INFO        PNC/ZION@4h  EG=0.024  KPSS=0.000  PO=0.004  n_confirm=2  tier=silver [CONFLICT]
2026-08-23 21:31:19  INFO        Tiers: gold=0  silver=2  bronze=0  no_spread=0  flagged_conflict=2
2026-08-23 21:31:19  INFO        Saved → output/stats/cointegration_tiers.parquet
2026-08-23 21:31:19  INFO      === Section 2: Robust Hedge Ratio Comparison ===
2026-08-23 21:31:19  INFO        KVUE/KMB@3m  OLS=0.788  TLS=1.260  Kal=0.628  Hub=0.775  MM=0.778  spread_bps=7463  robust=False
2026-08-23 21:31:20  INFO        PNC/ZION@4h  OLS=0.974  TLS=1.014  Kal=1.329  Hub=0.961  MM=0.964  spread_bps=3513  robust=False
2026-08-23 21:31:20  INFO        Robust pairs (all estimators agree within 5%): 0/2
2026-08-23 21:31:20  INFO        Hedge direction conflicts (OLS vs MM sign flip): 0/2
2026-08-23 21:31:20  INFO        Saved → output/stats/hedge_ratio_comparison.parquet
2026-08-23 21:31:20  INFO        Updated cointegration_tiers.parquet with hedge_direction_conflict
2026-08-23 21:31:20  INFO      === Section 3: EVT / GPD Tail Risk ===
2026-08-23 21:31:20  INFO        KVUE/KMB@3m  ξ_spread=1.120  ξ_pnl=-99.000  fat_tail=True
2026-08-23 21:31:20  INFO        PNC/ZION@4h  ξ_spread=0.370  ξ_pnl=-99.000  fat_tail=True
2026-08-23 21:31:20  INFO        Fat-tailed pairs (ξ > 0.3): 2/2
2026-08-23 21:31:20  INFO        Saved → output/stats/evt_tail_risk.parquet
2026-08-23 21:31:20  INFO      === Section 4: DCC-GARCH Dynamic Correlation ===
2026-08-23 21:31:20  WARNING     Insufficient daily P&L data for DCC (need ≥30 days, ≥2 pairs)
2026-08-23 21:31:20  INFO      === Section 5: Monte Carlo Simulation ===
2026-08-23 21:31:20  INFO        Phase 1: Distribution fitting (6 per-trade P&L observations)
2026-08-23 21:31:20  INFO          normal: AIC=76.3  BIC=75.8
2026-08-23 21:31:20  INFO          t: AIC=10.6  BIC=10.0
2026-08-23 21:31:20  INFO          nig_proxy_skewnorm: AIC=72.4  BIC=71.8
2026-08-23 21:31:20  INFO          laplace: AIC=75.4  BIC=75.0
2026-08-23 21:31:20  INFO        Best-fit distribution (AIC): t
2026-08-23 21:31:20  INFO        Phase 2: Regime-conditional bootstrap
2026-08-23 21:31:20  INFO        No regime tags — IID bootstrap: Sharpe 5/50/95 pct = -190.85/10.40/21.63
2026-08-23 21:31:20  INFO        Phase 3: Slippage sensitivity
2026-08-23 21:31:20  INFO           0 bps/side: Sharpe=-999.000  TotalPnL=$392
2026-08-23 21:31:20  INFO           2 bps/side: Sharpe=-999.000  TotalPnL=$368
2026-08-23 21:31:20  INFO           5 bps/side: Sharpe=-999.000  TotalPnL=$332
2026-08-23 21:31:20  INFO          10 bps/side: Sharpe=-999.000  TotalPnL=$272
2026-08-23 21:31:20  INFO          20 bps/side: Sharpe=-999.000  TotalPnL=$152
2026-08-23 21:31:20  INFO        Strategy Sharpe positive across all tested slippage levels
2026-08-23 21:31:20  INFO        Phase 4: Trade quality (MAE/MFE)
2026-08-23 21:31:20  INFO        efficiency=0.989  bliss=35.158  win_rate=1.000
2026-08-23 21:31:20  INFO        Saved → output/stats/montecarlo_*.parquet
2026-08-23 21:31:20  INFO      === Section 6: Permutation Test / White Reality Check ===
2026-08-23 21:31:20  INFO        Realized: backtest_equity_sharpe=-999.0000  closed_trade_sharpe=-999.0000  n_trades=2
2026-08-23 21:31:20  INFO      === Section 6: Permutation Test / White Reality Check ===
2026-08-23 21:31:20  INFO        Realized: backtest_equity_sharpe=0.7540  closed_trade_sharpe=0.7549  n_trades=4
2026-08-23 21:31:20  INFO        Permutation test: realized=0.7549  perm_mean=0.7982  perm_95pct=1.3220  p_value=0.7299  significant=False  n_perms=696
2026-08-23 21:31:20  INFO        Saved IS permutation → output/stats/permutation_test_is.json
2026-08-23 21:31:20  INFO      === Section 7: Half-Life Stationarity (AR(1) + Zivot-Andrews) ===
2026-08-23 21:31:20  INFO        PNC/ZION@4h  AR1_rho=0.974  ZA_stat=-5.06  ZA_pval=0.023  stationary=True
2026-08-23 21:31:20  INFO        HL stationary (ZA p<0.10): 1/2  |  mean AR1_rho=0.974
2026-08-23 21:31:20  INFO        Saved => output/stats/halflife_stationarity.parquet (2 rows)
2026-08-23 21:31:20  INFO      ======================================================================
2026-08-23 21:31:20  INFO      stats.py complete  (0.0 min)
2026-08-23 21:31:20  INFO      Output: /home/rw/CAMARF/output/stats
2026-08-23 21:31:20  INFO      Log written → latest_run_stats.log
