09:27:32 INFO  === bounded_lookback_primary_screen.py: bounded-recent-lookback EG/KPSS/PO as primary screen, vs. full-sample ===
2026-08-24 09:27:32  INFO      === bounded_lookback_primary_screen.py: bounded-recent-lookback EG/KPSS/PO as primary screen, vs. full-sample ===
09:27:32 INFO  KVUE/KMB@3m: full=silver (p=0.0001, 0.2y)  5y=silver (p=0.0001)  10y=silver (p=0.0001)  [5y window is a no-op, full history < 5y]
2026-08-24 09:27:32  INFO      KVUE/KMB@3m: full=silver (p=0.0001, 0.2y)  5y=silver (p=0.0001)  10y=silver (p=0.0001)  [5y window is a no-op, full history < 5y]
09:27:32 INFO  PNC/ZION@4h: full=gold (p=0.0000, 3.1y)  5y=gold (p=0.0000)  10y=gold (p=0.0000)  [5y window is a no-op, full history < 5y]
2026-08-24 09:27:32  INFO      PNC/ZION@4h: full=gold (p=0.0000, 3.1y)  5y=gold (p=0.0000)  10y=gold (p=0.0000)  [5y window is a no-op, full history < 5y]
09:27:32 INFO  
--- Summary across 2 confirmed pairs ---
2026-08-24 09:27:32  INFO      
--- Summary across 2 confirmed pairs ---
09:27:32 INFO    Pairs with real (non-no-op) 5y window:  0
2026-08-24 09:27:32  INFO        Pairs with real (non-no-op) 5y window:  0
09:27:32 INFO    Pairs with real (non-no-op) 10y window: 0
2026-08-24 09:27:32  INFO        Pairs with real (non-no-op) 10y window: 0
09:27:32 INFO    Pairs downgraded to bronze/fail under 5y-as-primary:  0/0
2026-08-24 09:27:32  INFO        Pairs downgraded to bronze/fail under 5y-as-primary:  0/0
09:27:32 INFO    Pairs downgraded to bronze/fail under 10y-as-primary: 0/0
2026-08-24 09:27:32  INFO        Pairs downgraded to bronze/fail under 10y-as-primary: 0/0
09:27:32 INFO  
Honest scope note: this re-screens the ALREADY-confirmed set on a bounded window; it does not rediscover candidates from scratch under a bounded-lookback-primary regime, which would require re-running the full CointScanner pipeline on truncated data.
2026-08-24 09:27:32  INFO      
Honest scope note: this re-screens the ALREADY-confirmed set on a bounded window; it does not rediscover candidates from scratch under a bounded-lookback-primary regime, which would require re-running the full CointScanner pipeline on truncated data.
09:27:32 INFO  Saved -> /home/rw/CAMARF/output/research/bounded_lookback_primary_screen.parquet
2026-08-24 09:27:32  INFO      Saved -> /home/rw/CAMARF/output/research/bounded_lookback_primary_screen.parquet
09:27:32 INFO  ============================================================
2026-08-24 09:27:32  INFO      ============================================================
09:27:32 INFO  bounded_lookback_primary_screen.py complete (0.0 min)
2026-08-24 09:27:32  INFO      bounded_lookback_primary_screen.py complete (0.0 min)
